              _             
             (_)            
   __ _ _ __  _ _ __   __ _ 
  / _` | '_ \| | '_ \ / _` |
 | (_| | | | | | | | | (_| |
  \__, |_| |_|_|_| |_|\__,_|
   __/ |                    
  |___/                     

gnina v1.3.3 master:6fe1ce2   Built Jun 30 2026.
gnina is based on smina and AutoDock Vina.
Please cite appropriately.

WARNING: No GPU detected. CNN scoring will be slow.
Recommend running with single model (--cnn fast)
or without cnn scoring (--cnn_scoring=none).

Commandline: /home/cafierom/python_linux/gnina/bin/gnina.bin --score_only -r bg33_3/receptor.pdb -l bg33_3/poses_with_reference.sdf -o results_receptor_score_only/bg33_3_scored.sdf --seed 42
## Name gauss(o=0,_w=0.5,_c=8) gauss(o=3,_w=2,_c=8) repulsion(o=0,_c=8) hydrophobic(g=0.5,_b=1.5,_c=8) non_dir_h_bond(g=-0.7,_b=0,_c=8) num_tors_div
Affinity: -1.50165 (kcal/mol)
CNNscore: 0.30564 
CNNaffinity: 4.20129
CNNvariance: 0.40536
Intramolecular energy: -0.29554
Term values, before weighting:
## bg33_3_pose0_reference 27.54012 471.57672 2.48786 27.67371 0.00000 0.00000
Affinity: -4.15165 (kcal/mol)
CNNscore: 0.21757 
CNNaffinity: 3.97397
CNNvariance: 0.47617
Intramolecular energy: -1.45124
Term values, before weighting:
## bg33_3_pose1 49.60513 596.41150 0.43582 47.17713 0.35364 0.00000
Affinity: -4.20890 (kcal/mol)
CNNscore: 0.20556 
CNNaffinity: 3.88815
CNNvariance: 0.68489
Intramolecular energy: -1.27355
Term values, before weighting:
## bg33_3_pose2 58.46376 573.16449 0.96723 47.12968 0.93280 0.00000
Affinity: -4.06856 (kcal/mol)
CNNscore: 0.35329 
CNNaffinity: 4.17588
CNNvariance: 0.55194
Intramolecular energy: -1.40940
Term values, before weighting:
## bg33_3_pose3 50.61526 513.02136 0.79192 57.61054 0.69501 0.00000
Affinity: -3.99749 (kcal/mol)
CNNscore: 0.17144 
CNNaffinity: 3.87693
CNNvariance: 0.38173
Intramolecular energy: -1.41295
Term values, before weighting:
## bg33_3_pose4 49.94325 569.98779 0.40782 48.57833 0.04088 0.00000
Affinity: -4.19834 (kcal/mol)
CNNscore: 0.25562 
CNNaffinity: 4.17196
CNNvariance: 0.29740
Intramolecular energy: -1.04549
Term values, before weighting:
## bg33_3_pose5 59.27313 568.34497 0.87945 46.86430 0.78894 0.00000
Affinity: -4.22290 (kcal/mol)
CNNscore: 0.40864 
CNNaffinity: 4.24532
CNNvariance: 0.36418
Intramolecular energy: -0.85294
Term values, before weighting:
## bg33_3_pose6 57.68090 507.07877 0.88486 57.16001 0.88003 0.00000
Affinity: -4.04728 (kcal/mol)
CNNscore: 0.26268 
CNNaffinity: 4.10227
CNNvariance: 0.41326
Intramolecular energy: -1.10326
Term values, before weighting:
## bg33_3_pose7 48.55758 565.19403 0.33854 51.88087 0.00000 0.00000
Affinity: -3.86967 (kcal/mol)
CNNscore: 0.15874 
CNNaffinity: 3.53678
CNNvariance: 0.59099
Intramolecular energy: -1.31593
Term values, before weighting:
## bg33_3_pose8 49.28371 572.76147 0.19220 38.79562 0.00000 0.00000
Affinity: -3.92616 (kcal/mol)
CNNscore: 0.29526 
CNNaffinity: 4.17112
CNNvariance: 0.45042
Intramolecular energy: -1.18400
Term values, before weighting:
## bg33_3_pose9 45.19464 558.68359 0.40172 52.49252 0.00000 0.00000
