              _             
             (_)            
   __ _ _ __  _ _ __   __ _ 
  / _` | '_ \| | '_ \ / _` |
 | (_| | | | | | | | | (_| |
  \__, |_| |_|_|_| |_|\__,_|
   __/ |                    
  |___/                     

gnina v1.3.3 master:6fe1ce2   Built Jun 30 2026.
gnina is based on smina and AutoDock Vina.
Please cite appropriately.

WARNING: No GPU detected. CNN scoring will be slow.
Recommend running with single model (--cnn fast)
or without cnn scoring (--cnn_scoring=none).

Commandline: /home/cafierom/python_linux/gnina/bin/gnina.bin --score_only -r s2_esm2_control/receptor.pdb -l s2_esm2_control/poses_with_reference.sdf -o results_receptor_score_only/s2_esm2_control_scored.sdf --seed 42
## Name gauss(o=0,_w=0.5,_c=8) gauss(o=3,_w=2,_c=8) repulsion(o=0,_c=8) hydrophobic(g=0.5,_b=1.5,_c=8) non_dir_h_bond(g=-0.7,_b=0,_c=8) num_tors_div
Affinity: -3.30266 (kcal/mol)
CNNscore: 0.55548 
CNNaffinity: 4.57290
CNNvariance: 0.17847
Intramolecular energy: -0.47917
Term values, before weighting:
## s2_esm2_control_pose0_reference 32.19636 470.45959 0.13524 45.13239 0.00000 0.00000
Affinity: -5.04333 (kcal/mol)
CNNscore: 0.68578 
CNNaffinity: 4.62741
CNNvariance: 0.20942
Intramolecular energy: -1.00637
Term values, before weighting:
## s2_esm2_control_pose1 70.16510 587.12921 0.48027 73.47626 0.00000 0.00000
Affinity: -4.96528 (kcal/mol)
CNNscore: 0.40849 
CNNaffinity: 3.95153
CNNvariance: 0.74246
Intramolecular energy: -1.01468
Term values, before weighting:
## s2_esm2_control_pose2 69.37377 543.58832 0.40427 75.46306 0.00000 0.00000
Affinity: -4.96108 (kcal/mol)
CNNscore: 0.32181 
CNNaffinity: 3.75255
CNNvariance: 0.75961
Intramolecular energy: -0.95109
Term values, before weighting:
## s2_esm2_control_pose3 70.57240 544.54541 0.49477 76.09172 0.00000 0.00000
Affinity: -5.02591 (kcal/mol)
CNNscore: 0.61961 
CNNaffinity: 4.41984
CNNvariance: 0.27346
Intramolecular energy: -0.84528
Term values, before weighting:
## s2_esm2_control_pose4 72.76889 592.06458 0.41743 67.84477 0.00000 0.00000
Affinity: -4.75836 (kcal/mol)
CNNscore: 0.33720 
CNNaffinity: 4.21565
CNNvariance: 0.39196
Intramolecular energy: -1.16540
Term values, before weighting:
## s2_esm2_control_pose5 71.43716 569.65839 0.53902 63.76013 0.00000 0.00000
Affinity: -4.79783 (kcal/mol)
CNNscore: 0.75764 
CNNaffinity: 5.16802
CNNvariance: 0.39443
Intramolecular energy: -0.77257
Term values, before weighting:
## s2_esm2_control_pose6 66.94920 570.89044 0.48274 68.50172 0.00000 0.00000
Affinity: -4.71803 (kcal/mol)
CNNscore: 0.52702 
CNNaffinity: 4.40497
CNNvariance: 0.30130
Intramolecular energy: -0.88046
Term values, before weighting:
## s2_esm2_control_pose7 64.27299 564.13666 0.28270 63.94419 0.00000 0.00000
Affinity: -4.48381 (kcal/mol)
CNNscore: 0.47543 
CNNaffinity: 4.35444
CNNvariance: 0.18672
Intramolecular energy: -1.10207
Term values, before weighting:
## s2_esm2_control_pose8 61.36724 538.80359 0.30356 60.92345 0.00000 0.00000
Affinity: -4.52966 (kcal/mol)
CNNscore: 0.54738 
CNNaffinity: 4.33944
CNNvariance: 0.41290
Intramolecular energy: -0.93314
Term values, before weighting:
## s2_esm2_control_pose9 64.87649 546.39618 0.40472 60.66600 0.00000 0.00000
