              _             
             (_)            
   __ _ _ __  _ _ __   __ _ 
  / _` | '_ \| | '_ \ / _` |
 | (_| | | | | | | | | (_| |
  \__, |_| |_|_|_| |_|\__,_|
   __/ |                    
  |___/                     

gnina v1.3.3 master:6fe1ce2   Built Jun 30 2026.
gnina is based on smina and AutoDock Vina.
Please cite appropriately.

WARNING: No GPU detected. CNN scoring will be slow.
Recommend running with single model (--cnn fast)
or without cnn scoring (--cnn_scoring=none).

Commandline: /home/cafierom/python_linux/gnina/bin/gnina.bin --score_only -r shuffle_control_esm0/receptor.pdb -l shuffle_control_esm0/poses_with_reference.sdf -o results_receptor_score_only/shuffle_control_esm0_scored.sdf --seed 42
## Name gauss(o=0,_w=0.5,_c=8) gauss(o=3,_w=2,_c=8) repulsion(o=0,_c=8) hydrophobic(g=0.5,_b=1.5,_c=8) non_dir_h_bond(g=-0.7,_b=0,_c=8) num_tors_div
Affinity: -3.07652 (kcal/mol)
CNNscore: 0.63134 
CNNaffinity: 4.49766
CNNvariance: 0.13723
Intramolecular energy: -0.68604
Term values, before weighting:
## shuffle_control_esm0_pose0_reference 24.07058 487.98026 0.07286 39.46478 0.00000 0.00000
Affinity: -4.47684 (kcal/mol)
CNNscore: 0.26553 
CNNaffinity: 4.03721
CNNvariance: 0.32745
Intramolecular energy: -1.18891
Term values, before weighting:
## shuffle_control_esm0_pose1 64.25381 511.99905 0.38155 63.50147 0.00000 0.00000
Affinity: -4.20472 (kcal/mol)
CNNscore: 0.27667 
CNNaffinity: 4.08052
CNNvariance: 0.45763
Intramolecular energy: -1.51745
Term values, before weighting:
## shuffle_control_esm0_pose2 63.53817 497.24698 0.36841 54.23942 0.00000 0.00000
Affinity: -4.20263 (kcal/mol)
CNNscore: 0.24643 
CNNaffinity: 4.09710
CNNvariance: 0.56439
Intramolecular energy: -1.32471
Term values, before weighting:
## shuffle_control_esm0_pose3 62.76550 559.14233 0.70360 53.86332 0.00000 0.00000
Affinity: -4.53189 (kcal/mol)
CNNscore: 0.30998 
CNNaffinity: 3.92290
CNNvariance: 0.69305
Intramolecular energy: -0.78963
Term values, before weighting:
## shuffle_control_esm0_pose4 59.77764 550.49542 0.24748 61.56621 0.00000 0.00000
Affinity: -4.43636 (kcal/mol)
CNNscore: 0.27044 
CNNaffinity: 3.77544
CNNvariance: 0.41777
Intramolecular energy: -0.91378
Term values, before weighting:
## shuffle_control_esm0_pose5 63.57604 477.32071 0.31809 66.00556 0.00000 0.00000
Affinity: -4.16084 (kcal/mol)
CNNscore: 0.23040 
CNNaffinity: 4.08949
CNNvariance: 0.78564
Intramolecular energy: -1.26295
Term values, before weighting:
## shuffle_control_esm0_pose6 59.95211 557.18256 0.70269 55.16508 0.00000 0.00000
Affinity: -4.32024 (kcal/mol)
CNNscore: 0.25515 
CNNaffinity: 4.07071
CNNvariance: 0.37878
Intramolecular energy: -0.95064
Term values, before weighting:
## shuffle_control_esm0_pose7 66.03184 566.93536 0.89124 59.01752 0.00000 0.00000
Affinity: -4.30249 (kcal/mol)
CNNscore: 0.29175 
CNNaffinity: 3.99598
CNNvariance: 0.26691
Intramolecular energy: -0.97612
Term values, before weighting:
## shuffle_control_esm0_pose8 58.08852 518.20825 0.41319 62.01412 0.00000 0.00000
Affinity: -4.30921 (kcal/mol)
CNNscore: 0.47492 
CNNaffinity: 4.45940
CNNvariance: 0.33427
Intramolecular energy: -0.89494
Term values, before weighting:
## shuffle_control_esm0_pose9 54.42155 582.00366 0.62579 51.31789 0.62225 0.00000
