              _             
             (_)            
   __ _ _ __  _ _ __   __ _ 
  / _` | '_ \| | '_ \ / _` |
 | (_| | | | | | | | | (_| |
  \__, |_| |_|_|_| |_|\__,_|
   __/ |                    
  |___/                     

gnina v1.3.3 master:6fe1ce2   Built Jun 30 2026.
gnina is based on smina and AutoDock Vina.
Please cite appropriately.

WARNING: No GPU detected. CNN scoring will be slow.
Recommend running with single model (--cnn fast)
or without cnn scoring (--cnn_scoring=none).

Commandline: /home/cafierom/python_linux/gnina/bin/gnina.bin --score_only -r bgox31_3/receptor_h.pdb -l bgox31_3/poses_with_reference.sdf -o results_receptor_h_score_only/bgox31_3_scored.sdf --seed 42
## Name gauss(o=0,_w=0.5,_c=8) gauss(o=3,_w=2,_c=8) repulsion(o=0,_c=8) hydrophobic(g=0.5,_b=1.5,_c=8) non_dir_h_bond(g=-0.7,_b=0,_c=8) num_tors_div
Affinity: -6.12265 (kcal/mol)
CNNscore: 0.72088 
CNNaffinity: 4.51422
CNNvariance: 0.39131
Intramolecular energy: -0.49643
Term values, before weighting:
## bgox31_3_pose0_reference 54.19883 859.31458 1.28892 54.67841 0.00504 0.00000
Affinity: -7.65322 (kcal/mol)
CNNscore: 0.69350 
CNNaffinity: 4.17149
CNNvariance: 0.26281
Intramolecular energy: -0.67305
Term values, before weighting:
## bgox31_3_pose1 80.91146 839.54572 1.06138 55.33550 1.25844 0.00000
Affinity: -7.29818 (kcal/mol)
CNNscore: 0.70168 
CNNaffinity: 3.88143
CNNvariance: 0.34987
Intramolecular energy: -0.72125
Term values, before weighting:
## bgox31_3_pose2 67.09629 853.08350 0.67011 56.16007 0.65709 0.00000
Affinity: -7.14536 (kcal/mol)
CNNscore: 0.79943 
CNNaffinity: 4.39747
CNNvariance: 0.53490
Intramolecular energy: -0.67630
Term values, before weighting:
## bgox31_3_pose3 64.30632 861.60492 0.49071 53.28193 0.36070 0.00000
Affinity: -7.02389 (kcal/mol)
CNNscore: 0.72655 
CNNaffinity: 4.26533
CNNvariance: 0.46830
Intramolecular energy: -0.63764
Term values, before weighting:
## bgox31_3_pose4 68.84409 858.93848 0.89299 48.06661 0.75298 0.00000
Affinity: -6.77584 (kcal/mol)
CNNscore: 0.68097 
CNNaffinity: 3.84479
CNNvariance: 0.54285
Intramolecular energy: -0.60378
Term values, before weighting:
## bgox31_3_pose5 84.43910 882.16351 1.89122 53.62335 0.20438 0.00000
Affinity: -6.47997 (kcal/mol)
CNNscore: 0.71025 
CNNaffinity: 3.83033
CNNvariance: 0.41162
Intramolecular energy: -0.76417
Term values, before weighting:
## bgox31_3_pose6 65.97592 790.71362 2.18355 52.72377 2.00514 0.00000
Affinity: -6.33681 (kcal/mol)
CNNscore: 0.84159 
CNNaffinity: 4.18756
CNNvariance: 0.31960
Intramolecular energy: -0.71599
Term values, before weighting:
## bgox31_3_pose7 67.13625 872.26636 1.95738 53.95087 0.53585 0.00000
Affinity: -6.43623 (kcal/mol)
CNNscore: 0.26926 
CNNaffinity: 3.63101
CNNvariance: 0.32166
Intramolecular energy: -0.58601
Term values, before weighting:
## bgox31_3_pose8 69.79343 783.20697 0.70065 38.54679 0.47758 0.00000
Affinity: -6.28987 (kcal/mol)
CNNscore: 0.47690 
CNNaffinity: 3.39900
CNNvariance: 0.58429
Intramolecular energy: -0.77547
Term values, before weighting:
## bgox31_3_pose9 77.04358 745.80573 1.33878 40.77117 0.85383 0.00000
