=== esmfold oxybenzone/bgox31_2 (12:50:40)
✓ Initialized. View run at 
https://modal.com/apps/mauriciocafiero/main/ap-4aGmrKRrfvbkGxlJDlOPSk
✓ Created objects.
├── 🔨 Created mount /Users/cafierom/python_mac/fold/src/fold/esmfold_app.py
├── 🔨 Created mount PythonPackage:fold
└── 🔨 Created function fold_sequence.
folding 31-residue sequence on Modal (A10G) ...
Warning: You are sending unauthenticated requests to the HF Hub. Please set a HF_TOKEN to enable higher rate limits and faster downloads.

[1ALoading weights:   0%|          | 0/4498 [00:00<?, ?it/s]
[1ALoading weights:   0%|          | 18/4498 [00:01<05:32, 13.49it/s]
[1ALoading weights:  16%|█▋        | 731/4498 [00:01<00:05, 701.86it/s]
[1ALoading weights:  60%|██████    | 2719/4498 [00:01<00:00, 3030.18it/s]
[1ALoading weights: 100%|██████████| 4498/4498 [00:01<00:00, 2842.54it/s]
[transformers] [1mEsmForProteinFolding LOAD REPORT[0m from: facebook/esmfold_v1
Key                                | Status  | 
-----------------------------------+---------+-
esm.contact_head.regression.bias   | MISSING | 
esm.contact_head.regression.weight | MISSING | 

Notes:
- MISSING:      those params were newly initialized because missing from the checkpoint. Consider training on your downstream task.
wrote /Users/cafierom/python_mac/peptidebuilder/runs/oxybenzone/folds/esmfold/bgox31_2.pdb
Stopping app - local entrypoint completed.
✓ App completed. View run at 
https://modal.com/apps/mauriciocafiero/main/ap-4aGmrKRrfvbkGxlJDlOPSk
--- esmfold oxybenzone/bgox31_2 exit 0 (12:51:04)
=== esmfold oxybenzone/bgox31_3 (12:51:09)
✓ Initialized. View run at 
https://modal.com/apps/mauriciocafiero/main/ap-xpqUS3DcoXNnuPfAcuNGeL
✓ Created objects.
├── 🔨 Created mount /Users/cafierom/python_mac/fold/src/fold/esmfold_app.py
├── 🔨 Created mount PythonPackage:fold
└── 🔨 Created function fold_sequence.
folding 31-residue sequence on Modal (A10G) ...
Warning: You are sending unauthenticated requests to the HF Hub. Please set a HF_TOKEN to enable higher rate limits and faster downloads.

[1ALoading weights:   0%|          | 0/4498 [00:00<?, ?it/s]
[1ALoading weights:   0%|          | 18/4498 [00:01<05:43, 13.05it/s]
[1ALoading weights:  18%|█▊        | 800/4498 [00:01<00:04, 745.42it/s]
[1ALoading weights:  81%|████████  | 3644/4498 [00:01<00:00, 4018.30it/s]
[1ALoading weights: 100%|██████████| 4498/4498 [00:01<00:00, 2806.03it/s]
[transformers] [1mEsmForProteinFolding LOAD REPORT[0m from: facebook/esmfold_v1
Key                                | Status  | 
-----------------------------------+---------+-
esm.contact_head.regression.bias   | MISSING | 
esm.contact_head.regression.weight | MISSING | 

Notes:
- MISSING:      those params were newly initialized because missing from the checkpoint. Consider training on your downstream task.
wrote /Users/cafierom/python_mac/peptidebuilder/runs/oxybenzone/folds/esmfold/bgox31_3.pdb
Stopping app - local entrypoint completed.
✓ App completed. View run at 
https://modal.com/apps/mauriciocafiero/main/ap-xpqUS3DcoXNnuPfAcuNGeL
--- esmfold oxybenzone/bgox31_3 exit 0 (12:51:34)
=== esmfold oxybenzone/bgox31_4 (12:51:39)
✓ Initialized. View run at 
https://modal.com/apps/mauriciocafiero/main/ap-xpy5wuIgQkBUb0xUz0KYKu
✓ Created objects.
├── 🔨 Created mount /Users/cafierom/python_mac/fold/src/fold/esmfold_app.py
├── 🔨 Created mount PythonPackage:fold
└── 🔨 Created function fold_sequence.
folding 31-residue sequence on Modal (A10G) ...
Warning: You are sending unauthenticated requests to the HF Hub. Please set a HF_TOKEN to enable higher rate limits and faster downloads.

[1ALoading weights:   0%|          | 0/4498 [00:00<?, ?it/s]
[1ALoading weights:   0%|          | 18/4498 [00:01<05:41, 13.12it/s]
[1ALoading weights:  17%|█▋        | 766/4498 [00:01<00:05, 717.10it/s]
[1ALoading weights:  72%|███████▏  | 3219/4498 [00:01<00:00, 3543.62it/s]
[1ALoading weights: 100%|██████████| 4498/4498 [00:01<00:00, 2800.45it/s]
[transformers] [1mEsmForProteinFolding LOAD REPORT[0m from: facebook/esmfold_v1
Key                                | Status  | 
-----------------------------------+---------+-
esm.contact_head.regression.weight | MISSING | 
esm.contact_head.regression.bias   | MISSING | 

Notes:
- MISSING:      those params were newly initialized because missing from the checkpoint. Consider training on your downstream task.
wrote /Users/cafierom/python_mac/peptidebuilder/runs/oxybenzone/folds/esmfold/bgox31_4.pdb
Stopping app - local entrypoint completed.
✓ App completed. View run at 
https://modal.com/apps/mauriciocafiero/main/ap-xpy5wuIgQkBUb0xUz0KYKu
--- esmfold oxybenzone/bgox31_4 exit 0 (12:52:05)
=== esmfold oxybenzone/bgox31_5 (12:52:10)
✓ Initialized. View run at 
https://modal.com/apps/mauriciocafiero/main/ap-DjrWpmqba7NnalrEOvmu6h
✓ Created objects.
├── 🔨 Created mount /Users/cafierom/python_mac/fold/src/fold/esmfold_app.py
├── 🔨 Created mount PythonPackage:fold
└── 🔨 Created function fold_sequence.
folding 31-residue sequence on Modal (A10G) ...
Warning: You are sending unauthenticated requests to the HF Hub. Please set a HF_TOKEN to enable higher rate limits and faster downloads.

[1ALoading weights:   0%|          | 0/4498 [00:00<?, ?it/s]
[1ALoading weights:   0%|          | 18/4498 [00:01<05:42, 13.07it/s]
[1ALoading weights:  18%|█▊        | 818/4498 [00:01<00:04, 763.87it/s]
[1ALoading weights:  71%|███████   | 3199/4498 [00:01<00:00, 3492.26it/s]
[1ALoading weights: 100%|██████████| 4498/4498 [00:01<00:00, 2787.60it/s]
[transformers] [1mEsmForProteinFolding LOAD REPORT[0m from: facebook/esmfold_v1
Key                                | Status  | 
-----------------------------------+---------+-
esm.contact_head.regression.weight | MISSING | 
esm.contact_head.regression.bias   | MISSING | 

Notes:
- MISSING:      those params were newly initialized because missing from the checkpoint. Consider training on your downstream task.
wrote /Users/cafierom/python_mac/peptidebuilder/runs/oxybenzone/folds/esmfold/bgox31_5.pdb
Stopping app - local entrypoint completed.
✓ App completed. View run at 
https://modal.com/apps/mauriciocafiero/main/ap-DjrWpmqba7NnalrEOvmu6h
--- esmfold oxybenzone/bgox31_5 exit 0 (12:52:34)
=== esmfold oxybenzone/ox1_esm1_f8 (12:52:39)
✓ Initialized. View run at 
https://modal.com/apps/mauriciocafiero/main/ap-2kswSFLqmQxlyvK8O4dSYg
✓ Created objects.
├── 🔨 Created mount /Users/cafierom/python_mac/fold/src/fold/esmfold_app.py
├── 🔨 Created mount PythonPackage:fold
└── 🔨 Created function fold_sequence.
folding 25-residue sequence on Modal (A10G) ...
Warning: You are sending unauthenticated requests to the HF Hub. Please set a HF_TOKEN to enable higher rate limits and faster downloads.

[1ALoading weights:   0%|          | 0/4498 [00:00<?, ?it/s]
[1ALoading weights:   0%|          | 18/4498 [00:01<05:37, 13.29it/s]
[1ALoading weights:  18%|█▊        | 832/4498 [00:01<00:04, 788.47it/s]
[1ALoading weights:  86%|████████▌ | 3860/4498 [00:01<00:00, 4325.18it/s]Loading weights: 100%|██████████| 4498/4498 [00:01<00:00, 2860.38it/s]
[transformers] [1mEsmForProteinFolding LOAD REPORT[0m from: facebook/esmfold_v1
Key                                | Status  | 
-----------------------------------+---------+-
esm.contact_head.regression.bias   | MISSING | 
esm.contact_head.regression.weight | MISSING | 

Notes:
- MISSING:      those params were newly initialized because missing from the checkpoint. Consider training on your downstream task.
wrote /Users/cafierom/python_mac/peptidebuilder/runs/oxybenzone/folds/esmfold/ox1_esm1_f8.pdb
Stopping app - local entrypoint completed.
✓ App completed. View run at 
https://modal.com/apps/mauriciocafiero/main/ap-2kswSFLqmQxlyvK8O4dSYg
--- esmfold oxybenzone/ox1_esm1_f8 exit 0 (12:53:03)
=== esmfold oxybenzone/ox1_orig_f12 (12:53:08)
✓ Initialized. View run at 
https://modal.com/apps/mauriciocafiero/main/ap-TjTQvyoGwFNpqHIYqhZ7uf
✓ Created objects.
├── 🔨 Created mount /Users/cafierom/python_mac/fold/src/fold/esmfold_app.py
├── 🔨 Created mount PythonPackage:fold
└── 🔨 Created function fold_sequence.
folding 25-residue sequence on Modal (A10G) ...
Warning: You are sending unauthenticated requests to the HF Hub. Please set a HF_TOKEN to enable higher rate limits and faster downloads.

[1ALoading weights:   0%|          | 0/4498 [00:00<?, ?it/s]
[1ALoading weights:   0%|          | 18/4498 [00:01<06:05, 12.26it/s]
[1ALoading weights:  17%|█▋        | 775/4498 [00:01<00:05, 682.47it/s]
[1ALoading weights:  49%|████▊     | 2182/4498 [00:01<00:01, 2187.71it/s]
[1ALoading weights: 100%|██████████| 4498/4498 [00:01<00:00, 2596.04it/s]
[transformers] [1mEsmForProteinFolding LOAD REPORT[0m from: facebook/esmfold_v1
Key                                | Status  | 
-----------------------------------+---------+-
esm.contact_head.regression.weight | MISSING | 
esm.contact_head.regression.bias   | MISSING | 

Notes:
- MISSING:      those params were newly initialized because missing from the checkpoint. Consider training on your downstream task.
wrote /Users/cafierom/python_mac/peptidebuilder/runs/oxybenzone/folds/esmfold/ox1_orig_f12.pdb
Stopping app - local entrypoint completed.
✓ App completed. View run at 
https://modal.com/apps/mauriciocafiero/main/ap-TjTQvyoGwFNpqHIYqhZ7uf
--- esmfold oxybenzone/ox1_orig_f12 exit 0 (12:53:37)
=== esmfold oxybenzone/ox2_esm1_f8 (12:53:42)
✓ Initialized. View run at 
https://modal.com/apps/mauriciocafiero/main/ap-0xh1hQFIFImrMBDjAesUHb
✓ Created objects.
├── 🔨 Created mount /Users/cafierom/python_mac/fold/src/fold/esmfold_app.py
├── 🔨 Created mount PythonPackage:fold
└── 🔨 Created function fold_sequence.
folding 31-residue sequence on Modal (A10G) ...
Warning: You are sending unauthenticated requests to the HF Hub. Please set a HF_TOKEN to enable higher rate limits and faster downloads.

[1ALoading weights:   0%|          | 0/4498 [00:00<?, ?it/s]
[1ALoading weights:   0%|          | 18/4498 [00:01<05:32, 13.46it/s]
[1ALoading weights:  21%|██        | 924/4498 [00:01<00:04, 886.31it/s]
[1ALoading weights:  63%|██████▎   | 2851/4498 [00:01<00:00, 3113.27it/s]
[1ALoading weights: 100%|██████████| 4498/4498 [00:01<00:00, 2840.74it/s]
[transformers] [1mEsmForProteinFolding LOAD REPORT[0m from: facebook/esmfold_v1
Key                                | Status  | 
-----------------------------------+---------+-
esm.contact_head.regression.bias   | MISSING | 
esm.contact_head.regression.weight | MISSING | 

Notes:
- MISSING:      those params were newly initialized because missing from the checkpoint. Consider training on your downstream task.
wrote /Users/cafierom/python_mac/peptidebuilder/runs/oxybenzone/folds/esmfold/ox2_esm1_f8.pdb
Stopping app - local entrypoint completed.
✓ App completed. View run at 
https://modal.com/apps/mauriciocafiero/main/ap-0xh1hQFIFImrMBDjAesUHb
--- esmfold oxybenzone/ox2_esm1_f8 exit 0 (12:54:06)
=== esmfold oxybenzone/ox2_orig_f8 (12:54:11)
✓ Initialized. View run at 
https://modal.com/apps/mauriciocafiero/main/ap-A4cG0TaQWMRCYltGY82gdY
✓ Created objects.
├── 🔨 Created mount /Users/cafierom/python_mac/fold/src/fold/esmfold_app.py
├── 🔨 Created mount PythonPackage:fold
└── 🔨 Created function fold_sequence.
folding 31-residue sequence on Modal (A10G) ...
Warning: You are sending unauthenticated requests to the HF Hub. Please set a HF_TOKEN to enable higher rate limits and faster downloads.

[1ALoading weights:   0%|          | 0/4498 [00:00<?, ?it/s]
[1ALoading weights:   0%|          | 18/4498 [00:01<05:35, 13.36it/s]
[1ALoading weights:  20%|██        | 907/4498 [00:01<00:04, 864.33it/s]
[1ALoading weights:  68%|██████▊   | 3052/4498 [00:01<00:00, 3343.96it/s]
[1ALoading weights: 100%|██████████| 4498/4498 [00:01<00:00, 2836.92it/s]
[transformers] [1mEsmForProteinFolding LOAD REPORT[0m from: facebook/esmfold_v1
Key                                | Status  | 
-----------------------------------+---------+-
esm.contact_head.regression.bias   | MISSING | 
esm.contact_head.regression.weight | MISSING | 

Notes:
- MISSING:      those params were newly initialized because missing from the checkpoint. Consider training on your downstream task.
wrote /Users/cafierom/python_mac/peptidebuilder/runs/oxybenzone/folds/esmfold/ox2_orig_f8.pdb
Stopping app - local entrypoint completed.
✓ App completed. View run at 
https://modal.com/apps/mauriciocafiero/main/ap-A4cG0TaQWMRCYltGY82gdY
--- esmfold oxybenzone/ox2_orig_f8 exit 0 (12:54:34)
=== esmfold oxybenzone/ox2_shuffle_esm0 (12:54:39)
✓ Initialized. View run at 
https://modal.com/apps/mauriciocafiero/main/ap-kHnJZdAJcYoh65NGKkQsMz
✓ Created objects.
├── 🔨 Created mount /Users/cafierom/python_mac/fold/src/fold/esmfold_app.py
├── 🔨 Created mount PythonPackage:fold
└── 🔨 Created function fold_sequence.
folding 31-residue sequence on Modal (A10G) ...
Warning: You are sending unauthenticated requests to the HF Hub. Please set a HF_TOKEN to enable higher rate limits and faster downloads.

[1ALoading weights:   0%|          | 0/4498 [00:00<?, ?it/s]
[1ALoading weights:   0%|          | 18/4498 [00:01<05:34, 13.40it/s]
[1ALoading weights:  18%|█▊        | 791/4498 [00:01<00:04, 755.11it/s]
[1ALoading weights:  47%|████▋     | 2092/4498 [00:01<00:01, 2234.65it/s]
[1ALoading weights: 100%|██████████| 4498/4498 [00:01<00:00, 2793.83it/s]
[transformers] [1mEsmForProteinFolding LOAD REPORT[0m from: facebook/esmfold_v1
Key                                | Status  | 
-----------------------------------+---------+-
esm.contact_head.regression.weight | MISSING | 
esm.contact_head.regression.bias   | MISSING | 

Notes:
- MISSING:      those params were newly initialized because missing from the checkpoint. Consider training on your downstream task.
wrote /Users/cafierom/python_mac/peptidebuilder/runs/oxybenzone/folds/esmfold/ox2_shuffle_esm0.pdb
Stopping app - local entrypoint completed.
✓ App completed. View run at 
https://modal.com/apps/mauriciocafiero/main/ap-kHnJZdAJcYoh65NGKkQsMz
--- esmfold oxybenzone/ox2_shuffle_esm0 exit 0 (12:55:03)
=== esmfold oxybenzone/ox2_shuffle (12:55:09)
✓ Initialized. View run at 
https://modal.com/apps/mauriciocafiero/main/ap-FRF25FWjXYXywX7Jr4ymDl
✓ Created objects.
├── 🔨 Created mount /Users/cafierom/python_mac/fold/src/fold/esmfold_app.py
├── 🔨 Created mount PythonPackage:fold
└── 🔨 Created function fold_sequence.
folding 31-residue sequence on Modal (A10G) ...
Warning: You are sending unauthenticated requests to the HF Hub. Please set a HF_TOKEN to enable higher rate limits and faster downloads.

[1ALoading weights:   0%|          | 0/4498 [00:00<?, ?it/s]
[1ALoading weights:   0%|          | 18/4498 [00:01<05:36, 13.30it/s]
[1ALoading weights:  17%|█▋        | 777/4498 [00:01<00:05, 736.43it/s]
[1ALoading weights:  35%|███▌      | 1586/4498 [00:01<00:01, 1618.71it/s]
[1ALoading weights: 100%|██████████| 4498/4498 [00:01<00:00, 2756.69it/s]
[transformers] [1mEsmForProteinFolding LOAD REPORT[0m from: facebook/esmfold_v1
Key                                | Status  | 
-----------------------------------+---------+-
esm.contact_head.regression.weight | MISSING | 
esm.contact_head.regression.bias   | MISSING | 

Notes:
- MISSING:      those params were newly initialized because missing from the checkpoint. Consider training on your downstream task.
wrote /Users/cafierom/python_mac/peptidebuilder/runs/oxybenzone/folds/esmfold/ox2_shuffle.pdb
Stopping app - local entrypoint completed.
✓ App completed. View run at 
https://modal.com/apps/mauriciocafiero/main/ap-FRF25FWjXYXywX7Jr4ymDl
--- esmfold oxybenzone/ox2_shuffle exit 0 (12:56:02)
=== esmfold oxybenzone/ox3_orig_f8 (12:56:07)
✓ Initialized. View run at 
https://modal.com/apps/mauriciocafiero/main/ap-TTI6GWkrj7YXrLDQTrthVr
✓ Created objects.
├── 🔨 Created mount /Users/cafierom/python_mac/fold/src/fold/esmfold_app.py
├── 🔨 Created mount PythonPackage:fold
└── 🔨 Created function fold_sequence.
folding 27-residue sequence on Modal (A10G) ...
Warning: You are sending unauthenticated requests to the HF Hub. Please set a HF_TOKEN to enable higher rate limits and faster downloads.

[1ALoading weights:   0%|          | 0/4498 [00:00<?, ?it/s]
[1ALoading weights:   0%|          | 18/4498 [00:01<05:39, 13.19it/s]
[1ALoading weights:  18%|█▊        | 804/4498 [00:01<00:04, 756.41it/s]
[1ALoading weights:  31%|███       | 1372/4498 [00:01<00:02, 1343.20it/s]
[1ALoading weights: 100%|██████████| 4498/4498 [00:01<00:00, 2725.40it/s]
[transformers] [1mEsmForProteinFolding LOAD REPORT[0m from: facebook/esmfold_v1
Key                                | Status  | 
-----------------------------------+---------+-
esm.contact_head.regression.weight | MISSING | 
esm.contact_head.regression.bias   | MISSING | 

Notes:
- MISSING:      those params were newly initialized because missing from the checkpoint. Consider training on your downstream task.
wrote /Users/cafierom/python_mac/peptidebuilder/runs/oxybenzone/folds/esmfold/ox3_orig_f8.pdb
Stopping app - local entrypoint completed.
✓ App completed. View run at 
https://modal.com/apps/mauriciocafiero/main/ap-TTI6GWkrj7YXrLDQTrthVr
--- esmfold oxybenzone/ox3_orig_f8 exit 0 (12:56:31)
