=== rf3 oxybenzone/bgox31_2 (13:49:13)
✓ Initialized. View run at 
https://modal.com/apps/mauriciocafiero/main/ap-ZPaRs9doqwZloOC8XeH0OF
✓ Created objects.
├── 🔨 Created mount /Users/cafierom/python_mac/fold/src/fold/rf3_app.py
├── 🔨 Created mount PythonPackage:fold
└── 🔨 Created function predict.
submitting bgox31_2 on A10G (use_msa=True) ...
weights already cached at /cache/rf3_foundry_01_24_latest_remapped.ckpt (3038876446 bytes)
fetching MSA for component 0 (31 aa)...
MSA job hagJTr7cfhR8HNOxjzuN7f5IOFyVIonyPs8nSQ submitted, polling...
MSA written to /tmp/bgox31_2_chain0_msa.a3m (76 chars)
running: rf3 fold inputs=/tmp/bgox31_2_input.json out_dir=/outputs/bgox31_2 ckpt_path=/cache/rf3_foundry_01_24_latest_remapped.ckpt

/usr/local/lib/python3.12/site-packages/torch/jit/_script.py:1488: DeprecationWarning: `torch.jit.script` is deprecated. Please switch to `torch.compile` or `torch.export`.
  warnings.warn(
Environment variable CCD_MIRROR_PATH not set. Will not be able to use function requiring this variable. To set it you may:
  (1) add the line 'export VAR_NAME=path/to/variable' to your .bashrc or .zshrc file
  (2) set it in your current shell with 'export VAR_NAME=path/to/variable'
  (3) write it to a .env file in the root of the atomworks.io repository
Environment variable PDB_MIRROR_PATH not set. Will not be able to use function requiring this variable. To set it you may:
  (1) add the line 'export VAR_NAME=path/to/variable' to your .bashrc or .zshrc file
  (2) set it in your current shell with 'export VAR_NAME=path/to/variable'
  (3) write it to a .env file in the root of the atomworks.io repository
12:49:58 DEBUG transforms: Debug mode is on
12:49:58 WARNING atomworks.constants: Environment variable LOCAL_MSA_DIRS not set. Will not be able to use function requiring this variable. To set it you may:
  (1) add the line 'export VAR_NAME=path/to/variable' to your .bashrc or .zshrc file
  (2) set it in your current shell with 'export VAR_NAME=path/to/variable'
  (3) write it to a .env file in the root of the atomworks.io repository
12:49:58 INFO rf3.inference_engines.rf3: [rank: 0] Loading checkpoint from /__modal/volumes/vo-oO6aFYAUDl1wEH5oWZO3VM/rf3_foundry_01_24_latest_remapped.ckpt...
12:50:02 WARNING atomworks.ml: Using element type for atom names of atomized tokens.
Using bfloat16 Automatic Mixed Precision (AMP)
You are using a CUDA device ('NVIDIA A10') that has Tensor Cores. To properly utilize them, you should set `torch.set_float32_matmul_precision('medium' | 'high')` which will trade-off precision for performance. For more details, read https://pytorch.org/docs/stable/generated/torch.set_float32_matmul_precision.html#torch.set_float32_matmul_precision
12:50:07 INFO rf3.inference_engines.rf3: [rank: 0] Outputs will be written to /__modal/volumes/vo-HGvJ0xSDZkfBZcPwB8c9Ga/bgox31_2.
12:50:09 WARNING atomworks.io.utils.ccd: The following CCD codes were not found in Biotite's built-in CCD: {np.str_('L:0')}
12:50:09 INFO rf3.inference_engines.rf3: [rank: 0] Found 1 structures to predict!
12:50:09 INFO rf3.inference_engines.rf3: [rank: 0] Predicting structure 1/1: bgox31_2
12:50:19 INFO rf3.inference_engines.rf3: [rank: 0] Outputs for bgox31_2 written to /outputs/bgox31_2/bgox31_2!

wrote outputs/rf3_bgox31_2/bgox31_2/bgox31_2_confidences.json
wrote outputs/rf3_bgox31_2/bgox31_2/bgox31_2_model.cif
wrote outputs/rf3_bgox31_2/bgox31_2/bgox31_2_ranking_scores.csv
wrote outputs/rf3_bgox31_2/bgox31_2/bgox31_2_summary_confidences.json
wrote outputs/rf3_bgox31_2/bgox31_2/seed-0_sample-0/bgox31_2_seed-0_sample-0_confidences.json
wrote outputs/rf3_bgox31_2/bgox31_2/seed-0_sample-0/bgox31_2_seed-0_sample-0_model.cif
wrote outputs/rf3_bgox31_2/bgox31_2/seed-0_sample-0/bgox31_2_seed-0_sample-0_summary_confidences.json
wrote outputs/rf3_bgox31_2/bgox31_2/seed-0_sample-1/bgox31_2_seed-0_sample-1_confidences.json
wrote outputs/rf3_bgox31_2/bgox31_2/seed-0_sample-1/bgox31_2_seed-0_sample-1_model.cif
wrote outputs/rf3_bgox31_2/bgox31_2/seed-0_sample-1/bgox31_2_seed-0_sample-1_summary_confidences.json
wrote outputs/rf3_bgox31_2/bgox31_2/seed-0_sample-2/bgox31_2_seed-0_sample-2_confidences.json
wrote outputs/rf3_bgox31_2/bgox31_2/seed-0_sample-2/bgox31_2_seed-0_sample-2_model.cif
wrote outputs/rf3_bgox31_2/bgox31_2/seed-0_sample-2/bgox31_2_seed-0_sample-2_summary_confidences.json
wrote outputs/rf3_bgox31_2/bgox31_2/seed-0_sample-3/bgox31_2_seed-0_sample-3_confidences.json
wrote outputs/rf3_bgox31_2/bgox31_2/seed-0_sample-3/bgox31_2_seed-0_sample-3_model.cif
wrote outputs/rf3_bgox31_2/bgox31_2/seed-0_sample-3/bgox31_2_seed-0_sample-3_summary_confidences.json
wrote outputs/rf3_bgox31_2/bgox31_2/seed-0_sample-4/bgox31_2_seed-0_sample-4_confidences.json
wrote outputs/rf3_bgox31_2/bgox31_2/seed-0_sample-4/bgox31_2_seed-0_sample-4_model.cif
wrote outputs/rf3_bgox31_2/bgox31_2/seed-0_sample-4/bgox31_2_seed-0_sample-4_summary_confidences.json
interface confidence (best model: bgox31_2_model.cif):
  interface A-B: ipSAE 0.021, pDockQ2 0.068, pDockQ 0.209
Stopping app - local entrypoint completed.
✓ App completed. View run at 
https://modal.com/apps/mauriciocafiero/main/ap-ZPaRs9doqwZloOC8XeH0OF
wrote /Users/cafierom/python_mac/peptidebuilder/runs/oxybenzone/folds/rf3/bgox31_2.pdb
--- rf3 oxybenzone/bgox31_2 exit 0, converted (13:50:24)
=== rf3 oxybenzone/bgox31_3 (13:50:29)
✓ Initialized. View run at 
https://modal.com/apps/mauriciocafiero/main/ap-fQ0YrHSJ7uIHvRivAflwl8
✓ Created objects.
├── 🔨 Created mount /Users/cafierom/python_mac/fold/src/fold/rf3_app.py
├── 🔨 Created mount PythonPackage:fold
└── 🔨 Created function predict.
submitting bgox31_3 on A10G (use_msa=True) ...
weights already cached at /cache/rf3_foundry_01_24_latest_remapped.ckpt (3038876446 bytes)
fetching MSA for component 0 (31 aa)...
MSA job E6zaHuK8bApBtkFApZ0vFY-bsNbQBnUKEaSGQQ submitted, polling...
MSA written to /tmp/bgox31_3_chain0_msa.a3m (76 chars)
running: rf3 fold inputs=/tmp/bgox31_3_input.json out_dir=/outputs/bgox31_3 ckpt_path=/cache/rf3_foundry_01_24_latest_remapped.ckpt

/usr/local/lib/python3.12/site-packages/torch/jit/_script.py:1488: DeprecationWarning: `torch.jit.script` is deprecated. Please switch to `torch.compile` or `torch.export`.
  warnings.warn(
Environment variable CCD_MIRROR_PATH not set. Will not be able to use function requiring this variable. To set it you may:
  (1) add the line 'export VAR_NAME=path/to/variable' to your .bashrc or .zshrc file
  (2) set it in your current shell with 'export VAR_NAME=path/to/variable'
  (3) write it to a .env file in the root of the atomworks.io repository
Environment variable PDB_MIRROR_PATH not set. Will not be able to use function requiring this variable. To set it you may:
  (1) add the line 'export VAR_NAME=path/to/variable' to your .bashrc or .zshrc file
  (2) set it in your current shell with 'export VAR_NAME=path/to/variable'
  (3) write it to a .env file in the root of the atomworks.io repository
12:50:45 DEBUG transforms: Debug mode is on
12:50:45 WARNING atomworks.constants: Environment variable LOCAL_MSA_DIRS not set. Will not be able to use function requiring this variable. To set it you may:
  (1) add the line 'export VAR_NAME=path/to/variable' to your .bashrc or .zshrc file
  (2) set it in your current shell with 'export VAR_NAME=path/to/variable'
  (3) write it to a .env file in the root of the atomworks.io repository
12:50:45 INFO rf3.inference_engines.rf3: [rank: 0] Loading checkpoint from /__modal/volumes/vo-oO6aFYAUDl1wEH5oWZO3VM/rf3_foundry_01_24_latest_remapped.ckpt...
12:50:49 WARNING atomworks.ml: Using element type for atom names of atomized tokens.
Using bfloat16 Automatic Mixed Precision (AMP)
You are using a CUDA device ('NVIDIA A10') that has Tensor Cores. To properly utilize them, you should set `torch.set_float32_matmul_precision('medium' | 'high')` which will trade-off precision for performance. For more details, read https://pytorch.org/docs/stable/generated/torch.set_float32_matmul_precision.html#torch.set_float32_matmul_precision
12:50:53 INFO rf3.inference_engines.rf3: [rank: 0] Outputs will be written to /__modal/volumes/vo-HGvJ0xSDZkfBZcPwB8c9Ga/bgox31_3.
12:50:56 WARNING atomworks.io.utils.ccd: The following CCD codes were not found in Biotite's built-in CCD: {np.str_('L:0')}
12:50:56 INFO rf3.inference_engines.rf3: [rank: 0] Found 1 structures to predict!
12:50:56 INFO rf3.inference_engines.rf3: [rank: 0] Predicting structure 1/1: bgox31_3
12:51:07 INFO rf3.inference_engines.rf3: [rank: 0] Outputs for bgox31_3 written to /outputs/bgox31_3/bgox31_3!

wrote outputs/rf3_bgox31_3/bgox31_3/bgox31_3_confidences.json
wrote outputs/rf3_bgox31_3/bgox31_3/bgox31_3_model.cif
wrote outputs/rf3_bgox31_3/bgox31_3/bgox31_3_ranking_scores.csv
wrote outputs/rf3_bgox31_3/bgox31_3/bgox31_3_summary_confidences.json
wrote outputs/rf3_bgox31_3/bgox31_3/seed-0_sample-0/bgox31_3_seed-0_sample-0_confidences.json
wrote outputs/rf3_bgox31_3/bgox31_3/seed-0_sample-0/bgox31_3_seed-0_sample-0_model.cif
wrote outputs/rf3_bgox31_3/bgox31_3/seed-0_sample-0/bgox31_3_seed-0_sample-0_summary_confidences.json
wrote outputs/rf3_bgox31_3/bgox31_3/seed-0_sample-1/bgox31_3_seed-0_sample-1_confidences.json
wrote outputs/rf3_bgox31_3/bgox31_3/seed-0_sample-1/bgox31_3_seed-0_sample-1_model.cif
wrote outputs/rf3_bgox31_3/bgox31_3/seed-0_sample-1/bgox31_3_seed-0_sample-1_summary_confidences.json
wrote outputs/rf3_bgox31_3/bgox31_3/seed-0_sample-2/bgox31_3_seed-0_sample-2_confidences.json
wrote outputs/rf3_bgox31_3/bgox31_3/seed-0_sample-2/bgox31_3_seed-0_sample-2_model.cif
wrote outputs/rf3_bgox31_3/bgox31_3/seed-0_sample-2/bgox31_3_seed-0_sample-2_summary_confidences.json
wrote outputs/rf3_bgox31_3/bgox31_3/seed-0_sample-3/bgox31_3_seed-0_sample-3_confidences.json
wrote outputs/rf3_bgox31_3/bgox31_3/seed-0_sample-3/bgox31_3_seed-0_sample-3_model.cif
wrote outputs/rf3_bgox31_3/bgox31_3/seed-0_sample-3/bgox31_3_seed-0_sample-3_summary_confidences.json
wrote outputs/rf3_bgox31_3/bgox31_3/seed-0_sample-4/bgox31_3_seed-0_sample-4_confidences.json
wrote outputs/rf3_bgox31_3/bgox31_3/seed-0_sample-4/bgox31_3_seed-0_sample-4_model.cif
wrote outputs/rf3_bgox31_3/bgox31_3/seed-0_sample-4/bgox31_3_seed-0_sample-4_summary_confidences.json
interface confidence (best model: bgox31_3_model.cif):
  interface A-B: ipSAE 0.045, pDockQ2 0.159, pDockQ 0.174
Stopping app - local entrypoint completed.
✓ App completed. View run at 
https://modal.com/apps/mauriciocafiero/main/ap-fQ0YrHSJ7uIHvRivAflwl8
wrote /Users/cafierom/python_mac/peptidebuilder/runs/oxybenzone/folds/rf3/bgox31_3.pdb
--- rf3 oxybenzone/bgox31_3 exit 0, converted (13:51:11)
=== rf3 oxybenzone/bgox31_4 (13:51:16)
✓ Initialized. View run at 
https://modal.com/apps/mauriciocafiero/main/ap-pzSFSpjWmmv15AgJpm83wU
✓ Created objects.
├── 🔨 Created mount /Users/cafierom/python_mac/fold/src/fold/rf3_app.py
├── 🔨 Created mount PythonPackage:fold
└── 🔨 Created function predict.
submitting bgox31_4 on A10G (use_msa=True) ...
weights already cached at /cache/rf3_foundry_01_24_latest_remapped.ckpt (3038876446 bytes)
fetching MSA for component 0 (31 aa)...
MSA job MxPQ_7aCAJa-TIYIRAZZxGMTrgnpHiUlNa9Elw submitted, polling...
MSA written to /tmp/bgox31_4_chain0_msa.a3m (76 chars)
running: rf3 fold inputs=/tmp/bgox31_4_input.json out_dir=/outputs/bgox31_4 ckpt_path=/cache/rf3_foundry_01_24_latest_remapped.ckpt

/usr/local/lib/python3.12/site-packages/torch/jit/_script.py:1488: DeprecationWarning: `torch.jit.script` is deprecated. Please switch to `torch.compile` or `torch.export`.
  warnings.warn(
Environment variable CCD_MIRROR_PATH not set. Will not be able to use function requiring this variable. To set it you may:
  (1) add the line 'export VAR_NAME=path/to/variable' to your .bashrc or .zshrc file
  (2) set it in your current shell with 'export VAR_NAME=path/to/variable'
  (3) write it to a .env file in the root of the atomworks.io repository
Environment variable PDB_MIRROR_PATH not set. Will not be able to use function requiring this variable. To set it you may:
  (1) add the line 'export VAR_NAME=path/to/variable' to your .bashrc or .zshrc file
  (2) set it in your current shell with 'export VAR_NAME=path/to/variable'
  (3) write it to a .env file in the root of the atomworks.io repository
12:51:31 DEBUG transforms: Debug mode is on
12:51:31 WARNING atomworks.constants: Environment variable LOCAL_MSA_DIRS not set. Will not be able to use function requiring this variable. To set it you may:
  (1) add the line 'export VAR_NAME=path/to/variable' to your .bashrc or .zshrc file
  (2) set it in your current shell with 'export VAR_NAME=path/to/variable'
  (3) write it to a .env file in the root of the atomworks.io repository
12:51:31 INFO rf3.inference_engines.rf3: [rank: 0] Loading checkpoint from /__modal/volumes/vo-oO6aFYAUDl1wEH5oWZO3VM/rf3_foundry_01_24_latest_remapped.ckpt...
12:51:35 WARNING atomworks.ml: Using element type for atom names of atomized tokens.
Using bfloat16 Automatic Mixed Precision (AMP)
You are using a CUDA device ('NVIDIA A10') that has Tensor Cores. To properly utilize them, you should set `torch.set_float32_matmul_precision('medium' | 'high')` which will trade-off precision for performance. For more details, read https://pytorch.org/docs/stable/generated/torch.set_float32_matmul_precision.html#torch.set_float32_matmul_precision
12:51:39 INFO rf3.inference_engines.rf3: [rank: 0] Outputs will be written to /__modal/volumes/vo-HGvJ0xSDZkfBZcPwB8c9Ga/bgox31_4.
12:51:42 WARNING atomworks.io.utils.ccd: The following CCD codes were not found in Biotite's built-in CCD: {np.str_('L:0')}
12:51:42 INFO rf3.inference_engines.rf3: [rank: 0] Found 1 structures to predict!
12:51:42 INFO rf3.inference_engines.rf3: [rank: 0] Predicting structure 1/1: bgox31_4
12:51:53 INFO rf3.inference_engines.rf3: [rank: 0] Outputs for bgox31_4 written to /outputs/bgox31_4/bgox31_4!

wrote outputs/rf3_bgox31_4/bgox31_4/bgox31_4_confidences.json
wrote outputs/rf3_bgox31_4/bgox31_4/bgox31_4_model.cif
wrote outputs/rf3_bgox31_4/bgox31_4/bgox31_4_ranking_scores.csv
wrote outputs/rf3_bgox31_4/bgox31_4/bgox31_4_summary_confidences.json
wrote outputs/rf3_bgox31_4/bgox31_4/seed-0_sample-0/bgox31_4_seed-0_sample-0_confidences.json
wrote outputs/rf3_bgox31_4/bgox31_4/seed-0_sample-0/bgox31_4_seed-0_sample-0_model.cif
wrote outputs/rf3_bgox31_4/bgox31_4/seed-0_sample-0/bgox31_4_seed-0_sample-0_summary_confidences.json
wrote outputs/rf3_bgox31_4/bgox31_4/seed-0_sample-1/bgox31_4_seed-0_sample-1_confidences.json
wrote outputs/rf3_bgox31_4/bgox31_4/seed-0_sample-1/bgox31_4_seed-0_sample-1_model.cif
wrote outputs/rf3_bgox31_4/bgox31_4/seed-0_sample-1/bgox31_4_seed-0_sample-1_summary_confidences.json
wrote outputs/rf3_bgox31_4/bgox31_4/seed-0_sample-2/bgox31_4_seed-0_sample-2_confidences.json
wrote outputs/rf3_bgox31_4/bgox31_4/seed-0_sample-2/bgox31_4_seed-0_sample-2_model.cif
wrote outputs/rf3_bgox31_4/bgox31_4/seed-0_sample-2/bgox31_4_seed-0_sample-2_summary_confidences.json
wrote outputs/rf3_bgox31_4/bgox31_4/seed-0_sample-3/bgox31_4_seed-0_sample-3_confidences.json
wrote outputs/rf3_bgox31_4/bgox31_4/seed-0_sample-3/bgox31_4_seed-0_sample-3_model.cif
wrote outputs/rf3_bgox31_4/bgox31_4/seed-0_sample-3/bgox31_4_seed-0_sample-3_summary_confidences.json
wrote outputs/rf3_bgox31_4/bgox31_4/seed-0_sample-4/bgox31_4_seed-0_sample-4_confidences.json
wrote outputs/rf3_bgox31_4/bgox31_4/seed-0_sample-4/bgox31_4_seed-0_sample-4_model.cif
wrote outputs/rf3_bgox31_4/bgox31_4/seed-0_sample-4/bgox31_4_seed-0_sample-4_summary_confidences.json
interface confidence (best model: bgox31_4_model.cif):
  interface A-B: ipSAE 0.089, pDockQ2 0.248, pDockQ 0.340
Stopping app - local entrypoint completed.
✓ App completed. View run at 
https://modal.com/apps/mauriciocafiero/main/ap-pzSFSpjWmmv15AgJpm83wU
wrote /Users/cafierom/python_mac/peptidebuilder/runs/oxybenzone/folds/rf3/bgox31_4.pdb
--- rf3 oxybenzone/bgox31_4 exit 0, converted (13:51:58)
=== rf3 oxybenzone/bgox31_5 (13:52:03)
✓ Initialized. View run at 
https://modal.com/apps/mauriciocafiero/main/ap-UaTCZFu0bzJDEGCTkRkHAg
✓ Created objects.
├── 🔨 Created mount /Users/cafierom/python_mac/fold/src/fold/rf3_app.py
├── 🔨 Created mount PythonPackage:fold
└── 🔨 Created function predict.
submitting bgox31_5 on A10G (use_msa=True) ...
weights already cached at /cache/rf3_foundry_01_24_latest_remapped.ckpt (3038876446 bytes)
fetching MSA for component 0 (31 aa)...
MSA job PBZm2v98y681DqFEhm1xc_DINE8XbccJOuQehQ submitted, polling...
MSA written to /tmp/bgox31_5_chain0_msa.a3m (76 chars)
running: rf3 fold inputs=/tmp/bgox31_5_input.json out_dir=/outputs/bgox31_5 ckpt_path=/cache/rf3_foundry_01_24_latest_remapped.ckpt

/usr/local/lib/python3.12/site-packages/torch/jit/_script.py:1488: DeprecationWarning: `torch.jit.script` is deprecated. Please switch to `torch.compile` or `torch.export`.
  warnings.warn(
Environment variable CCD_MIRROR_PATH not set. Will not be able to use function requiring this variable. To set it you may:
  (1) add the line 'export VAR_NAME=path/to/variable' to your .bashrc or .zshrc file
  (2) set it in your current shell with 'export VAR_NAME=path/to/variable'
  (3) write it to a .env file in the root of the atomworks.io repository
Environment variable PDB_MIRROR_PATH not set. Will not be able to use function requiring this variable. To set it you may:
  (1) add the line 'export VAR_NAME=path/to/variable' to your .bashrc or .zshrc file
  (2) set it in your current shell with 'export VAR_NAME=path/to/variable'
  (3) write it to a .env file in the root of the atomworks.io repository
12:52:20 DEBUG transforms: Debug mode is on
12:52:20 WARNING atomworks.constants: Environment variable LOCAL_MSA_DIRS not set. Will not be able to use function requiring this variable. To set it you may:
  (1) add the line 'export VAR_NAME=path/to/variable' to your .bashrc or .zshrc file
  (2) set it in your current shell with 'export VAR_NAME=path/to/variable'
  (3) write it to a .env file in the root of the atomworks.io repository
12:52:20 INFO rf3.inference_engines.rf3: [rank: 0] Loading checkpoint from /__modal/volumes/vo-oO6aFYAUDl1wEH5oWZO3VM/rf3_foundry_01_24_latest_remapped.ckpt...
12:52:24 WARNING atomworks.ml: Using element type for atom names of atomized tokens.
Using bfloat16 Automatic Mixed Precision (AMP)
You are using a CUDA device ('NVIDIA A10') that has Tensor Cores. To properly utilize them, you should set `torch.set_float32_matmul_precision('medium' | 'high')` which will trade-off precision for performance. For more details, read https://pytorch.org/docs/stable/generated/torch.set_float32_matmul_precision.html#torch.set_float32_matmul_precision
12:52:28 INFO rf3.inference_engines.rf3: [rank: 0] Outputs will be written to /__modal/volumes/vo-HGvJ0xSDZkfBZcPwB8c9Ga/bgox31_5.
12:52:31 WARNING atomworks.io.utils.ccd: The following CCD codes were not found in Biotite's built-in CCD: {np.str_('L:0')}
12:52:31 INFO rf3.inference_engines.rf3: [rank: 0] Found 1 structures to predict!
12:52:31 INFO rf3.inference_engines.rf3: [rank: 0] Predicting structure 1/1: bgox31_5
12:52:42 INFO rf3.inference_engines.rf3: [rank: 0] Outputs for bgox31_5 written to /outputs/bgox31_5/bgox31_5!

wrote outputs/rf3_bgox31_5/bgox31_5/bgox31_5_confidences.json
wrote outputs/rf3_bgox31_5/bgox31_5/bgox31_5_model.cif
wrote outputs/rf3_bgox31_5/bgox31_5/bgox31_5_ranking_scores.csv
wrote outputs/rf3_bgox31_5/bgox31_5/bgox31_5_summary_confidences.json
wrote outputs/rf3_bgox31_5/bgox31_5/seed-0_sample-0/bgox31_5_seed-0_sample-0_confidences.json
wrote outputs/rf3_bgox31_5/bgox31_5/seed-0_sample-0/bgox31_5_seed-0_sample-0_model.cif
wrote outputs/rf3_bgox31_5/bgox31_5/seed-0_sample-0/bgox31_5_seed-0_sample-0_summary_confidences.json
wrote outputs/rf3_bgox31_5/bgox31_5/seed-0_sample-1/bgox31_5_seed-0_sample-1_confidences.json
wrote outputs/rf3_bgox31_5/bgox31_5/seed-0_sample-1/bgox31_5_seed-0_sample-1_model.cif
wrote outputs/rf3_bgox31_5/bgox31_5/seed-0_sample-1/bgox31_5_seed-0_sample-1_summary_confidences.json
wrote outputs/rf3_bgox31_5/bgox31_5/seed-0_sample-2/bgox31_5_seed-0_sample-2_confidences.json
wrote outputs/rf3_bgox31_5/bgox31_5/seed-0_sample-2/bgox31_5_seed-0_sample-2_model.cif
wrote outputs/rf3_bgox31_5/bgox31_5/seed-0_sample-2/bgox31_5_seed-0_sample-2_summary_confidences.json
wrote outputs/rf3_bgox31_5/bgox31_5/seed-0_sample-3/bgox31_5_seed-0_sample-3_confidences.json
wrote outputs/rf3_bgox31_5/bgox31_5/seed-0_sample-3/bgox31_5_seed-0_sample-3_model.cif
wrote outputs/rf3_bgox31_5/bgox31_5/seed-0_sample-3/bgox31_5_seed-0_sample-3_summary_confidences.json
wrote outputs/rf3_bgox31_5/bgox31_5/seed-0_sample-4/bgox31_5_seed-0_sample-4_confidences.json
wrote outputs/rf3_bgox31_5/bgox31_5/seed-0_sample-4/bgox31_5_seed-0_sample-4_model.cif
wrote outputs/rf3_bgox31_5/bgox31_5/seed-0_sample-4/bgox31_5_seed-0_sample-4_summary_confidences.json
interface confidence (best model: bgox31_5_model.cif):
  interface A-B: ipSAE 0.027, pDockQ2 0.116, pDockQ 0.256
Stopping app - local entrypoint completed.
✓ App completed. View run at 
https://modal.com/apps/mauriciocafiero/main/ap-UaTCZFu0bzJDEGCTkRkHAg
wrote /Users/cafierom/python_mac/peptidebuilder/runs/oxybenzone/folds/rf3/bgox31_5.pdb
--- rf3 oxybenzone/bgox31_5 exit 0, converted (13:52:48)
=== rf3 oxybenzone/ox1_esm1_f8 (13:52:53)
✓ Initialized. View run at 
https://modal.com/apps/mauriciocafiero/main/ap-qgyrH0uQe5ioKaNcGIL9BF
✓ Created objects.
├── 🔨 Created mount /Users/cafierom/python_mac/fold/src/fold/rf3_app.py
├── 🔨 Created mount PythonPackage:fold
└── 🔨 Created function predict.
submitting ox1_esm1_f8 on A10G (use_msa=True) ...
weights already cached at /cache/rf3_foundry_01_24_latest_remapped.ckpt (3038876446 bytes)
fetching MSA for component 0 (25 aa)...
MSA job 6AblNO3Lhe8o9wou-_9JvhvJR6KY72aBN46SFQ submitted, polling...
MSA written to /tmp/ox1_esm1_f8_chain0_msa.a3m (64 chars)
running: rf3 fold inputs=/tmp/ox1_esm1_f8_input.json out_dir=/outputs/ox1_esm1_f8 ckpt_path=/cache/rf3_foundry_01_24_latest_remapped.ckpt

/usr/local/lib/python3.12/site-packages/torch/jit/_script.py:1488: DeprecationWarning: `torch.jit.script` is deprecated. Please switch to `torch.compile` or `torch.export`.
  warnings.warn(
Environment variable CCD_MIRROR_PATH not set. Will not be able to use function requiring this variable. To set it you may:
  (1) add the line 'export VAR_NAME=path/to/variable' to your .bashrc or .zshrc file
  (2) set it in your current shell with 'export VAR_NAME=path/to/variable'
  (3) write it to a .env file in the root of the atomworks.io repository
Environment variable PDB_MIRROR_PATH not set. Will not be able to use function requiring this variable. To set it you may:
  (1) add the line 'export VAR_NAME=path/to/variable' to your .bashrc or .zshrc file
  (2) set it in your current shell with 'export VAR_NAME=path/to/variable'
  (3) write it to a .env file in the root of the atomworks.io repository
12:53:09 DEBUG transforms: Debug mode is on
12:53:10 WARNING atomworks.constants: Environment variable LOCAL_MSA_DIRS not set. Will not be able to use function requiring this variable. To set it you may:
  (1) add the line 'export VAR_NAME=path/to/variable' to your .bashrc or .zshrc file
  (2) set it in your current shell with 'export VAR_NAME=path/to/variable'
  (3) write it to a .env file in the root of the atomworks.io repository
12:53:10 INFO rf3.inference_engines.rf3: [rank: 0] Loading checkpoint from /__modal/volumes/vo-oO6aFYAUDl1wEH5oWZO3VM/rf3_foundry_01_24_latest_remapped.ckpt...
12:53:13 WARNING atomworks.ml: Using element type for atom names of atomized tokens.
Using bfloat16 Automatic Mixed Precision (AMP)
You are using a CUDA device ('NVIDIA A10') that has Tensor Cores. To properly utilize them, you should set `torch.set_float32_matmul_precision('medium' | 'high')` which will trade-off precision for performance. For more details, read https://pytorch.org/docs/stable/generated/torch.set_float32_matmul_precision.html#torch.set_float32_matmul_precision
12:53:18 INFO rf3.inference_engines.rf3: [rank: 0] Outputs will be written to /__modal/volumes/vo-HGvJ0xSDZkfBZcPwB8c9Ga/ox1_esm1_f8.
12:53:21 WARNING atomworks.io.utils.ccd: The following CCD codes were not found in Biotite's built-in CCD: {np.str_('L:0')}
12:53:21 INFO rf3.inference_engines.rf3: [rank: 0] Found 1 structures to predict!
12:53:21 INFO rf3.inference_engines.rf3: [rank: 0] Predicting structure 1/1: ox1_esm1_f8
12:53:32 INFO rf3.inference_engines.rf3: [rank: 0] Outputs for ox1_esm1_f8 written to /outputs/ox1_esm1_f8/ox1_esm1_f8!

wrote outputs/rf3_ox1_esm1_f8/ox1_esm1_f8/ox1_esm1_f8_confidences.json
wrote outputs/rf3_ox1_esm1_f8/ox1_esm1_f8/ox1_esm1_f8_model.cif
wrote outputs/rf3_ox1_esm1_f8/ox1_esm1_f8/ox1_esm1_f8_ranking_scores.csv
wrote outputs/rf3_ox1_esm1_f8/ox1_esm1_f8/ox1_esm1_f8_summary_confidences.json
wrote outputs/rf3_ox1_esm1_f8/ox1_esm1_f8/seed-0_sample-0/ox1_esm1_f8_seed-0_sample-0_confidences.json
wrote outputs/rf3_ox1_esm1_f8/ox1_esm1_f8/seed-0_sample-0/ox1_esm1_f8_seed-0_sample-0_model.cif
wrote outputs/rf3_ox1_esm1_f8/ox1_esm1_f8/seed-0_sample-0/ox1_esm1_f8_seed-0_sample-0_summary_confidences.json
wrote outputs/rf3_ox1_esm1_f8/ox1_esm1_f8/seed-0_sample-1/ox1_esm1_f8_seed-0_sample-1_confidences.json
wrote outputs/rf3_ox1_esm1_f8/ox1_esm1_f8/seed-0_sample-1/ox1_esm1_f8_seed-0_sample-1_model.cif
wrote outputs/rf3_ox1_esm1_f8/ox1_esm1_f8/seed-0_sample-1/ox1_esm1_f8_seed-0_sample-1_summary_confidences.json
wrote outputs/rf3_ox1_esm1_f8/ox1_esm1_f8/seed-0_sample-2/ox1_esm1_f8_seed-0_sample-2_confidences.json
wrote outputs/rf3_ox1_esm1_f8/ox1_esm1_f8/seed-0_sample-2/ox1_esm1_f8_seed-0_sample-2_model.cif
wrote outputs/rf3_ox1_esm1_f8/ox1_esm1_f8/seed-0_sample-2/ox1_esm1_f8_seed-0_sample-2_summary_confidences.json
wrote outputs/rf3_ox1_esm1_f8/ox1_esm1_f8/seed-0_sample-3/ox1_esm1_f8_seed-0_sample-3_confidences.json
wrote outputs/rf3_ox1_esm1_f8/ox1_esm1_f8/seed-0_sample-3/ox1_esm1_f8_seed-0_sample-3_model.cif
wrote outputs/rf3_ox1_esm1_f8/ox1_esm1_f8/seed-0_sample-3/ox1_esm1_f8_seed-0_sample-3_summary_confidences.json
wrote outputs/rf3_ox1_esm1_f8/ox1_esm1_f8/seed-0_sample-4/ox1_esm1_f8_seed-0_sample-4_confidences.json
wrote outputs/rf3_ox1_esm1_f8/ox1_esm1_f8/seed-0_sample-4/ox1_esm1_f8_seed-0_sample-4_model.cif
wrote outputs/rf3_ox1_esm1_f8/ox1_esm1_f8/seed-0_sample-4/ox1_esm1_f8_seed-0_sample-4_summary_confidences.json
interface confidence (best model: ox1_esm1_f8_model.cif):
  interface A-B: ipSAE 0.021, pDockQ2 0.053, pDockQ 0.139
Stopping app - local entrypoint completed.
✓ App completed. View run at 
https://modal.com/apps/mauriciocafiero/main/ap-qgyrH0uQe5ioKaNcGIL9BF
wrote /Users/cafierom/python_mac/peptidebuilder/runs/oxybenzone/folds/rf3/ox1_esm1_f8.pdb
--- rf3 oxybenzone/ox1_esm1_f8 exit 0, converted (13:53:38)
=== rf3 oxybenzone/ox1_orig_f12 (13:53:43)
✓ Initialized. View run at 
https://modal.com/apps/mauriciocafiero/main/ap-jYpHoAJcqyBQV2vixGo7Nl
✓ Created objects.
├── 🔨 Created mount /Users/cafierom/python_mac/fold/src/fold/rf3_app.py
├── 🔨 Created mount PythonPackage:fold
└── 🔨 Created function predict.
submitting ox1_orig_f12 on A10G (use_msa=True) ...
weights already cached at /cache/rf3_foundry_01_24_latest_remapped.ckpt (3038876446 bytes)
fetching MSA for component 0 (25 aa)...
MSA job 7kRNejMrnvdQ9LIe4D7k4232Mkt9J1pgL1YDww submitted, polling...
MSA written to /tmp/ox1_orig_f12_chain0_msa.a3m (64 chars)
running: rf3 fold inputs=/tmp/ox1_orig_f12_input.json out_dir=/outputs/ox1_orig_f12 ckpt_path=/cache/rf3_foundry_01_24_latest_remapped.ckpt

/usr/local/lib/python3.12/site-packages/torch/jit/_script.py:1488: DeprecationWarning: `torch.jit.script` is deprecated. Please switch to `torch.compile` or `torch.export`.
  warnings.warn(
Environment variable CCD_MIRROR_PATH not set. Will not be able to use function requiring this variable. To set it you may:
  (1) add the line 'export VAR_NAME=path/to/variable' to your .bashrc or .zshrc file
  (2) set it in your current shell with 'export VAR_NAME=path/to/variable'
  (3) write it to a .env file in the root of the atomworks.io repository
Environment variable PDB_MIRROR_PATH not set. Will not be able to use function requiring this variable. To set it you may:
  (1) add the line 'export VAR_NAME=path/to/variable' to your .bashrc or .zshrc file
  (2) set it in your current shell with 'export VAR_NAME=path/to/variable'
  (3) write it to a .env file in the root of the atomworks.io repository
12:53:58 DEBUG transforms: Debug mode is on
12:53:58 WARNING atomworks.constants: Environment variable LOCAL_MSA_DIRS not set. Will not be able to use function requiring this variable. To set it you may:
  (1) add the line 'export VAR_NAME=path/to/variable' to your .bashrc or .zshrc file
  (2) set it in your current shell with 'export VAR_NAME=path/to/variable'
  (3) write it to a .env file in the root of the atomworks.io repository
12:53:58 INFO rf3.inference_engines.rf3: [rank: 0] Loading checkpoint from /__modal/volumes/vo-oO6aFYAUDl1wEH5oWZO3VM/rf3_foundry_01_24_latest_remapped.ckpt...
12:54:02 WARNING atomworks.ml: Using element type for atom names of atomized tokens.
Using bfloat16 Automatic Mixed Precision (AMP)
You are using a CUDA device ('NVIDIA A10') that has Tensor Cores. To properly utilize them, you should set `torch.set_float32_matmul_precision('medium' | 'high')` which will trade-off precision for performance. For more details, read https://pytorch.org/docs/stable/generated/torch.set_float32_matmul_precision.html#torch.set_float32_matmul_precision
12:54:06 INFO rf3.inference_engines.rf3: [rank: 0] Outputs will be written to /__modal/volumes/vo-HGvJ0xSDZkfBZcPwB8c9Ga/ox1_orig_f12.
12:54:09 WARNING atomworks.io.utils.ccd: The following CCD codes were not found in Biotite's built-in CCD: {np.str_('L:0')}
12:54:09 INFO rf3.inference_engines.rf3: [rank: 0] Found 1 structures to predict!
12:54:09 INFO rf3.inference_engines.rf3: [rank: 0] Predicting structure 1/1: ox1_orig_f12
12:54:19 INFO rf3.inference_engines.rf3: [rank: 0] Outputs for ox1_orig_f12 written to /outputs/ox1_orig_f12/ox1_orig_f12!

wrote outputs/rf3_ox1_orig_f12/ox1_orig_f12/ox1_orig_f12_confidences.json
wrote outputs/rf3_ox1_orig_f12/ox1_orig_f12/ox1_orig_f12_model.cif
wrote outputs/rf3_ox1_orig_f12/ox1_orig_f12/ox1_orig_f12_ranking_scores.csv
wrote outputs/rf3_ox1_orig_f12/ox1_orig_f12/ox1_orig_f12_summary_confidences.json
wrote outputs/rf3_ox1_orig_f12/ox1_orig_f12/seed-0_sample-0/ox1_orig_f12_seed-0_sample-0_confidences.json
wrote outputs/rf3_ox1_orig_f12/ox1_orig_f12/seed-0_sample-0/ox1_orig_f12_seed-0_sample-0_model.cif
wrote outputs/rf3_ox1_orig_f12/ox1_orig_f12/seed-0_sample-0/ox1_orig_f12_seed-0_sample-0_summary_confidences.json
wrote outputs/rf3_ox1_orig_f12/ox1_orig_f12/seed-0_sample-1/ox1_orig_f12_seed-0_sample-1_confidences.json
wrote outputs/rf3_ox1_orig_f12/ox1_orig_f12/seed-0_sample-1/ox1_orig_f12_seed-0_sample-1_model.cif
wrote outputs/rf3_ox1_orig_f12/ox1_orig_f12/seed-0_sample-1/ox1_orig_f12_seed-0_sample-1_summary_confidences.json
wrote outputs/rf3_ox1_orig_f12/ox1_orig_f12/seed-0_sample-2/ox1_orig_f12_seed-0_sample-2_confidences.json
wrote outputs/rf3_ox1_orig_f12/ox1_orig_f12/seed-0_sample-2/ox1_orig_f12_seed-0_sample-2_model.cif
wrote outputs/rf3_ox1_orig_f12/ox1_orig_f12/seed-0_sample-2/ox1_orig_f12_seed-0_sample-2_summary_confidences.json
wrote outputs/rf3_ox1_orig_f12/ox1_orig_f12/seed-0_sample-3/ox1_orig_f12_seed-0_sample-3_confidences.json
wrote outputs/rf3_ox1_orig_f12/ox1_orig_f12/seed-0_sample-3/ox1_orig_f12_seed-0_sample-3_model.cif
wrote outputs/rf3_ox1_orig_f12/ox1_orig_f12/seed-0_sample-3/ox1_orig_f12_seed-0_sample-3_summary_confidences.json
wrote outputs/rf3_ox1_orig_f12/ox1_orig_f12/seed-0_sample-4/ox1_orig_f12_seed-0_sample-4_confidences.json
wrote outputs/rf3_ox1_orig_f12/ox1_orig_f12/seed-0_sample-4/ox1_orig_f12_seed-0_sample-4_model.cif
wrote outputs/rf3_ox1_orig_f12/ox1_orig_f12/seed-0_sample-4/ox1_orig_f12_seed-0_sample-4_summary_confidences.json
interface confidence (best model: ox1_orig_f12_model.cif):
  interface A-B: ipSAE 0.013, pDockQ2 0.037, pDockQ 0.269
Stopping app - local entrypoint completed.
✓ App completed. View run at 
https://modal.com/apps/mauriciocafiero/main/ap-jYpHoAJcqyBQV2vixGo7Nl
wrote /Users/cafierom/python_mac/peptidebuilder/runs/oxybenzone/folds/rf3/ox1_orig_f12.pdb
--- rf3 oxybenzone/ox1_orig_f12 exit 0, converted (13:54:23)
=== rf3 oxybenzone/ox2_esm1_f8 (13:54:28)
✓ Initialized. View run at 
https://modal.com/apps/mauriciocafiero/main/ap-mQkH2kUF6jVOSaQFc7kWFl
✓ Created objects.
├── 🔨 Created mount /Users/cafierom/python_mac/fold/src/fold/rf3_app.py
├── 🔨 Created mount PythonPackage:fold
└── 🔨 Created function predict.
submitting ox2_esm1_f8 on A10G (use_msa=True) ...
weights already cached at /cache/rf3_foundry_01_24_latest_remapped.ckpt (3038876446 bytes)
fetching MSA for component 0 (31 aa)...
MSA job j2mYpTDG-_TucvhtxVhYS2DhL-AyN8YYg2iX1g submitted, polling...
MSA written to /tmp/ox2_esm1_f8_chain0_msa.a3m (76 chars)
running: rf3 fold inputs=/tmp/ox2_esm1_f8_input.json out_dir=/outputs/ox2_esm1_f8 ckpt_path=/cache/rf3_foundry_01_24_latest_remapped.ckpt

/usr/local/lib/python3.12/site-packages/torch/jit/_script.py:1488: DeprecationWarning: `torch.jit.script` is deprecated. Please switch to `torch.compile` or `torch.export`.
  warnings.warn(
Environment variable CCD_MIRROR_PATH not set. Will not be able to use function requiring this variable. To set it you may:
  (1) add the line 'export VAR_NAME=path/to/variable' to your .bashrc or .zshrc file
  (2) set it in your current shell with 'export VAR_NAME=path/to/variable'
  (3) write it to a .env file in the root of the atomworks.io repository
Environment variable PDB_MIRROR_PATH not set. Will not be able to use function requiring this variable. To set it you may:
  (1) add the line 'export VAR_NAME=path/to/variable' to your .bashrc or .zshrc file
  (2) set it in your current shell with 'export VAR_NAME=path/to/variable'
  (3) write it to a .env file in the root of the atomworks.io repository
12:54:45 DEBUG transforms: Debug mode is on
12:54:46 WARNING atomworks.constants: Environment variable LOCAL_MSA_DIRS not set. Will not be able to use function requiring this variable. To set it you may:
  (1) add the line 'export VAR_NAME=path/to/variable' to your .bashrc or .zshrc file
  (2) set it in your current shell with 'export VAR_NAME=path/to/variable'
  (3) write it to a .env file in the root of the atomworks.io repository
12:54:46 INFO rf3.inference_engines.rf3: [rank: 0] Loading checkpoint from /__modal/volumes/vo-oO6aFYAUDl1wEH5oWZO3VM/rf3_foundry_01_24_latest_remapped.ckpt...
12:54:51 WARNING atomworks.ml: Using element type for atom names of atomized tokens.
Using bfloat16 Automatic Mixed Precision (AMP)
You are using a CUDA device ('NVIDIA A10') that has Tensor Cores. To properly utilize them, you should set `torch.set_float32_matmul_precision('medium' | 'high')` which will trade-off precision for performance. For more details, read https://pytorch.org/docs/stable/generated/torch.set_float32_matmul_precision.html#torch.set_float32_matmul_precision
12:54:56 INFO rf3.inference_engines.rf3: [rank: 0] Outputs will be written to /__modal/volumes/vo-HGvJ0xSDZkfBZcPwB8c9Ga/ox2_esm1_f8.
12:54:58 WARNING atomworks.io.utils.ccd: The following CCD codes were not found in Biotite's built-in CCD: {np.str_('L:0')}
12:54:58 INFO rf3.inference_engines.rf3: [rank: 0] Found 1 structures to predict!
12:54:58 INFO rf3.inference_engines.rf3: [rank: 0] Predicting structure 1/1: ox2_esm1_f8
12:55:10 INFO rf3.inference_engines.rf3: [rank: 0] Outputs for ox2_esm1_f8 written to /outputs/ox2_esm1_f8/ox2_esm1_f8!

wrote outputs/rf3_ox2_esm1_f8/ox2_esm1_f8/ox2_esm1_f8_confidences.json
wrote outputs/rf3_ox2_esm1_f8/ox2_esm1_f8/ox2_esm1_f8_model.cif
wrote outputs/rf3_ox2_esm1_f8/ox2_esm1_f8/ox2_esm1_f8_ranking_scores.csv
wrote outputs/rf3_ox2_esm1_f8/ox2_esm1_f8/ox2_esm1_f8_summary_confidences.json
wrote outputs/rf3_ox2_esm1_f8/ox2_esm1_f8/seed-0_sample-0/ox2_esm1_f8_seed-0_sample-0_confidences.json
wrote outputs/rf3_ox2_esm1_f8/ox2_esm1_f8/seed-0_sample-0/ox2_esm1_f8_seed-0_sample-0_model.cif
wrote outputs/rf3_ox2_esm1_f8/ox2_esm1_f8/seed-0_sample-0/ox2_esm1_f8_seed-0_sample-0_summary_confidences.json
wrote outputs/rf3_ox2_esm1_f8/ox2_esm1_f8/seed-0_sample-1/ox2_esm1_f8_seed-0_sample-1_confidences.json
wrote outputs/rf3_ox2_esm1_f8/ox2_esm1_f8/seed-0_sample-1/ox2_esm1_f8_seed-0_sample-1_model.cif
wrote outputs/rf3_ox2_esm1_f8/ox2_esm1_f8/seed-0_sample-1/ox2_esm1_f8_seed-0_sample-1_summary_confidences.json
wrote outputs/rf3_ox2_esm1_f8/ox2_esm1_f8/seed-0_sample-2/ox2_esm1_f8_seed-0_sample-2_confidences.json
wrote outputs/rf3_ox2_esm1_f8/ox2_esm1_f8/seed-0_sample-2/ox2_esm1_f8_seed-0_sample-2_model.cif
wrote outputs/rf3_ox2_esm1_f8/ox2_esm1_f8/seed-0_sample-2/ox2_esm1_f8_seed-0_sample-2_summary_confidences.json
wrote outputs/rf3_ox2_esm1_f8/ox2_esm1_f8/seed-0_sample-3/ox2_esm1_f8_seed-0_sample-3_confidences.json
wrote outputs/rf3_ox2_esm1_f8/ox2_esm1_f8/seed-0_sample-3/ox2_esm1_f8_seed-0_sample-3_model.cif
wrote outputs/rf3_ox2_esm1_f8/ox2_esm1_f8/seed-0_sample-3/ox2_esm1_f8_seed-0_sample-3_summary_confidences.json
wrote outputs/rf3_ox2_esm1_f8/ox2_esm1_f8/seed-0_sample-4/ox2_esm1_f8_seed-0_sample-4_confidences.json
wrote outputs/rf3_ox2_esm1_f8/ox2_esm1_f8/seed-0_sample-4/ox2_esm1_f8_seed-0_sample-4_model.cif
wrote outputs/rf3_ox2_esm1_f8/ox2_esm1_f8/seed-0_sample-4/ox2_esm1_f8_seed-0_sample-4_summary_confidences.json
interface confidence (best model: ox2_esm1_f8_model.cif):
  interface A-B: ipSAE 0.027, pDockQ2 0.078, pDockQ 0.227
Stopping app - local entrypoint completed.
✓ App completed. View run at 
https://modal.com/apps/mauriciocafiero/main/ap-mQkH2kUF6jVOSaQFc7kWFl
wrote /Users/cafierom/python_mac/peptidebuilder/runs/oxybenzone/folds/rf3/ox2_esm1_f8.pdb
--- rf3 oxybenzone/ox2_esm1_f8 exit 0, converted (13:55:21)
=== rf3 oxybenzone/ox2_orig_f8 (13:55:26)
✓ Initialized. View run at 
https://modal.com/apps/mauriciocafiero/main/ap-SYllVvOptzsxHqT25UU2Gw
✓ Created objects.
├── 🔨 Created mount /Users/cafierom/python_mac/fold/src/fold/rf3_app.py
├── 🔨 Created mount PythonPackage:fold
└── 🔨 Created function predict.
submitting ox2_orig_f8 on A10G (use_msa=True) ...
weights already cached at /cache/rf3_foundry_01_24_latest_remapped.ckpt (3038876446 bytes)
fetching MSA for component 0 (31 aa)...
MSA job IsWBbouEpfsoHSSdZKpM4zftR4ErcGUdNjoSVQ submitted, polling...
MSA written to /tmp/ox2_orig_f8_chain0_msa.a3m (76 chars)
running: rf3 fold inputs=/tmp/ox2_orig_f8_input.json out_dir=/outputs/ox2_orig_f8 ckpt_path=/cache/rf3_foundry_01_24_latest_remapped.ckpt

/usr/local/lib/python3.12/site-packages/torch/jit/_script.py:1488: DeprecationWarning: `torch.jit.script` is deprecated. Please switch to `torch.compile` or `torch.export`.
  warnings.warn(
Environment variable CCD_MIRROR_PATH not set. Will not be able to use function requiring this variable. To set it you may:
  (1) add the line 'export VAR_NAME=path/to/variable' to your .bashrc or .zshrc file
  (2) set it in your current shell with 'export VAR_NAME=path/to/variable'
  (3) write it to a .env file in the root of the atomworks.io repository
Environment variable PDB_MIRROR_PATH not set. Will not be able to use function requiring this variable. To set it you may:
  (1) add the line 'export VAR_NAME=path/to/variable' to your .bashrc or .zshrc file
  (2) set it in your current shell with 'export VAR_NAME=path/to/variable'
  (3) write it to a .env file in the root of the atomworks.io repository
12:55:42 DEBUG transforms: Debug mode is on
12:55:42 WARNING atomworks.constants: Environment variable LOCAL_MSA_DIRS not set. Will not be able to use function requiring this variable. To set it you may:
  (1) add the line 'export VAR_NAME=path/to/variable' to your .bashrc or .zshrc file
  (2) set it in your current shell with 'export VAR_NAME=path/to/variable'
  (3) write it to a .env file in the root of the atomworks.io repository
12:55:42 INFO rf3.inference_engines.rf3: [rank: 0] Loading checkpoint from /__modal/volumes/vo-oO6aFYAUDl1wEH5oWZO3VM/rf3_foundry_01_24_latest_remapped.ckpt...
12:55:46 WARNING atomworks.ml: Using element type for atom names of atomized tokens.
Using bfloat16 Automatic Mixed Precision (AMP)
You are using a CUDA device ('NVIDIA A10') that has Tensor Cores. To properly utilize them, you should set `torch.set_float32_matmul_precision('medium' | 'high')` which will trade-off precision for performance. For more details, read https://pytorch.org/docs/stable/generated/torch.set_float32_matmul_precision.html#torch.set_float32_matmul_precision
12:55:51 INFO rf3.inference_engines.rf3: [rank: 0] Outputs will be written to /__modal/volumes/vo-HGvJ0xSDZkfBZcPwB8c9Ga/ox2_orig_f8.
12:55:53 WARNING atomworks.io.utils.ccd: The following CCD codes were not found in Biotite's built-in CCD: {np.str_('L:0')}
12:55:53 INFO rf3.inference_engines.rf3: [rank: 0] Found 1 structures to predict!
12:55:53 INFO rf3.inference_engines.rf3: [rank: 0] Predicting structure 1/1: ox2_orig_f8
12:56:04 INFO rf3.inference_engines.rf3: [rank: 0] Outputs for ox2_orig_f8 written to /outputs/ox2_orig_f8/ox2_orig_f8!

wrote outputs/rf3_ox2_orig_f8/ox2_orig_f8/ox2_orig_f8_confidences.json
wrote outputs/rf3_ox2_orig_f8/ox2_orig_f8/ox2_orig_f8_model.cif
wrote outputs/rf3_ox2_orig_f8/ox2_orig_f8/ox2_orig_f8_ranking_scores.csv
wrote outputs/rf3_ox2_orig_f8/ox2_orig_f8/ox2_orig_f8_summary_confidences.json
wrote outputs/rf3_ox2_orig_f8/ox2_orig_f8/seed-0_sample-0/ox2_orig_f8_seed-0_sample-0_confidences.json
wrote outputs/rf3_ox2_orig_f8/ox2_orig_f8/seed-0_sample-0/ox2_orig_f8_seed-0_sample-0_model.cif
wrote outputs/rf3_ox2_orig_f8/ox2_orig_f8/seed-0_sample-0/ox2_orig_f8_seed-0_sample-0_summary_confidences.json
wrote outputs/rf3_ox2_orig_f8/ox2_orig_f8/seed-0_sample-1/ox2_orig_f8_seed-0_sample-1_confidences.json
wrote outputs/rf3_ox2_orig_f8/ox2_orig_f8/seed-0_sample-1/ox2_orig_f8_seed-0_sample-1_model.cif
wrote outputs/rf3_ox2_orig_f8/ox2_orig_f8/seed-0_sample-1/ox2_orig_f8_seed-0_sample-1_summary_confidences.json
wrote outputs/rf3_ox2_orig_f8/ox2_orig_f8/seed-0_sample-2/ox2_orig_f8_seed-0_sample-2_confidences.json
wrote outputs/rf3_ox2_orig_f8/ox2_orig_f8/seed-0_sample-2/ox2_orig_f8_seed-0_sample-2_model.cif
wrote outputs/rf3_ox2_orig_f8/ox2_orig_f8/seed-0_sample-2/ox2_orig_f8_seed-0_sample-2_summary_confidences.json
wrote outputs/rf3_ox2_orig_f8/ox2_orig_f8/seed-0_sample-3/ox2_orig_f8_seed-0_sample-3_confidences.json
wrote outputs/rf3_ox2_orig_f8/ox2_orig_f8/seed-0_sample-3/ox2_orig_f8_seed-0_sample-3_model.cif
wrote outputs/rf3_ox2_orig_f8/ox2_orig_f8/seed-0_sample-3/ox2_orig_f8_seed-0_sample-3_summary_confidences.json
wrote outputs/rf3_ox2_orig_f8/ox2_orig_f8/seed-0_sample-4/ox2_orig_f8_seed-0_sample-4_confidences.json
wrote outputs/rf3_ox2_orig_f8/ox2_orig_f8/seed-0_sample-4/ox2_orig_f8_seed-0_sample-4_model.cif
wrote outputs/rf3_ox2_orig_f8/ox2_orig_f8/seed-0_sample-4/ox2_orig_f8_seed-0_sample-4_summary_confidences.json
interface confidence (best model: ox2_orig_f8_model.cif):
  interface A-B: ipSAE 0.014, pDockQ2 0.041, pDockQ 0.315
Stopping app - local entrypoint completed.
✓ App completed. View run at 
https://modal.com/apps/mauriciocafiero/main/ap-SYllVvOptzsxHqT25UU2Gw
wrote /Users/cafierom/python_mac/peptidebuilder/runs/oxybenzone/folds/rf3/ox2_orig_f8.pdb
--- rf3 oxybenzone/ox2_orig_f8 exit 0, converted (13:56:09)
=== rf3 oxybenzone/ox2_shuffle_esm0 (13:56:14)
✓ Initialized. View run at 
https://modal.com/apps/mauriciocafiero/main/ap-TejAm0aNRoDdFNiPQxvqvZ
✓ Created objects.
├── 🔨 Created mount /Users/cafierom/python_mac/fold/src/fold/rf3_app.py
├── 🔨 Created mount PythonPackage:fold
└── 🔨 Created function predict.
submitting ox2_shuffle_esm0 on A10G (use_msa=True) ...
weights already cached at /cache/rf3_foundry_01_24_latest_remapped.ckpt (3038876446 bytes)
fetching MSA for component 0 (31 aa)...
MSA job MNIabNt6TxEtOZT3qrSD_5n0kDUOtjtGbjpzXQ submitted, polling...
MSA written to /tmp/ox2_shuffle_esm0_chain0_msa.a3m (76 chars)
running: rf3 fold inputs=/tmp/ox2_shuffle_esm0_input.json out_dir=/outputs/ox2_shuffle_esm0 ckpt_path=/cache/rf3_foundry_01_24_latest_remapped.ckpt

/usr/local/lib/python3.12/site-packages/torch/jit/_script.py:1488: DeprecationWarning: `torch.jit.script` is deprecated. Please switch to `torch.compile` or `torch.export`.
  warnings.warn(
Environment variable CCD_MIRROR_PATH not set. Will not be able to use function requiring this variable. To set it you may:
  (1) add the line 'export VAR_NAME=path/to/variable' to your .bashrc or .zshrc file
  (2) set it in your current shell with 'export VAR_NAME=path/to/variable'
  (3) write it to a .env file in the root of the atomworks.io repository
Environment variable PDB_MIRROR_PATH not set. Will not be able to use function requiring this variable. To set it you may:
  (1) add the line 'export VAR_NAME=path/to/variable' to your .bashrc or .zshrc file
  (2) set it in your current shell with 'export VAR_NAME=path/to/variable'
  (3) write it to a .env file in the root of the atomworks.io repository
12:56:30 DEBUG transforms: Debug mode is on
12:56:31 WARNING atomworks.constants: Environment variable LOCAL_MSA_DIRS not set. Will not be able to use function requiring this variable. To set it you may:
  (1) add the line 'export VAR_NAME=path/to/variable' to your .bashrc or .zshrc file
  (2) set it in your current shell with 'export VAR_NAME=path/to/variable'
  (3) write it to a .env file in the root of the atomworks.io repository
12:56:31 INFO rf3.inference_engines.rf3: [rank: 0] Loading checkpoint from /__modal/volumes/vo-oO6aFYAUDl1wEH5oWZO3VM/rf3_foundry_01_24_latest_remapped.ckpt...
12:56:34 WARNING atomworks.ml: Using element type for atom names of atomized tokens.
Using bfloat16 Automatic Mixed Precision (AMP)
You are using a CUDA device ('NVIDIA A10') that has Tensor Cores. To properly utilize them, you should set `torch.set_float32_matmul_precision('medium' | 'high')` which will trade-off precision for performance. For more details, read https://pytorch.org/docs/stable/generated/torch.set_float32_matmul_precision.html#torch.set_float32_matmul_precision
12:56:39 INFO rf3.inference_engines.rf3: [rank: 0] Outputs will be written to /__modal/volumes/vo-HGvJ0xSDZkfBZcPwB8c9Ga/ox2_shuffle_esm0.
12:56:42 WARNING atomworks.io.utils.ccd: The following CCD codes were not found in Biotite's built-in CCD: {np.str_('L:0')}
12:56:42 INFO rf3.inference_engines.rf3: [rank: 0] Found 1 structures to predict!
12:56:42 INFO rf3.inference_engines.rf3: [rank: 0] Predicting structure 1/1: ox2_shuffle_esm0
12:56:53 INFO rf3.inference_engines.rf3: [rank: 0] Outputs for ox2_shuffle_esm0 written to /outputs/ox2_shuffle_esm0/ox2_shuffle_esm0!

wrote outputs/rf3_ox2_shuffle_esm0/ox2_shuffle_esm0/ox2_shuffle_esm0_confidences.json
wrote outputs/rf3_ox2_shuffle_esm0/ox2_shuffle_esm0/ox2_shuffle_esm0_model.cif
wrote outputs/rf3_ox2_shuffle_esm0/ox2_shuffle_esm0/ox2_shuffle_esm0_ranking_scores.csv
wrote outputs/rf3_ox2_shuffle_esm0/ox2_shuffle_esm0/ox2_shuffle_esm0_summary_confidences.json
wrote outputs/rf3_ox2_shuffle_esm0/ox2_shuffle_esm0/seed-0_sample-0/ox2_shuffle_esm0_seed-0_sample-0_confidences.json
wrote outputs/rf3_ox2_shuffle_esm0/ox2_shuffle_esm0/seed-0_sample-0/ox2_shuffle_esm0_seed-0_sample-0_model.cif
wrote outputs/rf3_ox2_shuffle_esm0/ox2_shuffle_esm0/seed-0_sample-0/ox2_shuffle_esm0_seed-0_sample-0_summary_confidences.json
wrote outputs/rf3_ox2_shuffle_esm0/ox2_shuffle_esm0/seed-0_sample-1/ox2_shuffle_esm0_seed-0_sample-1_confidences.json
wrote outputs/rf3_ox2_shuffle_esm0/ox2_shuffle_esm0/seed-0_sample-1/ox2_shuffle_esm0_seed-0_sample-1_model.cif
wrote outputs/rf3_ox2_shuffle_esm0/ox2_shuffle_esm0/seed-0_sample-1/ox2_shuffle_esm0_seed-0_sample-1_summary_confidences.json
wrote outputs/rf3_ox2_shuffle_esm0/ox2_shuffle_esm0/seed-0_sample-2/ox2_shuffle_esm0_seed-0_sample-2_confidences.json
wrote outputs/rf3_ox2_shuffle_esm0/ox2_shuffle_esm0/seed-0_sample-2/ox2_shuffle_esm0_seed-0_sample-2_model.cif
wrote outputs/rf3_ox2_shuffle_esm0/ox2_shuffle_esm0/seed-0_sample-2/ox2_shuffle_esm0_seed-0_sample-2_summary_confidences.json
wrote outputs/rf3_ox2_shuffle_esm0/ox2_shuffle_esm0/seed-0_sample-3/ox2_shuffle_esm0_seed-0_sample-3_confidences.json
wrote outputs/rf3_ox2_shuffle_esm0/ox2_shuffle_esm0/seed-0_sample-3/ox2_shuffle_esm0_seed-0_sample-3_model.cif
wrote outputs/rf3_ox2_shuffle_esm0/ox2_shuffle_esm0/seed-0_sample-3/ox2_shuffle_esm0_seed-0_sample-3_summary_confidences.json
wrote outputs/rf3_ox2_shuffle_esm0/ox2_shuffle_esm0/seed-0_sample-4/ox2_shuffle_esm0_seed-0_sample-4_confidences.json
wrote outputs/rf3_ox2_shuffle_esm0/ox2_shuffle_esm0/seed-0_sample-4/ox2_shuffle_esm0_seed-0_sample-4_model.cif
wrote outputs/rf3_ox2_shuffle_esm0/ox2_shuffle_esm0/seed-0_sample-4/ox2_shuffle_esm0_seed-0_sample-4_summary_confidences.json
interface confidence (best model: ox2_shuffle_esm0_model.cif):
  interface A-B: ipSAE 0.025, pDockQ2 0.048, pDockQ 0.158
Stopping app - local entrypoint completed.
✓ App completed. View run at 
https://modal.com/apps/mauriciocafiero/main/ap-TejAm0aNRoDdFNiPQxvqvZ
wrote /Users/cafierom/python_mac/peptidebuilder/runs/oxybenzone/folds/rf3/ox2_shuffle_esm0.pdb
--- rf3 oxybenzone/ox2_shuffle_esm0 exit 0, converted (13:56:59)
=== rf3 oxybenzone/ox2_shuffle (13:57:04)
✓ Initialized. View run at 
https://modal.com/apps/mauriciocafiero/main/ap-Fm1QFcNn1I8OnLWVV4XUgI
✓ Created objects.
├── 🔨 Created mount /Users/cafierom/python_mac/fold/src/fold/rf3_app.py
├── 🔨 Created mount PythonPackage:fold
└── 🔨 Created function predict.
submitting ox2_shuffle on A10G (use_msa=True) ...
weights already cached at /cache/rf3_foundry_01_24_latest_remapped.ckpt (3038876446 bytes)
fetching MSA for component 0 (31 aa)...
MSA job ZWI5zur3IlXpQi_NVDGkNCz5uMUdGnBG1E_nMw submitted, polling...
MSA written to /tmp/ox2_shuffle_chain0_msa.a3m (76 chars)
running: rf3 fold inputs=/tmp/ox2_shuffle_input.json out_dir=/outputs/ox2_shuffle ckpt_path=/cache/rf3_foundry_01_24_latest_remapped.ckpt

/usr/local/lib/python3.12/site-packages/torch/jit/_script.py:1488: DeprecationWarning: `torch.jit.script` is deprecated. Please switch to `torch.compile` or `torch.export`.
  warnings.warn(
Environment variable CCD_MIRROR_PATH not set. Will not be able to use function requiring this variable. To set it you may:
  (1) add the line 'export VAR_NAME=path/to/variable' to your .bashrc or .zshrc file
  (2) set it in your current shell with 'export VAR_NAME=path/to/variable'
  (3) write it to a .env file in the root of the atomworks.io repository
Environment variable PDB_MIRROR_PATH not set. Will not be able to use function requiring this variable. To set it you may:
  (1) add the line 'export VAR_NAME=path/to/variable' to your .bashrc or .zshrc file
  (2) set it in your current shell with 'export VAR_NAME=path/to/variable'
  (3) write it to a .env file in the root of the atomworks.io repository
12:57:20 DEBUG transforms: Debug mode is on
12:57:21 WARNING atomworks.constants: Environment variable LOCAL_MSA_DIRS not set. Will not be able to use function requiring this variable. To set it you may:
  (1) add the line 'export VAR_NAME=path/to/variable' to your .bashrc or .zshrc file
  (2) set it in your current shell with 'export VAR_NAME=path/to/variable'
  (3) write it to a .env file in the root of the atomworks.io repository
12:57:21 INFO rf3.inference_engines.rf3: [rank: 0] Loading checkpoint from /__modal/volumes/vo-oO6aFYAUDl1wEH5oWZO3VM/rf3_foundry_01_24_latest_remapped.ckpt...
12:57:25 WARNING atomworks.ml: Using element type for atom names of atomized tokens.
Using bfloat16 Automatic Mixed Precision (AMP)
You are using a CUDA device ('NVIDIA A10') that has Tensor Cores. To properly utilize them, you should set `torch.set_float32_matmul_precision('medium' | 'high')` which will trade-off precision for performance. For more details, read https://pytorch.org/docs/stable/generated/torch.set_float32_matmul_precision.html#torch.set_float32_matmul_precision
12:57:29 INFO rf3.inference_engines.rf3: [rank: 0] Outputs will be written to /__modal/volumes/vo-HGvJ0xSDZkfBZcPwB8c9Ga/ox2_shuffle.
12:57:31 WARNING atomworks.io.utils.ccd: The following CCD codes were not found in Biotite's built-in CCD: {np.str_('L:0')}
12:57:31 INFO rf3.inference_engines.rf3: [rank: 0] Found 1 structures to predict!
12:57:31 INFO rf3.inference_engines.rf3: [rank: 0] Predicting structure 1/1: ox2_shuffle
12:57:42 INFO rf3.inference_engines.rf3: [rank: 0] Outputs for ox2_shuffle written to /outputs/ox2_shuffle/ox2_shuffle!

wrote outputs/rf3_ox2_shuffle/ox2_shuffle/ox2_shuffle_confidences.json
wrote outputs/rf3_ox2_shuffle/ox2_shuffle/ox2_shuffle_model.cif
wrote outputs/rf3_ox2_shuffle/ox2_shuffle/ox2_shuffle_ranking_scores.csv
wrote outputs/rf3_ox2_shuffle/ox2_shuffle/ox2_shuffle_summary_confidences.json
wrote outputs/rf3_ox2_shuffle/ox2_shuffle/seed-0_sample-0/ox2_shuffle_seed-0_sample-0_confidences.json
wrote outputs/rf3_ox2_shuffle/ox2_shuffle/seed-0_sample-0/ox2_shuffle_seed-0_sample-0_model.cif
wrote outputs/rf3_ox2_shuffle/ox2_shuffle/seed-0_sample-0/ox2_shuffle_seed-0_sample-0_summary_confidences.json
wrote outputs/rf3_ox2_shuffle/ox2_shuffle/seed-0_sample-1/ox2_shuffle_seed-0_sample-1_confidences.json
wrote outputs/rf3_ox2_shuffle/ox2_shuffle/seed-0_sample-1/ox2_shuffle_seed-0_sample-1_model.cif
wrote outputs/rf3_ox2_shuffle/ox2_shuffle/seed-0_sample-1/ox2_shuffle_seed-0_sample-1_summary_confidences.json
wrote outputs/rf3_ox2_shuffle/ox2_shuffle/seed-0_sample-2/ox2_shuffle_seed-0_sample-2_confidences.json
wrote outputs/rf3_ox2_shuffle/ox2_shuffle/seed-0_sample-2/ox2_shuffle_seed-0_sample-2_model.cif
wrote outputs/rf3_ox2_shuffle/ox2_shuffle/seed-0_sample-2/ox2_shuffle_seed-0_sample-2_summary_confidences.json
wrote outputs/rf3_ox2_shuffle/ox2_shuffle/seed-0_sample-3/ox2_shuffle_seed-0_sample-3_confidences.json
wrote outputs/rf3_ox2_shuffle/ox2_shuffle/seed-0_sample-3/ox2_shuffle_seed-0_sample-3_model.cif
wrote outputs/rf3_ox2_shuffle/ox2_shuffle/seed-0_sample-3/ox2_shuffle_seed-0_sample-3_summary_confidences.json
wrote outputs/rf3_ox2_shuffle/ox2_shuffle/seed-0_sample-4/ox2_shuffle_seed-0_sample-4_confidences.json
wrote outputs/rf3_ox2_shuffle/ox2_shuffle/seed-0_sample-4/ox2_shuffle_seed-0_sample-4_model.cif
wrote outputs/rf3_ox2_shuffle/ox2_shuffle/seed-0_sample-4/ox2_shuffle_seed-0_sample-4_summary_confidences.json
interface confidence (best model: ox2_shuffle_model.cif):
  interface A-B: ipSAE 0.012, pDockQ2 0.035, pDockQ 0.197
Stopping app - local entrypoint completed.
✓ App completed. View run at 
https://modal.com/apps/mauriciocafiero/main/ap-Fm1QFcNn1I8OnLWVV4XUgI
wrote /Users/cafierom/python_mac/peptidebuilder/runs/oxybenzone/folds/rf3/ox2_shuffle.pdb
--- rf3 oxybenzone/ox2_shuffle exit 0, converted (13:57:48)
=== rf3 oxybenzone/ox3_orig_f8 (13:57:53)
✓ Initialized. View run at 
https://modal.com/apps/mauriciocafiero/main/ap-oRTvZfSZEbhw3ezZLD4LKl
✓ Created objects.
├── 🔨 Created mount /Users/cafierom/python_mac/fold/src/fold/rf3_app.py
├── 🔨 Created mount PythonPackage:fold
└── 🔨 Created function predict.
submitting ox3_orig_f8 on A10G (use_msa=True) ...
weights already cached at /cache/rf3_foundry_01_24_latest_remapped.ckpt (3038876446 bytes)
fetching MSA for component 0 (27 aa)...
MSA job FZhBTyGAg5V9-yi9K3whZE2vCB9uA_BuaDSVDw submitted, polling...
MSA written to /tmp/ox3_orig_f8_chain0_msa.a3m (68 chars)
running: rf3 fold inputs=/tmp/ox3_orig_f8_input.json out_dir=/outputs/ox3_orig_f8 ckpt_path=/cache/rf3_foundry_01_24_latest_remapped.ckpt

/usr/local/lib/python3.12/site-packages/torch/jit/_script.py:1488: DeprecationWarning: `torch.jit.script` is deprecated. Please switch to `torch.compile` or `torch.export`.
  warnings.warn(
Environment variable CCD_MIRROR_PATH not set. Will not be able to use function requiring this variable. To set it you may:
  (1) add the line 'export VAR_NAME=path/to/variable' to your .bashrc or .zshrc file
  (2) set it in your current shell with 'export VAR_NAME=path/to/variable'
  (3) write it to a .env file in the root of the atomworks.io repository
Environment variable PDB_MIRROR_PATH not set. Will not be able to use function requiring this variable. To set it you may:
  (1) add the line 'export VAR_NAME=path/to/variable' to your .bashrc or .zshrc file
  (2) set it in your current shell with 'export VAR_NAME=path/to/variable'
  (3) write it to a .env file in the root of the atomworks.io repository
12:58:08 DEBUG transforms: Debug mode is on
12:58:09 WARNING atomworks.constants: Environment variable LOCAL_MSA_DIRS not set. Will not be able to use function requiring this variable. To set it you may:
  (1) add the line 'export VAR_NAME=path/to/variable' to your .bashrc or .zshrc file
  (2) set it in your current shell with 'export VAR_NAME=path/to/variable'
  (3) write it to a .env file in the root of the atomworks.io repository
12:58:09 INFO rf3.inference_engines.rf3: [rank: 0] Loading checkpoint from /__modal/volumes/vo-oO6aFYAUDl1wEH5oWZO3VM/rf3_foundry_01_24_latest_remapped.ckpt...
12:58:12 WARNING atomworks.ml: Using element type for atom names of atomized tokens.
Using bfloat16 Automatic Mixed Precision (AMP)
You are using a CUDA device ('NVIDIA A10') that has Tensor Cores. To properly utilize them, you should set `torch.set_float32_matmul_precision('medium' | 'high')` which will trade-off precision for performance. For more details, read https://pytorch.org/docs/stable/generated/torch.set_float32_matmul_precision.html#torch.set_float32_matmul_precision
12:58:17 INFO rf3.inference_engines.rf3: [rank: 0] Outputs will be written to /__modal/volumes/vo-HGvJ0xSDZkfBZcPwB8c9Ga/ox3_orig_f8.
12:58:19 WARNING atomworks.io.utils.ccd: The following CCD codes were not found in Biotite's built-in CCD: {np.str_('L:0')}
12:58:20 INFO rf3.inference_engines.rf3: [rank: 0] Found 1 structures to predict!
12:58:20 INFO rf3.inference_engines.rf3: [rank: 0] Predicting structure 1/1: ox3_orig_f8
12:58:30 INFO rf3.inference_engines.rf3: [rank: 0] Outputs for ox3_orig_f8 written to /outputs/ox3_orig_f8/ox3_orig_f8!

wrote outputs/rf3_ox3_orig_f8/ox3_orig_f8/ox3_orig_f8_confidences.json
wrote outputs/rf3_ox3_orig_f8/ox3_orig_f8/ox3_orig_f8_model.cif
wrote outputs/rf3_ox3_orig_f8/ox3_orig_f8/ox3_orig_f8_ranking_scores.csv
wrote outputs/rf3_ox3_orig_f8/ox3_orig_f8/ox3_orig_f8_summary_confidences.json
wrote outputs/rf3_ox3_orig_f8/ox3_orig_f8/seed-0_sample-0/ox3_orig_f8_seed-0_sample-0_confidences.json
wrote outputs/rf3_ox3_orig_f8/ox3_orig_f8/seed-0_sample-0/ox3_orig_f8_seed-0_sample-0_model.cif
wrote outputs/rf3_ox3_orig_f8/ox3_orig_f8/seed-0_sample-0/ox3_orig_f8_seed-0_sample-0_summary_confidences.json
wrote outputs/rf3_ox3_orig_f8/ox3_orig_f8/seed-0_sample-1/ox3_orig_f8_seed-0_sample-1_confidences.json
wrote outputs/rf3_ox3_orig_f8/ox3_orig_f8/seed-0_sample-1/ox3_orig_f8_seed-0_sample-1_model.cif
wrote outputs/rf3_ox3_orig_f8/ox3_orig_f8/seed-0_sample-1/ox3_orig_f8_seed-0_sample-1_summary_confidences.json
wrote outputs/rf3_ox3_orig_f8/ox3_orig_f8/seed-0_sample-2/ox3_orig_f8_seed-0_sample-2_confidences.json
wrote outputs/rf3_ox3_orig_f8/ox3_orig_f8/seed-0_sample-2/ox3_orig_f8_seed-0_sample-2_model.cif
wrote outputs/rf3_ox3_orig_f8/ox3_orig_f8/seed-0_sample-2/ox3_orig_f8_seed-0_sample-2_summary_confidences.json
wrote outputs/rf3_ox3_orig_f8/ox3_orig_f8/seed-0_sample-3/ox3_orig_f8_seed-0_sample-3_confidences.json
wrote outputs/rf3_ox3_orig_f8/ox3_orig_f8/seed-0_sample-3/ox3_orig_f8_seed-0_sample-3_model.cif
wrote outputs/rf3_ox3_orig_f8/ox3_orig_f8/seed-0_sample-3/ox3_orig_f8_seed-0_sample-3_summary_confidences.json
wrote outputs/rf3_ox3_orig_f8/ox3_orig_f8/seed-0_sample-4/ox3_orig_f8_seed-0_sample-4_confidences.json
wrote outputs/rf3_ox3_orig_f8/ox3_orig_f8/seed-0_sample-4/ox3_orig_f8_seed-0_sample-4_model.cif
wrote outputs/rf3_ox3_orig_f8/ox3_orig_f8/seed-0_sample-4/ox3_orig_f8_seed-0_sample-4_summary_confidences.json
interface confidence (best model: ox3_orig_f8_model.cif):
  interface A-B: ipSAE 0.012, pDockQ2 0.031, pDockQ 0.143
Stopping app - local entrypoint completed.
✓ App completed. View run at 
https://modal.com/apps/mauriciocafiero/main/ap-oRTvZfSZEbhw3ezZLD4LKl
wrote /Users/cafierom/python_mac/peptidebuilder/runs/oxybenzone/folds/rf3/ox3_orig_f8.pdb
--- rf3 oxybenzone/ox3_orig_f8 exit 0, converted (13:58:34)
