=== rf3apo oxybenzone/bgox31_2 (17:42:41)
✓ Initialized. View run at 
https://modal.com/apps/mauriciocafiero/main/ap-NPWTlW2cBf1f3LfVRAAGUm
✓ Created objects.
├── 🔨 Created mount /Users/cafierom/python_mac/fold/src/fold/rf3_app.py
├── 🔨 Created mount PythonPackage:fold
└── 🔨 Created function predict.
submitting bgox31_2_apo on A10G (use_msa=True) ...
weights already cached at /cache/rf3_foundry_01_24_latest_remapped.ckpt (3038876446 bytes)
fetching MSA for component 0 (31 aa)...
MSA job hagJTr7cfhR8HNOxjzuN7f5IOFyVIonyPs8nSQ submitted, polling...
MSA written to /tmp/bgox31_2_apo_chain0_msa.a3m (76 chars)
running: rf3 fold inputs=/tmp/bgox31_2_apo_input.json out_dir=/outputs/bgox31_2_apo ckpt_path=/cache/rf3_foundry_01_24_latest_remapped.ckpt

/usr/local/lib/python3.12/site-packages/torch/jit/_script.py:1488: DeprecationWarning: `torch.jit.script` is deprecated. Please switch to `torch.compile` or `torch.export`.
  warnings.warn(
Environment variable CCD_MIRROR_PATH not set. Will not be able to use function requiring this variable. To set it you may:
  (1) add the line 'export VAR_NAME=path/to/variable' to your .bashrc or .zshrc file
  (2) set it in your current shell with 'export VAR_NAME=path/to/variable'
  (3) write it to a .env file in the root of the atomworks.io repository
Environment variable PDB_MIRROR_PATH not set. Will not be able to use function requiring this variable. To set it you may:
  (1) add the line 'export VAR_NAME=path/to/variable' to your .bashrc or .zshrc file
  (2) set it in your current shell with 'export VAR_NAME=path/to/variable'
  (3) write it to a .env file in the root of the atomworks.io repository
16:42:57 DEBUG transforms: Debug mode is on
16:42:57 WARNING atomworks.constants: Environment variable LOCAL_MSA_DIRS not set. Will not be able to use function requiring this variable. To set it you may:
  (1) add the line 'export VAR_NAME=path/to/variable' to your .bashrc or .zshrc file
  (2) set it in your current shell with 'export VAR_NAME=path/to/variable'
  (3) write it to a .env file in the root of the atomworks.io repository
16:42:57 INFO rf3.inference_engines.rf3: [rank: 0] Loading checkpoint from /__modal/volumes/vo-oO6aFYAUDl1wEH5oWZO3VM/rf3_foundry_01_24_latest_remapped.ckpt...
16:43:01 WARNING atomworks.ml: Using element type for atom names of atomized tokens.
Using bfloat16 Automatic Mixed Precision (AMP)
You are using a CUDA device ('NVIDIA A10') that has Tensor Cores. To properly utilize them, you should set `torch.set_float32_matmul_precision('medium' | 'high')` which will trade-off precision for performance. For more details, read https://pytorch.org/docs/stable/generated/torch.set_float32_matmul_precision.html#torch.set_float32_matmul_precision
16:43:05 INFO rf3.inference_engines.rf3: [rank: 0] Outputs will be written to /__modal/volumes/vo-HGvJ0xSDZkfBZcPwB8c9Ga/bgox31_2_apo.
16:43:07 INFO rf3.inference_engines.rf3: [rank: 0] Found 1 structures to predict!
16:43:07 INFO rf3.inference_engines.rf3: [rank: 0] Predicting structure 1/1: bgox31_2_apo
16:43:17 INFO rf3.inference_engines.rf3: [rank: 0] Outputs for bgox31_2_apo written to /outputs/bgox31_2_apo/bgox31_2_apo!

wrote outputs/rf3_bgox31_2_apo/bgox31_2_apo/bgox31_2_apo_confidences.json
wrote outputs/rf3_bgox31_2_apo/bgox31_2_apo/bgox31_2_apo_model.cif
wrote outputs/rf3_bgox31_2_apo/bgox31_2_apo/bgox31_2_apo_ranking_scores.csv
wrote outputs/rf3_bgox31_2_apo/bgox31_2_apo/bgox31_2_apo_summary_confidences.json
wrote outputs/rf3_bgox31_2_apo/bgox31_2_apo/seed-0_sample-0/bgox31_2_apo_seed-0_sample-0_confidences.json
wrote outputs/rf3_bgox31_2_apo/bgox31_2_apo/seed-0_sample-0/bgox31_2_apo_seed-0_sample-0_model.cif
wrote outputs/rf3_bgox31_2_apo/bgox31_2_apo/seed-0_sample-0/bgox31_2_apo_seed-0_sample-0_summary_confidences.json
wrote outputs/rf3_bgox31_2_apo/bgox31_2_apo/seed-0_sample-1/bgox31_2_apo_seed-0_sample-1_confidences.json
wrote outputs/rf3_bgox31_2_apo/bgox31_2_apo/seed-0_sample-1/bgox31_2_apo_seed-0_sample-1_model.cif
wrote outputs/rf3_bgox31_2_apo/bgox31_2_apo/seed-0_sample-1/bgox31_2_apo_seed-0_sample-1_summary_confidences.json
wrote outputs/rf3_bgox31_2_apo/bgox31_2_apo/seed-0_sample-2/bgox31_2_apo_seed-0_sample-2_confidences.json
wrote outputs/rf3_bgox31_2_apo/bgox31_2_apo/seed-0_sample-2/bgox31_2_apo_seed-0_sample-2_model.cif
wrote outputs/rf3_bgox31_2_apo/bgox31_2_apo/seed-0_sample-2/bgox31_2_apo_seed-0_sample-2_summary_confidences.json
wrote outputs/rf3_bgox31_2_apo/bgox31_2_apo/seed-0_sample-3/bgox31_2_apo_seed-0_sample-3_confidences.json
wrote outputs/rf3_bgox31_2_apo/bgox31_2_apo/seed-0_sample-3/bgox31_2_apo_seed-0_sample-3_model.cif
wrote outputs/rf3_bgox31_2_apo/bgox31_2_apo/seed-0_sample-3/bgox31_2_apo_seed-0_sample-3_summary_confidences.json
wrote outputs/rf3_bgox31_2_apo/bgox31_2_apo/seed-0_sample-4/bgox31_2_apo_seed-0_sample-4_confidences.json
wrote outputs/rf3_bgox31_2_apo/bgox31_2_apo/seed-0_sample-4/bgox31_2_apo_seed-0_sample-4_model.cif
wrote outputs/rf3_bgox31_2_apo/bgox31_2_apo/seed-0_sample-4/bgox31_2_apo_seed-0_sample-4_summary_confidences.json
interface scores unavailable (need at least two chains for interface scores)
Stopping app - local entrypoint completed.
✓ App completed. View run at 
https://modal.com/apps/mauriciocafiero/main/ap-NPWTlW2cBf1f3LfVRAAGUm
wrote /Users/cafierom/python_mac/peptidebuilder/runs/oxybenzone/folds/rf3apo/bgox31_2.pdb
--- rf3apo oxybenzone/bgox31_2 exit 0, converted (17:43:24)
=== rf3apo oxybenzone/bgox31_3 (17:43:29)
✓ Initialized. View run at 
https://modal.com/apps/mauriciocafiero/main/ap-JXFcQxkYiWFADcQvfOqelX
✓ Created objects.
├── 🔨 Created mount /Users/cafierom/python_mac/fold/src/fold/rf3_app.py
├── 🔨 Created mount PythonPackage:fold
└── 🔨 Created function predict.
submitting bgox31_3_apo on A10G (use_msa=True) ...
weights already cached at /cache/rf3_foundry_01_24_latest_remapped.ckpt (3038876446 bytes)
fetching MSA for component 0 (31 aa)...
MSA job E6zaHuK8bApBtkFApZ0vFY-bsNbQBnUKEaSGQQ submitted, polling...
MSA written to /tmp/bgox31_3_apo_chain0_msa.a3m (76 chars)
running: rf3 fold inputs=/tmp/bgox31_3_apo_input.json out_dir=/outputs/bgox31_3_apo ckpt_path=/cache/rf3_foundry_01_24_latest_remapped.ckpt

/usr/local/lib/python3.12/site-packages/torch/jit/_script.py:1488: DeprecationWarning: `torch.jit.script` is deprecated. Please switch to `torch.compile` or `torch.export`.
  warnings.warn(
Environment variable CCD_MIRROR_PATH not set. Will not be able to use function requiring this variable. To set it you may:
  (1) add the line 'export VAR_NAME=path/to/variable' to your .bashrc or .zshrc file
  (2) set it in your current shell with 'export VAR_NAME=path/to/variable'
  (3) write it to a .env file in the root of the atomworks.io repository
Environment variable PDB_MIRROR_PATH not set. Will not be able to use function requiring this variable. To set it you may:
  (1) add the line 'export VAR_NAME=path/to/variable' to your .bashrc or .zshrc file
  (2) set it in your current shell with 'export VAR_NAME=path/to/variable'
  (3) write it to a .env file in the root of the atomworks.io repository
16:43:51 DEBUG transforms: Debug mode is on
16:43:52 WARNING atomworks.constants: Environment variable LOCAL_MSA_DIRS not set. Will not be able to use function requiring this variable. To set it you may:
  (1) add the line 'export VAR_NAME=path/to/variable' to your .bashrc or .zshrc file
  (2) set it in your current shell with 'export VAR_NAME=path/to/variable'
  (3) write it to a .env file in the root of the atomworks.io repository
16:43:52 INFO rf3.inference_engines.rf3: [rank: 0] Loading checkpoint from /__modal/volumes/vo-oO6aFYAUDl1wEH5oWZO3VM/rf3_foundry_01_24_latest_remapped.ckpt...
16:43:58 WARNING atomworks.ml: Using element type for atom names of atomized tokens.
Using bfloat16 Automatic Mixed Precision (AMP)
You are using a CUDA device ('NVIDIA A10G') that has Tensor Cores. To properly utilize them, you should set `torch.set_float32_matmul_precision('medium' | 'high')` which will trade-off precision for performance. For more details, read https://pytorch.org/docs/stable/generated/torch.set_float32_matmul_precision.html#torch.set_float32_matmul_precision
16:44:05 INFO rf3.inference_engines.rf3: [rank: 0] Outputs will be written to /__modal/volumes/vo-HGvJ0xSDZkfBZcPwB8c9Ga/bgox31_3_apo.
16:44:09 INFO rf3.inference_engines.rf3: [rank: 0] Found 1 structures to predict!
16:44:09 INFO rf3.inference_engines.rf3: [rank: 0] Predicting structure 1/1: bgox31_3_apo
16:44:24 INFO rf3.inference_engines.rf3: [rank: 0] Outputs for bgox31_3_apo written to /outputs/bgox31_3_apo/bgox31_3_apo!

wrote outputs/rf3_bgox31_3_apo/bgox31_3_apo/bgox31_3_apo_confidences.json
wrote outputs/rf3_bgox31_3_apo/bgox31_3_apo/bgox31_3_apo_model.cif
wrote outputs/rf3_bgox31_3_apo/bgox31_3_apo/bgox31_3_apo_ranking_scores.csv
wrote outputs/rf3_bgox31_3_apo/bgox31_3_apo/bgox31_3_apo_summary_confidences.json
wrote outputs/rf3_bgox31_3_apo/bgox31_3_apo/seed-0_sample-0/bgox31_3_apo_seed-0_sample-0_confidences.json
wrote outputs/rf3_bgox31_3_apo/bgox31_3_apo/seed-0_sample-0/bgox31_3_apo_seed-0_sample-0_model.cif
wrote outputs/rf3_bgox31_3_apo/bgox31_3_apo/seed-0_sample-0/bgox31_3_apo_seed-0_sample-0_summary_confidences.json
wrote outputs/rf3_bgox31_3_apo/bgox31_3_apo/seed-0_sample-1/bgox31_3_apo_seed-0_sample-1_confidences.json
wrote outputs/rf3_bgox31_3_apo/bgox31_3_apo/seed-0_sample-1/bgox31_3_apo_seed-0_sample-1_model.cif
wrote outputs/rf3_bgox31_3_apo/bgox31_3_apo/seed-0_sample-1/bgox31_3_apo_seed-0_sample-1_summary_confidences.json
wrote outputs/rf3_bgox31_3_apo/bgox31_3_apo/seed-0_sample-2/bgox31_3_apo_seed-0_sample-2_confidences.json
wrote outputs/rf3_bgox31_3_apo/bgox31_3_apo/seed-0_sample-2/bgox31_3_apo_seed-0_sample-2_model.cif
wrote outputs/rf3_bgox31_3_apo/bgox31_3_apo/seed-0_sample-2/bgox31_3_apo_seed-0_sample-2_summary_confidences.json
wrote outputs/rf3_bgox31_3_apo/bgox31_3_apo/seed-0_sample-3/bgox31_3_apo_seed-0_sample-3_confidences.json
wrote outputs/rf3_bgox31_3_apo/bgox31_3_apo/seed-0_sample-3/bgox31_3_apo_seed-0_sample-3_model.cif
wrote outputs/rf3_bgox31_3_apo/bgox31_3_apo/seed-0_sample-3/bgox31_3_apo_seed-0_sample-3_summary_confidences.json
wrote outputs/rf3_bgox31_3_apo/bgox31_3_apo/seed-0_sample-4/bgox31_3_apo_seed-0_sample-4_confidences.json
wrote outputs/rf3_bgox31_3_apo/bgox31_3_apo/seed-0_sample-4/bgox31_3_apo_seed-0_sample-4_model.cif
wrote outputs/rf3_bgox31_3_apo/bgox31_3_apo/seed-0_sample-4/bgox31_3_apo_seed-0_sample-4_summary_confidences.json
interface scores unavailable (need at least two chains for interface scores)
Stopping app - local entrypoint completed.
✓ App completed. View run at 
https://modal.com/apps/mauriciocafiero/main/ap-JXFcQxkYiWFADcQvfOqelX
wrote /Users/cafierom/python_mac/peptidebuilder/runs/oxybenzone/folds/rf3apo/bgox31_3.pdb
--- rf3apo oxybenzone/bgox31_3 exit 0, converted (17:44:31)
=== rf3apo oxybenzone/bgox31_4 (17:44:36)
✓ Initialized. View run at 
https://modal.com/apps/mauriciocafiero/main/ap-t6TPx8PqW9lWVxaKoz5cMO
✓ Created objects.
├── 🔨 Created mount /Users/cafierom/python_mac/fold/src/fold/rf3_app.py
├── 🔨 Created mount PythonPackage:fold
└── 🔨 Created function predict.
submitting bgox31_4_apo on A10G (use_msa=True) ...
weights already cached at /cache/rf3_foundry_01_24_latest_remapped.ckpt (3038876446 bytes)
fetching MSA for component 0 (31 aa)...
MSA job MxPQ_7aCAJa-TIYIRAZZxGMTrgnpHiUlNa9Elw submitted, polling...
MSA written to /tmp/bgox31_4_apo_chain0_msa.a3m (76 chars)
running: rf3 fold inputs=/tmp/bgox31_4_apo_input.json out_dir=/outputs/bgox31_4_apo ckpt_path=/cache/rf3_foundry_01_24_latest_remapped.ckpt

/usr/local/lib/python3.12/site-packages/torch/jit/_script.py:1488: DeprecationWarning: `torch.jit.script` is deprecated. Please switch to `torch.compile` or `torch.export`.
  warnings.warn(
Environment variable CCD_MIRROR_PATH not set. Will not be able to use function requiring this variable. To set it you may:
  (1) add the line 'export VAR_NAME=path/to/variable' to your .bashrc or .zshrc file
  (2) set it in your current shell with 'export VAR_NAME=path/to/variable'
  (3) write it to a .env file in the root of the atomworks.io repository
Environment variable PDB_MIRROR_PATH not set. Will not be able to use function requiring this variable. To set it you may:
  (1) add the line 'export VAR_NAME=path/to/variable' to your .bashrc or .zshrc file
  (2) set it in your current shell with 'export VAR_NAME=path/to/variable'
  (3) write it to a .env file in the root of the atomworks.io repository
16:46:02 DEBUG transforms: Debug mode is on
16:46:03 WARNING atomworks.constants: Environment variable LOCAL_MSA_DIRS not set. Will not be able to use function requiring this variable. To set it you may:
  (1) add the line 'export VAR_NAME=path/to/variable' to your .bashrc or .zshrc file
  (2) set it in your current shell with 'export VAR_NAME=path/to/variable'
  (3) write it to a .env file in the root of the atomworks.io repository
16:46:03 INFO rf3.inference_engines.rf3: [rank: 0] Loading checkpoint from /__modal/volumes/vo-oO6aFYAUDl1wEH5oWZO3VM/rf3_foundry_01_24_latest_remapped.ckpt...
16:46:06 WARNING atomworks.ml: Using element type for atom names of atomized tokens.
Using bfloat16 Automatic Mixed Precision (AMP)
You are using a CUDA device ('NVIDIA A10') that has Tensor Cores. To properly utilize them, you should set `torch.set_float32_matmul_precision('medium' | 'high')` which will trade-off precision for performance. For more details, read https://pytorch.org/docs/stable/generated/torch.set_float32_matmul_precision.html#torch.set_float32_matmul_precision
16:46:11 INFO rf3.inference_engines.rf3: [rank: 0] Outputs will be written to /__modal/volumes/vo-HGvJ0xSDZkfBZcPwB8c9Ga/bgox31_4_apo.
16:46:13 INFO rf3.inference_engines.rf3: [rank: 0] Found 1 structures to predict!
16:46:14 INFO rf3.inference_engines.rf3: [rank: 0] Predicting structure 1/1: bgox31_4_apo
16:46:25 INFO rf3.inference_engines.rf3: [rank: 0] Outputs for bgox31_4_apo written to /outputs/bgox31_4_apo/bgox31_4_apo!

wrote outputs/rf3_bgox31_4_apo/bgox31_4_apo/bgox31_4_apo_confidences.json
wrote outputs/rf3_bgox31_4_apo/bgox31_4_apo/bgox31_4_apo_model.cif
wrote outputs/rf3_bgox31_4_apo/bgox31_4_apo/bgox31_4_apo_ranking_scores.csv
wrote outputs/rf3_bgox31_4_apo/bgox31_4_apo/bgox31_4_apo_summary_confidences.json
wrote outputs/rf3_bgox31_4_apo/bgox31_4_apo/seed-0_sample-0/bgox31_4_apo_seed-0_sample-0_confidences.json
wrote outputs/rf3_bgox31_4_apo/bgox31_4_apo/seed-0_sample-0/bgox31_4_apo_seed-0_sample-0_model.cif
wrote outputs/rf3_bgox31_4_apo/bgox31_4_apo/seed-0_sample-0/bgox31_4_apo_seed-0_sample-0_summary_confidences.json
wrote outputs/rf3_bgox31_4_apo/bgox31_4_apo/seed-0_sample-1/bgox31_4_apo_seed-0_sample-1_confidences.json
wrote outputs/rf3_bgox31_4_apo/bgox31_4_apo/seed-0_sample-1/bgox31_4_apo_seed-0_sample-1_model.cif
wrote outputs/rf3_bgox31_4_apo/bgox31_4_apo/seed-0_sample-1/bgox31_4_apo_seed-0_sample-1_summary_confidences.json
wrote outputs/rf3_bgox31_4_apo/bgox31_4_apo/seed-0_sample-2/bgox31_4_apo_seed-0_sample-2_confidences.json
wrote outputs/rf3_bgox31_4_apo/bgox31_4_apo/seed-0_sample-2/bgox31_4_apo_seed-0_sample-2_model.cif
wrote outputs/rf3_bgox31_4_apo/bgox31_4_apo/seed-0_sample-2/bgox31_4_apo_seed-0_sample-2_summary_confidences.json
wrote outputs/rf3_bgox31_4_apo/bgox31_4_apo/seed-0_sample-3/bgox31_4_apo_seed-0_sample-3_confidences.json
wrote outputs/rf3_bgox31_4_apo/bgox31_4_apo/seed-0_sample-3/bgox31_4_apo_seed-0_sample-3_model.cif
wrote outputs/rf3_bgox31_4_apo/bgox31_4_apo/seed-0_sample-3/bgox31_4_apo_seed-0_sample-3_summary_confidences.json
wrote outputs/rf3_bgox31_4_apo/bgox31_4_apo/seed-0_sample-4/bgox31_4_apo_seed-0_sample-4_confidences.json
wrote outputs/rf3_bgox31_4_apo/bgox31_4_apo/seed-0_sample-4/bgox31_4_apo_seed-0_sample-4_model.cif
wrote outputs/rf3_bgox31_4_apo/bgox31_4_apo/seed-0_sample-4/bgox31_4_apo_seed-0_sample-4_summary_confidences.json
interface scores unavailable (need at least two chains for interface scores)
Stopping app - local entrypoint completed.
✓ App completed. View run at 
https://modal.com/apps/mauriciocafiero/main/ap-t6TPx8PqW9lWVxaKoz5cMO
wrote /Users/cafierom/python_mac/peptidebuilder/runs/oxybenzone/folds/rf3apo/bgox31_4.pdb
--- rf3apo oxybenzone/bgox31_4 exit 0, converted (17:46:31)
=== rf3apo oxybenzone/bgox31_5 (17:46:36)
✓ Initialized. View run at 
https://modal.com/apps/mauriciocafiero/main/ap-8lUniqjqZOv08Zb3peAkMn
✓ Created objects.
├── 🔨 Created mount /Users/cafierom/python_mac/fold/src/fold/rf3_app.py
├── 🔨 Created mount PythonPackage:fold
└── 🔨 Created function predict.
submitting bgox31_5_apo on A10G (use_msa=True) ...
weights already cached at /cache/rf3_foundry_01_24_latest_remapped.ckpt (3038876446 bytes)
fetching MSA for component 0 (31 aa)...
MSA job PBZm2v98y681DqFEhm1xc_DINE8XbccJOuQehQ submitted, polling...
MSA written to /tmp/bgox31_5_apo_chain0_msa.a3m (76 chars)
running: rf3 fold inputs=/tmp/bgox31_5_apo_input.json out_dir=/outputs/bgox31_5_apo ckpt_path=/cache/rf3_foundry_01_24_latest_remapped.ckpt

/usr/local/lib/python3.12/site-packages/torch/jit/_script.py:1488: DeprecationWarning: `torch.jit.script` is deprecated. Please switch to `torch.compile` or `torch.export`.
  warnings.warn(
Environment variable CCD_MIRROR_PATH not set. Will not be able to use function requiring this variable. To set it you may:
  (1) add the line 'export VAR_NAME=path/to/variable' to your .bashrc or .zshrc file
  (2) set it in your current shell with 'export VAR_NAME=path/to/variable'
  (3) write it to a .env file in the root of the atomworks.io repository
Environment variable PDB_MIRROR_PATH not set. Will not be able to use function requiring this variable. To set it you may:
  (1) add the line 'export VAR_NAME=path/to/variable' to your .bashrc or .zshrc file
  (2) set it in your current shell with 'export VAR_NAME=path/to/variable'
  (3) write it to a .env file in the root of the atomworks.io repository
16:46:52 DEBUG transforms: Debug mode is on
16:46:53 WARNING atomworks.constants: Environment variable LOCAL_MSA_DIRS not set. Will not be able to use function requiring this variable. To set it you may:
  (1) add the line 'export VAR_NAME=path/to/variable' to your .bashrc or .zshrc file
  (2) set it in your current shell with 'export VAR_NAME=path/to/variable'
  (3) write it to a .env file in the root of the atomworks.io repository
16:46:53 INFO rf3.inference_engines.rf3: [rank: 0] Loading checkpoint from /__modal/volumes/vo-oO6aFYAUDl1wEH5oWZO3VM/rf3_foundry_01_24_latest_remapped.ckpt...
16:46:56 WARNING atomworks.ml: Using element type for atom names of atomized tokens.
Using bfloat16 Automatic Mixed Precision (AMP)
You are using a CUDA device ('NVIDIA A10') that has Tensor Cores. To properly utilize them, you should set `torch.set_float32_matmul_precision('medium' | 'high')` which will trade-off precision for performance. For more details, read https://pytorch.org/docs/stable/generated/torch.set_float32_matmul_precision.html#torch.set_float32_matmul_precision
16:47:01 INFO rf3.inference_engines.rf3: [rank: 0] Outputs will be written to /__modal/volumes/vo-HGvJ0xSDZkfBZcPwB8c9Ga/bgox31_5_apo.
16:47:03 INFO rf3.inference_engines.rf3: [rank: 0] Found 1 structures to predict!
16:47:03 INFO rf3.inference_engines.rf3: [rank: 0] Predicting structure 1/1: bgox31_5_apo
16:47:14 INFO rf3.inference_engines.rf3: [rank: 0] Outputs for bgox31_5_apo written to /outputs/bgox31_5_apo/bgox31_5_apo!

wrote outputs/rf3_bgox31_5_apo/bgox31_5_apo/bgox31_5_apo_confidences.json
wrote outputs/rf3_bgox31_5_apo/bgox31_5_apo/bgox31_5_apo_model.cif
wrote outputs/rf3_bgox31_5_apo/bgox31_5_apo/bgox31_5_apo_ranking_scores.csv
wrote outputs/rf3_bgox31_5_apo/bgox31_5_apo/bgox31_5_apo_summary_confidences.json
wrote outputs/rf3_bgox31_5_apo/bgox31_5_apo/seed-0_sample-0/bgox31_5_apo_seed-0_sample-0_confidences.json
wrote outputs/rf3_bgox31_5_apo/bgox31_5_apo/seed-0_sample-0/bgox31_5_apo_seed-0_sample-0_model.cif
wrote outputs/rf3_bgox31_5_apo/bgox31_5_apo/seed-0_sample-0/bgox31_5_apo_seed-0_sample-0_summary_confidences.json
wrote outputs/rf3_bgox31_5_apo/bgox31_5_apo/seed-0_sample-1/bgox31_5_apo_seed-0_sample-1_confidences.json
wrote outputs/rf3_bgox31_5_apo/bgox31_5_apo/seed-0_sample-1/bgox31_5_apo_seed-0_sample-1_model.cif
wrote outputs/rf3_bgox31_5_apo/bgox31_5_apo/seed-0_sample-1/bgox31_5_apo_seed-0_sample-1_summary_confidences.json
wrote outputs/rf3_bgox31_5_apo/bgox31_5_apo/seed-0_sample-2/bgox31_5_apo_seed-0_sample-2_confidences.json
wrote outputs/rf3_bgox31_5_apo/bgox31_5_apo/seed-0_sample-2/bgox31_5_apo_seed-0_sample-2_model.cif
wrote outputs/rf3_bgox31_5_apo/bgox31_5_apo/seed-0_sample-2/bgox31_5_apo_seed-0_sample-2_summary_confidences.json
wrote outputs/rf3_bgox31_5_apo/bgox31_5_apo/seed-0_sample-3/bgox31_5_apo_seed-0_sample-3_confidences.json
wrote outputs/rf3_bgox31_5_apo/bgox31_5_apo/seed-0_sample-3/bgox31_5_apo_seed-0_sample-3_model.cif
wrote outputs/rf3_bgox31_5_apo/bgox31_5_apo/seed-0_sample-3/bgox31_5_apo_seed-0_sample-3_summary_confidences.json
wrote outputs/rf3_bgox31_5_apo/bgox31_5_apo/seed-0_sample-4/bgox31_5_apo_seed-0_sample-4_confidences.json
wrote outputs/rf3_bgox31_5_apo/bgox31_5_apo/seed-0_sample-4/bgox31_5_apo_seed-0_sample-4_model.cif
wrote outputs/rf3_bgox31_5_apo/bgox31_5_apo/seed-0_sample-4/bgox31_5_apo_seed-0_sample-4_summary_confidences.json
interface scores unavailable (need at least two chains for interface scores)
Stopping app - local entrypoint completed.
✓ App completed. View run at 
https://modal.com/apps/mauriciocafiero/main/ap-8lUniqjqZOv08Zb3peAkMn
wrote /Users/cafierom/python_mac/peptidebuilder/runs/oxybenzone/folds/rf3apo/bgox31_5.pdb
--- rf3apo oxybenzone/bgox31_5 exit 0, converted (17:47:20)
=== rf3apo oxybenzone/ox1_esm1_f8 (17:47:25)
✓ Initialized. View run at 
https://modal.com/apps/mauriciocafiero/main/ap-YjYkscWSfY1Ht5uc3NCCWO
✓ Created objects.
├── 🔨 Created mount /Users/cafierom/python_mac/fold/src/fold/rf3_app.py
├── 🔨 Created mount PythonPackage:fold
└── 🔨 Created function predict.
submitting ox1_esm1_f8_apo on A10G (use_msa=True) ...
weights already cached at /cache/rf3_foundry_01_24_latest_remapped.ckpt (3038876446 bytes)
fetching MSA for component 0 (25 aa)...
MSA job 6AblNO3Lhe8o9wou-_9JvhvJR6KY72aBN46SFQ submitted, polling...
MSA written to /tmp/ox1_esm1_f8_apo_chain0_msa.a3m (64 chars)
running: rf3 fold inputs=/tmp/ox1_esm1_f8_apo_input.json out_dir=/outputs/ox1_esm1_f8_apo ckpt_path=/cache/rf3_foundry_01_24_latest_remapped.ckpt

/usr/local/lib/python3.12/site-packages/torch/jit/_script.py:1488: DeprecationWarning: `torch.jit.script` is deprecated. Please switch to `torch.compile` or `torch.export`.
  warnings.warn(
Environment variable CCD_MIRROR_PATH not set. Will not be able to use function requiring this variable. To set it you may:
  (1) add the line 'export VAR_NAME=path/to/variable' to your .bashrc or .zshrc file
  (2) set it in your current shell with 'export VAR_NAME=path/to/variable'
  (3) write it to a .env file in the root of the atomworks.io repository
Environment variable PDB_MIRROR_PATH not set. Will not be able to use function requiring this variable. To set it you may:
  (1) add the line 'export VAR_NAME=path/to/variable' to your .bashrc or .zshrc file
  (2) set it in your current shell with 'export VAR_NAME=path/to/variable'
  (3) write it to a .env file in the root of the atomworks.io repository
16:47:52 DEBUG transforms: Debug mode is on
16:47:53 WARNING atomworks.constants: Environment variable LOCAL_MSA_DIRS not set. Will not be able to use function requiring this variable. To set it you may:
  (1) add the line 'export VAR_NAME=path/to/variable' to your .bashrc or .zshrc file
  (2) set it in your current shell with 'export VAR_NAME=path/to/variable'
  (3) write it to a .env file in the root of the atomworks.io repository
16:47:53 INFO rf3.inference_engines.rf3: [rank: 0] Loading checkpoint from /__modal/volumes/vo-oO6aFYAUDl1wEH5oWZO3VM/rf3_foundry_01_24_latest_remapped.ckpt...
16:47:59 WARNING atomworks.ml: Using element type for atom names of atomized tokens.
Using bfloat16 Automatic Mixed Precision (AMP)
You are using a CUDA device ('NVIDIA A10G') that has Tensor Cores. To properly utilize them, you should set `torch.set_float32_matmul_precision('medium' | 'high')` which will trade-off precision for performance. For more details, read https://pytorch.org/docs/stable/generated/torch.set_float32_matmul_precision.html#torch.set_float32_matmul_precision
16:48:05 INFO rf3.inference_engines.rf3: [rank: 0] Outputs will be written to /__modal/volumes/vo-HGvJ0xSDZkfBZcPwB8c9Ga/ox1_esm1_f8_apo.
16:48:09 INFO rf3.inference_engines.rf3: [rank: 0] Found 1 structures to predict!
16:48:09 INFO rf3.inference_engines.rf3: [rank: 0] Predicting structure 1/1: ox1_esm1_f8_apo
16:48:27 INFO rf3.inference_engines.rf3: [rank: 0] Outputs for ox1_esm1_f8_apo written to /outputs/ox1_esm1_f8_apo/ox1_esm1_f8_apo!

wrote outputs/rf3_ox1_esm1_f8_apo/ox1_esm1_f8_apo/ox1_esm1_f8_apo_confidences.json
wrote outputs/rf3_ox1_esm1_f8_apo/ox1_esm1_f8_apo/ox1_esm1_f8_apo_model.cif
wrote outputs/rf3_ox1_esm1_f8_apo/ox1_esm1_f8_apo/ox1_esm1_f8_apo_ranking_scores.csv
wrote outputs/rf3_ox1_esm1_f8_apo/ox1_esm1_f8_apo/ox1_esm1_f8_apo_summary_confidences.json
wrote outputs/rf3_ox1_esm1_f8_apo/ox1_esm1_f8_apo/seed-0_sample-0/ox1_esm1_f8_apo_seed-0_sample-0_confidences.json
wrote outputs/rf3_ox1_esm1_f8_apo/ox1_esm1_f8_apo/seed-0_sample-0/ox1_esm1_f8_apo_seed-0_sample-0_model.cif
wrote outputs/rf3_ox1_esm1_f8_apo/ox1_esm1_f8_apo/seed-0_sample-0/ox1_esm1_f8_apo_seed-0_sample-0_summary_confidences.json
wrote outputs/rf3_ox1_esm1_f8_apo/ox1_esm1_f8_apo/seed-0_sample-1/ox1_esm1_f8_apo_seed-0_sample-1_confidences.json
wrote outputs/rf3_ox1_esm1_f8_apo/ox1_esm1_f8_apo/seed-0_sample-1/ox1_esm1_f8_apo_seed-0_sample-1_model.cif
wrote outputs/rf3_ox1_esm1_f8_apo/ox1_esm1_f8_apo/seed-0_sample-1/ox1_esm1_f8_apo_seed-0_sample-1_summary_confidences.json
wrote outputs/rf3_ox1_esm1_f8_apo/ox1_esm1_f8_apo/seed-0_sample-2/ox1_esm1_f8_apo_seed-0_sample-2_confidences.json
wrote outputs/rf3_ox1_esm1_f8_apo/ox1_esm1_f8_apo/seed-0_sample-2/ox1_esm1_f8_apo_seed-0_sample-2_model.cif
wrote outputs/rf3_ox1_esm1_f8_apo/ox1_esm1_f8_apo/seed-0_sample-2/ox1_esm1_f8_apo_seed-0_sample-2_summary_confidences.json
wrote outputs/rf3_ox1_esm1_f8_apo/ox1_esm1_f8_apo/seed-0_sample-3/ox1_esm1_f8_apo_seed-0_sample-3_confidences.json
wrote outputs/rf3_ox1_esm1_f8_apo/ox1_esm1_f8_apo/seed-0_sample-3/ox1_esm1_f8_apo_seed-0_sample-3_model.cif
wrote outputs/rf3_ox1_esm1_f8_apo/ox1_esm1_f8_apo/seed-0_sample-3/ox1_esm1_f8_apo_seed-0_sample-3_summary_confidences.json
wrote outputs/rf3_ox1_esm1_f8_apo/ox1_esm1_f8_apo/seed-0_sample-4/ox1_esm1_f8_apo_seed-0_sample-4_confidences.json
wrote outputs/rf3_ox1_esm1_f8_apo/ox1_esm1_f8_apo/seed-0_sample-4/ox1_esm1_f8_apo_seed-0_sample-4_model.cif
wrote outputs/rf3_ox1_esm1_f8_apo/ox1_esm1_f8_apo/seed-0_sample-4/ox1_esm1_f8_apo_seed-0_sample-4_summary_confidences.json
interface scores unavailable (need at least two chains for interface scores)
Stopping app - local entrypoint completed.
✓ App completed. View run at 
https://modal.com/apps/mauriciocafiero/main/ap-YjYkscWSfY1Ht5uc3NCCWO
wrote /Users/cafierom/python_mac/peptidebuilder/runs/oxybenzone/folds/rf3apo/ox1_esm1_f8.pdb
--- rf3apo oxybenzone/ox1_esm1_f8 exit 0, converted (17:48:37)
=== rf3apo oxybenzone/ox1_orig_f12 (17:48:42)
✓ Initialized. View run at 
https://modal.com/apps/mauriciocafiero/main/ap-ehoEuBaTCKSQtV4X5TAXlx
✓ Created objects.
├── 🔨 Created mount /Users/cafierom/python_mac/fold/src/fold/rf3_app.py
├── 🔨 Created mount PythonPackage:fold
└── 🔨 Created function predict.
submitting ox1_orig_f12_apo on A10G (use_msa=True) ...
weights already cached at /cache/rf3_foundry_01_24_latest_remapped.ckpt (3038876446 bytes)
fetching MSA for component 0 (25 aa)...
MSA job 7kRNejMrnvdQ9LIe4D7k4232Mkt9J1pgL1YDww submitted, polling...
MSA written to /tmp/ox1_orig_f12_apo_chain0_msa.a3m (64 chars)
running: rf3 fold inputs=/tmp/ox1_orig_f12_apo_input.json out_dir=/outputs/ox1_orig_f12_apo ckpt_path=/cache/rf3_foundry_01_24_latest_remapped.ckpt

/usr/local/lib/python3.12/site-packages/torch/jit/_script.py:1488: DeprecationWarning: `torch.jit.script` is deprecated. Please switch to `torch.compile` or `torch.export`.
  warnings.warn(
Environment variable CCD_MIRROR_PATH not set. Will not be able to use function requiring this variable. To set it you may:
  (1) add the line 'export VAR_NAME=path/to/variable' to your .bashrc or .zshrc file
  (2) set it in your current shell with 'export VAR_NAME=path/to/variable'
  (3) write it to a .env file in the root of the atomworks.io repository
Environment variable PDB_MIRROR_PATH not set. Will not be able to use function requiring this variable. To set it you may:
  (1) add the line 'export VAR_NAME=path/to/variable' to your .bashrc or .zshrc file
  (2) set it in your current shell with 'export VAR_NAME=path/to/variable'
  (3) write it to a .env file in the root of the atomworks.io repository
16:48:58 DEBUG transforms: Debug mode is on
16:48:59 WARNING atomworks.constants: Environment variable LOCAL_MSA_DIRS not set. Will not be able to use function requiring this variable. To set it you may:
  (1) add the line 'export VAR_NAME=path/to/variable' to your .bashrc or .zshrc file
  (2) set it in your current shell with 'export VAR_NAME=path/to/variable'
  (3) write it to a .env file in the root of the atomworks.io repository
16:48:59 INFO rf3.inference_engines.rf3: [rank: 0] Loading checkpoint from /__modal/volumes/vo-oO6aFYAUDl1wEH5oWZO3VM/rf3_foundry_01_24_latest_remapped.ckpt...
16:49:04 WARNING atomworks.ml: Using element type for atom names of atomized tokens.
Using bfloat16 Automatic Mixed Precision (AMP)
You are using a CUDA device ('NVIDIA A10') that has Tensor Cores. To properly utilize them, you should set `torch.set_float32_matmul_precision('medium' | 'high')` which will trade-off precision for performance. For more details, read https://pytorch.org/docs/stable/generated/torch.set_float32_matmul_precision.html#torch.set_float32_matmul_precision
16:49:09 INFO rf3.inference_engines.rf3: [rank: 0] Outputs will be written to /__modal/volumes/vo-HGvJ0xSDZkfBZcPwB8c9Ga/ox1_orig_f12_apo.
16:49:12 INFO rf3.inference_engines.rf3: [rank: 0] Found 1 structures to predict!
16:49:12 INFO rf3.inference_engines.rf3: [rank: 0] Predicting structure 1/1: ox1_orig_f12_apo
16:49:22 INFO rf3.inference_engines.rf3: [rank: 0] Outputs for ox1_orig_f12_apo written to /outputs/ox1_orig_f12_apo/ox1_orig_f12_apo!

wrote outputs/rf3_ox1_orig_f12_apo/ox1_orig_f12_apo/ox1_orig_f12_apo_confidences.json
wrote outputs/rf3_ox1_orig_f12_apo/ox1_orig_f12_apo/ox1_orig_f12_apo_model.cif
wrote outputs/rf3_ox1_orig_f12_apo/ox1_orig_f12_apo/ox1_orig_f12_apo_ranking_scores.csv
wrote outputs/rf3_ox1_orig_f12_apo/ox1_orig_f12_apo/ox1_orig_f12_apo_summary_confidences.json
wrote outputs/rf3_ox1_orig_f12_apo/ox1_orig_f12_apo/seed-0_sample-0/ox1_orig_f12_apo_seed-0_sample-0_confidences.json
wrote outputs/rf3_ox1_orig_f12_apo/ox1_orig_f12_apo/seed-0_sample-0/ox1_orig_f12_apo_seed-0_sample-0_model.cif
wrote outputs/rf3_ox1_orig_f12_apo/ox1_orig_f12_apo/seed-0_sample-0/ox1_orig_f12_apo_seed-0_sample-0_summary_confidences.json
wrote outputs/rf3_ox1_orig_f12_apo/ox1_orig_f12_apo/seed-0_sample-1/ox1_orig_f12_apo_seed-0_sample-1_confidences.json
wrote outputs/rf3_ox1_orig_f12_apo/ox1_orig_f12_apo/seed-0_sample-1/ox1_orig_f12_apo_seed-0_sample-1_model.cif
wrote outputs/rf3_ox1_orig_f12_apo/ox1_orig_f12_apo/seed-0_sample-1/ox1_orig_f12_apo_seed-0_sample-1_summary_confidences.json
wrote outputs/rf3_ox1_orig_f12_apo/ox1_orig_f12_apo/seed-0_sample-2/ox1_orig_f12_apo_seed-0_sample-2_confidences.json
wrote outputs/rf3_ox1_orig_f12_apo/ox1_orig_f12_apo/seed-0_sample-2/ox1_orig_f12_apo_seed-0_sample-2_model.cif
wrote outputs/rf3_ox1_orig_f12_apo/ox1_orig_f12_apo/seed-0_sample-2/ox1_orig_f12_apo_seed-0_sample-2_summary_confidences.json
wrote outputs/rf3_ox1_orig_f12_apo/ox1_orig_f12_apo/seed-0_sample-3/ox1_orig_f12_apo_seed-0_sample-3_confidences.json
wrote outputs/rf3_ox1_orig_f12_apo/ox1_orig_f12_apo/seed-0_sample-3/ox1_orig_f12_apo_seed-0_sample-3_model.cif
wrote outputs/rf3_ox1_orig_f12_apo/ox1_orig_f12_apo/seed-0_sample-3/ox1_orig_f12_apo_seed-0_sample-3_summary_confidences.json
wrote outputs/rf3_ox1_orig_f12_apo/ox1_orig_f12_apo/seed-0_sample-4/ox1_orig_f12_apo_seed-0_sample-4_confidences.json
wrote outputs/rf3_ox1_orig_f12_apo/ox1_orig_f12_apo/seed-0_sample-4/ox1_orig_f12_apo_seed-0_sample-4_model.cif
wrote outputs/rf3_ox1_orig_f12_apo/ox1_orig_f12_apo/seed-0_sample-4/ox1_orig_f12_apo_seed-0_sample-4_summary_confidences.json
interface scores unavailable (need at least two chains for interface scores)
Stopping app - local entrypoint completed.
✓ App completed. View run at 
https://modal.com/apps/mauriciocafiero/main/ap-ehoEuBaTCKSQtV4X5TAXlx
wrote /Users/cafierom/python_mac/peptidebuilder/runs/oxybenzone/folds/rf3apo/ox1_orig_f12.pdb
--- rf3apo oxybenzone/ox1_orig_f12 exit 0, converted (17:49:28)
=== rf3apo oxybenzone/ox2_esm1_f8 (17:49:33)
✓ Initialized. View run at 
https://modal.com/apps/mauriciocafiero/main/ap-TQGkIUk1urCltrXQICjyBX
✓ Created objects.
├── 🔨 Created mount /Users/cafierom/python_mac/fold/src/fold/rf3_app.py
├── 🔨 Created mount PythonPackage:fold
└── 🔨 Created function predict.
submitting ox2_esm1_f8_apo on A10G (use_msa=True) ...
weights already cached at /cache/rf3_foundry_01_24_latest_remapped.ckpt (3038876446 bytes)
fetching MSA for component 0 (31 aa)...
MSA job j2mYpTDG-_TucvhtxVhYS2DhL-AyN8YYg2iX1g submitted, polling...
MSA written to /tmp/ox2_esm1_f8_apo_chain0_msa.a3m (76 chars)
running: rf3 fold inputs=/tmp/ox2_esm1_f8_apo_input.json out_dir=/outputs/ox2_esm1_f8_apo ckpt_path=/cache/rf3_foundry_01_24_latest_remapped.ckpt

/usr/local/lib/python3.12/site-packages/torch/jit/_script.py:1488: DeprecationWarning: `torch.jit.script` is deprecated. Please switch to `torch.compile` or `torch.export`.
  warnings.warn(
Environment variable CCD_MIRROR_PATH not set. Will not be able to use function requiring this variable. To set it you may:
  (1) add the line 'export VAR_NAME=path/to/variable' to your .bashrc or .zshrc file
  (2) set it in your current shell with 'export VAR_NAME=path/to/variable'
  (3) write it to a .env file in the root of the atomworks.io repository
Environment variable PDB_MIRROR_PATH not set. Will not be able to use function requiring this variable. To set it you may:
  (1) add the line 'export VAR_NAME=path/to/variable' to your .bashrc or .zshrc file
  (2) set it in your current shell with 'export VAR_NAME=path/to/variable'
  (3) write it to a .env file in the root of the atomworks.io repository
16:49:49 DEBUG transforms: Debug mode is on
16:49:50 WARNING atomworks.constants: Environment variable LOCAL_MSA_DIRS not set. Will not be able to use function requiring this variable. To set it you may:
  (1) add the line 'export VAR_NAME=path/to/variable' to your .bashrc or .zshrc file
  (2) set it in your current shell with 'export VAR_NAME=path/to/variable'
  (3) write it to a .env file in the root of the atomworks.io repository
16:49:50 INFO rf3.inference_engines.rf3: [rank: 0] Loading checkpoint from /__modal/volumes/vo-oO6aFYAUDl1wEH5oWZO3VM/rf3_foundry_01_24_latest_remapped.ckpt...
16:49:54 WARNING atomworks.ml: Using element type for atom names of atomized tokens.
Using bfloat16 Automatic Mixed Precision (AMP)
You are using a CUDA device ('NVIDIA A10') that has Tensor Cores. To properly utilize them, you should set `torch.set_float32_matmul_precision('medium' | 'high')` which will trade-off precision for performance. For more details, read https://pytorch.org/docs/stable/generated/torch.set_float32_matmul_precision.html#torch.set_float32_matmul_precision
16:49:58 INFO rf3.inference_engines.rf3: [rank: 0] Outputs will be written to /__modal/volumes/vo-HGvJ0xSDZkfBZcPwB8c9Ga/ox2_esm1_f8_apo.
16:50:01 INFO rf3.inference_engines.rf3: [rank: 0] Found 1 structures to predict!
16:50:01 INFO rf3.inference_engines.rf3: [rank: 0] Predicting structure 1/1: ox2_esm1_f8_apo
16:50:13 INFO rf3.inference_engines.rf3: [rank: 0] Outputs for ox2_esm1_f8_apo written to /outputs/ox2_esm1_f8_apo/ox2_esm1_f8_apo!

wrote outputs/rf3_ox2_esm1_f8_apo/ox2_esm1_f8_apo/ox2_esm1_f8_apo_confidences.json
wrote outputs/rf3_ox2_esm1_f8_apo/ox2_esm1_f8_apo/ox2_esm1_f8_apo_model.cif
wrote outputs/rf3_ox2_esm1_f8_apo/ox2_esm1_f8_apo/ox2_esm1_f8_apo_ranking_scores.csv
wrote outputs/rf3_ox2_esm1_f8_apo/ox2_esm1_f8_apo/ox2_esm1_f8_apo_summary_confidences.json
wrote outputs/rf3_ox2_esm1_f8_apo/ox2_esm1_f8_apo/seed-0_sample-0/ox2_esm1_f8_apo_seed-0_sample-0_confidences.json
wrote outputs/rf3_ox2_esm1_f8_apo/ox2_esm1_f8_apo/seed-0_sample-0/ox2_esm1_f8_apo_seed-0_sample-0_model.cif
wrote outputs/rf3_ox2_esm1_f8_apo/ox2_esm1_f8_apo/seed-0_sample-0/ox2_esm1_f8_apo_seed-0_sample-0_summary_confidences.json
wrote outputs/rf3_ox2_esm1_f8_apo/ox2_esm1_f8_apo/seed-0_sample-1/ox2_esm1_f8_apo_seed-0_sample-1_confidences.json
wrote outputs/rf3_ox2_esm1_f8_apo/ox2_esm1_f8_apo/seed-0_sample-1/ox2_esm1_f8_apo_seed-0_sample-1_model.cif
wrote outputs/rf3_ox2_esm1_f8_apo/ox2_esm1_f8_apo/seed-0_sample-1/ox2_esm1_f8_apo_seed-0_sample-1_summary_confidences.json
wrote outputs/rf3_ox2_esm1_f8_apo/ox2_esm1_f8_apo/seed-0_sample-2/ox2_esm1_f8_apo_seed-0_sample-2_confidences.json
wrote outputs/rf3_ox2_esm1_f8_apo/ox2_esm1_f8_apo/seed-0_sample-2/ox2_esm1_f8_apo_seed-0_sample-2_model.cif
wrote outputs/rf3_ox2_esm1_f8_apo/ox2_esm1_f8_apo/seed-0_sample-2/ox2_esm1_f8_apo_seed-0_sample-2_summary_confidences.json
wrote outputs/rf3_ox2_esm1_f8_apo/ox2_esm1_f8_apo/seed-0_sample-3/ox2_esm1_f8_apo_seed-0_sample-3_confidences.json
wrote outputs/rf3_ox2_esm1_f8_apo/ox2_esm1_f8_apo/seed-0_sample-3/ox2_esm1_f8_apo_seed-0_sample-3_model.cif
wrote outputs/rf3_ox2_esm1_f8_apo/ox2_esm1_f8_apo/seed-0_sample-3/ox2_esm1_f8_apo_seed-0_sample-3_summary_confidences.json
wrote outputs/rf3_ox2_esm1_f8_apo/ox2_esm1_f8_apo/seed-0_sample-4/ox2_esm1_f8_apo_seed-0_sample-4_confidences.json
wrote outputs/rf3_ox2_esm1_f8_apo/ox2_esm1_f8_apo/seed-0_sample-4/ox2_esm1_f8_apo_seed-0_sample-4_model.cif
wrote outputs/rf3_ox2_esm1_f8_apo/ox2_esm1_f8_apo/seed-0_sample-4/ox2_esm1_f8_apo_seed-0_sample-4_summary_confidences.json
interface scores unavailable (need at least two chains for interface scores)
Stopping app - local entrypoint completed.
✓ App completed. View run at 
https://modal.com/apps/mauriciocafiero/main/ap-TQGkIUk1urCltrXQICjyBX
wrote /Users/cafierom/python_mac/peptidebuilder/runs/oxybenzone/folds/rf3apo/ox2_esm1_f8.pdb
--- rf3apo oxybenzone/ox2_esm1_f8 exit 0, converted (17:50:18)
=== rf3apo oxybenzone/ox2_orig_f8 (17:50:23)
✓ Initialized. View run at 
https://modal.com/apps/mauriciocafiero/main/ap-ywHv691ZNSizLwYbDhcC08
✓ Created objects.
├── 🔨 Created mount /Users/cafierom/python_mac/fold/src/fold/rf3_app.py
├── 🔨 Created mount PythonPackage:fold
└── 🔨 Created function predict.
submitting ox2_orig_f8_apo on A10G (use_msa=True) ...
weights already cached at /cache/rf3_foundry_01_24_latest_remapped.ckpt (3038876446 bytes)
fetching MSA for component 0 (31 aa)...
MSA job IsWBbouEpfsoHSSdZKpM4zftR4ErcGUdNjoSVQ submitted, polling...
MSA written to /tmp/ox2_orig_f8_apo_chain0_msa.a3m (76 chars)
running: rf3 fold inputs=/tmp/ox2_orig_f8_apo_input.json out_dir=/outputs/ox2_orig_f8_apo ckpt_path=/cache/rf3_foundry_01_24_latest_remapped.ckpt

/usr/local/lib/python3.12/site-packages/torch/jit/_script.py:1488: DeprecationWarning: `torch.jit.script` is deprecated. Please switch to `torch.compile` or `torch.export`.
  warnings.warn(
Environment variable CCD_MIRROR_PATH not set. Will not be able to use function requiring this variable. To set it you may:
  (1) add the line 'export VAR_NAME=path/to/variable' to your .bashrc or .zshrc file
  (2) set it in your current shell with 'export VAR_NAME=path/to/variable'
  (3) write it to a .env file in the root of the atomworks.io repository
Environment variable PDB_MIRROR_PATH not set. Will not be able to use function requiring this variable. To set it you may:
  (1) add the line 'export VAR_NAME=path/to/variable' to your .bashrc or .zshrc file
  (2) set it in your current shell with 'export VAR_NAME=path/to/variable'
  (3) write it to a .env file in the root of the atomworks.io repository
16:50:45 DEBUG transforms: Debug mode is on
16:50:46 WARNING atomworks.constants: Environment variable LOCAL_MSA_DIRS not set. Will not be able to use function requiring this variable. To set it you may:
  (1) add the line 'export VAR_NAME=path/to/variable' to your .bashrc or .zshrc file
  (2) set it in your current shell with 'export VAR_NAME=path/to/variable'
  (3) write it to a .env file in the root of the atomworks.io repository
16:50:46 INFO rf3.inference_engines.rf3: [rank: 0] Loading checkpoint from /__modal/volumes/vo-oO6aFYAUDl1wEH5oWZO3VM/rf3_foundry_01_24_latest_remapped.ckpt...
16:50:52 WARNING atomworks.ml: Using element type for atom names of atomized tokens.
Using bfloat16 Automatic Mixed Precision (AMP)
You are using a CUDA device ('NVIDIA A10G') that has Tensor Cores. To properly utilize them, you should set `torch.set_float32_matmul_precision('medium' | 'high')` which will trade-off precision for performance. For more details, read https://pytorch.org/docs/stable/generated/torch.set_float32_matmul_precision.html#torch.set_float32_matmul_precision
16:50:58 INFO rf3.inference_engines.rf3: [rank: 0] Outputs will be written to /__modal/volumes/vo-HGvJ0xSDZkfBZcPwB8c9Ga/ox2_orig_f8_apo.
16:51:01 INFO rf3.inference_engines.rf3: [rank: 0] Found 1 structures to predict!
16:51:01 INFO rf3.inference_engines.rf3: [rank: 0] Predicting structure 1/1: ox2_orig_f8_apo
16:51:16 INFO rf3.inference_engines.rf3: [rank: 0] Outputs for ox2_orig_f8_apo written to /outputs/ox2_orig_f8_apo/ox2_orig_f8_apo!

wrote outputs/rf3_ox2_orig_f8_apo/ox2_orig_f8_apo/ox2_orig_f8_apo_confidences.json
wrote outputs/rf3_ox2_orig_f8_apo/ox2_orig_f8_apo/ox2_orig_f8_apo_model.cif
wrote outputs/rf3_ox2_orig_f8_apo/ox2_orig_f8_apo/ox2_orig_f8_apo_ranking_scores.csv
wrote outputs/rf3_ox2_orig_f8_apo/ox2_orig_f8_apo/ox2_orig_f8_apo_summary_confidences.json
wrote outputs/rf3_ox2_orig_f8_apo/ox2_orig_f8_apo/seed-0_sample-0/ox2_orig_f8_apo_seed-0_sample-0_confidences.json
wrote outputs/rf3_ox2_orig_f8_apo/ox2_orig_f8_apo/seed-0_sample-0/ox2_orig_f8_apo_seed-0_sample-0_model.cif
wrote outputs/rf3_ox2_orig_f8_apo/ox2_orig_f8_apo/seed-0_sample-0/ox2_orig_f8_apo_seed-0_sample-0_summary_confidences.json
wrote outputs/rf3_ox2_orig_f8_apo/ox2_orig_f8_apo/seed-0_sample-1/ox2_orig_f8_apo_seed-0_sample-1_confidences.json
wrote outputs/rf3_ox2_orig_f8_apo/ox2_orig_f8_apo/seed-0_sample-1/ox2_orig_f8_apo_seed-0_sample-1_model.cif
wrote outputs/rf3_ox2_orig_f8_apo/ox2_orig_f8_apo/seed-0_sample-1/ox2_orig_f8_apo_seed-0_sample-1_summary_confidences.json
wrote outputs/rf3_ox2_orig_f8_apo/ox2_orig_f8_apo/seed-0_sample-2/ox2_orig_f8_apo_seed-0_sample-2_confidences.json
wrote outputs/rf3_ox2_orig_f8_apo/ox2_orig_f8_apo/seed-0_sample-2/ox2_orig_f8_apo_seed-0_sample-2_model.cif
wrote outputs/rf3_ox2_orig_f8_apo/ox2_orig_f8_apo/seed-0_sample-2/ox2_orig_f8_apo_seed-0_sample-2_summary_confidences.json
wrote outputs/rf3_ox2_orig_f8_apo/ox2_orig_f8_apo/seed-0_sample-3/ox2_orig_f8_apo_seed-0_sample-3_confidences.json
wrote outputs/rf3_ox2_orig_f8_apo/ox2_orig_f8_apo/seed-0_sample-3/ox2_orig_f8_apo_seed-0_sample-3_model.cif
wrote outputs/rf3_ox2_orig_f8_apo/ox2_orig_f8_apo/seed-0_sample-3/ox2_orig_f8_apo_seed-0_sample-3_summary_confidences.json
wrote outputs/rf3_ox2_orig_f8_apo/ox2_orig_f8_apo/seed-0_sample-4/ox2_orig_f8_apo_seed-0_sample-4_confidences.json
wrote outputs/rf3_ox2_orig_f8_apo/ox2_orig_f8_apo/seed-0_sample-4/ox2_orig_f8_apo_seed-0_sample-4_model.cif
wrote outputs/rf3_ox2_orig_f8_apo/ox2_orig_f8_apo/seed-0_sample-4/ox2_orig_f8_apo_seed-0_sample-4_summary_confidences.json
interface scores unavailable (need at least two chains for interface scores)
Stopping app - local entrypoint completed.
✓ App completed. View run at 
https://modal.com/apps/mauriciocafiero/main/ap-ywHv691ZNSizLwYbDhcC08
wrote /Users/cafierom/python_mac/peptidebuilder/runs/oxybenzone/folds/rf3apo/ox2_orig_f8.pdb
--- rf3apo oxybenzone/ox2_orig_f8 exit 0, converted (17:51:25)
=== rf3apo oxybenzone/ox2_shuffle_esm0 (17:51:30)
✓ Initialized. View run at 
https://modal.com/apps/mauriciocafiero/main/ap-Xzcn59TLdWcxEZppi7KJ9m
✓ Created objects.
├── 🔨 Created mount /Users/cafierom/python_mac/fold/src/fold/rf3_app.py
├── 🔨 Created mount PythonPackage:fold
└── 🔨 Created function predict.
submitting ox2_shuffle_esm0_apo on A10G (use_msa=True) ...
weights already cached at /cache/rf3_foundry_01_24_latest_remapped.ckpt (3038876446 bytes)
fetching MSA for component 0 (31 aa)...
MSA job MNIabNt6TxEtOZT3qrSD_5n0kDUOtjtGbjpzXQ submitted, polling...
MSA written to /tmp/ox2_shuffle_esm0_apo_chain0_msa.a3m (76 chars)
running: rf3 fold inputs=/tmp/ox2_shuffle_esm0_apo_input.json out_dir=/outputs/ox2_shuffle_esm0_apo ckpt_path=/cache/rf3_foundry_01_24_latest_remapped.ckpt

/usr/local/lib/python3.12/site-packages/torch/jit/_script.py:1488: DeprecationWarning: `torch.jit.script` is deprecated. Please switch to `torch.compile` or `torch.export`.
  warnings.warn(
Environment variable CCD_MIRROR_PATH not set. Will not be able to use function requiring this variable. To set it you may:
  (1) add the line 'export VAR_NAME=path/to/variable' to your .bashrc or .zshrc file
  (2) set it in your current shell with 'export VAR_NAME=path/to/variable'
  (3) write it to a .env file in the root of the atomworks.io repository
Environment variable PDB_MIRROR_PATH not set. Will not be able to use function requiring this variable. To set it you may:
  (1) add the line 'export VAR_NAME=path/to/variable' to your .bashrc or .zshrc file
  (2) set it in your current shell with 'export VAR_NAME=path/to/variable'
  (3) write it to a .env file in the root of the atomworks.io repository
16:51:46 DEBUG transforms: Debug mode is on
16:51:46 WARNING atomworks.constants: Environment variable LOCAL_MSA_DIRS not set. Will not be able to use function requiring this variable. To set it you may:
  (1) add the line 'export VAR_NAME=path/to/variable' to your .bashrc or .zshrc file
  (2) set it in your current shell with 'export VAR_NAME=path/to/variable'
  (3) write it to a .env file in the root of the atomworks.io repository
16:51:46 INFO rf3.inference_engines.rf3: [rank: 0] Loading checkpoint from /__modal/volumes/vo-oO6aFYAUDl1wEH5oWZO3VM/rf3_foundry_01_24_latest_remapped.ckpt...
16:51:50 WARNING atomworks.ml: Using element type for atom names of atomized tokens.
Using bfloat16 Automatic Mixed Precision (AMP)
You are using a CUDA device ('NVIDIA A10') that has Tensor Cores. To properly utilize them, you should set `torch.set_float32_matmul_precision('medium' | 'high')` which will trade-off precision for performance. For more details, read https://pytorch.org/docs/stable/generated/torch.set_float32_matmul_precision.html#torch.set_float32_matmul_precision
16:51:54 INFO rf3.inference_engines.rf3: [rank: 0] Outputs will be written to /__modal/volumes/vo-HGvJ0xSDZkfBZcPwB8c9Ga/ox2_shuffle_esm0_apo.
16:51:57 INFO rf3.inference_engines.rf3: [rank: 0] Found 1 structures to predict!
16:51:57 INFO rf3.inference_engines.rf3: [rank: 0] Predicting structure 1/1: ox2_shuffle_esm0_apo
16:52:08 INFO rf3.inference_engines.rf3: [rank: 0] Outputs for ox2_shuffle_esm0_apo written to /outputs/ox2_shuffle_esm0_apo/ox2_shuffle_esm0_apo!

wrote outputs/rf3_ox2_shuffle_esm0_apo/ox2_shuffle_esm0_apo/ox2_shuffle_esm0_apo_confidences.json
wrote outputs/rf3_ox2_shuffle_esm0_apo/ox2_shuffle_esm0_apo/ox2_shuffle_esm0_apo_model.cif
wrote outputs/rf3_ox2_shuffle_esm0_apo/ox2_shuffle_esm0_apo/ox2_shuffle_esm0_apo_ranking_scores.csv
wrote outputs/rf3_ox2_shuffle_esm0_apo/ox2_shuffle_esm0_apo/ox2_shuffle_esm0_apo_summary_confidences.json
wrote outputs/rf3_ox2_shuffle_esm0_apo/ox2_shuffle_esm0_apo/seed-0_sample-0/ox2_shuffle_esm0_apo_seed-0_sample-0_confidences.json
wrote outputs/rf3_ox2_shuffle_esm0_apo/ox2_shuffle_esm0_apo/seed-0_sample-0/ox2_shuffle_esm0_apo_seed-0_sample-0_model.cif
wrote outputs/rf3_ox2_shuffle_esm0_apo/ox2_shuffle_esm0_apo/seed-0_sample-0/ox2_shuffle_esm0_apo_seed-0_sample-0_summary_confidences.json
wrote outputs/rf3_ox2_shuffle_esm0_apo/ox2_shuffle_esm0_apo/seed-0_sample-1/ox2_shuffle_esm0_apo_seed-0_sample-1_confidences.json
wrote outputs/rf3_ox2_shuffle_esm0_apo/ox2_shuffle_esm0_apo/seed-0_sample-1/ox2_shuffle_esm0_apo_seed-0_sample-1_model.cif
wrote outputs/rf3_ox2_shuffle_esm0_apo/ox2_shuffle_esm0_apo/seed-0_sample-1/ox2_shuffle_esm0_apo_seed-0_sample-1_summary_confidences.json
wrote outputs/rf3_ox2_shuffle_esm0_apo/ox2_shuffle_esm0_apo/seed-0_sample-2/ox2_shuffle_esm0_apo_seed-0_sample-2_confidences.json
wrote outputs/rf3_ox2_shuffle_esm0_apo/ox2_shuffle_esm0_apo/seed-0_sample-2/ox2_shuffle_esm0_apo_seed-0_sample-2_model.cif
wrote outputs/rf3_ox2_shuffle_esm0_apo/ox2_shuffle_esm0_apo/seed-0_sample-2/ox2_shuffle_esm0_apo_seed-0_sample-2_summary_confidences.json
wrote outputs/rf3_ox2_shuffle_esm0_apo/ox2_shuffle_esm0_apo/seed-0_sample-3/ox2_shuffle_esm0_apo_seed-0_sample-3_confidences.json
wrote outputs/rf3_ox2_shuffle_esm0_apo/ox2_shuffle_esm0_apo/seed-0_sample-3/ox2_shuffle_esm0_apo_seed-0_sample-3_model.cif
wrote outputs/rf3_ox2_shuffle_esm0_apo/ox2_shuffle_esm0_apo/seed-0_sample-3/ox2_shuffle_esm0_apo_seed-0_sample-3_summary_confidences.json
wrote outputs/rf3_ox2_shuffle_esm0_apo/ox2_shuffle_esm0_apo/seed-0_sample-4/ox2_shuffle_esm0_apo_seed-0_sample-4_confidences.json
wrote outputs/rf3_ox2_shuffle_esm0_apo/ox2_shuffle_esm0_apo/seed-0_sample-4/ox2_shuffle_esm0_apo_seed-0_sample-4_model.cif
wrote outputs/rf3_ox2_shuffle_esm0_apo/ox2_shuffle_esm0_apo/seed-0_sample-4/ox2_shuffle_esm0_apo_seed-0_sample-4_summary_confidences.json
interface scores unavailable (need at least two chains for interface scores)
Stopping app - local entrypoint completed.
✓ App completed. View run at 
https://modal.com/apps/mauriciocafiero/main/ap-Xzcn59TLdWcxEZppi7KJ9m
wrote /Users/cafierom/python_mac/peptidebuilder/runs/oxybenzone/folds/rf3apo/ox2_shuffle_esm0.pdb
--- rf3apo oxybenzone/ox2_shuffle_esm0 exit 0, converted (17:52:14)
=== rf3apo oxybenzone/ox2_shuffle (17:52:19)
✓ Initialized. View run at 
https://modal.com/apps/mauriciocafiero/main/ap-CvnP2USoQ6gXfnjaUa3YNE
✓ Created objects.
├── 🔨 Created mount /Users/cafierom/python_mac/fold/src/fold/rf3_app.py
├── 🔨 Created mount PythonPackage:fold
└── 🔨 Created function predict.
submitting ox2_shuffle_apo on A10G (use_msa=True) ...
weights already cached at /cache/rf3_foundry_01_24_latest_remapped.ckpt (3038876446 bytes)
fetching MSA for component 0 (31 aa)...
MSA job ZWI5zur3IlXpQi_NVDGkNCz5uMUdGnBG1E_nMw submitted, polling...
MSA written to /tmp/ox2_shuffle_apo_chain0_msa.a3m (76 chars)
running: rf3 fold inputs=/tmp/ox2_shuffle_apo_input.json out_dir=/outputs/ox2_shuffle_apo ckpt_path=/cache/rf3_foundry_01_24_latest_remapped.ckpt

/usr/local/lib/python3.12/site-packages/torch/jit/_script.py:1488: DeprecationWarning: `torch.jit.script` is deprecated. Please switch to `torch.compile` or `torch.export`.
  warnings.warn(
Environment variable CCD_MIRROR_PATH not set. Will not be able to use function requiring this variable. To set it you may:
  (1) add the line 'export VAR_NAME=path/to/variable' to your .bashrc or .zshrc file
  (2) set it in your current shell with 'export VAR_NAME=path/to/variable'
  (3) write it to a .env file in the root of the atomworks.io repository
Environment variable PDB_MIRROR_PATH not set. Will not be able to use function requiring this variable. To set it you may:
  (1) add the line 'export VAR_NAME=path/to/variable' to your .bashrc or .zshrc file
  (2) set it in your current shell with 'export VAR_NAME=path/to/variable'
  (3) write it to a .env file in the root of the atomworks.io repository
16:52:35 DEBUG transforms: Debug mode is on
16:52:35 WARNING atomworks.constants: Environment variable LOCAL_MSA_DIRS not set. Will not be able to use function requiring this variable. To set it you may:
  (1) add the line 'export VAR_NAME=path/to/variable' to your .bashrc or .zshrc file
  (2) set it in your current shell with 'export VAR_NAME=path/to/variable'
  (3) write it to a .env file in the root of the atomworks.io repository
16:52:35 INFO rf3.inference_engines.rf3: [rank: 0] Loading checkpoint from /__modal/volumes/vo-oO6aFYAUDl1wEH5oWZO3VM/rf3_foundry_01_24_latest_remapped.ckpt...
16:52:40 WARNING atomworks.ml: Using element type for atom names of atomized tokens.
Using bfloat16 Automatic Mixed Precision (AMP)
You are using a CUDA device ('NVIDIA A10') that has Tensor Cores. To properly utilize them, you should set `torch.set_float32_matmul_precision('medium' | 'high')` which will trade-off precision for performance. For more details, read https://pytorch.org/docs/stable/generated/torch.set_float32_matmul_precision.html#torch.set_float32_matmul_precision
16:52:44 INFO rf3.inference_engines.rf3: [rank: 0] Outputs will be written to /__modal/volumes/vo-HGvJ0xSDZkfBZcPwB8c9Ga/ox2_shuffle_apo.
16:52:47 INFO rf3.inference_engines.rf3: [rank: 0] Found 1 structures to predict!
16:52:47 INFO rf3.inference_engines.rf3: [rank: 0] Predicting structure 1/1: ox2_shuffle_apo
16:52:58 INFO rf3.inference_engines.rf3: [rank: 0] Outputs for ox2_shuffle_apo written to /outputs/ox2_shuffle_apo/ox2_shuffle_apo!

wrote outputs/rf3_ox2_shuffle_apo/ox2_shuffle_apo/ox2_shuffle_apo_confidences.json
wrote outputs/rf3_ox2_shuffle_apo/ox2_shuffle_apo/ox2_shuffle_apo_model.cif
wrote outputs/rf3_ox2_shuffle_apo/ox2_shuffle_apo/ox2_shuffle_apo_ranking_scores.csv
wrote outputs/rf3_ox2_shuffle_apo/ox2_shuffle_apo/ox2_shuffle_apo_summary_confidences.json
wrote outputs/rf3_ox2_shuffle_apo/ox2_shuffle_apo/seed-0_sample-0/ox2_shuffle_apo_seed-0_sample-0_confidences.json
wrote outputs/rf3_ox2_shuffle_apo/ox2_shuffle_apo/seed-0_sample-0/ox2_shuffle_apo_seed-0_sample-0_model.cif
wrote outputs/rf3_ox2_shuffle_apo/ox2_shuffle_apo/seed-0_sample-0/ox2_shuffle_apo_seed-0_sample-0_summary_confidences.json
wrote outputs/rf3_ox2_shuffle_apo/ox2_shuffle_apo/seed-0_sample-1/ox2_shuffle_apo_seed-0_sample-1_confidences.json
wrote outputs/rf3_ox2_shuffle_apo/ox2_shuffle_apo/seed-0_sample-1/ox2_shuffle_apo_seed-0_sample-1_model.cif
wrote outputs/rf3_ox2_shuffle_apo/ox2_shuffle_apo/seed-0_sample-1/ox2_shuffle_apo_seed-0_sample-1_summary_confidences.json
wrote outputs/rf3_ox2_shuffle_apo/ox2_shuffle_apo/seed-0_sample-2/ox2_shuffle_apo_seed-0_sample-2_confidences.json
wrote outputs/rf3_ox2_shuffle_apo/ox2_shuffle_apo/seed-0_sample-2/ox2_shuffle_apo_seed-0_sample-2_model.cif
wrote outputs/rf3_ox2_shuffle_apo/ox2_shuffle_apo/seed-0_sample-2/ox2_shuffle_apo_seed-0_sample-2_summary_confidences.json
wrote outputs/rf3_ox2_shuffle_apo/ox2_shuffle_apo/seed-0_sample-3/ox2_shuffle_apo_seed-0_sample-3_confidences.json
wrote outputs/rf3_ox2_shuffle_apo/ox2_shuffle_apo/seed-0_sample-3/ox2_shuffle_apo_seed-0_sample-3_model.cif
wrote outputs/rf3_ox2_shuffle_apo/ox2_shuffle_apo/seed-0_sample-3/ox2_shuffle_apo_seed-0_sample-3_summary_confidences.json
wrote outputs/rf3_ox2_shuffle_apo/ox2_shuffle_apo/seed-0_sample-4/ox2_shuffle_apo_seed-0_sample-4_confidences.json
wrote outputs/rf3_ox2_shuffle_apo/ox2_shuffle_apo/seed-0_sample-4/ox2_shuffle_apo_seed-0_sample-4_model.cif
wrote outputs/rf3_ox2_shuffle_apo/ox2_shuffle_apo/seed-0_sample-4/ox2_shuffle_apo_seed-0_sample-4_summary_confidences.json
interface scores unavailable (need at least two chains for interface scores)
Stopping app - local entrypoint completed.
✓ App completed. View run at 
https://modal.com/apps/mauriciocafiero/main/ap-CvnP2USoQ6gXfnjaUa3YNE
wrote /Users/cafierom/python_mac/peptidebuilder/runs/oxybenzone/folds/rf3apo/ox2_shuffle.pdb
--- rf3apo oxybenzone/ox2_shuffle exit 0, converted (17:53:02)
=== rf3apo oxybenzone/ox3_orig_f8 (17:53:07)
✓ Initialized. View run at 
https://modal.com/apps/mauriciocafiero/main/ap-npcFOdPwgCg4wjCWZ9I175
✓ Created objects.
├── 🔨 Created mount /Users/cafierom/python_mac/fold/src/fold/rf3_app.py
├── 🔨 Created mount PythonPackage:fold
└── 🔨 Created function predict.
submitting ox3_orig_f8_apo on A10G (use_msa=True) ...
weights already cached at /cache/rf3_foundry_01_24_latest_remapped.ckpt (3038876446 bytes)
fetching MSA for component 0 (27 aa)...
MSA job FZhBTyGAg5V9-yi9K3whZE2vCB9uA_BuaDSVDw submitted, polling...
MSA written to /tmp/ox3_orig_f8_apo_chain0_msa.a3m (68 chars)
running: rf3 fold inputs=/tmp/ox3_orig_f8_apo_input.json out_dir=/outputs/ox3_orig_f8_apo ckpt_path=/cache/rf3_foundry_01_24_latest_remapped.ckpt

/usr/local/lib/python3.12/site-packages/torch/jit/_script.py:1488: DeprecationWarning: `torch.jit.script` is deprecated. Please switch to `torch.compile` or `torch.export`.
  warnings.warn(
Environment variable CCD_MIRROR_PATH not set. Will not be able to use function requiring this variable. To set it you may:
  (1) add the line 'export VAR_NAME=path/to/variable' to your .bashrc or .zshrc file
  (2) set it in your current shell with 'export VAR_NAME=path/to/variable'
  (3) write it to a .env file in the root of the atomworks.io repository
Environment variable PDB_MIRROR_PATH not set. Will not be able to use function requiring this variable. To set it you may:
  (1) add the line 'export VAR_NAME=path/to/variable' to your .bashrc or .zshrc file
  (2) set it in your current shell with 'export VAR_NAME=path/to/variable'
  (3) write it to a .env file in the root of the atomworks.io repository
16:53:23 DEBUG transforms: Debug mode is on
16:53:23 WARNING atomworks.constants: Environment variable LOCAL_MSA_DIRS not set. Will not be able to use function requiring this variable. To set it you may:
  (1) add the line 'export VAR_NAME=path/to/variable' to your .bashrc or .zshrc file
  (2) set it in your current shell with 'export VAR_NAME=path/to/variable'
  (3) write it to a .env file in the root of the atomworks.io repository
16:53:23 INFO rf3.inference_engines.rf3: [rank: 0] Loading checkpoint from /__modal/volumes/vo-oO6aFYAUDl1wEH5oWZO3VM/rf3_foundry_01_24_latest_remapped.ckpt...
16:53:27 WARNING atomworks.ml: Using element type for atom names of atomized tokens.
Using bfloat16 Automatic Mixed Precision (AMP)
You are using a CUDA device ('NVIDIA A10') that has Tensor Cores. To properly utilize them, you should set `torch.set_float32_matmul_precision('medium' | 'high')` which will trade-off precision for performance. For more details, read https://pytorch.org/docs/stable/generated/torch.set_float32_matmul_precision.html#torch.set_float32_matmul_precision
16:53:32 INFO rf3.inference_engines.rf3: [rank: 0] Outputs will be written to /__modal/volumes/vo-HGvJ0xSDZkfBZcPwB8c9Ga/ox3_orig_f8_apo.
16:53:34 INFO rf3.inference_engines.rf3: [rank: 0] Found 1 structures to predict!
16:53:34 INFO rf3.inference_engines.rf3: [rank: 0] Predicting structure 1/1: ox3_orig_f8_apo
16:53:45 INFO rf3.inference_engines.rf3: [rank: 0] Outputs for ox3_orig_f8_apo written to /outputs/ox3_orig_f8_apo/ox3_orig_f8_apo!

wrote outputs/rf3_ox3_orig_f8_apo/ox3_orig_f8_apo/ox3_orig_f8_apo_confidences.json
wrote outputs/rf3_ox3_orig_f8_apo/ox3_orig_f8_apo/ox3_orig_f8_apo_model.cif
wrote outputs/rf3_ox3_orig_f8_apo/ox3_orig_f8_apo/ox3_orig_f8_apo_ranking_scores.csv
wrote outputs/rf3_ox3_orig_f8_apo/ox3_orig_f8_apo/ox3_orig_f8_apo_summary_confidences.json
wrote outputs/rf3_ox3_orig_f8_apo/ox3_orig_f8_apo/seed-0_sample-0/ox3_orig_f8_apo_seed-0_sample-0_confidences.json
wrote outputs/rf3_ox3_orig_f8_apo/ox3_orig_f8_apo/seed-0_sample-0/ox3_orig_f8_apo_seed-0_sample-0_model.cif
wrote outputs/rf3_ox3_orig_f8_apo/ox3_orig_f8_apo/seed-0_sample-0/ox3_orig_f8_apo_seed-0_sample-0_summary_confidences.json
wrote outputs/rf3_ox3_orig_f8_apo/ox3_orig_f8_apo/seed-0_sample-1/ox3_orig_f8_apo_seed-0_sample-1_confidences.json
wrote outputs/rf3_ox3_orig_f8_apo/ox3_orig_f8_apo/seed-0_sample-1/ox3_orig_f8_apo_seed-0_sample-1_model.cif
wrote outputs/rf3_ox3_orig_f8_apo/ox3_orig_f8_apo/seed-0_sample-1/ox3_orig_f8_apo_seed-0_sample-1_summary_confidences.json
wrote outputs/rf3_ox3_orig_f8_apo/ox3_orig_f8_apo/seed-0_sample-2/ox3_orig_f8_apo_seed-0_sample-2_confidences.json
wrote outputs/rf3_ox3_orig_f8_apo/ox3_orig_f8_apo/seed-0_sample-2/ox3_orig_f8_apo_seed-0_sample-2_model.cif
wrote outputs/rf3_ox3_orig_f8_apo/ox3_orig_f8_apo/seed-0_sample-2/ox3_orig_f8_apo_seed-0_sample-2_summary_confidences.json
wrote outputs/rf3_ox3_orig_f8_apo/ox3_orig_f8_apo/seed-0_sample-3/ox3_orig_f8_apo_seed-0_sample-3_confidences.json
wrote outputs/rf3_ox3_orig_f8_apo/ox3_orig_f8_apo/seed-0_sample-3/ox3_orig_f8_apo_seed-0_sample-3_model.cif
wrote outputs/rf3_ox3_orig_f8_apo/ox3_orig_f8_apo/seed-0_sample-3/ox3_orig_f8_apo_seed-0_sample-3_summary_confidences.json
wrote outputs/rf3_ox3_orig_f8_apo/ox3_orig_f8_apo/seed-0_sample-4/ox3_orig_f8_apo_seed-0_sample-4_confidences.json
wrote outputs/rf3_ox3_orig_f8_apo/ox3_orig_f8_apo/seed-0_sample-4/ox3_orig_f8_apo_seed-0_sample-4_model.cif
wrote outputs/rf3_ox3_orig_f8_apo/ox3_orig_f8_apo/seed-0_sample-4/ox3_orig_f8_apo_seed-0_sample-4_summary_confidences.json
interface scores unavailable (need at least two chains for interface scores)
Stopping app - local entrypoint completed.
✓ App completed. View run at 
https://modal.com/apps/mauriciocafiero/main/ap-npcFOdPwgCg4wjCWZ9I175
wrote /Users/cafierom/python_mac/peptidebuilder/runs/oxybenzone/folds/rf3apo/ox3_orig_f8.pdb
--- rf3apo oxybenzone/ox3_orig_f8 exit 0, converted (17:53:49)
