### whole-run MM/GBSA over 25 ns for orig_f12_dock5 (base prod_20ns + extension)
Sat  3 Oct 2026 08:40:42 BST
joined 20000 + 5000 = 25000 frames -> runs/octinoxate/md/orig_f12_dock5/prod_25ns/traj.dcd
dcdplugin) detected standard 32-bit DCD file of native endianness
dcdplugin) CHARMM format DCD file (also NAMD 2.1 and later)
dcdplugin) detected standard 32-bit DCD file of native endianness
dcdplugin) CHARMM format DCD file (also NAMD 2.1 and later)
[analyze] wrote wrapped/centered solute trajectory (400 atoms, 25000 frames) -> runs/octinoxate/md/orig_f12_dock5/prod_25ns/traj_wrapped.xtc (+ traj_wrapped.pdb topology)
[analyze] 25000 frames. protein CA RMSD 0.356 nm, ligand RMSD 2.021 nm (vs frame 0). -> runs/octinoxate/md/orig_f12_dock5/prod_25ns/analysis.png
dcdplugin) detected standard 32-bit DCD file of native endianness
dcdplugin) CHARMM format DCD file (also NAMD 2.1 and later)
/Users/cafierom/miniforge3/envs/openmm-md/lib/python3.11/site-packages/mdtraj/formats/netcdf.py:154: UserWarning: Warning: The 'netCDF4' Python package is not installed. MDTraj is using the 'scipy' implementation to read and write netCDF files,which can be significantly slower.
For improved performance, consider installing netCDF4. See installation instructions at:
https://unidata.github.io/netcdf4-python/#quick-install
  warnings.warn(warning_message)
[build] hetero discovery (resname | HETNAM | min dist to ligand | action):
[mmgbsa] cofactor residues to re-add: 0 ([])
[mmgbsa] solute modeller: 400 atoms
[mmgbsa] prmtop + inpcrd -> mmgbsa/complex.prmtop (400 atoms, radii=['H(N)-modified Bondi radii (mbondi2)'])
[mmgbsa] receptor + ligand prmtops -> mmgbsa/receptor.prmtop, mmgbsa/ligand.prmtop
[mmgbsa] trajectory -> mmgbsa/traj.nc (400 atoms, 25000 frames)
[mmgbsa] MMPBSA.py input -> mmgbsa/mmgbsa.in
[mmgbsa] prmtop atoms: 400; ligand residue present: True
[mmgbsa] MMPBSA.py done -> mmgbsa/FINAL_RESULTS_MMPBSA.dat
25 ns whole-run DELTA:
DELTA TOTAL                -14.8880                8.6915              0.0550
WHOLE_RUN_MMGBSA_DONE[orig_f12_dock5 25 ns]
Sat  3 Oct 2026 08:45:57 BST
