[5 ns] waiting for the run to pass 6 ns
[5 ns] starting Fri  2 Oct 2026 22:10:21 BST, step 3038500, System-wide memory free percentage: 50%
6078 frames on disk over 6.08 ns written (1000.0 frames/ns)
5.0 ns window: kept 5000 frames = 5.00 ns -> runs/octinoxate/md/orig_f12_dock5/first_5ns/traj.dcd
dcdplugin) detected standard 32-bit DCD file of native endianness
dcdplugin) CHARMM format DCD file (also NAMD 2.1 and later)
dcdplugin) detected standard 32-bit DCD file of native endianness
dcdplugin) CHARMM format DCD file (also NAMD 2.1 and later)
[analyze] wrote wrapped/centered solute trajectory (400 atoms, 5000 frames) -> runs/octinoxate/md/orig_f12_dock5/first_5ns/traj_wrapped.xtc (+ traj_wrapped.pdb topology)
[analyze] 5000 frames. protein CA RMSD 0.300 nm, ligand RMSD 0.275 nm (vs frame 0). -> runs/octinoxate/md/orig_f12_dock5/first_5ns/analysis.png
dcdplugin) detected standard 32-bit DCD file of native endianness
dcdplugin) CHARMM format DCD file (also NAMD 2.1 and later)
/Users/cafierom/miniforge3/envs/openmm-md/lib/python3.11/site-packages/mdtraj/formats/netcdf.py:154: UserWarning: Warning: The 'netCDF4' Python package is not installed. MDTraj is using the 'scipy' implementation to read and write netCDF files,which can be significantly slower.
For improved performance, consider installing netCDF4. See installation instructions at:
https://unidata.github.io/netcdf4-python/#quick-install
  warnings.warn(warning_message)
[build] hetero discovery (resname | HETNAM | min dist to ligand | action):
[mmgbsa] cofactor residues to re-add: 0 ([])
[mmgbsa] solute modeller: 400 atoms
[mmgbsa] prmtop + inpcrd -> mmgbsa/complex.prmtop (400 atoms, radii=['H(N)-modified Bondi radii (mbondi2)'])
[mmgbsa] receptor + ligand prmtops -> mmgbsa/receptor.prmtop, mmgbsa/ligand.prmtop
[mmgbsa] trajectory -> mmgbsa/traj.nc (400 atoms, 5000 frames)
[mmgbsa] MMPBSA.py input -> mmgbsa/mmgbsa.in
[mmgbsa] prmtop atoms: 400; ligand residue present: True
[mmgbsa] MMPBSA.py done -> mmgbsa/FINAL_RESULTS_MMPBSA.dat
[5 ns] done Fri  2 Oct 2026 22:15:19 BST, System-wide memory free percentage: 45%
DELTA G solv                20.7800                3.9264              0.0555

DELTA TOTAL                -24.5818                2.7620              0.0391


-------------------------------------------------------------------------------
[10 ns] waiting for the run to pass 11 ns
[10 ns] starting Fri  2 Oct 2026 23:15:20 BST, step 5559000, System-wide memory free percentage: 36%
11118 frames on disk over 11.12 ns written (1000.0 frames/ns)
10.0 ns window: kept 10000 frames = 10.00 ns -> runs/octinoxate/md/orig_f12_dock5/first_10ns/traj.dcd
dcdplugin) detected standard 32-bit DCD file of native endianness
dcdplugin) CHARMM format DCD file (also NAMD 2.1 and later)
dcdplugin) detected standard 32-bit DCD file of native endianness
dcdplugin) CHARMM format DCD file (also NAMD 2.1 and later)
[analyze] wrote wrapped/centered solute trajectory (400 atoms, 10000 frames) -> runs/octinoxate/md/orig_f12_dock5/first_10ns/traj_wrapped.xtc (+ traj_wrapped.pdb topology)
[analyze] 10000 frames. protein CA RMSD 0.322 nm, ligand RMSD 0.653 nm (vs frame 0). -> runs/octinoxate/md/orig_f12_dock5/first_10ns/analysis.png
dcdplugin) detected standard 32-bit DCD file of native endianness
dcdplugin) CHARMM format DCD file (also NAMD 2.1 and later)
/Users/cafierom/miniforge3/envs/openmm-md/lib/python3.11/site-packages/mdtraj/formats/netcdf.py:154: UserWarning: Warning: The 'netCDF4' Python package is not installed. MDTraj is using the 'scipy' implementation to read and write netCDF files,which can be significantly slower.
For improved performance, consider installing netCDF4. See installation instructions at:
https://unidata.github.io/netcdf4-python/#quick-install
  warnings.warn(warning_message)
[build] hetero discovery (resname | HETNAM | min dist to ligand | action):
[mmgbsa] cofactor residues to re-add: 0 ([])
[mmgbsa] solute modeller: 400 atoms
[mmgbsa] prmtop + inpcrd -> mmgbsa/complex.prmtop (400 atoms, radii=['H(N)-modified Bondi radii (mbondi2)'])
[mmgbsa] receptor + ligand prmtops -> mmgbsa/receptor.prmtop, mmgbsa/ligand.prmtop
[mmgbsa] trajectory -> mmgbsa/traj.nc (400 atoms, 10000 frames)
[mmgbsa] MMPBSA.py input -> mmgbsa/mmgbsa.in
[mmgbsa] prmtop atoms: 400; ligand residue present: True
[mmgbsa] MMPBSA.py done -> mmgbsa/FINAL_RESULTS_MMPBSA.dat
[10 ns] done Fri  2 Oct 2026 23:22:23 BST, System-wide memory free percentage: 40%
DELTA G solv                18.6142                3.9683              0.0397

DELTA TOTAL                -23.4427                3.4370              0.0344


-------------------------------------------------------------------------------
[15 ns] waiting for the run to pass 16 ns
[15 ns] starting Sat  3 Oct 2026 00:16:24 BST, step 8082500, System-wide memory free percentage: 32%
16166 frames on disk over 16.17 ns written (1000.0 frames/ns)
15.0 ns window: kept 15000 frames = 15.00 ns -> runs/octinoxate/md/orig_f12_dock5/first_15ns/traj.dcd
dcdplugin) detected standard 32-bit DCD file of native endianness
dcdplugin) CHARMM format DCD file (also NAMD 2.1 and later)
dcdplugin) detected standard 32-bit DCD file of native endianness
dcdplugin) CHARMM format DCD file (also NAMD 2.1 and later)
[analyze] wrote wrapped/centered solute trajectory (400 atoms, 15000 frames) -> runs/octinoxate/md/orig_f12_dock5/first_15ns/traj_wrapped.xtc (+ traj_wrapped.pdb topology)
[analyze] 15000 frames. protein CA RMSD 0.340 nm, ligand RMSD 0.613 nm (vs frame 0). -> runs/octinoxate/md/orig_f12_dock5/first_15ns/analysis.png
dcdplugin) detected standard 32-bit DCD file of native endianness
dcdplugin) CHARMM format DCD file (also NAMD 2.1 and later)
/Users/cafierom/miniforge3/envs/openmm-md/lib/python3.11/site-packages/mdtraj/formats/netcdf.py:154: UserWarning: Warning: The 'netCDF4' Python package is not installed. MDTraj is using the 'scipy' implementation to read and write netCDF files,which can be significantly slower.
For improved performance, consider installing netCDF4. See installation instructions at:
https://unidata.github.io/netcdf4-python/#quick-install
  warnings.warn(warning_message)
[build] hetero discovery (resname | HETNAM | min dist to ligand | action):
[mmgbsa] cofactor residues to re-add: 0 ([])
[mmgbsa] solute modeller: 400 atoms
[mmgbsa] prmtop + inpcrd -> mmgbsa/complex.prmtop (400 atoms, radii=['H(N)-modified Bondi radii (mbondi2)'])
[mmgbsa] receptor + ligand prmtops -> mmgbsa/receptor.prmtop, mmgbsa/ligand.prmtop
[mmgbsa] trajectory -> mmgbsa/traj.nc (400 atoms, 15000 frames)
[mmgbsa] MMPBSA.py input -> mmgbsa/mmgbsa.in
[mmgbsa] prmtop atoms: 400; ligand residue present: True
[mmgbsa] MMPBSA.py done -> mmgbsa/FINAL_RESULTS_MMPBSA.dat
[15 ns] done Sat  3 Oct 2026 00:25:45 BST, System-wide memory free percentage: 58%
DELTA G solv                16.4826                4.8699              0.0398

DELTA TOTAL                -20.6441                5.0836              0.0415


-------------------------------------------------------------------------------
WINDOWS_LIVE_DONE[orig_f12_dock5]
