bg33_3                  co-folded      0.6   1.8     0.9    8.7 ->    8.7
bg33_4                  co-folded      3.3   5.5     3.6    9.5 ->    9.6
bg33_3                  Vina p1        0.8   1.9     0.9    8.7 ->    8.6
bg33_3                  GNINA p6       1.0   1.5     1.0    8.6 ->    8.7
bg33_4                  Vina p1        2.4   4.1     2.2    9.6 ->    9.8
bg33_4                  GNINA p6       2.7   3.2     2.1    9.6 ->    9.5
orig_f12                co-folded      8.9   9.4     8.1    8.7 ->   10.0
orig_f12                Vina p1        5.1   5.7     5.1    8.9 ->    8.4
orig_f12                GNINA p5       3.7   4.9     3.7    8.8 ->    8.6
s2_esm2_control         co-folded      1.3   4.1     1.6   15.3 ->   15.5
s2_esm2_control         Vina p1        5.6   7.1     4.6   15.3 ->   14.4
s2_esm2_control         GNINA p6       1.6   7.8     3.0   15.3 ->   15.1
s3_esm2_f4              co-folded      2.8   3.6     2.3   10.6 ->   10.8
s3_esm2_f4              Vina p1        1.5   3.8     1.9   10.5 ->   10.7
s3_esm2_f4              GNINA p6       2.4   3.8     2.7   10.4 ->   10.7
s3_orig_f12             co-folded      6.5  10.0     6.8    9.2 ->    9.2
s3_orig_f12             Vina p1        4.8   6.1     5.0    9.1 ->    9.3
s3_orig_f12             GNINA p9       5.3   6.2     5.1    9.1 ->    8.9
shuffle_control         co-folded      8.4   9.1     7.7    8.5 ->   10.0
shuffle_control         Vina p1        6.5   9.6     7.0    8.7 ->    8.5
skipping runs/octinoxate/md/shuffle_control_dock9/prod_20ns: no traj_wrapped.xtc/pdb
shuffle_control_esm0    co-folded      2.3   5.6     1.8   15.5 ->   15.8

wrote /Users/cafierom/python_mac/peptidebuilder/runs/octinoxate/md/protein_stability.csv
