
=== bg33_1  (slots from design.json)
  11 slots: A3 A6 A11 V16 A18 A20 A22 L25 A27 A30 A32
  simultaneous side chains on the ligand: mean 0.5, max 3, >=2 in 8% of frames
  pairs realised 8/55 (15% of ceiling, -4% of the way up the [10, 55] band)
  held >=5% of the run: 0   adjacent 4/10   non-adjacent 4/45 (9%)   long-range gap>=7 0/10
  slots never in contact: 5

=== bg33_1_dock1  (slots from design.json)
  11 slots: A3 A6 A11 V16 A18 A20 A22 L25 A27 A30 A32
  simultaneous side chains on the ligand: mean 0.96, max 3, >=2 in 20% of frames
  pairs realised 7/55 (13% of ceiling, -7% of the way up the [10, 55] band)
  held >=5% of the run: 2   adjacent 3/10   non-adjacent 4/45 (9%)   long-range gap>=7 0/10
  slots never in contact: 6

=== bg33_1_dock2  (slots from design.json)
  11 slots: A3 A6 A11 V16 A18 A20 A22 L25 A27 A30 A32
  simultaneous side chains on the ligand: mean 0.74, max 3, >=2 in 8% of frames
  pairs realised 10/55 (18% of ceiling, 0% of the way up the [10, 55] band)
  held >=5% of the run: 1   adjacent 4/10   non-adjacent 6/45 (13%)   long-range gap>=7 0/10
  slots never in contact: 4

=== bg33_2  (slots from design.json)
  11 slots: A3 A6 A11 A16 A18 A20 A22 A25 A27 L30 A32
  simultaneous side chains on the ligand: mean 0.63, max 3, >=2 in 13% of frames
  pairs realised 8/55 (15% of ceiling, -4% of the way up the [10, 55] band)
  held >=5% of the run: 1   adjacent 3/10   non-adjacent 5/45 (11%)   long-range gap>=7 0/10
  slots never in contact: 3

=== bg33_2_dock1  (slots from design.json)
  11 slots: A3 A6 A11 A16 A18 A20 A22 A25 A27 L30 A32
  simultaneous side chains on the ligand: mean 1.55, max 4, >=2 in 50% of frames
  pairs realised 20/55 (36% of ceiling, 22% of the way up the [10, 55] band)
  held >=5% of the run: 5   adjacent 6/10   non-adjacent 14/45 (31%)   long-range gap>=7 0/10
  slots never in contact: 2

=== bg33_2_dock4  (slots from design.json)
  11 slots: A3 A6 A11 A16 A18 A20 A22 A25 A27 L30 A32
  simultaneous side chains on the ligand: mean 1.04, max 5, >=2 in 33% of frames
  pairs realised 27/55 (49% of ceiling, 38% of the way up the [10, 55] band)
  held >=5% of the run: 3   adjacent 6/10   non-adjacent 21/45 (47%)   long-range gap>=7 1/10
  slots never in contact: 1

structure              slots   sim  >=2%    pairs  band%  held  adjacent  non-adj   long  dead
bg33_1                    11  0.50     8     8/55     -4     0      4/10     4/45   0/10     5
bg33_1_dock1              11  0.96    20     7/55     -7     2      3/10     4/45   0/10     6
bg33_1_dock2              11  0.74     8    10/55      0     1      4/10     6/45   0/10     4
bg33_2                    11  0.63    13     8/55     -4     1      3/10     5/45   0/10     3
bg33_2_dock1              11  1.55    50    20/55     22     5      6/10    14/45   0/10     2
bg33_2_dock4              11  1.04    33    27/55     38     3      6/10    21/45   1/10     1

wrote runs/octinoxate/md/pair_contacts_bg33_missing.csv
