Sat  3 Oct 2026 14:44:14 BST
### shuffle_control_dock1: 20 ns on pose 1 of shuffle_control (box=dodecahedron)
[run] restraining 203 protein heavy atoms
[run] OpenCL(single) can't run restrained equilibration; equilibrating on CPU, producing on OpenCL
[run] minimizing ...
[run] equilibrating 5000 steps (restraints on) on CPU ...
[run] production 10000000 steps (restraints off) on OpenCL ...
[run] done. trajectory: runs/octinoxate/md/shuffle_control_dock1/prod_20ns/traj.dcd  final: runs/octinoxate/md/shuffle_control_dock1/prod_20ns/final.pdb
RUN_EXIT=0
Sat  3 Oct 2026 19:27:01 BST
[analyze] wrote wrapped/centered solute trajectory (421 atoms, 20000 frames) -> runs/octinoxate/md/shuffle_control_dock1/prod_20ns/traj_wrapped.xtc (+ traj_wrapped.pdb topology)
[analyze] 20000 frames. protein CA RMSD 0.653 nm, ligand RMSD 5.338 nm (vs frame 0). -> runs/octinoxate/md/shuffle_control_dock1/prod_20ns/analysis.png
dcdplugin) detected standard 32-bit DCD file of native endianness
dcdplugin) CHARMM format DCD file (also NAMD 2.1 and later)
ANALYZE_EXIT=0
/Users/cafierom/miniforge3/envs/openmm-md/lib/python3.11/site-packages/mdtraj/formats/netcdf.py:154: UserWarning: Warning: The 'netCDF4' Python package is not installed. MDTraj is using the 'scipy' implementation to read and write netCDF files,which can be significantly slower.
For improved performance, consider installing netCDF4. See installation instructions at:
https://unidata.github.io/netcdf4-python/#quick-install
  warnings.warn(warning_message)
[build] hetero discovery (resname | HETNAM | min dist to ligand | action):
[mmgbsa] cofactor residues to re-add: 0 ([])
[mmgbsa] solute modeller: 421 atoms
[mmgbsa] prmtop + inpcrd -> mmgbsa/complex.prmtop (421 atoms, radii=['H(N)-modified Bondi radii (mbondi2)'])
[mmgbsa] receptor + ligand prmtops -> mmgbsa/receptor.prmtop, mmgbsa/ligand.prmtop
[mmgbsa] trajectory -> mmgbsa/traj.nc (421 atoms, 20000 frames)
[mmgbsa] MMPBSA.py input -> mmgbsa/mmgbsa.in
[mmgbsa] prmtop atoms: 421; ligand residue present: True
[mmgbsa] MMPBSA.py done -> mmgbsa/FINAL_RESULTS_MMPBSA.dat
MMGBSA_EXIT=0
Sat  3 Oct 2026 19:32:08 BST

=== runs/octinoxate/md/shuffle_control_dock1/prod_20ns
20000 frames, 203 peptide / 20 ligand heavy atoms
     ns  contacts   sep A  pep Rg
    2.0      50.8    7.06    8.73
    4.0      51.5    6.90    8.71
    6.0      51.6    6.36    8.77
    8.0      46.9    6.95    8.82
   10.0      41.4    7.33    8.90
   12.0      29.4    9.55    9.68
   14.0      15.7   14.52    9.40
   16.0       7.8   13.45    9.19
   18.0      25.9   11.65    9.12
   20.0      18.0   15.78    8.52
whole run: contacts 50.8 -> 18.0 (mean 33.9), separation 7.06 -> 15.78 A (max 26.83), closest heavy-atom approach 2.55 A
  residence within 10 A: 57.8% of the run
  release (at 10.0 ps spacing): 59 frames (2.95%) in 19 episodes, longest 200.0 ps, 0.59 ns detached, 100% of it in the second half

wrote runs/octinoxate/md/shuffle_control_dock1/md_contacts.csv

=== runs/octinoxate/md/shuffle_control_dock1/prod_20ns
  20000 frames total; window 18.0-20.0 ns
  runs/octinoxate/md/shuffle_control_dock1/prod_20ns/frames_last.pdb  (10 models)
  runs/octinoxate/md/shuffle_control_dock1/prod_20ns/frame_medoid.pdb  (frame at 18.82 ns, 0.99 A from the window mean; window spread 1.61 A)

in PyMOL, for the ensemble:
  load frames_last.pdb, ens
  set all_states, on
  hide everything; show cartoon, polymer; show sticks, not polymer
  color grey70, polymer; color red, not polymer

or for a single clean frame:
  load frame_medoid.pdb, best
DONE shuffle_control_dock1
Sat  3 Oct 2026 19:32:13 BST
