[5 ns] waiting for the run to pass 6 ns
[5 ns] starting Sat  3 Oct 2026 16:10:15 BST, step 3005000, System-wide memory free percentage: 40%
6010 frames on disk over 6.01 ns written (1000.0 frames/ns)
5.0 ns window: kept 5000 frames = 5.00 ns -> runs/octinoxate/md/shuffle_control_dock1/first_5ns/traj.dcd
dcdplugin) detected standard 32-bit DCD file of native endianness
dcdplugin) CHARMM format DCD file (also NAMD 2.1 and later)
dcdplugin) detected standard 32-bit DCD file of native endianness
dcdplugin) CHARMM format DCD file (also NAMD 2.1 and later)
[analyze] wrote wrapped/centered solute trajectory (421 atoms, 5000 frames) -> runs/octinoxate/md/shuffle_control_dock1/first_5ns/traj_wrapped.xtc (+ traj_wrapped.pdb topology)
[analyze] 5000 frames. protein CA RMSD 0.395 nm, ligand RMSD 4.693 nm (vs frame 0). -> runs/octinoxate/md/shuffle_control_dock1/first_5ns/analysis.png
dcdplugin) detected standard 32-bit DCD file of native endianness
dcdplugin) CHARMM format DCD file (also NAMD 2.1 and later)
/Users/cafierom/miniforge3/envs/openmm-md/lib/python3.11/site-packages/mdtraj/formats/netcdf.py:154: UserWarning: Warning: The 'netCDF4' Python package is not installed. MDTraj is using the 'scipy' implementation to read and write netCDF files,which can be significantly slower.
For improved performance, consider installing netCDF4. See installation instructions at:
https://unidata.github.io/netcdf4-python/#quick-install
  warnings.warn(warning_message)
[build] hetero discovery (resname | HETNAM | min dist to ligand | action):
[mmgbsa] cofactor residues to re-add: 0 ([])
[mmgbsa] solute modeller: 421 atoms
[mmgbsa] prmtop + inpcrd -> mmgbsa/complex.prmtop (421 atoms, radii=['H(N)-modified Bondi radii (mbondi2)'])
[mmgbsa] receptor + ligand prmtops -> mmgbsa/receptor.prmtop, mmgbsa/ligand.prmtop
[mmgbsa] trajectory -> mmgbsa/traj.nc (421 atoms, 5000 frames)
[mmgbsa] MMPBSA.py input -> mmgbsa/mmgbsa.in
[mmgbsa] prmtop atoms: 421; ligand residue present: True
[mmgbsa] MMPBSA.py done -> mmgbsa/FINAL_RESULTS_MMPBSA.dat
[5 ns] done Sat  3 Oct 2026 16:14:35 BST, System-wide memory free percentage: 39%
DELTA G solv                17.3917                2.2290              0.0315

DELTA TOTAL                -24.0631                2.8855              0.0408


-------------------------------------------------------------------------------
[10 ns] waiting for the run to pass 11 ns
[10 ns] starting Sat  3 Oct 2026 17:20:36 BST, step 5551000, System-wide memory free percentage: 33%
11103 frames on disk over 11.10 ns written (1000.0 frames/ns)
10.0 ns window: kept 10000 frames = 10.00 ns -> runs/octinoxate/md/shuffle_control_dock1/first_10ns/traj.dcd
dcdplugin) detected standard 32-bit DCD file of native endianness
dcdplugin) CHARMM format DCD file (also NAMD 2.1 and later)
dcdplugin) detected standard 32-bit DCD file of native endianness
dcdplugin) CHARMM format DCD file (also NAMD 2.1 and later)
[analyze] wrote wrapped/centered solute trajectory (421 atoms, 10000 frames) -> runs/octinoxate/md/shuffle_control_dock1/first_10ns/traj_wrapped.xtc (+ traj_wrapped.pdb topology)
[analyze] 10000 frames. protein CA RMSD 0.559 nm, ligand RMSD 4.716 nm (vs frame 0). -> runs/octinoxate/md/shuffle_control_dock1/first_10ns/analysis.png
dcdplugin) detected standard 32-bit DCD file of native endianness
dcdplugin) CHARMM format DCD file (also NAMD 2.1 and later)
/Users/cafierom/miniforge3/envs/openmm-md/lib/python3.11/site-packages/mdtraj/formats/netcdf.py:154: UserWarning: Warning: The 'netCDF4' Python package is not installed. MDTraj is using the 'scipy' implementation to read and write netCDF files,which can be significantly slower.
For improved performance, consider installing netCDF4. See installation instructions at:
https://unidata.github.io/netcdf4-python/#quick-install
  warnings.warn(warning_message)
[build] hetero discovery (resname | HETNAM | min dist to ligand | action):
[mmgbsa] cofactor residues to re-add: 0 ([])
[mmgbsa] solute modeller: 421 atoms
[mmgbsa] prmtop + inpcrd -> mmgbsa/complex.prmtop (421 atoms, radii=['H(N)-modified Bondi radii (mbondi2)'])
[mmgbsa] receptor + ligand prmtops -> mmgbsa/receptor.prmtop, mmgbsa/ligand.prmtop
[mmgbsa] trajectory -> mmgbsa/traj.nc (421 atoms, 10000 frames)
[mmgbsa] MMPBSA.py input -> mmgbsa/mmgbsa.in
[mmgbsa] prmtop atoms: 421; ligand residue present: True
[mmgbsa] MMPBSA.py done -> mmgbsa/FINAL_RESULTS_MMPBSA.dat
[10 ns] done Sat  3 Oct 2026 17:27:50 BST, System-wide memory free percentage: 56%
DELTA G solv                16.7750                2.8097              0.0281

DELTA TOTAL                -23.1327                3.6386              0.0364


-------------------------------------------------------------------------------
[15 ns] waiting for the run to pass 16 ns
[15 ns] starting Sat  3 Oct 2026 18:29:50 BST, step 8018500, System-wide memory free percentage: 38%
16038 frames on disk over 16.04 ns written (1000.0 frames/ns)
15.0 ns window: kept 15000 frames = 15.00 ns -> runs/octinoxate/md/shuffle_control_dock1/first_15ns/traj.dcd
dcdplugin) detected standard 32-bit DCD file of native endianness
dcdplugin) CHARMM format DCD file (also NAMD 2.1 and later)
dcdplugin) detected standard 32-bit DCD file of native endianness
dcdplugin) CHARMM format DCD file (also NAMD 2.1 and later)
[analyze] wrote wrapped/centered solute trajectory (421 atoms, 15000 frames) -> runs/octinoxate/md/shuffle_control_dock1/first_15ns/traj_wrapped.xtc (+ traj_wrapped.pdb topology)
[analyze] 15000 frames. protein CA RMSD 0.641 nm, ligand RMSD 5.483 nm (vs frame 0). -> runs/octinoxate/md/shuffle_control_dock1/first_15ns/analysis.png
dcdplugin) detected standard 32-bit DCD file of native endianness
dcdplugin) CHARMM format DCD file (also NAMD 2.1 and later)
/Users/cafierom/miniforge3/envs/openmm-md/lib/python3.11/site-packages/mdtraj/formats/netcdf.py:154: UserWarning: Warning: The 'netCDF4' Python package is not installed. MDTraj is using the 'scipy' implementation to read and write netCDF files,which can be significantly slower.
For improved performance, consider installing netCDF4. See installation instructions at:
https://unidata.github.io/netcdf4-python/#quick-install
  warnings.warn(warning_message)
[build] hetero discovery (resname | HETNAM | min dist to ligand | action):
[mmgbsa] cofactor residues to re-add: 0 ([])
[mmgbsa] solute modeller: 421 atoms
[mmgbsa] prmtop + inpcrd -> mmgbsa/complex.prmtop (421 atoms, radii=['H(N)-modified Bondi radii (mbondi2)'])
[mmgbsa] receptor + ligand prmtops -> mmgbsa/receptor.prmtop, mmgbsa/ligand.prmtop
[mmgbsa] trajectory -> mmgbsa/traj.nc (421 atoms, 15000 frames)
[mmgbsa] MMPBSA.py input -> mmgbsa/mmgbsa.in
[mmgbsa] prmtop atoms: 421; ligand residue present: True
[mmgbsa] MMPBSA.py done -> mmgbsa/FINAL_RESULTS_MMPBSA.dat
[15 ns] done Sat  3 Oct 2026 18:39:40 BST, System-wide memory free percentage: 67%
DELTA G solv                13.4283                5.9146              0.0483

DELTA TOTAL                -18.7268                7.7297              0.0631


-------------------------------------------------------------------------------
WINDOWS_LIVE_DONE[shuffle_control_dock1]
