[5 ns] waiting for the run to pass 6 ns
[5 ns] starting Sat  3 Oct 2026 21:02:14 BST, step 3061500, System-wide memory free percentage: 44%
6123 frames on disk over 6.12 ns written (1000.0 frames/ns)
5.0 ns window: kept 5000 frames = 5.00 ns -> runs/octinoxate/md/shuffle_control_dock9/first_5ns/traj.dcd
dcdplugin) detected standard 32-bit DCD file of native endianness
dcdplugin) CHARMM format DCD file (also NAMD 2.1 and later)
dcdplugin) detected standard 32-bit DCD file of native endianness
dcdplugin) CHARMM format DCD file (also NAMD 2.1 and later)
[analyze] wrote wrapped/centered solute trajectory (421 atoms, 5000 frames) -> runs/octinoxate/md/shuffle_control_dock9/first_5ns/traj_wrapped.xtc (+ traj_wrapped.pdb topology)
[analyze] 5000 frames. protein CA RMSD 0.365 nm, ligand RMSD 5.280 nm (vs frame 0). -> runs/octinoxate/md/shuffle_control_dock9/first_5ns/analysis.png
dcdplugin) detected standard 32-bit DCD file of native endianness
dcdplugin) CHARMM format DCD file (also NAMD 2.1 and later)
/Users/cafierom/miniforge3/envs/openmm-md/lib/python3.11/site-packages/mdtraj/formats/netcdf.py:154: UserWarning: Warning: The 'netCDF4' Python package is not installed. MDTraj is using the 'scipy' implementation to read and write netCDF files,which can be significantly slower.
For improved performance, consider installing netCDF4. See installation instructions at:
https://unidata.github.io/netcdf4-python/#quick-install
  warnings.warn(warning_message)
[build] hetero discovery (resname | HETNAM | min dist to ligand | action):
[mmgbsa] cofactor residues to re-add: 0 ([])
[mmgbsa] solute modeller: 421 atoms
[mmgbsa] prmtop + inpcrd -> mmgbsa/complex.prmtop (421 atoms, radii=['H(N)-modified Bondi radii (mbondi2)'])
[mmgbsa] receptor + ligand prmtops -> mmgbsa/receptor.prmtop, mmgbsa/ligand.prmtop
[mmgbsa] trajectory -> mmgbsa/traj.nc (421 atoms, 5000 frames)
[mmgbsa] MMPBSA.py input -> mmgbsa/mmgbsa.in
[mmgbsa] prmtop atoms: 421; ligand residue present: True
[mmgbsa] MMPBSA.py done -> mmgbsa/FINAL_RESULTS_MMPBSA.dat
[5 ns] done Sat  3 Oct 2026 21:06:38 BST, System-wide memory free percentage: 44%
DELTA G solv                14.4091                6.1888              0.0875

DELTA TOTAL                -20.2672                7.0469              0.0997


-------------------------------------------------------------------------------
[10 ns] waiting for the run to pass 11 ns
[10 ns] starting Sat  3 Oct 2026 22:12:39 BST, step 5538000, System-wide memory free percentage: 32%
11076 frames on disk over 11.08 ns written (1000.0 frames/ns)
10.0 ns window: kept 10000 frames = 10.00 ns -> runs/octinoxate/md/shuffle_control_dock9/first_10ns/traj.dcd
dcdplugin) detected standard 32-bit DCD file of native endianness
dcdplugin) CHARMM format DCD file (also NAMD 2.1 and later)
dcdplugin) detected standard 32-bit DCD file of native endianness
dcdplugin) CHARMM format DCD file (also NAMD 2.1 and later)
[analyze] wrote wrapped/centered solute trajectory (421 atoms, 10000 frames) -> runs/octinoxate/md/shuffle_control_dock9/first_10ns/traj_wrapped.xtc (+ traj_wrapped.pdb topology)
[analyze] 10000 frames. protein CA RMSD 0.403 nm, ligand RMSD 3.207 nm (vs frame 0). -> runs/octinoxate/md/shuffle_control_dock9/first_10ns/analysis.png
dcdplugin) detected standard 32-bit DCD file of native endianness
dcdplugin) CHARMM format DCD file (also NAMD 2.1 and later)
/Users/cafierom/miniforge3/envs/openmm-md/lib/python3.11/site-packages/mdtraj/formats/netcdf.py:154: UserWarning: Warning: The 'netCDF4' Python package is not installed. MDTraj is using the 'scipy' implementation to read and write netCDF files,which can be significantly slower.
For improved performance, consider installing netCDF4. See installation instructions at:
https://unidata.github.io/netcdf4-python/#quick-install
  warnings.warn(warning_message)
[build] hetero discovery (resname | HETNAM | min dist to ligand | action):
[mmgbsa] cofactor residues to re-add: 0 ([])
[mmgbsa] solute modeller: 421 atoms
[mmgbsa] prmtop + inpcrd -> mmgbsa/complex.prmtop (421 atoms, radii=['H(N)-modified Bondi radii (mbondi2)'])
[mmgbsa] receptor + ligand prmtops -> mmgbsa/receptor.prmtop, mmgbsa/ligand.prmtop
[mmgbsa] trajectory -> mmgbsa/traj.nc (421 atoms, 10000 frames)
[mmgbsa] MMPBSA.py input -> mmgbsa/mmgbsa.in
[mmgbsa] prmtop atoms: 421; ligand residue present: True
[mmgbsa] MMPBSA.py done -> mmgbsa/FINAL_RESULTS_MMPBSA.dat
[10 ns] done Sat  3 Oct 2026 22:20:12 BST, System-wide memory free percentage: 51%
DELTA G solv                11.0250                6.0605              0.0606

DELTA TOTAL                -16.3898                6.8537              0.0685


-------------------------------------------------------------------------------
[15 ns] waiting for the run to pass 16 ns
[15 ns] starting Sat  3 Oct 2026 23:24:13 BST, step 8028500, System-wide memory free percentage: 37%
16058 frames on disk over 16.06 ns written (1000.0 frames/ns)
15.0 ns window: kept 15000 frames = 15.00 ns -> runs/octinoxate/md/shuffle_control_dock9/first_15ns/traj.dcd
dcdplugin) detected standard 32-bit DCD file of native endianness
dcdplugin) CHARMM format DCD file (also NAMD 2.1 and later)
dcdplugin) detected standard 32-bit DCD file of native endianness
dcdplugin) CHARMM format DCD file (also NAMD 2.1 and later)
[analyze] wrote wrapped/centered solute trajectory (421 atoms, 15000 frames) -> runs/octinoxate/md/shuffle_control_dock9/first_15ns/traj_wrapped.xtc (+ traj_wrapped.pdb topology)
[analyze] 15000 frames. protein CA RMSD 0.451 nm, ligand RMSD 6.459 nm (vs frame 0). -> runs/octinoxate/md/shuffle_control_dock9/first_15ns/analysis.png
dcdplugin) detected standard 32-bit DCD file of native endianness
dcdplugin) CHARMM format DCD file (also NAMD 2.1 and later)
/Users/cafierom/miniforge3/envs/openmm-md/lib/python3.11/site-packages/mdtraj/formats/netcdf.py:154: UserWarning: Warning: The 'netCDF4' Python package is not installed. MDTraj is using the 'scipy' implementation to read and write netCDF files,which can be significantly slower.
For improved performance, consider installing netCDF4. See installation instructions at:
https://unidata.github.io/netcdf4-python/#quick-install
  warnings.warn(warning_message)
[build] hetero discovery (resname | HETNAM | min dist to ligand | action):
[mmgbsa] cofactor residues to re-add: 0 ([])
[mmgbsa] solute modeller: 421 atoms
[mmgbsa] prmtop + inpcrd -> mmgbsa/complex.prmtop (421 atoms, radii=['H(N)-modified Bondi radii (mbondi2)'])
[mmgbsa] receptor + ligand prmtops -> mmgbsa/receptor.prmtop, mmgbsa/ligand.prmtop
[mmgbsa] trajectory -> mmgbsa/traj.nc (421 atoms, 15000 frames)
[mmgbsa] MMPBSA.py input -> mmgbsa/mmgbsa.in
[mmgbsa] prmtop atoms: 421; ligand residue present: True
[mmgbsa] MMPBSA.py done -> mmgbsa/FINAL_RESULTS_MMPBSA.dat
[15 ns] done Sat  3 Oct 2026 23:34:17 BST, System-wide memory free percentage: 68%
DELTA G solv                 9.7068                6.0504              0.0494

DELTA TOTAL                -14.7267                7.0069              0.0572


-------------------------------------------------------------------------------
WINDOWS_LIVE_DONE[shuffle_control_dock9]
