=== started Tue  6 Oct 2026 12:22:45 BST
--- ox2_shuffle co-folded build
[prep-ligand] SDF passthrough -> runs/oxybenzone/md/ox2_shuffle/ligand_prepped.sdf
[build] hetero discovery (resname | HETNAM | min dist to ligand | action):
[build] 5425 particles, 1681 waters -> runs/oxybenzone/md/ox2_shuffle/system/system.xml, runs/oxybenzone/md/ox2_shuffle/system/complex.pdb
--- ox2_shuffle_esm0 co-folded build
[prep-ligand] SDF passthrough -> runs/oxybenzone/md/ox2_shuffle_esm0/ligand_prepped.sdf
[build] hetero discovery (resname | HETNAM | min dist to ligand | action):
[build] 12826 particles, 4087 waters -> runs/oxybenzone/md/ox2_shuffle_esm0/system/system.xml, runs/oxybenzone/md/ox2_shuffle_esm0/system/complex.pdb
--- ox2_shuffle dock1 build
Tue  6 Oct 2026 12:23:12 BST
### ox2_shuffle_dock1: 20 ns on pose 1 of ox2_shuffle (box=dodecahedron)
--- building ox2_shuffle_dock1 (dodecahedron) ---
wrote runs/oxybenzone/md/ox2_shuffle_dock1/ox2_shuffle_dock1_ligand.sdf
  SMILES    COc1ccc(C(=O)c2ccccc2)c(O)c1
  reference COc1ccc(C(=O)c2ccccc2)c(O)c1
  match     True
[prep-ligand] SDF passthrough -> runs/oxybenzone/md/ox2_shuffle_dock1/ligand_prepped.sdf
[build] hetero discovery (resname | HETNAM | min dist to ligand | action):
[build] 5761 particles, 1793 waters -> runs/oxybenzone/md/ox2_shuffle_dock1/system/system.xml, runs/oxybenzone/md/ox2_shuffle_dock1/system/complex.pdb
BUILD_EXIT=0
particles: 5761
CRYST1   44.738   44.738   44.738  60.00  60.00  90.00 P 1           1 
Tue  6 Oct 2026 12:23:23 BST
BUILD_ONLY set, stopping after build
--- ox2_shuffle dock4 build
Tue  6 Oct 2026 12:23:23 BST
### ox2_shuffle_dock4: 20 ns on pose 4 of ox2_shuffle (box=dodecahedron)
--- building ox2_shuffle_dock4 (dodecahedron) ---
wrote runs/oxybenzone/md/ox2_shuffle_dock4/ox2_shuffle_dock4_ligand.sdf
  SMILES    COc1ccc(C(=O)c2ccccc2)c(O)c1
  reference COc1ccc(C(=O)c2ccccc2)c(O)c1
  match     True
[prep-ligand] SDF passthrough -> runs/oxybenzone/md/ox2_shuffle_dock4/ligand_prepped.sdf
[build] hetero discovery (resname | HETNAM | min dist to ligand | action):
[build] 5623 particles, 1747 waters -> runs/oxybenzone/md/ox2_shuffle_dock4/system/system.xml, runs/oxybenzone/md/ox2_shuffle_dock4/system/complex.pdb
BUILD_EXIT=0
particles: 5623
CRYST1   44.322   44.322   44.322  60.00  60.00  90.00 P 1           1 
Tue  6 Oct 2026 12:23:33 BST
BUILD_ONLY set, stopping after build
--- ox2_shuffle_esm0 dock1 build
Tue  6 Oct 2026 12:23:33 BST
### ox2_shuffle_esm0_dock1: 20 ns on pose 1 of ox2_shuffle_esm0 (box=dodecahedron)
--- building ox2_shuffle_esm0_dock1 (dodecahedron) ---
wrote runs/oxybenzone/md/ox2_shuffle_esm0_dock1/ox2_shuffle_esm0_dock1_ligand.sdf
  SMILES    COc1ccc(C(=O)c2ccccc2)c(O)c1
  reference COc1ccc(C(=O)c2ccccc2)c(O)c1
  match     True
[prep-ligand] SDF passthrough -> runs/oxybenzone/md/ox2_shuffle_esm0_dock1/ligand_prepped.sdf
[build] hetero discovery (resname | HETNAM | min dist to ligand | action):
[build] 12841 particles, 4092 waters -> runs/oxybenzone/md/ox2_shuffle_esm0_dock1/system/system.xml, runs/oxybenzone/md/ox2_shuffle_esm0_dock1/system/complex.pdb
BUILD_EXIT=0
particles: 12841
CRYST1   57.790   57.790   57.790  60.00  60.00  90.00 P 1           1 
Tue  6 Oct 2026 12:23:45 BST
BUILD_ONLY set, stopping after build
--- ox2_shuffle_esm0 dock9 build
Tue  6 Oct 2026 12:23:45 BST
### ox2_shuffle_esm0_dock9: 20 ns on pose 9 of ox2_shuffle_esm0 (box=dodecahedron)
--- building ox2_shuffle_esm0_dock9 (dodecahedron) ---
wrote runs/oxybenzone/md/ox2_shuffle_esm0_dock9/ox2_shuffle_esm0_dock9_ligand.sdf
  SMILES    COc1ccc(C(=O)c2ccccc2)c(O)c1
  reference COc1ccc(C(=O)c2ccccc2)c(O)c1
  match     True
[prep-ligand] SDF passthrough -> runs/oxybenzone/md/ox2_shuffle_esm0_dock9/ligand_prepped.sdf
[build] hetero discovery (resname | HETNAM | min dist to ligand | action):
[build] 12829 particles, 4088 waters -> runs/oxybenzone/md/ox2_shuffle_esm0_dock9/system/system.xml, runs/oxybenzone/md/ox2_shuffle_esm0_dock9/system/complex.pdb
BUILD_EXIT=0
particles: 12829
CRYST1   57.790   57.790   57.790  60.00  60.00  90.00 P 1           1 
Tue  6 Oct 2026 12:23:57 BST
BUILD_ONLY set, stopping after build
=== done Tue  6 Oct 2026 12:23:57 BST
