
ox1_esm1_f12
  residue   1 -> C18  asked <=  4.9 A, got   5.02 A  MISSED  (forced)
  residue   3 -> O13  asked <=  3.8 A, got   3.42 A  ok  (forced)
  residue   5 -> C19  asked <=  4.8 A, got   9.34 A  MISSED  (forced)
  residue   9 -> O14  asked <=  3.6 A, got   9.49 A  MISSED  (forced)
  residue  11 -> C29  asked <=  4.1 A, got   7.09 A  MISSED  (forced)
  residue  13 -> C20  asked <=  4.7 A, got   8.18 A  MISSED  (forced)
  residue  17 -> C19  asked <=  4.7 A, got   4.82 A  MISSED  (forced)
  residue  20 -> C26  asked <=  4.3 A, got   9.34 A  MISSED  (forced)
  residue  25 -> C29  asked <=  4.1 A, got   4.21 A  MISSED  (forced)

ox1_esm1_f4
  residue   3 -> O13  asked <=  3.8 A, got   3.28 A  ok  (forced)
  residue   9 -> O14  asked <=  3.6 A, got   6.70 A  MISSED  (forced)
  residue  11 -> C29  asked <=  4.1 A, got  12.55 A  MISSED  (forced)
  residue  25 -> C29  asked <=  4.1 A, got   5.26 A  MISSED  (forced)

ox1_esm1_f8
  residue   3 -> O13  asked <=  3.8 A, got   5.45 A  MISSED  (forced)
  residue   5 -> C19  asked <=  4.8 A, got   6.63 A  MISSED  (forced)
  residue   9 -> O14  asked <=  3.6 A, got   3.90 A  MISSED  (forced)
  residue  11 -> C29  asked <=  4.1 A, got   6.71 A  MISSED  (forced)
  residue  13 -> C20  asked <=  4.7 A, got   3.55 A  ok  (forced)
  residue  17 -> C19  asked <=  4.7 A, got  10.47 A  MISSED  (forced)
  residue  20 -> C26  asked <=  4.3 A, got  12.37 A  MISSED  (forced)
  residue  25 -> C29  asked <=  4.1 A, got   4.55 A  MISSED  (forced)

ox1_esm2_f12
  residue   1 -> C18  asked <=  4.9 A, got  12.69 A  MISSED  (forced)
  residue   3 -> O13  asked <=  3.8 A, got   9.86 A  MISSED  (forced)
  residue   5 -> C19  asked <=  4.8 A, got   8.72 A  MISSED  (forced)
  residue   9 -> O14  asked <=  3.6 A, got   7.55 A  MISSED  (forced)
  residue  11 -> C29  asked <=  4.1 A, got   9.26 A  MISSED  (forced)
  residue  13 -> C20  asked <=  4.7 A, got   3.98 A  ok  (forced)
  residue  17 -> C19  asked <=  4.7 A, got   8.89 A  MISSED  (forced)
  residue  20 -> C26  asked <=  4.3 A, got  13.49 A  MISSED  (forced)
  residue  25 -> C29  asked <=  4.1 A, got   4.25 A  MISSED  (forced)

ox1_esm2_f4
  residue   3 -> O13  asked <=  3.8 A, got   3.46 A  ok  (forced)
  residue   9 -> O14  asked <=  3.6 A, got   9.37 A  MISSED  (forced)
  residue  11 -> C29  asked <=  4.1 A, got   7.97 A  MISSED  (forced)
  residue  25 -> C29  asked <=  4.1 A, got   4.90 A  MISSED  (forced)

ox1_esm2_f8
  residue   3 -> O13  asked <=  3.8 A, got  14.57 A  MISSED  (forced)
  residue   5 -> C19  asked <=  4.8 A, got  10.80 A  MISSED  (forced)
  residue   9 -> O14  asked <=  3.6 A, got  10.33 A  MISSED  (forced)
  residue  11 -> C29  asked <=  4.1 A, got  10.76 A  MISSED  (forced)
  residue  13 -> C20  asked <=  4.7 A, got   7.13 A  MISSED  (forced)
  residue  17 -> C19  asked <=  4.7 A, got   6.40 A  MISSED  (forced)
  residue  20 -> C26  asked <=  4.3 A, got   8.77 A  MISSED  (forced)
  residue  25 -> C29  asked <=  4.1 A, got   3.55 A  ok  (forced)

ox1_orig_f12
  residue   1 -> C18  asked <=  4.9 A, got   3.60 A  ok  (forced)
  residue   3 -> O13  asked <=  3.8 A, got   3.86 A  MISSED  (forced)
  residue   5 -> C19  asked <=  4.8 A, got   6.93 A  MISSED  (forced)
  residue   9 -> O14  asked <=  3.6 A, got   3.59 A  ok  (forced)
  residue  11 -> C29  asked <=  4.1 A, got   7.31 A  MISSED  (forced)
  residue  13 -> C20  asked <=  4.7 A, got   5.23 A  MISSED  (forced)
  residue  17 -> C19  asked <=  4.7 A, got   6.10 A  MISSED  (forced)
  residue  20 -> C26  asked <=  4.3 A, got   5.09 A  MISSED  (forced)
  residue  25 -> C29  asked <=  4.1 A, got  11.23 A  MISSED  (forced)

ox1_orig_f4
  residue   3 -> O13  asked <=  3.8 A, got   4.80 A  MISSED  (forced)
  residue   9 -> O14  asked <=  3.6 A, got   2.63 A  ok  (forced)
  residue  11 -> C29  asked <=  4.1 A, got   8.97 A  MISSED  (forced)
  residue  25 -> C29  asked <=  4.1 A, got   3.43 A  ok  (forced)

ox1_orig_f8
  residue   3 -> O13  asked <=  3.8 A, got   6.60 A  MISSED  (forced)
  residue   5 -> C19  asked <=  4.8 A, got   4.66 A  ok  (forced)
  residue   9 -> O14  asked <=  3.6 A, got   4.05 A  MISSED  (forced)
  residue  11 -> C29  asked <=  4.1 A, got  10.86 A  MISSED  (forced)
  residue  13 -> C20  asked <=  4.7 A, got   3.97 A  ok  (forced)
  residue  17 -> C19  asked <=  4.7 A, got   3.33 A  ok  (forced)
  residue  20 -> C26  asked <=  4.3 A, got   7.12 A  MISSED  (forced)
  residue  25 -> C29  asked <=  4.1 A, got   2.53 A  ok  (forced)

structure                           enclosed  wrapped  engaged  cent sep  closest         hints
ox1_orig_f12                            0.99     1.00    17/17       1.2     2.42           2/9
ox1_esm1_f8                             0.94     1.00    17/17       4.1     2.56           1/8
ox1_orig_f8                             0.93     1.00    17/17       1.2     2.43           4/8
ox1_orig_f4                             0.78     1.00    17/17       4.5     2.55           2/4
ox1_esm1_f12                            0.78     1.00    17/17       4.5     2.76           1/9
ox1_esm1_control                        0.77     0.94    16/17       5.9     2.69  none applied
ox1_esm2_f4                             0.59     1.00    17/17       4.0     2.85           1/4
ox1_esm2_f8                             0.56     0.88    15/17       6.8     3.13           1/8
ox1_esm2_f12                            0.53     0.71    12/17       6.5     3.16           1/9
ox1_orig_control                        0.52     0.71    12/17       7.2     3.22  none applied
ox1_esm1_f4                             0.48     0.77    13/17       9.1     2.42           1/4
ox1_esm2_control                        0.44     0.71    12/17       9.0     3.45  none applied

'enclosed' = fraction of directions out of the ligand that run into peptide: is it in a
shell or against one face. 'wrapped' = fraction of ligand atoms with peptide within 4.5 A.
They disagree usefully -- a fold can contact three quarters of the ligand while leaving it
outside, which the centroid separation shows.

results in runs/oxybenzone/boltz/fold_check_shell1.csv

3 fold(s) carried hints that Boltz discarded (force:false) -- treat these as unconstrained controls, not as failures.
