
ox1_esm1_f12
  residue   1 -> C18  asked <=  4.9 A, got   5.02 A  MISSED  (forced)
  residue   3 -> O13  asked <=  3.8 A, got   3.42 A  ok  (forced)
  residue   5 -> C19  asked <=  4.8 A, got   9.34 A  MISSED  (forced)
  residue   9 -> O14  asked <=  3.6 A, got   9.49 A  MISSED  (forced)
  residue  11 -> C29  asked <=  4.1 A, got   7.09 A  MISSED  (forced)
  residue  13 -> C20  asked <=  4.7 A, got   8.18 A  MISSED  (forced)
  residue  17 -> C19  asked <=  4.7 A, got   4.82 A  MISSED  (forced)
  residue  20 -> C26  asked <=  4.3 A, got   9.34 A  MISSED  (forced)
  residue  25 -> C29  asked <=  4.1 A, got   4.21 A  MISSED  (forced)

ox1_esm1_f4
  residue   3 -> O13  asked <=  3.8 A, got   3.28 A  ok  (forced)
  residue   9 -> O14  asked <=  3.6 A, got   6.70 A  MISSED  (forced)
  residue  11 -> C29  asked <=  4.1 A, got  12.55 A  MISSED  (forced)
  residue  25 -> C29  asked <=  4.1 A, got   5.26 A  MISSED  (forced)

ox1_esm1_f8
  residue   3 -> O13  asked <=  3.8 A, got   5.45 A  MISSED  (forced)
  residue   5 -> C19  asked <=  4.8 A, got   6.63 A  MISSED  (forced)
  residue   9 -> O14  asked <=  3.6 A, got   3.90 A  MISSED  (forced)
  residue  11 -> C29  asked <=  4.1 A, got   6.71 A  MISSED  (forced)
  residue  13 -> C20  asked <=  4.7 A, got   3.55 A  ok  (forced)
  residue  17 -> C19  asked <=  4.7 A, got  10.47 A  MISSED  (forced)
  residue  20 -> C26  asked <=  4.3 A, got  12.37 A  MISSED  (forced)
  residue  25 -> C29  asked <=  4.1 A, got   4.55 A  MISSED  (forced)

ox1_esm2_f12
  residue   1 -> C18  asked <=  4.9 A, got  12.69 A  MISSED  (forced)
  residue   3 -> O13  asked <=  3.8 A, got   9.86 A  MISSED  (forced)
  residue   5 -> C19  asked <=  4.8 A, got   8.72 A  MISSED  (forced)
  residue   9 -> O14  asked <=  3.6 A, got   7.55 A  MISSED  (forced)
  residue  11 -> C29  asked <=  4.1 A, got   9.26 A  MISSED  (forced)
  residue  13 -> C20  asked <=  4.7 A, got   3.98 A  ok  (forced)
  residue  17 -> C19  asked <=  4.7 A, got   8.89 A  MISSED  (forced)
  residue  20 -> C26  asked <=  4.3 A, got  13.49 A  MISSED  (forced)
  residue  25 -> C29  asked <=  4.1 A, got   4.25 A  MISSED  (forced)

ox1_esm2_f4
  residue   3 -> O13  asked <=  3.8 A, got   3.46 A  ok  (forced)
  residue   9 -> O14  asked <=  3.6 A, got   9.37 A  MISSED  (forced)
  residue  11 -> C29  asked <=  4.1 A, got   7.97 A  MISSED  (forced)
  residue  25 -> C29  asked <=  4.1 A, got   4.90 A  MISSED  (forced)

ox1_esm2_f8
  residue   3 -> O13  asked <=  3.8 A, got  14.57 A  MISSED  (forced)
  residue   5 -> C19  asked <=  4.8 A, got  10.80 A  MISSED  (forced)
  residue   9 -> O14  asked <=  3.6 A, got  10.33 A  MISSED  (forced)
  residue  11 -> C29  asked <=  4.1 A, got  10.76 A  MISSED  (forced)
  residue  13 -> C20  asked <=  4.7 A, got   7.13 A  MISSED  (forced)
  residue  17 -> C19  asked <=  4.7 A, got   6.40 A  MISSED  (forced)
  residue  20 -> C26  asked <=  4.3 A, got   8.77 A  MISSED  (forced)
  residue  25 -> C29  asked <=  4.1 A, got   3.55 A  ok  (forced)

ox1_orig_f12
  residue   1 -> C18  asked <=  4.9 A, got   3.60 A  ok  (forced)
  residue   3 -> O13  asked <=  3.8 A, got   3.86 A  MISSED  (forced)
  residue   5 -> C19  asked <=  4.8 A, got   6.93 A  MISSED  (forced)
  residue   9 -> O14  asked <=  3.6 A, got   3.59 A  ok  (forced)
  residue  11 -> C29  asked <=  4.1 A, got   7.31 A  MISSED  (forced)
  residue  13 -> C20  asked <=  4.7 A, got   5.23 A  MISSED  (forced)
  residue  17 -> C19  asked <=  4.7 A, got   6.10 A  MISSED  (forced)
  residue  20 -> C26  asked <=  4.3 A, got   5.09 A  MISSED  (forced)
  residue  25 -> C29  asked <=  4.1 A, got  11.23 A  MISSED  (forced)

ox1_orig_f4
  residue   3 -> O13  asked <=  3.8 A, got   4.80 A  MISSED  (forced)
  residue   9 -> O14  asked <=  3.6 A, got   2.63 A  ok  (forced)
  residue  11 -> C29  asked <=  4.1 A, got   8.97 A  MISSED  (forced)
  residue  25 -> C29  asked <=  4.1 A, got   3.43 A  ok  (forced)

ox1_orig_f8
  residue   3 -> O13  asked <=  3.8 A, got   6.60 A  MISSED  (forced)
  residue   5 -> C19  asked <=  4.8 A, got   4.66 A  ok  (forced)
  residue   9 -> O14  asked <=  3.6 A, got   4.05 A  MISSED  (forced)
  residue  11 -> C29  asked <=  4.1 A, got  10.86 A  MISSED  (forced)
  residue  13 -> C20  asked <=  4.7 A, got   3.97 A  ok  (forced)
  residue  17 -> C19  asked <=  4.7 A, got   3.33 A  ok  (forced)
  residue  20 -> C26  asked <=  4.3 A, got   7.12 A  MISSED  (forced)
  residue  25 -> C29  asked <=  4.1 A, got   2.53 A  ok  (forced)

ox2_esm1_f12
  residue   1 -> O14  asked <=  4.3 A, got   4.05 A  ok  (forced)
  residue   3 -> C29  asked <=  4.1 A, got   7.69 A  MISSED  (forced)
  residue   6 -> O13  asked <=  3.8 A, got   4.67 A  MISSED  (forced)
  residue   8 -> C18  asked <=  4.9 A, got   5.96 A  MISSED  (forced)
  residue  11 -> C19  asked <=  4.8 A, got  12.18 A  MISSED  (forced)
  residue  16 -> C29  asked <=  4.1 A, got   6.83 A  MISSED  (forced)
  residue  18 -> C20  asked <=  4.7 A, got   4.17 A  ok  (forced)
  residue  22 -> C19  asked <=  4.7 A, got  13.22 A  MISSED  (forced)
  residue  25 -> C26  asked <=  4.3 A, got   7.45 A  MISSED  (forced)
  residue  27 -> C17  asked <=  4.1 A, got   3.71 A  ok  (forced)

ox2_esm1_f4
  residue   3 -> C29  asked <=  4.1 A, got   4.07 A  ok  (forced)
  residue   6 -> O13  asked <=  3.8 A, got   3.75 A  ok  (forced)
  residue  16 -> C29  asked <=  4.1 A, got   8.08 A  MISSED  (forced)
  residue  27 -> C17  asked <=  4.1 A, got   3.84 A  ok  (forced)

ox2_esm1_f8
  residue   1 -> O14  asked <=  4.3 A, got   3.77 A  ok  (forced)
  residue   3 -> C29  asked <=  4.1 A, got   6.16 A  MISSED  (forced)
  residue   6 -> O13  asked <=  3.8 A, got   3.94 A  MISSED  (forced)
  residue  16 -> C29  asked <=  4.1 A, got   6.79 A  MISSED  (forced)
  residue  18 -> C20  asked <=  4.7 A, got   4.19 A  ok  (forced)
  residue  22 -> C19  asked <=  4.7 A, got  12.58 A  MISSED  (forced)
  residue  25 -> C26  asked <=  4.3 A, got   7.48 A  MISSED  (forced)
  residue  27 -> C17  asked <=  4.1 A, got   3.76 A  ok  (forced)

ox2_esm2_f12
  residue   1 -> O14  asked <=  4.3 A, got   5.54 A  MISSED  (forced)
  residue   3 -> C29  asked <=  4.1 A, got   6.56 A  MISSED  (forced)
  residue   6 -> O13  asked <=  3.8 A, got   7.37 A  MISSED  (forced)
  residue   8 -> C18  asked <=  4.9 A, got   7.90 A  MISSED  (forced)
  residue  11 -> C19  asked <=  4.8 A, got  11.29 A  MISSED  (forced)
  residue  16 -> C29  asked <=  4.1 A, got  12.34 A  MISSED  (forced)
  residue  18 -> C20  asked <=  4.7 A, got   9.44 A  MISSED  (forced)
  residue  22 -> C19  asked <=  4.7 A, got  11.19 A  MISSED  (forced)
  residue  25 -> C26  asked <=  4.3 A, got   7.00 A  MISSED  (forced)
  residue  27 -> C17  asked <=  4.1 A, got  10.67 A  MISSED  (forced)

ox2_esm2_f4
  residue   3 -> C29  asked <=  4.1 A, got   4.82 A  MISSED  (forced)
  residue   6 -> O13  asked <=  3.8 A, got  12.17 A  MISSED  (forced)
  residue  16 -> C29  asked <=  4.1 A, got  13.55 A  MISSED  (forced)
  residue  27 -> C17  asked <=  4.1 A, got   4.71 A  MISSED  (forced)

ox2_esm2_f8
  residue   1 -> O14  asked <=  4.3 A, got   7.13 A  MISSED  (forced)
  residue   3 -> C29  asked <=  4.1 A, got   5.09 A  MISSED  (forced)
  residue   6 -> O13  asked <=  3.8 A, got   9.11 A  MISSED  (forced)
  residue  16 -> C29  asked <=  4.1 A, got  12.14 A  MISSED  (forced)
  residue  18 -> C20  asked <=  4.7 A, got   8.64 A  MISSED  (forced)
  residue  22 -> C19  asked <=  4.7 A, got   5.50 A  MISSED  (forced)
  residue  25 -> C26  asked <=  4.3 A, got  10.66 A  MISSED  (forced)
  residue  27 -> C17  asked <=  4.1 A, got   7.16 A  MISSED  (forced)

ox2_orig_f12
  residue   1 -> O14  asked <=  4.3 A, got   5.75 A  MISSED  (forced)
  residue   3 -> C29  asked <=  4.1 A, got   6.77 A  MISSED  (forced)
  residue   6 -> O13  asked <=  3.8 A, got   8.45 A  MISSED  (forced)
  residue   8 -> C18  asked <=  4.9 A, got   8.47 A  MISSED  (forced)
  residue  11 -> C19  asked <=  4.8 A, got   3.87 A  ok  (forced)
  residue  16 -> C29  asked <=  4.1 A, got   8.55 A  MISSED  (forced)
  residue  18 -> C20  asked <=  4.7 A, got   3.92 A  ok  (forced)
  residue  22 -> C19  asked <=  4.7 A, got   8.42 A  MISSED  (forced)
  residue  25 -> C26  asked <=  4.3 A, got   9.15 A  MISSED  (forced)
  residue  27 -> C17  asked <=  4.1 A, got   6.10 A  MISSED  (forced)

ox2_orig_f4
  residue   3 -> C29  asked <=  4.1 A, got   4.60 A  MISSED  (forced)
  residue   6 -> O13  asked <=  3.8 A, got   3.63 A  ok  (forced)
  residue  16 -> C29  asked <=  4.1 A, got   5.44 A  MISSED  (forced)
  residue  27 -> C17  asked <=  4.1 A, got   4.52 A  MISSED  (forced)

ox2_orig_f8
  residue   1 -> O14  asked <=  4.3 A, got  11.43 A  MISSED  (forced)
  residue   3 -> C29  asked <=  4.1 A, got   4.39 A  MISSED  (forced)
  residue   6 -> O13  asked <=  3.8 A, got   4.65 A  MISSED  (forced)
  residue  16 -> C29  asked <=  4.1 A, got  10.07 A  MISSED  (forced)
  residue  18 -> C20  asked <=  4.7 A, got   4.54 A  ok  (forced)
  residue  22 -> C19  asked <=  4.7 A, got   4.35 A  ok  (forced)
  residue  25 -> C26  asked <=  4.3 A, got   7.59 A  MISSED  (forced)
  residue  27 -> C17  asked <=  4.1 A, got   4.88 A  MISSED  (forced)

ox3_esm1_f12
  residue   1 -> O14  asked <=  3.6 A, got  10.37 A  MISSED  (forced)
  residue   4 -> C20  asked <=  4.1 A, got   9.31 A  MISSED  (forced)
  residue   7 -> O15  asked <=  4.7 A, got  11.25 A  MISSED  (forced)
  residue  11 -> C19  asked <=  4.3 A, got  11.53 A  MISSED  (forced)
  residue  14 -> C17  asked <=  4.5 A, got   3.97 A  ok  (forced)
  residue  16 -> C22  asked <=  4.1 A, got   8.57 A  MISSED  (forced)
  residue  18 -> C29  asked <=  4.7 A, got   4.52 A  ok  (forced)
  residue  22 -> O13  asked <=  4.1 A, got   9.03 A  MISSED  (forced)
  residue  25 -> C29  asked <=  4.6 A, got   4.39 A  ok  (forced)
  residue  27 -> O15  asked <=  4.6 A, got   9.99 A  MISSED  (forced)

ox3_esm1_f4
  residue   1 -> O14  asked <=  3.6 A, got   8.01 A  MISSED  (forced)
  residue   4 -> C20  asked <=  4.1 A, got   6.74 A  MISSED  (forced)
  residue  16 -> C22  asked <=  4.1 A, got   8.55 A  MISSED  (forced)
  residue  22 -> O13  asked <=  4.1 A, got   6.11 A  MISSED  (forced)

ox3_esm1_f8
  residue   1 -> O14  asked <=  3.6 A, got   9.12 A  MISSED  (forced)
  residue   4 -> C20  asked <=  4.1 A, got  11.81 A  MISSED  (forced)
  residue  11 -> C19  asked <=  4.3 A, got  12.42 A  MISSED  (forced)
  residue  14 -> C17  asked <=  4.5 A, got   3.28 A  ok  (forced)
  residue  16 -> C22  asked <=  4.1 A, got   7.10 A  MISSED  (forced)
  residue  22 -> O13  asked <=  4.1 A, got   8.23 A  MISSED  (forced)
  residue  25 -> C29  asked <=  4.6 A, got   3.60 A  ok  (forced)
  residue  27 -> O15  asked <=  4.6 A, got   9.18 A  MISSED  (forced)

ox3_esm2_f12
  residue   1 -> O14  asked <=  3.6 A, got  11.02 A  MISSED  (forced)
  residue   4 -> C20  asked <=  4.1 A, got   6.06 A  MISSED  (forced)
  residue   7 -> O15  asked <=  4.7 A, got   9.68 A  MISSED  (forced)
  residue  11 -> C19  asked <=  4.3 A, got   5.25 A  MISSED  (forced)
  residue  14 -> C17  asked <=  4.5 A, got   5.33 A  MISSED  (forced)
  residue  16 -> C22  asked <=  4.1 A, got   7.81 A  MISSED  (forced)
  residue  18 -> C29  asked <=  4.7 A, got   6.78 A  MISSED  (forced)
  residue  22 -> O13  asked <=  4.1 A, got   8.30 A  MISSED  (forced)
  residue  25 -> C29  asked <=  4.6 A, got   3.97 A  ok  (forced)
  residue  27 -> O15  asked <=  4.6 A, got  10.82 A  MISSED  (forced)

ox3_esm2_f4
  residue   1 -> O14  asked <=  3.6 A, got   3.29 A  ok  (forced)
  residue   4 -> C20  asked <=  4.1 A, got   6.91 A  MISSED  (forced)
  residue  16 -> C22  asked <=  4.1 A, got  11.10 A  MISSED  (forced)
  residue  22 -> O13  asked <=  4.1 A, got   8.26 A  MISSED  (forced)

ox3_esm2_f8
  residue   1 -> O14  asked <=  3.6 A, got  10.70 A  MISSED  (forced)
  residue   4 -> C20  asked <=  4.1 A, got   6.22 A  MISSED  (forced)
  residue  11 -> C19  asked <=  4.3 A, got   6.54 A  MISSED  (forced)
  residue  14 -> C17  asked <=  4.5 A, got   3.55 A  ok  (forced)
  residue  16 -> C22  asked <=  4.1 A, got   7.02 A  MISSED  (forced)
  residue  22 -> O13  asked <=  4.1 A, got   7.81 A  MISSED  (forced)
  residue  25 -> C29  asked <=  4.6 A, got   4.33 A  ok  (forced)
  residue  27 -> O15  asked <=  4.6 A, got  10.97 A  MISSED  (forced)

ox3_orig_f12
  residue   1 -> O14  asked <=  3.6 A, got   8.86 A  MISSED  (forced)
  residue   4 -> C20  asked <=  4.1 A, got   7.45 A  MISSED  (forced)
  residue   7 -> O15  asked <=  4.7 A, got   8.81 A  MISSED  (forced)
  residue  11 -> C19  asked <=  4.3 A, got   8.55 A  MISSED  (forced)
  residue  14 -> C17  asked <=  4.5 A, got   2.75 A  ok  (forced)
  residue  16 -> C22  asked <=  4.1 A, got   5.36 A  MISSED  (forced)
  residue  18 -> C29  asked <=  4.7 A, got   6.63 A  MISSED  (forced)
  residue  22 -> O13  asked <=  4.1 A, got   4.93 A  MISSED  (forced)
  residue  25 -> C29  asked <=  4.6 A, got   6.34 A  MISSED  (forced)
  residue  27 -> O15  asked <=  4.6 A, got   5.23 A  MISSED  (forced)

ox3_orig_f4
  residue   1 -> O14  asked <=  3.6 A, got   2.53 A  ok  (forced)
  residue   4 -> C20  asked <=  4.1 A, got   4.50 A  MISSED  (forced)
  residue  16 -> C22  asked <=  4.1 A, got   4.55 A  MISSED  (forced)
  residue  22 -> O13  asked <=  4.1 A, got   4.35 A  MISSED  (forced)

ox3_orig_f8
  residue   1 -> O14  asked <=  3.6 A, got   8.41 A  MISSED  (forced)
  residue   4 -> C20  asked <=  4.1 A, got   6.58 A  MISSED  (forced)
  residue  11 -> C19  asked <=  4.3 A, got   3.98 A  ok  (forced)
  residue  14 -> C17  asked <=  4.5 A, got   5.00 A  MISSED  (forced)
  residue  16 -> C22  asked <=  4.1 A, got   5.34 A  MISSED  (forced)
  residue  22 -> O13  asked <=  4.1 A, got   3.54 A  ok  (forced)
  residue  25 -> C29  asked <=  4.6 A, got   6.31 A  MISSED  (forced)
  residue  27 -> O15  asked <=  4.6 A, got   3.82 A  ok  (forced)

structure                           enclosed  wrapped  engaged  cent sep  closest         hints
ox1_orig_f12                            0.99     1.00    17/17       1.2     2.42           2/9
ox3_orig_f8                             0.99     1.00    17/17       2.1     2.46           3/8
ox2_orig_f8                             0.97     1.00    17/17       2.7     2.43           2/8
ox1_esm1_f8                             0.94     1.00    17/17       4.1     2.56           1/8
ox1_orig_f8                             0.93     1.00    17/17       1.2     2.43           4/8
ox3_orig_f4                             0.89     0.94    16/17       3.7     2.53           1/4
ox2_orig_f4                             0.86     1.00    17/17       3.2     2.95           1/4
ox3_orig_f12                            0.84     0.94    16/17       4.7     2.45          1/10
ox1_orig_f4                             0.78     1.00    17/17       4.5     2.55           2/4
ox1_esm1_f12                            0.78     1.00    17/17       4.5     2.76           1/9
ox1_esm1_control                        0.77     0.94    16/17       5.9     2.69  none applied
ox2_esm2_f8                             0.75     1.00    17/17       7.1     2.45           0/8
ox3_esm2_f8                             0.75     1.00    17/17       5.2     2.44           2/8
ox2_esm1_f12                            0.69     0.94    16/17       6.1     2.41          3/10
ox3_esm1_f8                             0.69     0.77    13/17       5.7     3.28           2/8
ox2_esm1_f8                             0.67     1.00    17/17       6.4     2.77           3/8
ox2_orig_f12                            0.67     1.00    17/17       6.0     2.55          2/10
ox3_esm2_f12                            0.66     0.71    12/17       5.5     3.26          1/10
ox3_esm2_f4                             0.65     0.88    15/17       7.1     3.05           1/4
ox2_esm1_f4                             0.65     0.82    14/17       7.6     3.01           3/4
ox3_orig_control                        0.61     0.82    14/17       5.8     3.24  none applied
ox2_esm1_control                        0.61     1.00    17/17       7.6     3.09  none applied
ox1_esm2_f4                             0.59     1.00    17/17       4.0     2.85           1/4
ox3_esm1_f12                            0.59     0.88    15/17       6.7     3.36          3/10
ox2_esm2_f12                            0.58     0.94    16/17       7.2     2.76          0/10
ox2_esm2_f4                             0.56     0.71    12/17       9.4     2.67           0/4
ox1_esm2_f8                             0.56     0.88    15/17       6.8     3.13           1/8
ox3_esm2_control                        0.55     0.59    10/17       6.8     3.47  none applied
ox2_orig_control                        0.54     1.00    17/17       9.0     2.85  none applied
ox1_esm2_f12                            0.53     0.71    12/17       6.5     3.16           1/9
ox1_orig_control                        0.52     0.71    12/17       7.2     3.22  none applied
ox3_esm1_control                        0.52     0.77    13/17       7.2     2.99  none applied
ox3_esm1_f4                             0.52     0.82    14/17       7.0     2.68           0/4
ox2_esm2_control                        0.49     0.88    15/17      10.7     2.91  none applied
ox1_esm1_f4                             0.48     0.77    13/17       9.1     2.42           1/4
ox1_esm2_control                        0.44     0.71    12/17       9.0     3.45  none applied

'enclosed' = fraction of directions out of the ligand that run into peptide: is it in a
shell or against one face. 'wrapped' = fraction of ligand atoms with peptide within 4.5 A.
They disagree usefully -- a fold can contact three quarters of the ligand while leaving it
outside, which the centroid separation shows.

results in runs/oxybenzone/boltz/fold_check_shell3.csv

4 fold(s) with enforced contacts satisfied none of them. Check the fold log says
'--use_potentials': without it a forced contact is conditioning only, and the model may decline.

9 fold(s) carried hints that Boltz discarded (force:false) -- treat these as unconstrained controls, not as failures.
