loaded 75 poses from runs/oxybenzone
10 poses: aspartic13, glutamic1, isoleucine6, leucine0, serine13, tryptophan4, tyrosine2, phenylalanine0, aspartic9, serine8
aspartic13 -> glutamic1  d_CA 13.30  best closure 0.000 A (penalty 0.00) at k=4
aspartic13 -> isoleucine6  d_CA 8.43  best closure 0.000 A (penalty 0.00) at k=2
aspartic13 -> leucine0  d_CA 9.40  best closure 0.000 A (penalty 0.00) at k=3
aspartic13 -> serine13  d_CA 13.76  best closure 0.000 A (penalty 0.00) at k=4
aspartic13 -> tryptophan4  d_CA 15.14  best closure 0.000 A (penalty 0.00) at k=4
aspartic13 -> tyrosine2  d_CA 3.06  best closure 0.000 A (penalty 0.00) at k=4
aspartic13 -> phenylalanine0  d_CA 8.47  best closure 0.000 A (penalty 0.00) at k=2
aspartic13 -> aspartic9  d_CA 9.61  best closure 0.000 A (penalty 0.00) at k=2
aspartic13 -> serine8  d_CA 10.82  best closure 0.000 A (penalty 0.00) at k=3
glutamic1 -> aspartic13  d_CA 13.30  best closure 0.000 A (penalty 0.00) at k=4
glutamic1 -> isoleucine6  d_CA 10.70  best closure 0.000 A (penalty 0.00) at k=4
glutamic1 -> leucine0  d_CA 11.51  best closure 0.000 A (penalty 0.00) at k=3
glutamic1 -> serine13  d_CA 8.90  best closure 0.000 A (penalty 0.00) at k=3
glutamic1 -> tryptophan4  d_CA 8.28  best closure 0.000 A (penalty 0.00) at k=3
glutamic1 -> tyrosine2  d_CA 11.25  best closure 0.000 A (penalty 0.00) at k=3
glutamic1 -> phenylalanine0  d_CA 12.76  best closure 0.000 A (penalty 0.00) at k=3
glutamic1 -> aspartic9  d_CA 7.04  best closure 0.000 A (penalty 0.00) at k=2
glutamic1 -> serine8  d_CA 5.14  best closure 0.000 A (penalty 0.00) at k=2
isoleucine6 -> aspartic13  d_CA 8.43  best closure 0.000 A (penalty 0.00) at k=2
isoleucine6 -> glutamic1  d_CA 10.70  best closure 0.000 A (penalty 0.00) at k=3
isoleucine6 -> leucine0  d_CA 13.50  best closure 0.000 A (penalty 0.00) at k=4
isoleucine6 -> serine13  d_CA 13.33  best closure 0.000 A (penalty 0.00) at k=4
isoleucine6 -> tryptophan4  d_CA 12.80  best closure 0.000 A (penalty 0.00) at k=4
isoleucine6 -> tyrosine2  d_CA 8.07  best closure 0.000 A (penalty 0.00) at k=3
isoleucine6 -> phenylalanine0  d_CA 2.14  best closure 0.000 A (penalty 0.00) at k=3
isoleucine6 -> aspartic9  d_CA 3.96  best closure 0.000 A (penalty 0.00) at k=3
isoleucine6 -> serine8  d_CA 5.78  best closure 0.000 A (penalty 0.00) at k=4
leucine0 -> aspartic13  d_CA 9.40  best closure 0.000 A (penalty 0.00) at k=3
leucine0 -> glutamic1  d_CA 11.51  best closure 0.000 A (penalty 0.00) at k=3
leucine0 -> isoleucine6  d_CA 13.50  best closure 0.000 A (penalty 0.00) at k=4
leucine0 -> serine13  d_CA 7.19  best closure 0.000 A (penalty 0.00) at k=2
leucine0 -> tryptophan4  d_CA 10.07  best closure 0.000 A (penalty 0.00) at k=3
leucine0 -> tyrosine2  d_CA 9.65  best closure 0.000 A (penalty 0.00) at k=3
leucine0 -> phenylalanine0  d_CA 14.78  best closure 0.000 A (penalty 0.00) at k=4
leucine0 -> aspartic9  d_CA 11.68  best closure 0.000 A (penalty 0.00) at k=4
leucine0 -> serine8  d_CA 12.33  best closure 0.000 A (penalty 0.00) at k=4
serine13 -> aspartic13  d_CA 13.76  best closure 0.000 A (penalty 0.00) at k=4
serine13 -> glutamic1  d_CA 8.90  best closure 0.000 A (penalty 0.00) at k=3
serine13 -> isoleucine6  d_CA 13.33  best closure 0.000 A (penalty 0.00) at k=4
serine13 -> leucine0  d_CA 7.19  best closure 0.000 A (penalty 0.00) at k=2
serine13 -> tryptophan4  d_CA 3.19  best closure 0.000 A (penalty 0.00) at k=3
serine13 -> tyrosine2  d_CA 13.48  best closure 0.000 A (penalty 0.00) at k=3
serine13 -> phenylalanine0  d_CA 15.16  best closure 0.000 A (penalty 0.00) at k=4
serine13 -> aspartic9  d_CA 10.14  best closure 0.000 A (penalty 0.00) at k=3
serine13 -> serine8  d_CA 10.51  best closure 0.000 A (penalty 0.00) at k=2
tryptophan4 -> aspartic13  d_CA 15.14  best closure 0.000 A (penalty 0.00) at k=4
tryptophan4 -> glutamic1  d_CA 8.28  best closure 0.000 A (penalty 0.00) at k=3
tryptophan4 -> isoleucine6  d_CA 12.80  best closure 0.000 A (penalty 0.00) at k=4
tryptophan4 -> leucine0  d_CA 10.07  best closure 0.000 A (penalty 0.00) at k=3
tryptophan4 -> serine13  d_CA 3.19  best closure 0.000 A (penalty 0.00) at k=3
tryptophan4 -> tyrosine2  d_CA 14.68  best closure 0.000 A (penalty 0.00) at k=4
tryptophan4 -> phenylalanine0  d_CA 14.74  best closure 0.000 A (penalty 0.00) at k=4
tryptophan4 -> aspartic9  d_CA 9.33  best closure 0.000 A (penalty 0.00) at k=3
tryptophan4 -> serine8  d_CA 9.58  best closure 0.000 A (penalty 0.00) at k=2
tyrosine2 -> aspartic13  d_CA 3.06  best closure 0.000 A (penalty 0.00) at k=3
tyrosine2 -> glutamic1  d_CA 11.25  best closure 0.000 A (penalty 0.00) at k=3
tyrosine2 -> isoleucine6  d_CA 8.07  best closure 0.000 A (penalty 0.00) at k=2
tyrosine2 -> leucine0  d_CA 9.65  best closure 0.000 A (penalty 0.00) at k=3
tyrosine2 -> serine13  d_CA 13.48  best closure 0.000 A (penalty 0.00) at k=3
tyrosine2 -> tryptophan4  d_CA 14.68  best closure 0.000 A (penalty 0.00) at k=4
tyrosine2 -> phenylalanine0  d_CA 8.54  best closure 0.000 A (penalty 0.00) at k=3
tyrosine2 -> aspartic9  d_CA 8.62  best closure 0.000 A (penalty 0.00) at k=2
tyrosine2 -> serine8  d_CA 9.17  best closure 0.000 A (penalty 0.00) at k=2
phenylalanine0 -> aspartic13  d_CA 8.47  best closure 0.000 A (penalty 0.00) at k=2
phenylalanine0 -> glutamic1  d_CA 12.76  best closure 0.000 A (penalty 0.00) at k=3
phenylalanine0 -> isoleucine6  d_CA 2.14  best closure 0.000 A (penalty 0.00) at k=3
phenylalanine0 -> leucine0  d_CA 12.51  best closure 0.000 A (penalty 0.00) at k=3
phenylalanine0 -> serine13  d_CA 15.16  best closure 0.000 A (penalty 0.00) at k=4
phenylalanine0 -> tryptophan4  d_CA 14.74  best closure 0.000 A (penalty 0.00) at k=4
phenylalanine0 -> tyrosine2  d_CA 8.54  best closure 0.000 A (penalty 0.00) at k=3
phenylalanine0 -> aspartic9  d_CA 6.10  best closure 0.000 A (penalty 0.00) at k=2
phenylalanine0 -> serine8  d_CA 7.84  best closure 0.000 A (penalty 0.00) at k=3
aspartic9 -> aspartic13  d_CA 9.61  best closure 0.000 A (penalty 0.00) at k=2
aspartic9 -> glutamic1  d_CA 7.04  best closure 0.000 A (penalty 0.00) at k=2
aspartic9 -> isoleucine6  d_CA 3.96  best closure 0.000 A (penalty 0.00) at k=3
aspartic9 -> leucine0  d_CA 11.68  best closure 0.000 A (penalty 0.00) at k=4
aspartic9 -> serine13  d_CA 10.14  best closure 0.000 A (penalty 0.00) at k=3
aspartic9 -> tryptophan4  d_CA 9.33  best closure 0.000 A (penalty 0.00) at k=3
aspartic9 -> tyrosine2  d_CA 8.62  best closure 0.000 A (penalty 0.00) at k=2
aspartic9 -> phenylalanine0  d_CA 6.10  best closure 0.000 A (penalty 0.00) at k=2
aspartic9 -> serine8  d_CA 2.48  best closure 0.000 A (penalty 0.00) at k=3
serine8 -> aspartic13  d_CA 10.82  best closure 0.000 A (penalty 0.00) at k=3
serine8 -> glutamic1  d_CA 5.14  best closure 0.000 A (penalty 0.00) at k=2
serine8 -> isoleucine6  d_CA 5.78  best closure 0.000 A (penalty 0.00) at k=3
serine8 -> leucine0  d_CA 12.33  best closure 0.000 A (penalty 0.00) at k=4
serine8 -> serine13  d_CA 10.51  best closure 0.000 A (penalty 0.00) at k=2
serine8 -> tryptophan4  d_CA 9.58  best closure 0.000 A (penalty 0.00) at k=2
serine8 -> tyrosine2  d_CA 9.17  best closure 0.000 A (penalty 0.00) at k=2
serine8 -> phenylalanine0  d_CA 7.84  best closure 0.000 A (penalty 0.00) at k=3
serine8 -> aspartic9  d_CA 2.48  best closure 0.000 A (penalty 0.00) at k=3

3240 rows -> runs/oxybenzone/condense_shell3.csv
