loaded 75 poses from runs/oxybenzone
10 poses: phenylalanine2, arginine3, lysine3, aspartic13, glutamic4, isoleucine2, leucine2, serine0, tryptophan0, aspartic4
phenylalanine2 -> arginine3  d_CA 7.40  best closure 0.000 A (penalty 0.00) at k=2
phenylalanine2 -> lysine3  d_CA 12.57  best closure 0.000 A (penalty 0.00) at k=4
phenylalanine2 -> aspartic13  d_CA 12.72  best closure 0.000 A (penalty 0.00) at k=3
phenylalanine2 -> glutamic4  d_CA 11.29  best closure 0.000 A (penalty 0.00) at k=3
phenylalanine2 -> isoleucine2  d_CA 6.33  best closure 0.000 A (penalty 0.00) at k=2
phenylalanine2 -> leucine2  d_CA 13.46  best closure 0.000 A (penalty 0.00) at k=4
phenylalanine2 -> serine0  d_CA 4.16  best closure 0.000 A (penalty 0.00) at k=2
phenylalanine2 -> tryptophan0  d_CA 14.47  best closure 0.000 A (penalty 0.00) at k=4
phenylalanine2 -> aspartic4  d_CA 7.46  best closure 0.000 A (penalty 0.00) at k=3
arginine3 -> phenylalanine2  d_CA 7.40  best closure 0.000 A (penalty 0.00) at k=2
arginine3 -> lysine3  d_CA 10.59  best closure 0.000 A (penalty 0.00) at k=3
arginine3 -> aspartic13  d_CA 10.61  best closure 0.000 A (penalty 0.00) at k=3
arginine3 -> glutamic4  d_CA 12.67  best closure 0.000 A (penalty 0.00) at k=3
arginine3 -> isoleucine2  d_CA 10.18  best closure 0.000 A (penalty 0.00) at k=2
arginine3 -> leucine2  d_CA 8.88  best closure 0.000 A (penalty 0.00) at k=3
arginine3 -> serine0  d_CA 5.73  best closure 0.000 A (penalty 0.00) at k=3
arginine3 -> tryptophan0  d_CA 13.88  best closure 0.000 A (penalty 0.00) at k=4
arginine3 -> aspartic4  d_CA 10.29  best closure 0.000 A (penalty 0.00) at k=3
lysine3 -> phenylalanine2  d_CA 12.57  best closure 0.000 A (penalty 0.00) at k=4
lysine3 -> arginine3  d_CA 10.59  best closure 0.000 A (penalty 0.00) at k=3
lysine3 -> aspartic13  d_CA 14.94  best closure 0.000 A (penalty 0.00) at k=4
lysine3 -> glutamic4  d_CA 18.10  best closure 0.000 A (penalty 0.00) at k=4
lysine3 -> isoleucine2  d_CA 12.74  best closure 0.000 A (penalty 0.00) at k=4
lysine3 -> leucine2  d_CA 4.46  best closure 0.000 A (penalty 0.00) at k=2
lysine3 -> serine0  d_CA 11.70  best closure 0.000 A (penalty 0.00) at k=4
lysine3 -> tryptophan0  d_CA 15.11  best closure 0.000 A (penalty 0.00) at k=4
lysine3 -> aspartic4  d_CA 15.83  best closure 0.000 A (penalty 0.00) at k=4
aspartic13 -> phenylalanine2  d_CA 12.72  best closure 0.000 A (penalty 0.00) at k=3
aspartic13 -> arginine3  d_CA 10.61  best closure 0.000 A (penalty 0.00) at k=3
aspartic13 -> lysine3  d_CA 14.40  best closure 0.000 A (penalty 0.00) at k=4
aspartic13 -> glutamic4  d_CA 6.39  best closure 0.000 A (penalty 0.00) at k=1
aspartic13 -> isoleucine2  d_CA 9.16  best closure 0.000 A (penalty 0.00) at k=2
aspartic13 -> leucine2  d_CA 15.48  best closure 0.000 A (penalty 0.00) at k=4
aspartic13 -> serine0  d_CA 8.78  best closure 0.000 A (penalty 0.00) at k=2
aspartic13 -> tryptophan0  d_CA 3.78  best closure 0.000 A (penalty 0.00) at k=3
aspartic13 -> aspartic4  d_CA 8.09  best closure 0.000 A (penalty 0.00) at k=2
glutamic4 -> phenylalanine2  d_CA 11.29  best closure 0.000 A (penalty 0.00) at k=3
glutamic4 -> arginine3  d_CA 12.67  best closure 0.000 A (penalty 0.00) at k=3
glutamic4 -> lysine3  d_CA 18.10  best closure 0.000 A (penalty 0.00) at k=4
glutamic4 -> aspartic13  d_CA 6.39  best closure 0.000 A (penalty 0.00) at k=1
glutamic4 -> isoleucine2  d_CA 7.36  best closure 0.000 A (penalty 0.00) at k=2
glutamic4 -> leucine2  d_CA 18.39  best closure 0.150 A (penalty 0.00) at k=4
glutamic4 -> serine0  d_CA 8.79  best closure 0.000 A (penalty 0.00) at k=2
glutamic4 -> tryptophan0  d_CA 5.75  best closure 0.000 A (penalty 0.00) at k=2
glutamic4 -> aspartic4  d_CA 3.98  best closure 0.000 A (penalty 0.00) at k=2
isoleucine2 -> phenylalanine2  d_CA 6.33  best closure 0.000 A (penalty 0.00) at k=2
isoleucine2 -> arginine3  d_CA 10.18  best closure 0.000 A (penalty 0.00) at k=2
isoleucine2 -> lysine3  d_CA 12.14  best closure 0.000 A (penalty 0.00) at k=3
isoleucine2 -> aspartic13  d_CA 9.16  best closure 0.000 A (penalty 0.00) at k=2
isoleucine2 -> glutamic4  d_CA 7.36  best closure 0.000 A (penalty 0.00) at k=2
isoleucine2 -> leucine2  d_CA 15.07  best closure 0.000 A (penalty 0.00) at k=4
isoleucine2 -> serine0  d_CA 4.49  best closure 0.000 A (penalty 0.00) at k=2
isoleucine2 -> tryptophan0  d_CA 9.52  best closure 0.000 A (penalty 0.00) at k=4
isoleucine2 -> aspartic4  d_CA 4.85  best closure 0.000 A (penalty 0.00) at k=2
leucine2 -> phenylalanine2  d_CA 13.46  best closure 0.000 A (penalty 0.00) at k=4
leucine2 -> arginine3  d_CA 8.88  best closure 0.000 A (penalty 0.00) at k=3
leucine2 -> lysine3  d_CA 4.46  best closure 0.000 A (penalty 0.00) at k=2
leucine2 -> aspartic13  d_CA 13.36  best closure 0.000 A (penalty 0.00) at k=3
leucine2 -> glutamic4  d_CA 18.39  best closure 0.141 A (penalty 0.00) at k=4
leucine2 -> isoleucine2  d_CA 15.07  best closure 0.000 A (penalty 0.00) at k=4
leucine2 -> serine0  d_CA 11.84  best closure 0.000 A (penalty 0.00) at k=4
leucine2 -> tryptophan0  d_CA 16.25  best closure 0.000 A (penalty 0.00) at k=4
leucine2 -> aspartic4  d_CA 15.60  best closure 0.000 A (penalty 0.00) at k=4
serine0 -> phenylalanine2  d_CA 4.16  best closure 0.000 A (penalty 0.00) at k=2
serine0 -> arginine3  d_CA 5.73  best closure 0.000 A (penalty 0.00) at k=2
serine0 -> lysine3  d_CA 11.70  best closure 0.000 A (penalty 0.00) at k=4
serine0 -> aspartic13  d_CA 8.78  best closure 0.000 A (penalty 0.00) at k=2
serine0 -> glutamic4  d_CA 8.79  best closure 0.000 A (penalty 0.00) at k=2
serine0 -> isoleucine2  d_CA 4.49  best closure 0.000 A (penalty 0.00) at k=2
serine0 -> leucine2  d_CA 11.84  best closure 0.000 A (penalty 0.00) at k=3
serine0 -> tryptophan0  d_CA 10.80  best closure 0.000 A (penalty 0.00) at k=3
serine0 -> aspartic4  d_CA 5.80  best closure 0.000 A (penalty 0.00) at k=3
tryptophan0 -> phenylalanine2  d_CA 14.47  best closure 0.000 A (penalty 0.00) at k=4
tryptophan0 -> arginine3  d_CA 13.88  best closure 0.000 A (penalty 0.00) at k=3
tryptophan0 -> lysine3  d_CA 16.83  best closure 0.000 A (penalty 0.00) at k=4
tryptophan0 -> aspartic13  d_CA 3.78  best closure 0.000 A (penalty 0.00) at k=3
tryptophan0 -> glutamic4  d_CA 5.75  best closure 0.000 A (penalty 0.00) at k=2
tryptophan0 -> isoleucine2  d_CA 9.52  best closure 0.000 A (penalty 0.00) at k=3
tryptophan0 -> leucine2  d_CA 16.25  best closure 0.000 A (penalty 0.00) at k=4
tryptophan0 -> serine0  d_CA 10.80  best closure 0.000 A (penalty 0.00) at k=3
tryptophan0 -> aspartic4  d_CA 8.64  best closure 0.000 A (penalty 0.00) at k=3
aspartic4 -> phenylalanine2  d_CA 7.46  best closure 0.000 A (penalty 0.00) at k=3
aspartic4 -> arginine3  d_CA 10.29  best closure 0.000 A (penalty 0.00) at k=3
aspartic4 -> lysine3  d_CA 15.83  best closure 0.000 A (penalty 0.00) at k=4
aspartic4 -> aspartic13  d_CA 8.09  best closure 0.000 A (penalty 0.00) at k=2
aspartic4 -> glutamic4  d_CA 3.98  best closure 0.000 A (penalty 0.00) at k=3
aspartic4 -> isoleucine2  d_CA 4.85  best closure 0.000 A (penalty 0.00) at k=2
aspartic4 -> leucine2  d_CA 15.60  best closure 0.000 A (penalty 0.00) at k=4
aspartic4 -> serine0  d_CA 5.80  best closure 0.000 A (penalty 0.00) at k=2
aspartic4 -> tryptophan0  d_CA 8.64  best closure 0.000 A (penalty 0.00) at k=3

3240 rows -> runs/oxybenzone/condense_shell1.csv
