ligand SMILES: COc1ccc(C(=O)c2ccccc2)c(O)c1
29 ligand atoms named by Boltz's own code path

sequence: DGGEGGIGGGSGGWGDGFGGGLGGYGS  (27 residues)
no contact hints (control run)

wrote runs/oxybenzone/boltz/ox3_orig_control.yaml
folding ox3_orig_control -> runs/oxybenzone/boltz/ox3_orig_control.log
  Boltz via wrapper /Users/cafierom/python_mac/boltz_local/code/boltz_mps.py
  wrote runs/oxybenzone/boltz/boltz_results_ox3_orig_control/predictions/ox3_orig_control/ox3_orig_control_model_0.cif
ligand SMILES: COc1ccc(C(=O)c2ccccc2)c(O)c1
29 ligand atoms named by Boltz's own code path

sequence: DGGEGGIGGGSGGWGDGFGGGLGGYGS  (27 residues)
4 contact hints (closest ligand atom per designed residue):
  residue   1 D  (aspartic13    ) -> ligand O14  at 2.64 A -> max_distance 3.6
  residue   4 E  (glutamic1     ) -> ligand C20  at 3.11 A -> max_distance 4.1
  residue  16 D  (aspartic9     ) -> ligand C22  at 3.09 A -> max_distance 4.1
  residue  22 L  (leucine0      ) -> ligand O13  at 3.14 A -> max_distance 4.1

wrote runs/oxybenzone/boltz/ox3_orig_f4.yaml
folding ox3_orig_f4 -> runs/oxybenzone/boltz/ox3_orig_f4.log
  Boltz via wrapper /Users/cafierom/python_mac/boltz_local/code/boltz_mps.py
  wrote runs/oxybenzone/boltz/boltz_results_ox3_orig_f4/predictions/ox3_orig_f4/ox3_orig_f4_model_0.cif
ligand SMILES: COc1ccc(C(=O)c2ccccc2)c(O)c1
29 ligand atoms named by Boltz's own code path

sequence: DGGEGGIGGGSGGWGDGFGGGLGGYGS  (27 residues)
8 contact hints (closest ligand atom per designed residue):
  residue   1 D  (aspartic13    ) -> ligand O14  at 2.64 A -> max_distance 3.6
  residue   4 E  (glutamic1     ) -> ligand C20  at 3.11 A -> max_distance 4.1
  residue  11 S  (serine13      ) -> ligand C19  at 3.35 A -> max_distance 4.3
  residue  14 W  (tryptophan4   ) -> ligand C17  at 3.45 A -> max_distance 4.5
  residue  16 D  (aspartic9     ) -> ligand C22  at 3.09 A -> max_distance 4.1
  residue  22 L  (leucine0      ) -> ligand O13  at 3.14 A -> max_distance 4.1
  residue  25 Y  (tyrosine2     ) -> ligand C29  at 3.62 A -> max_distance 4.6
  residue  27 S  (serine8       ) -> ligand O15  at 3.58 A -> max_distance 4.6

wrote runs/oxybenzone/boltz/ox3_orig_f8.yaml
folding ox3_orig_f8 -> runs/oxybenzone/boltz/ox3_orig_f8.log
  Boltz via wrapper /Users/cafierom/python_mac/boltz_local/code/boltz_mps.py
  wrote runs/oxybenzone/boltz/boltz_results_ox3_orig_f8/predictions/ox3_orig_f8/ox3_orig_f8_model_0.cif
ligand SMILES: COc1ccc(C(=O)c2ccccc2)c(O)c1
29 ligand atoms named by Boltz's own code path

sequence: DGGEGGIGGGSGGWGDGFGGGLGGYGS  (27 residues)
10 contact hints (closest ligand atom per designed residue):
  residue   1 D  (aspartic13    ) -> ligand O14  at 2.64 A -> max_distance 3.6
  residue   4 E  (glutamic1     ) -> ligand C20  at 3.11 A -> max_distance 4.1
  residue   7 I  (isoleucine6   ) -> ligand O15  at 3.73 A -> max_distance 4.7
  residue  11 S  (serine13      ) -> ligand C19  at 3.35 A -> max_distance 4.3
  residue  14 W  (tryptophan4   ) -> ligand C17  at 3.45 A -> max_distance 4.5
  residue  16 D  (aspartic9     ) -> ligand C22  at 3.09 A -> max_distance 4.1
  residue  18 F  (phenylalanine0) -> ligand C29  at 3.68 A -> max_distance 4.7
  residue  22 L  (leucine0      ) -> ligand O13  at 3.14 A -> max_distance 4.1
  residue  25 Y  (tyrosine2     ) -> ligand C29  at 3.62 A -> max_distance 4.6
  residue  27 S  (serine8       ) -> ligand O15  at 3.58 A -> max_distance 4.6

wrote runs/oxybenzone/boltz/ox3_orig_f12.yaml
folding ox3_orig_f12 -> runs/oxybenzone/boltz/ox3_orig_f12.log
  Boltz via wrapper /Users/cafierom/python_mac/boltz_local/code/boltz_mps.py
  wrote runs/oxybenzone/boltz/boltz_results_ox3_orig_f12/predictions/ox3_orig_f12/ox3_orig_f12_model_0.cif
ligand SMILES: COc1ccc(C(=O)c2ccccc2)c(O)c1
29 ligand atoms named by Boltz's own code path

sequence: DVAEALIGSSSDSWKDLFDLSLKSYRS  (27 residues)
no contact hints (control run)

wrote runs/oxybenzone/boltz/ox3_esm1_control.yaml
folding ox3_esm1_control -> runs/oxybenzone/boltz/ox3_esm1_control.log
  Boltz via wrapper /Users/cafierom/python_mac/boltz_local/code/boltz_mps.py
  wrote runs/oxybenzone/boltz/boltz_results_ox3_esm1_control/predictions/ox3_esm1_control/ox3_esm1_control_model_0.cif
ligand SMILES: COc1ccc(C(=O)c2ccccc2)c(O)c1
29 ligand atoms named by Boltz's own code path

sequence: DVAEALIGSSSDSWKDLFDLSLKSYRS  (27 residues)
4 contact hints (closest ligand atom per designed residue):
  residue   1 D  (aspartic13    ) -> ligand O14  at 2.64 A -> max_distance 3.6
  residue   4 E  (glutamic1     ) -> ligand C20  at 3.11 A -> max_distance 4.1
  residue  16 D  (aspartic9     ) -> ligand C22  at 3.09 A -> max_distance 4.1
  residue  22 L  (leucine0      ) -> ligand O13  at 3.14 A -> max_distance 4.1

wrote runs/oxybenzone/boltz/ox3_esm1_f4.yaml
folding ox3_esm1_f4 -> runs/oxybenzone/boltz/ox3_esm1_f4.log
  Boltz via wrapper /Users/cafierom/python_mac/boltz_local/code/boltz_mps.py
  wrote runs/oxybenzone/boltz/boltz_results_ox3_esm1_f4/predictions/ox3_esm1_f4/ox3_esm1_f4_model_0.cif
ligand SMILES: COc1ccc(C(=O)c2ccccc2)c(O)c1
29 ligand atoms named by Boltz's own code path

sequence: DVAEALIGSSSDSWKDLFDLSLKSYRS  (27 residues)
8 contact hints (closest ligand atom per designed residue):
  residue   1 D  (aspartic13    ) -> ligand O14  at 2.64 A -> max_distance 3.6
  residue   4 E  (glutamic1     ) -> ligand C20  at 3.11 A -> max_distance 4.1
  residue  11 S  (serine13      ) -> ligand C19  at 3.35 A -> max_distance 4.3
  residue  14 W  (tryptophan4   ) -> ligand C17  at 3.45 A -> max_distance 4.5
  residue  16 D  (aspartic9     ) -> ligand C22  at 3.09 A -> max_distance 4.1
  residue  22 L  (leucine0      ) -> ligand O13  at 3.14 A -> max_distance 4.1
  residue  25 Y  (tyrosine2     ) -> ligand C29  at 3.62 A -> max_distance 4.6
  residue  27 S  (serine8       ) -> ligand O15  at 3.58 A -> max_distance 4.6

wrote runs/oxybenzone/boltz/ox3_esm1_f8.yaml
folding ox3_esm1_f8 -> runs/oxybenzone/boltz/ox3_esm1_f8.log
  Boltz via wrapper /Users/cafierom/python_mac/boltz_local/code/boltz_mps.py
  wrote runs/oxybenzone/boltz/boltz_results_ox3_esm1_f8/predictions/ox3_esm1_f8/ox3_esm1_f8_model_0.cif
ligand SMILES: COc1ccc(C(=O)c2ccccc2)c(O)c1
29 ligand atoms named by Boltz's own code path

sequence: DVAEALIGSSSDSWKDLFDLSLKSYRS  (27 residues)
10 contact hints (closest ligand atom per designed residue):
  residue   1 D  (aspartic13    ) -> ligand O14  at 2.64 A -> max_distance 3.6
  residue   4 E  (glutamic1     ) -> ligand C20  at 3.11 A -> max_distance 4.1
  residue   7 I  (isoleucine6   ) -> ligand O15  at 3.73 A -> max_distance 4.7
  residue  11 S  (serine13      ) -> ligand C19  at 3.35 A -> max_distance 4.3
  residue  14 W  (tryptophan4   ) -> ligand C17  at 3.45 A -> max_distance 4.5
  residue  16 D  (aspartic9     ) -> ligand C22  at 3.09 A -> max_distance 4.1
  residue  18 F  (phenylalanine0) -> ligand C29  at 3.68 A -> max_distance 4.7
  residue  22 L  (leucine0      ) -> ligand O13  at 3.14 A -> max_distance 4.1
  residue  25 Y  (tyrosine2     ) -> ligand C29  at 3.62 A -> max_distance 4.6
  residue  27 S  (serine8       ) -> ligand O15  at 3.58 A -> max_distance 4.6

wrote runs/oxybenzone/boltz/ox3_esm1_f12.yaml
folding ox3_esm1_f12 -> runs/oxybenzone/boltz/ox3_esm1_f12.log
  Boltz via wrapper /Users/cafierom/python_mac/boltz_local/code/boltz_mps.py
  wrote runs/oxybenzone/boltz/boltz_results_ox3_esm1_f12/predictions/ox3_esm1_f12/ox3_esm1_f12_model_0.cif
ligand SMILES: COc1ccc(C(=O)c2ccccc2)c(O)c1
29 ligand atoms named by Boltz's own code path

sequence: DDSEIIIKINSSNWSDLFLDELKIYSS  (27 residues)
no contact hints (control run)

wrote runs/oxybenzone/boltz/ox3_esm2_control.yaml
folding ox3_esm2_control -> runs/oxybenzone/boltz/ox3_esm2_control.log
  Boltz via wrapper /Users/cafierom/python_mac/boltz_local/code/boltz_mps.py
  wrote runs/oxybenzone/boltz/boltz_results_ox3_esm2_control/predictions/ox3_esm2_control/ox3_esm2_control_model_0.cif
ligand SMILES: COc1ccc(C(=O)c2ccccc2)c(O)c1
29 ligand atoms named by Boltz's own code path

sequence: DDSEIIIKINSSNWSDLFLDELKIYSS  (27 residues)
4 contact hints (closest ligand atom per designed residue):
  residue   1 D  (aspartic13    ) -> ligand O14  at 2.64 A -> max_distance 3.6
  residue   4 E  (glutamic1     ) -> ligand C20  at 3.11 A -> max_distance 4.1
  residue  16 D  (aspartic9     ) -> ligand C22  at 3.09 A -> max_distance 4.1
  residue  22 L  (leucine0      ) -> ligand O13  at 3.14 A -> max_distance 4.1

wrote runs/oxybenzone/boltz/ox3_esm2_f4.yaml
folding ox3_esm2_f4 -> runs/oxybenzone/boltz/ox3_esm2_f4.log
  Boltz via wrapper /Users/cafierom/python_mac/boltz_local/code/boltz_mps.py
  wrote runs/oxybenzone/boltz/boltz_results_ox3_esm2_f4/predictions/ox3_esm2_f4/ox3_esm2_f4_model_0.cif
ligand SMILES: COc1ccc(C(=O)c2ccccc2)c(O)c1
29 ligand atoms named by Boltz's own code path

sequence: DDSEIIIKINSSNWSDLFLDELKIYSS  (27 residues)
8 contact hints (closest ligand atom per designed residue):
  residue   1 D  (aspartic13    ) -> ligand O14  at 2.64 A -> max_distance 3.6
  residue   4 E  (glutamic1     ) -> ligand C20  at 3.11 A -> max_distance 4.1
  residue  11 S  (serine13      ) -> ligand C19  at 3.35 A -> max_distance 4.3
  residue  14 W  (tryptophan4   ) -> ligand C17  at 3.45 A -> max_distance 4.5
  residue  16 D  (aspartic9     ) -> ligand C22  at 3.09 A -> max_distance 4.1
  residue  22 L  (leucine0      ) -> ligand O13  at 3.14 A -> max_distance 4.1
  residue  25 Y  (tyrosine2     ) -> ligand C29  at 3.62 A -> max_distance 4.6
  residue  27 S  (serine8       ) -> ligand O15  at 3.58 A -> max_distance 4.6

wrote runs/oxybenzone/boltz/ox3_esm2_f8.yaml
folding ox3_esm2_f8 -> runs/oxybenzone/boltz/ox3_esm2_f8.log
  Boltz via wrapper /Users/cafierom/python_mac/boltz_local/code/boltz_mps.py
  wrote runs/oxybenzone/boltz/boltz_results_ox3_esm2_f8/predictions/ox3_esm2_f8/ox3_esm2_f8_model_0.cif
ligand SMILES: COc1ccc(C(=O)c2ccccc2)c(O)c1
29 ligand atoms named by Boltz's own code path

sequence: DDSEIIIKINSSNWSDLFLDELKIYSS  (27 residues)
10 contact hints (closest ligand atom per designed residue):
  residue   1 D  (aspartic13    ) -> ligand O14  at 2.64 A -> max_distance 3.6
  residue   4 E  (glutamic1     ) -> ligand C20  at 3.11 A -> max_distance 4.1
  residue   7 I  (isoleucine6   ) -> ligand O15  at 3.73 A -> max_distance 4.7
  residue  11 S  (serine13      ) -> ligand C19  at 3.35 A -> max_distance 4.3
  residue  14 W  (tryptophan4   ) -> ligand C17  at 3.45 A -> max_distance 4.5
  residue  16 D  (aspartic9     ) -> ligand C22  at 3.09 A -> max_distance 4.1
  residue  18 F  (phenylalanine0) -> ligand C29  at 3.68 A -> max_distance 4.7
  residue  22 L  (leucine0      ) -> ligand O13  at 3.14 A -> max_distance 4.1
  residue  25 Y  (tyrosine2     ) -> ligand C29  at 3.62 A -> max_distance 4.6
  residue  27 S  (serine8       ) -> ligand O15  at 3.58 A -> max_distance 4.6

wrote runs/oxybenzone/boltz/ox3_esm2_f12.yaml
folding ox3_esm2_f12 -> runs/oxybenzone/boltz/ox3_esm2_f12.log
  Boltz via wrapper /Users/cafierom/python_mac/boltz_local/code/boltz_mps.py
  wrote runs/oxybenzone/boltz/boltz_results_ox3_esm2_f12/predictions/ox3_esm2_f12/ox3_esm2_f12_model_0.cif
