ligand SMILES: COc1ccc(C(=O)c2ccccc2)c(O)c1
29 ligand atoms named by Boltz's own code path

sequence: FGRGKGGGDGEGIGGGLGGSGGWGD  (25 residues)
no contact hints (control run)

wrote runs/oxybenzone/boltz/ox1_orig_control.yaml
folding ox1_orig_control -> runs/oxybenzone/boltz/ox1_orig_control.log
  Boltz via wrapper /Users/cafierom/python_mac/boltz_local/code/boltz_mps.py
  wrote runs/oxybenzone/boltz/boltz_results_ox1_orig_control/predictions/ox1_orig_control/ox1_orig_control_model_0.cif
ligand SMILES: COc1ccc(C(=O)c2ccccc2)c(O)c1
29 ligand atoms named by Boltz's own code path

sequence: FGRGKGGGDGEGIGGGLGGSGGWGD  (25 residues)
4 contact hints (closest ligand atom per designed residue):
  residue   3 R  (arginine3     ) -> ligand O13  at 2.78 A -> max_distance 3.8
  residue   9 D  (aspartic13    ) -> ligand O14  at 2.64 A -> max_distance 3.6
  residue  11 E  (glutamic4     ) -> ligand C29  at 3.06 A -> max_distance 4.1
  residue  25 D  (aspartic4     ) -> ligand C29  at 3.09 A -> max_distance 4.1

wrote runs/oxybenzone/boltz/ox1_orig_f4.yaml
folding ox1_orig_f4 -> runs/oxybenzone/boltz/ox1_orig_f4.log
  Boltz via wrapper /Users/cafierom/python_mac/boltz_local/code/boltz_mps.py
  wrote runs/oxybenzone/boltz/boltz_results_ox1_orig_f4/predictions/ox1_orig_f4/ox1_orig_f4_model_0.cif
ligand SMILES: COc1ccc(C(=O)c2ccccc2)c(O)c1
29 ligand atoms named by Boltz's own code path

sequence: FGRGKGGGDGEGIGGGLGGSGGWGD  (25 residues)
8 contact hints (closest ligand atom per designed residue):
  residue   3 R  (arginine3     ) -> ligand O13  at 2.78 A -> max_distance 3.8
  residue   5 K  (lysine3       ) -> ligand C19  at 3.75 A -> max_distance 4.8
  residue   9 D  (aspartic13    ) -> ligand O14  at 2.64 A -> max_distance 3.6
  residue  11 E  (glutamic4     ) -> ligand C29  at 3.06 A -> max_distance 4.1
  residue  13 I  (isoleucine2   ) -> ligand C20  at 3.69 A -> max_distance 4.7
  residue  17 L  (leucine2      ) -> ligand C19  at 3.74 A -> max_distance 4.7
  residue  20 S  (serine0       ) -> ligand C26  at 3.33 A -> max_distance 4.3
  residue  25 D  (aspartic4     ) -> ligand C29  at 3.09 A -> max_distance 4.1

wrote runs/oxybenzone/boltz/ox1_orig_f8.yaml
folding ox1_orig_f8 -> runs/oxybenzone/boltz/ox1_orig_f8.log
  Boltz via wrapper /Users/cafierom/python_mac/boltz_local/code/boltz_mps.py
  wrote runs/oxybenzone/boltz/boltz_results_ox1_orig_f8/predictions/ox1_orig_f8/ox1_orig_f8_model_0.cif
ligand SMILES: COc1ccc(C(=O)c2ccccc2)c(O)c1
29 ligand atoms named by Boltz's own code path

sequence: FGRGKGGGDGEGIGGGLGGSGGWGD  (25 residues)
9 contact hints (closest ligand atom per designed residue):
  residue   1 F  (phenylalanine2) -> ligand C18  at 3.86 A -> max_distance 4.9
  residue   3 R  (arginine3     ) -> ligand O13  at 2.78 A -> max_distance 3.8
  residue   5 K  (lysine3       ) -> ligand C19  at 3.75 A -> max_distance 4.8
  residue   9 D  (aspartic13    ) -> ligand O14  at 2.64 A -> max_distance 3.6
  residue  11 E  (glutamic4     ) -> ligand C29  at 3.06 A -> max_distance 4.1
  residue  13 I  (isoleucine2   ) -> ligand C20  at 3.69 A -> max_distance 4.7
  residue  17 L  (leucine2      ) -> ligand C19  at 3.74 A -> max_distance 4.7
  residue  20 S  (serine0       ) -> ligand C26  at 3.33 A -> max_distance 4.3
  residue  25 D  (aspartic4     ) -> ligand C29  at 3.09 A -> max_distance 4.1

wrote runs/oxybenzone/boltz/ox1_orig_f12.yaml
folding ox1_orig_f12 -> runs/oxybenzone/boltz/ox1_orig_f12.log
  Boltz via wrapper /Users/cafierom/python_mac/boltz_local/code/boltz_mps.py
  wrote runs/oxybenzone/boltz/boltz_results_ox1_orig_f12/predictions/ox1_orig_f12/ox1_orig_f12_model_0.cif
ligand SMILES: COc1ccc(C(=O)c2ccccc2)c(O)c1
29 ligand atoms named by Boltz's own code path

sequence: FPRLKLKSDAEAIASRLDGSTAWTD  (25 residues)
no contact hints (control run)

wrote runs/oxybenzone/boltz/ox1_esm1_control.yaml
folding ox1_esm1_control -> runs/oxybenzone/boltz/ox1_esm1_control.log
  Boltz via wrapper /Users/cafierom/python_mac/boltz_local/code/boltz_mps.py
  wrote runs/oxybenzone/boltz/boltz_results_ox1_esm1_control/predictions/ox1_esm1_control/ox1_esm1_control_model_0.cif
ligand SMILES: COc1ccc(C(=O)c2ccccc2)c(O)c1
29 ligand atoms named by Boltz's own code path

sequence: FPRLKLKSDAEAIASRLDGSTAWTD  (25 residues)
4 contact hints (closest ligand atom per designed residue):
  residue   3 R  (arginine3     ) -> ligand O13  at 2.78 A -> max_distance 3.8
  residue   9 D  (aspartic13    ) -> ligand O14  at 2.64 A -> max_distance 3.6
  residue  11 E  (glutamic4     ) -> ligand C29  at 3.06 A -> max_distance 4.1
  residue  25 D  (aspartic4     ) -> ligand C29  at 3.09 A -> max_distance 4.1

wrote runs/oxybenzone/boltz/ox1_esm1_f4.yaml
folding ox1_esm1_f4 -> runs/oxybenzone/boltz/ox1_esm1_f4.log
  Boltz via wrapper /Users/cafierom/python_mac/boltz_local/code/boltz_mps.py
  wrote runs/oxybenzone/boltz/boltz_results_ox1_esm1_f4/predictions/ox1_esm1_f4/ox1_esm1_f4_model_0.cif
ligand SMILES: COc1ccc(C(=O)c2ccccc2)c(O)c1
29 ligand atoms named by Boltz's own code path

sequence: FPRLKLKSDAEAIASRLDGSTAWTD  (25 residues)
8 contact hints (closest ligand atom per designed residue):
  residue   3 R  (arginine3     ) -> ligand O13  at 2.78 A -> max_distance 3.8
  residue   5 K  (lysine3       ) -> ligand C19  at 3.75 A -> max_distance 4.8
  residue   9 D  (aspartic13    ) -> ligand O14  at 2.64 A -> max_distance 3.6
  residue  11 E  (glutamic4     ) -> ligand C29  at 3.06 A -> max_distance 4.1
  residue  13 I  (isoleucine2   ) -> ligand C20  at 3.69 A -> max_distance 4.7
  residue  17 L  (leucine2      ) -> ligand C19  at 3.74 A -> max_distance 4.7
  residue  20 S  (serine0       ) -> ligand C26  at 3.33 A -> max_distance 4.3
  residue  25 D  (aspartic4     ) -> ligand C29  at 3.09 A -> max_distance 4.1

wrote runs/oxybenzone/boltz/ox1_esm1_f8.yaml
folding ox1_esm1_f8 -> runs/oxybenzone/boltz/ox1_esm1_f8.log
  Boltz via wrapper /Users/cafierom/python_mac/boltz_local/code/boltz_mps.py
  wrote runs/oxybenzone/boltz/boltz_results_ox1_esm1_f8/predictions/ox1_esm1_f8/ox1_esm1_f8_model_0.cif
ligand SMILES: COc1ccc(C(=O)c2ccccc2)c(O)c1
29 ligand atoms named by Boltz's own code path

sequence: FPRLKLKSDAEAIASRLDGSTAWTD  (25 residues)
9 contact hints (closest ligand atom per designed residue):
  residue   1 F  (phenylalanine2) -> ligand C18  at 3.86 A -> max_distance 4.9
  residue   3 R  (arginine3     ) -> ligand O13  at 2.78 A -> max_distance 3.8
  residue   5 K  (lysine3       ) -> ligand C19  at 3.75 A -> max_distance 4.8
  residue   9 D  (aspartic13    ) -> ligand O14  at 2.64 A -> max_distance 3.6
  residue  11 E  (glutamic4     ) -> ligand C29  at 3.06 A -> max_distance 4.1
  residue  13 I  (isoleucine2   ) -> ligand C20  at 3.69 A -> max_distance 4.7
  residue  17 L  (leucine2      ) -> ligand C19  at 3.74 A -> max_distance 4.7
  residue  20 S  (serine0       ) -> ligand C26  at 3.33 A -> max_distance 4.3
  residue  25 D  (aspartic4     ) -> ligand C29  at 3.09 A -> max_distance 4.1

wrote runs/oxybenzone/boltz/ox1_esm1_f12.yaml
folding ox1_esm1_f12 -> runs/oxybenzone/boltz/ox1_esm1_f12.log
  Boltz via wrapper /Users/cafierom/python_mac/boltz_local/code/boltz_mps.py
  wrote runs/oxybenzone/boltz/boltz_results_ox1_esm1_f12/predictions/ox1_esm1_f12/ox1_esm1_f12_model_0.cif
ligand SMILES: COc1ccc(C(=O)c2ccccc2)c(O)c1
29 ligand atoms named by Boltz's own code path

sequence: FKRKKSDDDSESIEKLLRRSTSWLD  (25 residues)
no contact hints (control run)

wrote runs/oxybenzone/boltz/ox1_esm2_control.yaml
folding ox1_esm2_control -> runs/oxybenzone/boltz/ox1_esm2_control.log
  Boltz via wrapper /Users/cafierom/python_mac/boltz_local/code/boltz_mps.py
  wrote runs/oxybenzone/boltz/boltz_results_ox1_esm2_control/predictions/ox1_esm2_control/ox1_esm2_control_model_0.cif
ligand SMILES: COc1ccc(C(=O)c2ccccc2)c(O)c1
29 ligand atoms named by Boltz's own code path

sequence: FKRKKSDDDSESIEKLLRRSTSWLD  (25 residues)
4 contact hints (closest ligand atom per designed residue):
  residue   3 R  (arginine3     ) -> ligand O13  at 2.78 A -> max_distance 3.8
  residue   9 D  (aspartic13    ) -> ligand O14  at 2.64 A -> max_distance 3.6
  residue  11 E  (glutamic4     ) -> ligand C29  at 3.06 A -> max_distance 4.1
  residue  25 D  (aspartic4     ) -> ligand C29  at 3.09 A -> max_distance 4.1

wrote runs/oxybenzone/boltz/ox1_esm2_f4.yaml
folding ox1_esm2_f4 -> runs/oxybenzone/boltz/ox1_esm2_f4.log
  Boltz via wrapper /Users/cafierom/python_mac/boltz_local/code/boltz_mps.py
  wrote runs/oxybenzone/boltz/boltz_results_ox1_esm2_f4/predictions/ox1_esm2_f4/ox1_esm2_f4_model_0.cif
ligand SMILES: COc1ccc(C(=O)c2ccccc2)c(O)c1
29 ligand atoms named by Boltz's own code path

sequence: FKRKKSDDDSESIEKLLRRSTSWLD  (25 residues)
8 contact hints (closest ligand atom per designed residue):
  residue   3 R  (arginine3     ) -> ligand O13  at 2.78 A -> max_distance 3.8
  residue   5 K  (lysine3       ) -> ligand C19  at 3.75 A -> max_distance 4.8
  residue   9 D  (aspartic13    ) -> ligand O14  at 2.64 A -> max_distance 3.6
  residue  11 E  (glutamic4     ) -> ligand C29  at 3.06 A -> max_distance 4.1
  residue  13 I  (isoleucine2   ) -> ligand C20  at 3.69 A -> max_distance 4.7
  residue  17 L  (leucine2      ) -> ligand C19  at 3.74 A -> max_distance 4.7
  residue  20 S  (serine0       ) -> ligand C26  at 3.33 A -> max_distance 4.3
  residue  25 D  (aspartic4     ) -> ligand C29  at 3.09 A -> max_distance 4.1

wrote runs/oxybenzone/boltz/ox1_esm2_f8.yaml
folding ox1_esm2_f8 -> runs/oxybenzone/boltz/ox1_esm2_f8.log
  Boltz via wrapper /Users/cafierom/python_mac/boltz_local/code/boltz_mps.py
  wrote runs/oxybenzone/boltz/boltz_results_ox1_esm2_f8/predictions/ox1_esm2_f8/ox1_esm2_f8_model_0.cif
ligand SMILES: COc1ccc(C(=O)c2ccccc2)c(O)c1
29 ligand atoms named by Boltz's own code path

sequence: FKRKKSDDDSESIEKLLRRSTSWLD  (25 residues)
9 contact hints (closest ligand atom per designed residue):
  residue   1 F  (phenylalanine2) -> ligand C18  at 3.86 A -> max_distance 4.9
  residue   3 R  (arginine3     ) -> ligand O13  at 2.78 A -> max_distance 3.8
  residue   5 K  (lysine3       ) -> ligand C19  at 3.75 A -> max_distance 4.8
  residue   9 D  (aspartic13    ) -> ligand O14  at 2.64 A -> max_distance 3.6
  residue  11 E  (glutamic4     ) -> ligand C29  at 3.06 A -> max_distance 4.1
  residue  13 I  (isoleucine2   ) -> ligand C20  at 3.69 A -> max_distance 4.7
  residue  17 L  (leucine2      ) -> ligand C19  at 3.74 A -> max_distance 4.7
  residue  20 S  (serine0       ) -> ligand C26  at 3.33 A -> max_distance 4.3
  residue  25 D  (aspartic4     ) -> ligand C29  at 3.09 A -> max_distance 4.1

wrote runs/oxybenzone/boltz/ox1_esm2_f12.yaml
folding ox1_esm2_f12 -> runs/oxybenzone/boltz/ox1_esm2_f12.log
  Boltz via wrapper /Users/cafierom/python_mac/boltz_local/code/boltz_mps.py
  wrote runs/oxybenzone/boltz/boltz_results_ox1_esm2_f12/predictions/ox1_esm2_f12/ox1_esm2_f12_model_0.cif
