[14:04:48] WARNING: More than one matching pattern found - picking one

ox3_esm1_control             ligand RMSD  0.67 A   0/10 fragments within 3.0 A   median 10.14 A (any type  4.15 A)
[14:04:48] WARNING: More than one matching pattern found - picking one

                             per fragment: D:5.9 E:15.1 I:7.2 S:9.6 W:18.9 D:13.4 F:10.6 L:6.7 Y:15.4 S:8.7
ox3_esm1_f12                 ligand RMSD  1.46 A   2/10 fragments within 3.0 A   median  7.68 A (any type  3.31 A)
[14:04:48] WARNING: More than one matching pattern found - picking one

                             per fragment: D:6.4 E:18.0 I:15.6 S:9.2 W:6.0 D:8.6 F:6.9 L:1.7 Y:1.1 S:8.4
ox3_esm1_f4                  ligand RMSD  0.24 A   0/10 fragments within 3.0 A   median 10.58 A (any type  6.07 A)
[14:04:48] WARNING: More than one matching pattern found - picking one

                             per fragment: D:8.2 E:10.6 I:11.8 S:7.5 W:10.3 D:12.1 F:18.5 L:7.4 Y:11.3 S:10.6
ox3_esm1_f8                  ligand RMSD  0.49 A   1/10 fragments within 3.0 A   median  8.25 A (any type  2.88 A)
[14:04:48] WARNING: More than one matching pattern found - picking one

                             per fragment: D:11.3 E:15.2 I:16.2 S:8.5 W:5.7 D:8.0 F:9.9 L:6.1 Y:2.8 S:5.3
ox3_esm2_control             ligand RMSD  1.03 A   0/10 fragments within 3.0 A   median  9.52 A (any type  3.86 A)
[14:04:48] WARNING: More than one matching pattern found - picking one

                             per fragment: D:11.2 E:9.6 I:7.0 S:8.7 W:11.8 D:10.4 F:9.5 L:12.4 Y:8.1 S:5.4
ox3_esm2_f12                 ligand RMSD  0.86 A   0/10 fragments within 3.0 A   median  7.57 A (any type  3.99 A)
[14:04:48] WARNING: More than one matching pattern found - picking one

                             per fragment: D:13.3 E:8.1 I:6.1 S:6.0 W:5.9 D:9.1 F:9.7 L:7.0 Y:3.9 S:8.6
ox3_esm2_f4                  ligand RMSD  1.13 A   2/10 fragments within 3.0 A   median  8.58 A (any type  3.89 A)
[14:04:48] WARNING: More than one matching pattern found - picking one

                             per fragment: D:5.6 E:2.7 I:7.8 S:10.5 W:20.4 D:8.5 F:1.5 L:12.0 Y:12.7 S:8.7
ox3_esm2_f8                  ligand RMSD  0.64 A   1/10 fragments within 3.0 A   median  6.36 A (any type  2.72 A)
[14:04:48] WARNING: More than one matching pattern found - picking one

                             per fragment: D:9.6 E:5.2 I:3.5 S:3.2 W:7.5 D:10.8 F:9.1 L:2.9 Y:4.2 S:7.9
ox3_orig_control             ligand RMSD  0.96 A   0/10 fragments within 3.0 A   median 13.16 A (any type  5.02 A)
[14:04:48] WARNING: More than one matching pattern found - picking one

                             per fragment: D:11.2 E:18.3 I:14.5 S:13.1 W:22.4 D:13.6 F:7.3 L:9.8 Y:13.1 S:13.2
ox3_orig_f12                 ligand RMSD  1.51 A   0/10 fragments within 3.0 A   median  7.92 A (any type  3.96 A)
[14:04:48] WARNING: More than one matching pattern found - picking one

                             per fragment: D:9.0 E:13.5 I:7.4 S:5.2 W:4.1 D:9.7 F:11.3 L:8.2 Y:7.6 S:5.7
ox3_orig_f4                  ligand RMSD  0.70 A   1/10 fragments within 3.0 A   median  8.44 A (any type  4.45 A)
[14:04:48] WARNING: More than one matching pattern found - picking one

                             per fragment: D:2.2 E:8.5 I:14.4 S:6.8 W:12.7 D:7.6 F:7.0 L:8.4 Y:11.8 S:10.7
ox3_orig_f8                  ligand RMSD  0.65 A   0/10 fragments within 3.0 A   median  9.58 A (any type  4.37 A)
                             per fragment: D:11.5 E:10.9 I:15.7 S:8.8 W:10.4 D:8.1 F:10.4 L:5.1 Y:4.5 S:6.7

Results in runs/oxybenzone/boltz/overlay_shell3.csv
