[13:24:40] WARNING: More than one matching pattern found - picking one

[13:24:40] WARNING: More than one matching pattern found - picking one

[13:24:40] WARNING: More than one matching pattern found - picking one

[13:24:40] WARNING: More than one matching pattern found - picking one

[13:24:40] WARNING: More than one matching pattern found - picking one

[13:24:40] WARNING: More than one matching pattern found - picking one

[13:24:40] WARNING: More than one matching pattern found - picking one

[13:24:40] WARNING: More than one matching pattern found - picking one

[13:24:40] WARNING: More than one matching pattern found - picking one

[13:24:40] WARNING: More than one matching pattern found - picking one

[13:24:40] WARNING: More than one matching pattern found - picking one

[13:24:40] WARNING: More than one matching pattern found - picking one

ox1_esm1_control: ligand matching failed (RuntimeError: the ligand core could not be matched in both structures)
ox1_esm1_f12: ligand matching failed (RuntimeError: the ligand core could not be matched in both structures)
ox1_esm1_f4: ligand matching failed (RuntimeError: the ligand core could not be matched in both structures)
ox1_esm1_f8: ligand matching failed (RuntimeError: the ligand core could not be matched in both structures)
ox1_esm2_control: ligand matching failed (RuntimeError: the ligand core could not be matched in both structures)
ox1_esm2_f12: ligand matching failed (RuntimeError: the ligand core could not be matched in both structures)
ox1_esm2_f4: ligand matching failed (RuntimeError: the ligand core could not be matched in both structures)
ox1_esm2_f8: ligand matching failed (RuntimeError: the ligand core could not be matched in both structures)
ox1_orig_control: ligand matching failed (RuntimeError: the ligand core could not be matched in both structures)
ox1_orig_f12: ligand matching failed (RuntimeError: the ligand core could not be matched in both structures)
ox1_orig_f4: ligand matching failed (RuntimeError: the ligand core could not be matched in both structures)
ox1_orig_f8: ligand matching failed (RuntimeError: the ligand core could not be matched in both structures)
