[13:46:53] WARNING: More than one matching pattern found - picking one

ox2_esm1_control             ligand RMSD  1.59 A   0/11 fragments within 3.0 A   median  9.62 A (any type  4.94 A)
[13:46:53] WARNING: More than one matching pattern found - picking one

                             per fragment: Y:12.1 D:4.9 R:18.7 F:6.2 K:7.5 E:18.9 I:8.0 L:11.0 S:9.6 D:8.9 W:16.5
ox2_esm1_f12                 ligand RMSD  0.75 A   2/11 fragments within 3.0 A   median  7.71 A (any type  2.96 A)
[13:46:53] WARNING: More than one matching pattern found - picking one

                             per fragment: Y:5.0 D:5.9 R:4.9 F:8.6 K:17.0 E:9.6 I:2.4 L:9.0 S:7.7 D:2.3 W:15.2
ox2_esm1_f4                  ligand RMSD  0.19 A   0/11 fragments within 3.0 A   median  7.59 A (any type  4.80 A)
[13:46:53] WARNING: More than one matching pattern found - picking one

                             per fragment: Y:4.4 D:7.1 R:4.9 F:13.1 K:20.0 E:10.0 I:4.8 L:10.3 S:7.6 D:4.0 W:12.8
ox2_esm1_f8                  ligand RMSD  1.06 A   1/11 fragments within 3.0 A   median  8.02 A (any type  3.25 A)
[13:46:53] WARNING: More than one matching pattern found - picking one

                             per fragment: Y:4.6 D:6.4 R:3.8 F:11.2 K:17.0 E:10.0 I:3.2 L:8.9 S:8.0 D:2.7 W:14.2
ox2_esm2_control             ligand RMSD  0.83 A   0/11 fragments within 3.0 A   median 10.68 A (any type  5.43 A)
[13:46:53] WARNING: More than one matching pattern found - picking one

                             per fragment: Y:20.1 D:17.0 R:13.1 F:10.7 K:9.5 E:13.1 I:7.7 L:8.6 S:8.5 D:9.3 W:19.8
ox2_esm2_f12                 ligand RMSD  0.80 A   1/11 fragments within 3.0 A   median  9.45 A (any type  3.84 A)
[13:46:53] WARNING: More than one matching pattern found - picking one

                             per fragment: Y:12.6 D:6.3 R:6.9 F:8.1 K:12.3 E:18.1 I:9.5 L:1.8 S:7.4 D:11.3 W:13.5
ox2_esm2_f4                  ligand RMSD  1.62 A   0/11 fragments within 3.0 A   median  8.95 A (any type  5.07 A)
[13:46:53] WARNING: More than one matching pattern found - picking one

                             per fragment: Y:11.7 D:3.1 R:14.5 F:3.3 K:16.6 E:8.9 I:10.6 L:10.2 S:8.3 D:5.8 W:8.9
ox2_esm2_f8                  ligand RMSD  0.86 A   0/11 fragments within 3.0 A   median  8.73 A (any type  4.08 A)
[13:46:53] WARNING: More than one matching pattern found - picking one

                             per fragment: Y:6.0 D:9.0 R:3.7 F:6.2 K:8.7 E:15.9 I:7.8 L:10.6 S:11.2 D:3.9 W:16.7
ox2_orig_control             ligand RMSD  0.84 A   0/11 fragments within 3.0 A   median 14.58 A (any type  6.39 A)
[13:46:53] WARNING: More than one matching pattern found - picking one

                             per fragment: Y:20.7 D:13.9 R:11.7 F:10.9 K:17.8 E:14.6 I:17.2 L:19.8 S:12.9 D:7.2 W:20.4
ox2_orig_f12                 ligand RMSD  1.04 A   0/11 fragments within 3.0 A   median 10.27 A (any type  3.92 A)
[13:46:53] WARNING: More than one matching pattern found - picking one

                             per fragment: Y:5.6 D:10.4 R:7.6 F:16.3 K:5.5 E:11.2 I:3.8 L:11.8 S:10.3 D:8.2 W:21.2
ox2_orig_f4                  ligand RMSD  0.96 A   0/11 fragments within 3.0 A   median  9.09 A (any type  4.50 A)
[13:46:53] WARNING: More than one matching pattern found - picking one

                             per fragment: Y:10.8 D:10.3 R:6.8 F:14.2 K:11.8 E:6.5 I:7.1 L:8.4 S:9.1 D:6.0 W:19.9
ox2_orig_f8                  ligand RMSD  1.14 A   0/11 fragments within 3.0 A   median 11.22 A (any type  5.41 A)
                             per fragment: Y:12.8 D:12.7 R:7.8 F:14.0 K:20.3 E:16.5 I:7.2 L:9.3 S:11.2 D:8.7 W:10.6

Results in runs/oxybenzone/boltz/overlay_shell2.csv
