
=== shell 2, prefix ox2 : 13:29:08 ===
poses: tyrosine:3,phenylalanine:2,arginine:3,lysine:3,aspartic:4,glutamic:4,isoleucine:2,leucine:2,serine:0,tryptophan:0,aspartic:12

=== stage 0: preflight the forced-contact flags : 13:29:08 ===
preflight ok: flags parse and the yaml carries 4 forced contacts

=== stage 1: reachability sweep : 13:29:09 ===
condense_shell2.csv exists with 110 pairs, skipping
sweep: 110 of 110 ordered pairs

=== stage 2: ordering and spacer counts : 13:29:09 ===
design_shell2.json exists, skipping
design: YGDGGRGFGGKGGGGEGIGGGLGGSGDGGGW
wrote the design's own shell to runs/oxybenzone/sequences/YGDGGRGFGGKGGGGEGIGGGLGGSGDGGGW.xyz

=== stage 3: two ESM2 linker variants : 13:29:09 ===
design charge -1   esm1 -4 YTDGGRSFAVKAAVDEAIAAGLVTSLDDFDW   esm2 -1 YSDLIRFFSEKKSIIEVIKDLLIGSFDRGDW

=== stage 4: twelve folds : 13:29:13 ===
  folding ox2_orig_control
  folding ox2_orig_f4
  folding ox2_orig_f8
  folding ox2_orig_f12
  folding ox2_esm1_control
  folding ox2_esm1_f4
  folding ox2_esm1_f8
  folding ox2_esm1_f12
  folding ox2_esm2_control
  folding ox2_esm2_f4
  folding ox2_esm2_f8
  folding ox2_esm2_f12
12 folds present, 12 still to score

=== stage 5: geometry check -- free, and the primary measure : 13:46:52 ===

ox1_esm1_f12
  residue   1 -> C18  asked <=  4.9 A, got   5.02 A  MISSED  (forced)
  residue   3 -> O13  asked <=  3.8 A, got   3.42 A  ok  (forced)
  residue   5 -> C19  asked <=  4.8 A, got   9.34 A  MISSED  (forced)
  residue   9 -> O14  asked <=  3.6 A, got   9.49 A  MISSED  (forced)
  residue  11 -> C29  asked <=  4.1 A, got   7.09 A  MISSED  (forced)
  residue  13 -> C20  asked <=  4.7 A, got   8.18 A  MISSED  (forced)
  residue  17 -> C19  asked <=  4.7 A, got   4.82 A  MISSED  (forced)
  residue  20 -> C26  asked <=  4.3 A, got   9.34 A  MISSED  (forced)
  residue  25 -> C29  asked <=  4.1 A, got   4.21 A  MISSED  (forced)

ox1_esm1_f4
  residue   3 -> O13  asked <=  3.8 A, got   3.28 A  ok  (forced)
  residue   9 -> O14  asked <=  3.6 A, got   6.70 A  MISSED  (forced)
  residue  11 -> C29  asked <=  4.1 A, got  12.55 A  MISSED  (forced)
  residue  25 -> C29  asked <=  4.1 A, got   5.26 A  MISSED  (forced)

ox1_esm1_f8
  residue   3 -> O13  asked <=  3.8 A, got   5.45 A  MISSED  (forced)
  residue   5 -> C19  asked <=  4.8 A, got   6.63 A  MISSED  (forced)
  residue   9 -> O14  asked <=  3.6 A, got   3.90 A  MISSED  (forced)
  residue  11 -> C29  asked <=  4.1 A, got   6.71 A  MISSED  (forced)
  residue  13 -> C20  asked <=  4.7 A, got   3.55 A  ok  (forced)
  residue  17 -> C19  asked <=  4.7 A, got  10.47 A  MISSED  (forced)
  residue  20 -> C26  asked <=  4.3 A, got  12.37 A  MISSED  (forced)
  residue  25 -> C29  asked <=  4.1 A, got   4.55 A  MISSED  (forced)

ox1_esm2_f12
  residue   1 -> C18  asked <=  4.9 A, got  12.69 A  MISSED  (forced)
  residue   3 -> O13  asked <=  3.8 A, got   9.86 A  MISSED  (forced)
  residue   5 -> C19  asked <=  4.8 A, got   8.72 A  MISSED  (forced)
  residue   9 -> O14  asked <=  3.6 A, got   7.55 A  MISSED  (forced)
  residue  11 -> C29  asked <=  4.1 A, got   9.26 A  MISSED  (forced)
  residue  13 -> C20  asked <=  4.7 A, got   3.98 A  ok  (forced)
  residue  17 -> C19  asked <=  4.7 A, got   8.89 A  MISSED  (forced)
  residue  20 -> C26  asked <=  4.3 A, got  13.49 A  MISSED  (forced)
  residue  25 -> C29  asked <=  4.1 A, got   4.25 A  MISSED  (forced)

ox1_esm2_f4
  residue   3 -> O13  asked <=  3.8 A, got   3.46 A  ok  (forced)
  residue   9 -> O14  asked <=  3.6 A, got   9.37 A  MISSED  (forced)
  residue  11 -> C29  asked <=  4.1 A, got   7.97 A  MISSED  (forced)
  residue  25 -> C29  asked <=  4.1 A, got   4.90 A  MISSED  (forced)

ox1_esm2_f8
  residue   3 -> O13  asked <=  3.8 A, got  14.57 A  MISSED  (forced)
  residue   5 -> C19  asked <=  4.8 A, got  10.80 A  MISSED  (forced)
  residue   9 -> O14  asked <=  3.6 A, got  10.33 A  MISSED  (forced)
  residue  11 -> C29  asked <=  4.1 A, got  10.76 A  MISSED  (forced)
  residue  13 -> C20  asked <=  4.7 A, got   7.13 A  MISSED  (forced)
  residue  17 -> C19  asked <=  4.7 A, got   6.40 A  MISSED  (forced)
  residue  20 -> C26  asked <=  4.3 A, got   8.77 A  MISSED  (forced)
  residue  25 -> C29  asked <=  4.1 A, got   3.55 A  ok  (forced)

ox1_orig_f12
  residue   1 -> C18  asked <=  4.9 A, got   3.60 A  ok  (forced)
  residue   3 -> O13  asked <=  3.8 A, got   3.86 A  MISSED  (forced)
  residue   5 -> C19  asked <=  4.8 A, got   6.93 A  MISSED  (forced)
  residue   9 -> O14  asked <=  3.6 A, got   3.59 A  ok  (forced)
  residue  11 -> C29  asked <=  4.1 A, got   7.31 A  MISSED  (forced)
  residue  13 -> C20  asked <=  4.7 A, got   5.23 A  MISSED  (forced)
  residue  17 -> C19  asked <=  4.7 A, got   6.10 A  MISSED  (forced)
  residue  20 -> C26  asked <=  4.3 A, got   5.09 A  MISSED  (forced)
  residue  25 -> C29  asked <=  4.1 A, got  11.23 A  MISSED  (forced)

ox1_orig_f4
  residue   3 -> O13  asked <=  3.8 A, got   4.80 A  MISSED  (forced)
  residue   9 -> O14  asked <=  3.6 A, got   2.63 A  ok  (forced)
  residue  11 -> C29  asked <=  4.1 A, got   8.97 A  MISSED  (forced)
  residue  25 -> C29  asked <=  4.1 A, got   3.43 A  ok  (forced)

ox1_orig_f8
  residue   3 -> O13  asked <=  3.8 A, got   6.60 A  MISSED  (forced)
  residue   5 -> C19  asked <=  4.8 A, got   4.66 A  ok  (forced)
  residue   9 -> O14  asked <=  3.6 A, got   4.05 A  MISSED  (forced)
  residue  11 -> C29  asked <=  4.1 A, got  10.86 A  MISSED  (forced)
  residue  13 -> C20  asked <=  4.7 A, got   3.97 A  ok  (forced)
  residue  17 -> C19  asked <=  4.7 A, got   3.33 A  ok  (forced)
  residue  20 -> C26  asked <=  4.3 A, got   7.12 A  MISSED  (forced)
  residue  25 -> C29  asked <=  4.1 A, got   2.53 A  ok  (forced)

ox2_esm1_f12
  residue   1 -> O14  asked <=  4.3 A, got   4.05 A  ok  (forced)
  residue   3 -> C29  asked <=  4.1 A, got   7.69 A  MISSED  (forced)
  residue   6 -> O13  asked <=  3.8 A, got   4.67 A  MISSED  (forced)
  residue   8 -> C18  asked <=  4.9 A, got   5.96 A  MISSED  (forced)
  residue  11 -> C19  asked <=  4.8 A, got  12.18 A  MISSED  (forced)
  residue  16 -> C29  asked <=  4.1 A, got   6.83 A  MISSED  (forced)
  residue  18 -> C20  asked <=  4.7 A, got   4.17 A  ok  (forced)
  residue  22 -> C19  asked <=  4.7 A, got  13.22 A  MISSED  (forced)
  residue  25 -> C26  asked <=  4.3 A, got   7.45 A  MISSED  (forced)
  residue  27 -> C17  asked <=  4.1 A, got   3.71 A  ok  (forced)

ox2_esm1_f4
  residue   3 -> C29  asked <=  4.1 A, got   4.07 A  ok  (forced)
  residue   6 -> O13  asked <=  3.8 A, got   3.75 A  ok  (forced)
  residue  16 -> C29  asked <=  4.1 A, got   8.08 A  MISSED  (forced)
  residue  27 -> C17  asked <=  4.1 A, got   3.84 A  ok  (forced)

ox2_esm1_f8
  residue   1 -> O14  asked <=  4.3 A, got   3.77 A  ok  (forced)
  residue   3 -> C29  asked <=  4.1 A, got   6.16 A  MISSED  (forced)
  residue   6 -> O13  asked <=  3.8 A, got   3.94 A  MISSED  (forced)
  residue  16 -> C29  asked <=  4.1 A, got   6.79 A  MISSED  (forced)
  residue  18 -> C20  asked <=  4.7 A, got   4.19 A  ok  (forced)
  residue  22 -> C19  asked <=  4.7 A, got  12.58 A  MISSED  (forced)
  residue  25 -> C26  asked <=  4.3 A, got   7.48 A  MISSED  (forced)
  residue  27 -> C17  asked <=  4.1 A, got   3.76 A  ok  (forced)

ox2_esm2_f12
  residue   1 -> O14  asked <=  4.3 A, got   5.54 A  MISSED  (forced)
  residue   3 -> C29  asked <=  4.1 A, got   6.56 A  MISSED  (forced)
  residue   6 -> O13  asked <=  3.8 A, got   7.37 A  MISSED  (forced)
  residue   8 -> C18  asked <=  4.9 A, got   7.90 A  MISSED  (forced)
  residue  11 -> C19  asked <=  4.8 A, got  11.29 A  MISSED  (forced)
  residue  16 -> C29  asked <=  4.1 A, got  12.34 A  MISSED  (forced)
  residue  18 -> C20  asked <=  4.7 A, got   9.44 A  MISSED  (forced)
  residue  22 -> C19  asked <=  4.7 A, got  11.19 A  MISSED  (forced)
  residue  25 -> C26  asked <=  4.3 A, got   7.00 A  MISSED  (forced)
  residue  27 -> C17  asked <=  4.1 A, got  10.67 A  MISSED  (forced)

ox2_esm2_f4
  residue   3 -> C29  asked <=  4.1 A, got   4.82 A  MISSED  (forced)
  residue   6 -> O13  asked <=  3.8 A, got  12.17 A  MISSED  (forced)
  residue  16 -> C29  asked <=  4.1 A, got  13.55 A  MISSED  (forced)
  residue  27 -> C17  asked <=  4.1 A, got   4.71 A  MISSED  (forced)

ox2_esm2_f8
  residue   1 -> O14  asked <=  4.3 A, got   7.13 A  MISSED  (forced)
  residue   3 -> C29  asked <=  4.1 A, got   5.09 A  MISSED  (forced)
  residue   6 -> O13  asked <=  3.8 A, got   9.11 A  MISSED  (forced)
  residue  16 -> C29  asked <=  4.1 A, got  12.14 A  MISSED  (forced)
  residue  18 -> C20  asked <=  4.7 A, got   8.64 A  MISSED  (forced)
  residue  22 -> C19  asked <=  4.7 A, got   5.50 A  MISSED  (forced)
  residue  25 -> C26  asked <=  4.3 A, got  10.66 A  MISSED  (forced)
  residue  27 -> C17  asked <=  4.1 A, got   7.16 A  MISSED  (forced)

ox2_orig_f12
  residue   1 -> O14  asked <=  4.3 A, got   5.75 A  MISSED  (forced)
  residue   3 -> C29  asked <=  4.1 A, got   6.77 A  MISSED  (forced)
  residue   6 -> O13  asked <=  3.8 A, got   8.45 A  MISSED  (forced)
  residue   8 -> C18  asked <=  4.9 A, got   8.47 A  MISSED  (forced)
  residue  11 -> C19  asked <=  4.8 A, got   3.87 A  ok  (forced)
  residue  16 -> C29  asked <=  4.1 A, got   8.55 A  MISSED  (forced)
  residue  18 -> C20  asked <=  4.7 A, got   3.92 A  ok  (forced)
  residue  22 -> C19  asked <=  4.7 A, got   8.42 A  MISSED  (forced)
  residue  25 -> C26  asked <=  4.3 A, got   9.15 A  MISSED  (forced)
  residue  27 -> C17  asked <=  4.1 A, got   6.10 A  MISSED  (forced)

ox2_orig_f4
  residue   3 -> C29  asked <=  4.1 A, got   4.60 A  MISSED  (forced)
  residue   6 -> O13  asked <=  3.8 A, got   3.63 A  ok  (forced)
  residue  16 -> C29  asked <=  4.1 A, got   5.44 A  MISSED  (forced)
  residue  27 -> C17  asked <=  4.1 A, got   4.52 A  MISSED  (forced)

ox2_orig_f8
  residue   1 -> O14  asked <=  4.3 A, got  11.43 A  MISSED  (forced)
  residue   3 -> C29  asked <=  4.1 A, got   4.39 A  MISSED  (forced)
  residue   6 -> O13  asked <=  3.8 A, got   4.65 A  MISSED  (forced)
  residue  16 -> C29  asked <=  4.1 A, got  10.07 A  MISSED  (forced)
  residue  18 -> C20  asked <=  4.7 A, got   4.54 A  ok  (forced)
  residue  22 -> C19  asked <=  4.7 A, got   4.35 A  ok  (forced)
  residue  25 -> C26  asked <=  4.3 A, got   7.59 A  MISSED  (forced)
  residue  27 -> C17  asked <=  4.1 A, got   4.88 A  MISSED  (forced)

structure                           enclosed  wrapped  engaged  cent sep  closest         hints
ox1_orig_f12                            0.99     1.00    17/17       1.2     2.42           2/9
ox2_orig_f8                             0.97     1.00    17/17       2.7     2.43           2/8
ox1_esm1_f8                             0.94     1.00    17/17       4.1     2.56           1/8
ox1_orig_f8                             0.93     1.00    17/17       1.2     2.43           4/8
ox2_orig_f4                             0.86     1.00    17/17       3.2     2.95           1/4
ox1_orig_f4                             0.78     1.00    17/17       4.5     2.55           2/4
ox1_esm1_f12                            0.78     1.00    17/17       4.5     2.76           1/9
ox1_esm1_control                        0.77     0.94    16/17       5.9     2.69  none applied
ox2_esm2_f8                             0.75     1.00    17/17       7.1     2.45           0/8
ox2_esm1_f12                            0.69     0.94    16/17       6.1     2.41          3/10
ox2_esm1_f8                             0.67     1.00    17/17       6.4     2.77           3/8
ox2_orig_f12                            0.67     1.00    17/17       6.0     2.55          2/10
ox2_esm1_f4                             0.65     0.82    14/17       7.6     3.01           3/4
ox2_esm1_control                        0.61     1.00    17/17       7.6     3.09  none applied
ox1_esm2_f4                             0.59     1.00    17/17       4.0     2.85           1/4
ox2_esm2_f12                            0.58     0.94    16/17       7.2     2.76          0/10
ox2_esm2_f4                             0.56     0.71    12/17       9.4     2.67           0/4
ox1_esm2_f8                             0.56     0.88    15/17       6.8     3.13           1/8
ox2_orig_control                        0.54     1.00    17/17       9.0     2.85  none applied
ox1_esm2_f12                            0.53     0.71    12/17       6.5     3.16           1/9
ox1_orig_control                        0.52     0.71    12/17       7.2     3.22  none applied
ox2_esm2_control                        0.49     0.88    15/17      10.7     2.91  none applied
ox1_esm1_f4                             0.48     0.77    13/17       9.1     2.42           1/4
ox1_esm2_control                        0.44     0.71    12/17       9.0     3.45  none applied

'enclosed' = fraction of directions out of the ligand that run into peptide: is it in a
shell or against one face. 'wrapped' = fraction of ligand atoms with peptide within 4.5 A.
They disagree usefully -- a fold can contact three quarters of the ligand while leaving it
outside, which the centroid separation shows.

results in runs/oxybenzone/boltz/fold_check_shell2.csv

3 fold(s) with enforced contacts satisfied none of them. Check the fold log says
'--use_potentials': without it a forced contact is conditioning only, and the model may decline.

6 fold(s) carried hints that Boltz discarded (force:false) -- treat these as unconstrained controls, not as failures.

=== stage 5b: designed positions reproduced -- also free : 13:46:52 ===
[13:46:53] WARNING: More than one matching pattern found - picking one

ox2_esm1_control             ligand RMSD  1.59 A   0/11 fragments within 3.0 A   median  9.62 A (any type  4.94 A)
[13:46:53] WARNING: More than one matching pattern found - picking one

                             per fragment: Y:12.1 D:4.9 R:18.7 F:6.2 K:7.5 E:18.9 I:8.0 L:11.0 S:9.6 D:8.9 W:16.5
ox2_esm1_f12                 ligand RMSD  0.75 A   2/11 fragments within 3.0 A   median  7.71 A (any type  2.96 A)
[13:46:53] WARNING: More than one matching pattern found - picking one

                             per fragment: Y:5.0 D:5.9 R:4.9 F:8.6 K:17.0 E:9.6 I:2.4 L:9.0 S:7.7 D:2.3 W:15.2
ox2_esm1_f4                  ligand RMSD  0.19 A   0/11 fragments within 3.0 A   median  7.59 A (any type  4.80 A)
[13:46:53] WARNING: More than one matching pattern found - picking one

                             per fragment: Y:4.4 D:7.1 R:4.9 F:13.1 K:20.0 E:10.0 I:4.8 L:10.3 S:7.6 D:4.0 W:12.8
ox2_esm1_f8                  ligand RMSD  1.06 A   1/11 fragments within 3.0 A   median  8.02 A (any type  3.25 A)
[13:46:53] WARNING: More than one matching pattern found - picking one

                             per fragment: Y:4.6 D:6.4 R:3.8 F:11.2 K:17.0 E:10.0 I:3.2 L:8.9 S:8.0 D:2.7 W:14.2
ox2_esm2_control             ligand RMSD  0.83 A   0/11 fragments within 3.0 A   median 10.68 A (any type  5.43 A)
[13:46:53] WARNING: More than one matching pattern found - picking one

                             per fragment: Y:20.1 D:17.0 R:13.1 F:10.7 K:9.5 E:13.1 I:7.7 L:8.6 S:8.5 D:9.3 W:19.8
ox2_esm2_f12                 ligand RMSD  0.80 A   1/11 fragments within 3.0 A   median  9.45 A (any type  3.84 A)
[13:46:53] WARNING: More than one matching pattern found - picking one

                             per fragment: Y:12.6 D:6.3 R:6.9 F:8.1 K:12.3 E:18.1 I:9.5 L:1.8 S:7.4 D:11.3 W:13.5
ox2_esm2_f4                  ligand RMSD  1.62 A   0/11 fragments within 3.0 A   median  8.95 A (any type  5.07 A)
[13:46:53] WARNING: More than one matching pattern found - picking one

                             per fragment: Y:11.7 D:3.1 R:14.5 F:3.3 K:16.6 E:8.9 I:10.6 L:10.2 S:8.3 D:5.8 W:8.9
ox2_esm2_f8                  ligand RMSD  0.86 A   0/11 fragments within 3.0 A   median  8.73 A (any type  4.08 A)
[13:46:53] WARNING: More than one matching pattern found - picking one

                             per fragment: Y:6.0 D:9.0 R:3.7 F:6.2 K:8.7 E:15.9 I:7.8 L:10.6 S:11.2 D:3.9 W:16.7
ox2_orig_control             ligand RMSD  0.84 A   0/11 fragments within 3.0 A   median 14.58 A (any type  6.39 A)
[13:46:53] WARNING: More than one matching pattern found - picking one

                             per fragment: Y:20.7 D:13.9 R:11.7 F:10.9 K:17.8 E:14.6 I:17.2 L:19.8 S:12.9 D:7.2 W:20.4
ox2_orig_f12                 ligand RMSD  1.04 A   0/11 fragments within 3.0 A   median 10.27 A (any type  3.92 A)
[13:46:53] WARNING: More than one matching pattern found - picking one

                             per fragment: Y:5.6 D:10.4 R:7.6 F:16.3 K:5.5 E:11.2 I:3.8 L:11.8 S:10.3 D:8.2 W:21.2
ox2_orig_f4                  ligand RMSD  0.96 A   0/11 fragments within 3.0 A   median  9.09 A (any type  4.50 A)
[13:46:53] WARNING: More than one matching pattern found - picking one

                             per fragment: Y:10.8 D:10.3 R:6.8 F:14.2 K:11.8 E:6.5 I:7.1 L:8.4 S:9.1 D:6.0 W:19.9
ox2_orig_f8                  ligand RMSD  1.14 A   0/11 fragments within 3.0 A   median 11.22 A (any type  5.41 A)
                             per fragment: Y:12.8 D:12.7 R:7.8 F:14.0 K:20.3 E:16.5 I:7.2 L:9.3 S:11.2 D:8.7 W:10.6

Results in runs/oxybenzone/boltz/overlay_shell2.csv

=== stage 6: score -- THE BOTTLENECK, 40-50 min each on CPU : 13:46:53 ===
SKIP_SCORING=1: 12 structures left unscored, listed in runs/oxybenzone/modal/shell2.txt

  modal run code/modal_score.py --structures-file runs/oxybenzone/modal/shell2.txt \
      --out binding_shell2.csv --gpu L4

then re-run this script to pick up from stage 5 with the scores in place.
