Tue  6 Oct 2026 21:45:53 BST
bg33_1                  co-folded      5.2   7.7     2.1   14.8 ->   14.9
bg33_2                  co-folded      3.7   5.4     3.5   15.0 ->   14.3
bg33_3                  co-folded      0.6   1.8     0.9    8.7 ->    8.7
bg33_4                  co-folded      3.3   5.5     3.6    9.5 ->    9.6
bg33_1                  Vina p1        2.1  11.0     2.1   14.8 ->   14.8
bg33_1                  GNINA p2       8.8   8.9     5.1   14.7 ->   12.4
bg33_2                  Vina p1        1.6   5.2     2.3   14.9 ->   15.1
bg33_2                  GNINA p4       9.5  12.5     9.6   15.0 ->   10.0
bg33_3                  Vina p1        0.8   1.9     0.9    8.7 ->    8.6
bg33_3                  GNINA p6       1.0   1.5     1.0    8.6 ->    8.7
bg33_4                  Vina p1        2.4   4.1     2.2    9.6 ->    9.8
bg33_4                  GNINA p6       2.7   3.2     2.1    9.6 ->    9.5
orig_f12                co-folded      8.9   9.4     8.1    8.7 ->   10.0
orig_f12                Vina p1        5.1   5.7     5.1    8.9 ->    8.4
orig_f12                GNINA p5       3.7   4.9     3.7    8.8 ->    8.6
s2_esm2_control         co-folded      1.3   4.1     1.6   15.3 ->   15.5
s2_esm2_control         Vina p1        5.6   7.1     4.6   15.3 ->   14.4
s2_esm2_control         GNINA p6       1.6   7.8     3.0   15.3 ->   15.1
s3_esm2_f4              co-folded      2.8   3.6     2.3   10.6 ->   10.8
s3_esm2_f4              Vina p1        1.5   3.8     1.9   10.5 ->   10.7
s3_esm2_f4              GNINA p6       2.4   3.8     2.7   10.4 ->   10.7
s3_orig_f12             co-folded      6.5  10.0     6.8    9.2 ->    9.2
s3_orig_f12             Vina p1        4.8   6.1     5.0    9.1 ->    9.3
s3_orig_f12             GNINA p9       5.3   6.2     5.1    9.1 ->    8.9
shuffle_control         co-folded      8.4   9.1     7.7    8.5 ->   10.0
shuffle_control         Vina p1        6.5   9.6     7.0    8.7 ->    8.5
shuffle_control         GNINA p7       4.0   5.3     4.1    8.8 ->    8.6
shuffle_control         GNINA p9       5.3   6.1     4.8    8.5 ->    8.6
shuffle_control_esm0    co-folded      2.3   5.6     1.8   15.5 ->   15.8
shuffle_control_esm0    Vina p1        2.2   4.7     1.9   15.5 ->   15.6
shuffle_control_esm0    GNINA p9       2.4   6.8     2.6   15.7 ->   15.2
ox1_esm1_f8             co-folded      5.1   5.9     3.9    9.2 ->   10.2
ox1_esm1_f8             Vina p1        3.2   4.5     3.3    9.6 ->    9.3
ox1_orig_f12            co-folded      4.0   6.0     4.1    8.1 ->    7.7
ox1_orig_f12            Vina p1        6.3   7.6     6.0    8.5 ->    8.5
ox1_orig_f12            GNINA p4       5.5   6.5     5.7    8.1 ->    7.7
ox2_esm1_f8             co-folded      1.7   4.4     2.0    9.2 ->    9.1
ox2_esm1_f8             Vina p1        2.4   4.2     2.5    8.7 ->    8.9
ox2_esm1_f8             GNINA p3       5.0   7.1     4.6    9.1 ->    9.8
ox2_orig_f8             co-folded      5.1   6.0     5.3    8.6 ->    8.3
ox2_orig_f8             Vina p1        8.0   9.4     8.4    9.0 ->    9.1
ox2_orig_f8             GNINA p4       4.2   4.4     3.4    8.8 ->    9.1
ox2_shuffle             co-folded      4.6   7.6     5.2    8.3 ->    8.2
ox2_shuffle             Vina p1        4.8   5.4     4.8    8.3 ->    9.0
ox2_shuffle             GNINA p4       5.9   7.0     5.4    8.5 ->    8.8
ox2_shuffle_esm0        co-folded      2.3   6.2     3.0   12.1 ->   12.7
ox2_shuffle_esm0        Vina p1        2.9   6.1     3.5   12.2 ->   12.7
ox2_shuffle_esm0        GNINA p9       4.1   5.7     4.0   12.2 ->   12.3
ox3_orig_f8             co-folded      4.1   5.4     4.3    8.4 ->    8.2
ox3_orig_f8             Vina p1        4.3   5.8     4.9    7.8 ->    8.3

wrote /Users/cafierom/python_mac/peptidebuilder/runs/octinoxate/md/protein_stability.csv
STABILITY_DONE
Tue  6 Oct 2026 21:46:08 BST
