Tue  6 Oct 2026 20:14:35 BST
##### tail for ox2_shuffle_dock1
Tue  6 Oct 2026 20:14:35 BST
### ox2_shuffle_dock1: 20 ns on pose 1 of ox2_shuffle (box=dodecahedron)
trajectory present in runs/oxybenzone/md/ox2_shuffle_dock1/prod_20ns (traj.dcd or traj_wrapped.xtc), skipping the dynamics
/Users/cafierom/miniforge3/envs/openmm-md/lib/python3.11/site-packages/mdtraj/formats/netcdf.py:154: UserWarning: Warning: The 'netCDF4' Python package is not installed. MDTraj is using the 'scipy' implementation to read and write netCDF files,which can be significantly slower.
For improved performance, consider installing netCDF4. See installation instructions at:
https://unidata.github.io/netcdf4-python/#quick-install
  warnings.warn(warning_message)
[build] hetero discovery (resname | HETNAM | min dist to ligand | action):
[mmgbsa] cofactor residues to re-add: 0 ([])
[mmgbsa] solute modeller: 371 atoms
[mmgbsa] prmtop + inpcrd -> mmgbsa/complex.prmtop (371 atoms, radii=['H(N)-modified Bondi radii (mbondi2)'])
[mmgbsa] receptor + ligand prmtops -> mmgbsa/receptor.prmtop, mmgbsa/ligand.prmtop
[mmgbsa] trajectory -> mmgbsa/traj.nc (371 atoms, 20000 frames)
[mmgbsa] MMPBSA.py input -> mmgbsa/mmgbsa.in
[mmgbsa] prmtop atoms: 371; ligand residue present: True
[mmgbsa] MMPBSA.py done -> mmgbsa/FINAL_RESULTS_MMPBSA.dat
MMGBSA_EXIT=0
Tue  6 Oct 2026 20:18:08 BST
kept 5000 of 20000 frames (leading 5 ns, wrapped solute)
/Users/cafierom/miniforge3/envs/openmm-md/lib/python3.11/site-packages/mdtraj/formats/netcdf.py:154: UserWarning: Warning: The 'netCDF4' Python package is not installed. MDTraj is using the 'scipy' implementation to read and write netCDF files,which can be significantly slower.
For improved performance, consider installing netCDF4. See installation instructions at:
https://unidata.github.io/netcdf4-python/#quick-install
  warnings.warn(warning_message)
[build] hetero discovery (resname | HETNAM | min dist to ligand | action):
[mmgbsa] cofactor residues to re-add: 0 ([])
[mmgbsa] solute modeller: 371 atoms
[mmgbsa] prmtop + inpcrd -> mmgbsa/complex.prmtop (371 atoms, radii=['H(N)-modified Bondi radii (mbondi2)'])
[mmgbsa] receptor + ligand prmtops -> mmgbsa/receptor.prmtop, mmgbsa/ligand.prmtop
[mmgbsa] trajectory -> mmgbsa/traj.nc (371 atoms, 5000 frames)
[mmgbsa] MMPBSA.py input -> mmgbsa/mmgbsa.in
[mmgbsa] prmtop atoms: 371; ligand residue present: True
[mmgbsa] MMPBSA.py done -> mmgbsa/FINAL_RESULTS_MMPBSA.dat
WINDOW_EXIT[5ns]=0
Tue  6 Oct 2026 20:19:12 BST
kept 10000 of 20000 frames (leading 10 ns, wrapped solute)
/Users/cafierom/miniforge3/envs/openmm-md/lib/python3.11/site-packages/mdtraj/formats/netcdf.py:154: UserWarning: Warning: The 'netCDF4' Python package is not installed. MDTraj is using the 'scipy' implementation to read and write netCDF files,which can be significantly slower.
For improved performance, consider installing netCDF4. See installation instructions at:
https://unidata.github.io/netcdf4-python/#quick-install
  warnings.warn(warning_message)
[build] hetero discovery (resname | HETNAM | min dist to ligand | action):
[mmgbsa] cofactor residues to re-add: 0 ([])
[mmgbsa] solute modeller: 371 atoms
[mmgbsa] prmtop + inpcrd -> mmgbsa/complex.prmtop (371 atoms, radii=['H(N)-modified Bondi radii (mbondi2)'])
[mmgbsa] receptor + ligand prmtops -> mmgbsa/receptor.prmtop, mmgbsa/ligand.prmtop
[mmgbsa] trajectory -> mmgbsa/traj.nc (371 atoms, 10000 frames)
[mmgbsa] MMPBSA.py input -> mmgbsa/mmgbsa.in
[mmgbsa] prmtop atoms: 371; ligand residue present: True
[mmgbsa] MMPBSA.py done -> mmgbsa/FINAL_RESULTS_MMPBSA.dat
WINDOW_EXIT[10ns]=0
Tue  6 Oct 2026 20:21:05 BST
kept 15000 of 20000 frames (leading 15 ns, wrapped solute)
/Users/cafierom/miniforge3/envs/openmm-md/lib/python3.11/site-packages/mdtraj/formats/netcdf.py:154: UserWarning: Warning: The 'netCDF4' Python package is not installed. MDTraj is using the 'scipy' implementation to read and write netCDF files,which can be significantly slower.
For improved performance, consider installing netCDF4. See installation instructions at:
https://unidata.github.io/netcdf4-python/#quick-install
  warnings.warn(warning_message)
[build] hetero discovery (resname | HETNAM | min dist to ligand | action):
[mmgbsa] cofactor residues to re-add: 0 ([])
[mmgbsa] solute modeller: 371 atoms
[mmgbsa] prmtop + inpcrd -> mmgbsa/complex.prmtop (371 atoms, radii=['H(N)-modified Bondi radii (mbondi2)'])
[mmgbsa] receptor + ligand prmtops -> mmgbsa/receptor.prmtop, mmgbsa/ligand.prmtop
[mmgbsa] trajectory -> mmgbsa/traj.nc (371 atoms, 15000 frames)
[mmgbsa] MMPBSA.py input -> mmgbsa/mmgbsa.in
[mmgbsa] prmtop atoms: 371; ligand residue present: True
[mmgbsa] MMPBSA.py done -> mmgbsa/FINAL_RESULTS_MMPBSA.dat
WINDOW_EXIT[15ns]=0
Tue  6 Oct 2026 20:23:51 BST

=== runs/oxybenzone/md/ox2_shuffle_dock1/prod_20ns
20000 frames, 185 peptide / 17 ligand heavy atoms
     ns  contacts   sep A  pep Rg
    2.0      21.0   10.86    8.32
    4.0       8.2   17.46    8.45
    6.0      17.2   12.90    8.55
    8.0      22.0   10.92    8.50
   10.0       4.6   15.67    8.42
   12.0      10.9   10.50    8.25
   14.0      13.2   13.15    8.48
   16.0      18.4   13.45    8.60
   18.0      16.1   13.32    8.80
   20.0      14.8   10.41    8.95
whole run: contacts 21.0 -> 14.8 (mean 14.6), separation 10.86 -> 10.41 A (max 32.9), closest heavy-atom approach 2.37 A
  residence within 10 A: 26.2% of the run
  release (at 10.0 ps spacing): 293 frames (14.65%) in 40 episodes, longest 950.0 ps, 2.93 ns detached, 17% of it in the second half

wrote runs/oxybenzone/md/ox2_shuffle_dock1/md_contacts.csv

=== runs/oxybenzone/md/ox2_shuffle_dock1/prod_20ns
  20000 frames total; window 18.0-20.0 ns
  runs/oxybenzone/md/ox2_shuffle_dock1/prod_20ns/frames_last.pdb  (10 models)
  runs/oxybenzone/md/ox2_shuffle_dock1/prod_20ns/frame_medoid.pdb  (frame at 19.66 ns, 0.59 A from the window mean; window spread 1.04 A)

in PyMOL, for the ensemble:
  load frames_last.pdb, ens
  set all_states, on
  hide everything; show cartoon, polymer; show sticks, not polymer
  color grey70, polymer; color red, not polymer

or for a single clean frame:
  load frame_medoid.pdb, best
DONE ox2_shuffle_dock1
Tue  6 Oct 2026 20:23:55 BST
--- pair_contacts ox2_shuffle_dock1

=== ox2_shuffle_dock1  (slots from design_shell2.json)
  11 slots: R0 E2 L5 D7 Y10 S15 W17 I21 D24 K26 F30
  simultaneous side chains on the ligand: mean 1.23, max 4, >=2 in 41% of frames
  pairs realised 22/55 (40% of ceiling, 27% of the way up the [10, 55] band)
  held >=5% of the run: 3   adjacent 6/10   non-adjacent 16/45 (36%)   long-range gap>=7 4/10
  slots never in contact: 0

wrote /Users/cafierom/python_mac/peptidebuilder/runs/oxybenzone/md/ox2_shuffle_dock1/pair_contacts.csv
Tue  6 Oct 2026 20:24:06 BST
##### tail for ox2_shuffle_dock4
Tue  6 Oct 2026 20:24:06 BST
### ox2_shuffle_dock4: 20 ns on pose 4 of ox2_shuffle (box=dodecahedron)
trajectory present in runs/oxybenzone/md/ox2_shuffle_dock4/prod_20ns (traj.dcd or traj_wrapped.xtc), skipping the dynamics
/Users/cafierom/miniforge3/envs/openmm-md/lib/python3.11/site-packages/mdtraj/formats/netcdf.py:154: UserWarning: Warning: The 'netCDF4' Python package is not installed. MDTraj is using the 'scipy' implementation to read and write netCDF files,which can be significantly slower.
For improved performance, consider installing netCDF4. See installation instructions at:
https://unidata.github.io/netcdf4-python/#quick-install
  warnings.warn(warning_message)
[build] hetero discovery (resname | HETNAM | min dist to ligand | action):
[mmgbsa] cofactor residues to re-add: 0 ([])
[mmgbsa] solute modeller: 371 atoms
[mmgbsa] prmtop + inpcrd -> mmgbsa/complex.prmtop (371 atoms, radii=['H(N)-modified Bondi radii (mbondi2)'])
[mmgbsa] receptor + ligand prmtops -> mmgbsa/receptor.prmtop, mmgbsa/ligand.prmtop
[mmgbsa] trajectory -> mmgbsa/traj.nc (371 atoms, 20000 frames)
[mmgbsa] MMPBSA.py input -> mmgbsa/mmgbsa.in
[mmgbsa] prmtop atoms: 371; ligand residue present: True
[mmgbsa] MMPBSA.py done -> mmgbsa/FINAL_RESULTS_MMPBSA.dat
MMGBSA_EXIT=0
Tue  6 Oct 2026 20:27:29 BST
kept 5000 of 20000 frames (leading 5 ns, wrapped solute)
/Users/cafierom/miniforge3/envs/openmm-md/lib/python3.11/site-packages/mdtraj/formats/netcdf.py:154: UserWarning: Warning: The 'netCDF4' Python package is not installed. MDTraj is using the 'scipy' implementation to read and write netCDF files,which can be significantly slower.
For improved performance, consider installing netCDF4. See installation instructions at:
https://unidata.github.io/netcdf4-python/#quick-install
  warnings.warn(warning_message)
[build] hetero discovery (resname | HETNAM | min dist to ligand | action):
[mmgbsa] cofactor residues to re-add: 0 ([])
[mmgbsa] solute modeller: 371 atoms
[mmgbsa] prmtop + inpcrd -> mmgbsa/complex.prmtop (371 atoms, radii=['H(N)-modified Bondi radii (mbondi2)'])
[mmgbsa] receptor + ligand prmtops -> mmgbsa/receptor.prmtop, mmgbsa/ligand.prmtop
[mmgbsa] trajectory -> mmgbsa/traj.nc (371 atoms, 5000 frames)
[mmgbsa] MMPBSA.py input -> mmgbsa/mmgbsa.in
[mmgbsa] prmtop atoms: 371; ligand residue present: True
[mmgbsa] MMPBSA.py done -> mmgbsa/FINAL_RESULTS_MMPBSA.dat
WINDOW_EXIT[5ns]=0
Tue  6 Oct 2026 20:28:29 BST
kept 10000 of 20000 frames (leading 10 ns, wrapped solute)
/Users/cafierom/miniforge3/envs/openmm-md/lib/python3.11/site-packages/mdtraj/formats/netcdf.py:154: UserWarning: Warning: The 'netCDF4' Python package is not installed. MDTraj is using the 'scipy' implementation to read and write netCDF files,which can be significantly slower.
For improved performance, consider installing netCDF4. See installation instructions at:
https://unidata.github.io/netcdf4-python/#quick-install
  warnings.warn(warning_message)
[build] hetero discovery (resname | HETNAM | min dist to ligand | action):
[mmgbsa] cofactor residues to re-add: 0 ([])
[mmgbsa] solute modeller: 371 atoms
[mmgbsa] prmtop + inpcrd -> mmgbsa/complex.prmtop (371 atoms, radii=['H(N)-modified Bondi radii (mbondi2)'])
[mmgbsa] receptor + ligand prmtops -> mmgbsa/receptor.prmtop, mmgbsa/ligand.prmtop
[mmgbsa] trajectory -> mmgbsa/traj.nc (371 atoms, 10000 frames)
[mmgbsa] MMPBSA.py input -> mmgbsa/mmgbsa.in
[mmgbsa] prmtop atoms: 371; ligand residue present: True
[mmgbsa] MMPBSA.py done -> mmgbsa/FINAL_RESULTS_MMPBSA.dat
WINDOW_EXIT[10ns]=0
Tue  6 Oct 2026 20:30:18 BST
kept 15000 of 20000 frames (leading 15 ns, wrapped solute)
/Users/cafierom/miniforge3/envs/openmm-md/lib/python3.11/site-packages/mdtraj/formats/netcdf.py:154: UserWarning: Warning: The 'netCDF4' Python package is not installed. MDTraj is using the 'scipy' implementation to read and write netCDF files,which can be significantly slower.
For improved performance, consider installing netCDF4. See installation instructions at:
https://unidata.github.io/netcdf4-python/#quick-install
  warnings.warn(warning_message)
[build] hetero discovery (resname | HETNAM | min dist to ligand | action):
[mmgbsa] cofactor residues to re-add: 0 ([])
[mmgbsa] solute modeller: 371 atoms
[mmgbsa] prmtop + inpcrd -> mmgbsa/complex.prmtop (371 atoms, radii=['H(N)-modified Bondi radii (mbondi2)'])
[mmgbsa] receptor + ligand prmtops -> mmgbsa/receptor.prmtop, mmgbsa/ligand.prmtop
[mmgbsa] trajectory -> mmgbsa/traj.nc (371 atoms, 15000 frames)
[mmgbsa] MMPBSA.py input -> mmgbsa/mmgbsa.in
[mmgbsa] prmtop atoms: 371; ligand residue present: True
[mmgbsa] MMPBSA.py done -> mmgbsa/FINAL_RESULTS_MMPBSA.dat
WINDOW_EXIT[15ns]=0
Tue  6 Oct 2026 20:33:06 BST

=== runs/oxybenzone/md/ox2_shuffle_dock4/prod_20ns
20000 frames, 185 peptide / 17 ligand heavy atoms
     ns  contacts   sep A  pep Rg
    2.0      11.4   14.15    8.53
    4.0       6.4   16.46    8.22
    6.0       0.3   21.56    8.86
    8.0       0.0   23.79    8.53
   10.0       2.7   20.52    8.49
   12.0       4.0   19.41    8.41
   14.0       0.0   19.97    8.52
   16.0       7.0   16.08    8.90
   18.0      17.1   12.51    8.53
   20.0       4.6   20.88    8.81
whole run: contacts 11.4 -> 4.6 (mean 5.3), separation 14.15 -> 20.88 A (max 32.86), closest heavy-atom approach 2.36 A
  residence within 10 A: 1.2% of the run
  release (at 10.0 ps spacing): 1233 frames (61.65%) in 35 episodes, longest 3390.0 ps, 12.33 ns detached, 45% of it in the second half

wrote runs/oxybenzone/md/ox2_shuffle_dock4/md_contacts.csv

=== runs/oxybenzone/md/ox2_shuffle_dock4/prod_20ns
  20000 frames total; window 18.0-20.0 ns
  runs/oxybenzone/md/ox2_shuffle_dock4/prod_20ns/frames_last.pdb  (10 models)
  runs/oxybenzone/md/ox2_shuffle_dock4/prod_20ns/frame_medoid.pdb  (frame at 18.74 ns, 1.71 A from the window mean; window spread 2.75 A)

in PyMOL, for the ensemble:
  load frames_last.pdb, ens
  set all_states, on
  hide everything; show cartoon, polymer; show sticks, not polymer
  color grey70, polymer; color red, not polymer

or for a single clean frame:
  load frame_medoid.pdb, best
DONE ox2_shuffle_dock4
Tue  6 Oct 2026 20:33:10 BST
--- pair_contacts ox2_shuffle_dock4

=== ox2_shuffle_dock4  (slots from design_shell2.json)
  11 slots: R0 E2 L5 D7 Y10 S15 W17 I21 D24 K26 F30
  simultaneous side chains on the ligand: mean 0.47, max 3, >=2 in 14% of frames
  pairs realised 9/55 (16% of ceiling, -2% of the way up the [10, 55] band)
  held >=5% of the run: 1   adjacent 3/10   non-adjacent 6/45 (13%)   long-range gap>=7 2/10
  slots never in contact: 0

wrote /Users/cafierom/python_mac/peptidebuilder/runs/oxybenzone/md/ox2_shuffle_dock4/pair_contacts.csv
Tue  6 Oct 2026 20:33:22 BST
##### tail for ox2_shuffle_esm0_dock1
Tue  6 Oct 2026 20:33:22 BST
### ox2_shuffle_esm0_dock1: 20 ns on pose 1 of ox2_shuffle_esm0 (box=dodecahedron)
trajectory present in runs/oxybenzone/md/ox2_shuffle_esm0_dock1/prod_20ns (traj.dcd or traj_wrapped.xtc), skipping the dynamics
/Users/cafierom/miniforge3/envs/openmm-md/lib/python3.11/site-packages/mdtraj/formats/netcdf.py:154: UserWarning: Warning: The 'netCDF4' Python package is not installed. MDTraj is using the 'scipy' implementation to read and write netCDF files,which can be significantly slower.
For improved performance, consider installing netCDF4. See installation instructions at:
https://unidata.github.io/netcdf4-python/#quick-install
  warnings.warn(warning_message)
[build] hetero discovery (resname | HETNAM | min dist to ligand | action):
[mmgbsa] cofactor residues to re-add: 0 ([])
[mmgbsa] solute modeller: 542 atoms
[mmgbsa] prmtop + inpcrd -> mmgbsa/complex.prmtop (542 atoms, radii=['H(N)-modified Bondi radii (mbondi2)'])
[mmgbsa] receptor + ligand prmtops -> mmgbsa/receptor.prmtop, mmgbsa/ligand.prmtop
[mmgbsa] trajectory -> mmgbsa/traj.nc (542 atoms, 20000 frames)
[mmgbsa] MMPBSA.py input -> mmgbsa/mmgbsa.in
[mmgbsa] prmtop atoms: 542; ligand residue present: True
[mmgbsa] MMPBSA.py done -> mmgbsa/FINAL_RESULTS_MMPBSA.dat
MMGBSA_EXIT=0
Tue  6 Oct 2026 20:40:07 BST
kept 5000 of 20000 frames (leading 5 ns, wrapped solute)
/Users/cafierom/miniforge3/envs/openmm-md/lib/python3.11/site-packages/mdtraj/formats/netcdf.py:154: UserWarning: Warning: The 'netCDF4' Python package is not installed. MDTraj is using the 'scipy' implementation to read and write netCDF files,which can be significantly slower.
For improved performance, consider installing netCDF4. See installation instructions at:
https://unidata.github.io/netcdf4-python/#quick-install
  warnings.warn(warning_message)
[build] hetero discovery (resname | HETNAM | min dist to ligand | action):
[mmgbsa] cofactor residues to re-add: 0 ([])
[mmgbsa] solute modeller: 542 atoms
[mmgbsa] prmtop + inpcrd -> mmgbsa/complex.prmtop (542 atoms, radii=['H(N)-modified Bondi radii (mbondi2)'])
[mmgbsa] receptor + ligand prmtops -> mmgbsa/receptor.prmtop, mmgbsa/ligand.prmtop
[mmgbsa] trajectory -> mmgbsa/traj.nc (542 atoms, 5000 frames)
[mmgbsa] MMPBSA.py input -> mmgbsa/mmgbsa.in
[mmgbsa] prmtop atoms: 542; ligand residue present: True
[mmgbsa] MMPBSA.py done -> mmgbsa/FINAL_RESULTS_MMPBSA.dat
WINDOW_EXIT[5ns]=0
Tue  6 Oct 2026 20:42:01 BST
kept 10000 of 20000 frames (leading 10 ns, wrapped solute)
/Users/cafierom/miniforge3/envs/openmm-md/lib/python3.11/site-packages/mdtraj/formats/netcdf.py:154: UserWarning: Warning: The 'netCDF4' Python package is not installed. MDTraj is using the 'scipy' implementation to read and write netCDF files,which can be significantly slower.
For improved performance, consider installing netCDF4. See installation instructions at:
https://unidata.github.io/netcdf4-python/#quick-install
  warnings.warn(warning_message)
[build] hetero discovery (resname | HETNAM | min dist to ligand | action):
[mmgbsa] cofactor residues to re-add: 0 ([])
[mmgbsa] solute modeller: 542 atoms
[mmgbsa] prmtop + inpcrd -> mmgbsa/complex.prmtop (542 atoms, radii=['H(N)-modified Bondi radii (mbondi2)'])
[mmgbsa] receptor + ligand prmtops -> mmgbsa/receptor.prmtop, mmgbsa/ligand.prmtop
[mmgbsa] trajectory -> mmgbsa/traj.nc (542 atoms, 10000 frames)
[mmgbsa] MMPBSA.py input -> mmgbsa/mmgbsa.in
[mmgbsa] prmtop atoms: 542; ligand residue present: True
[mmgbsa] MMPBSA.py done -> mmgbsa/FINAL_RESULTS_MMPBSA.dat
WINDOW_EXIT[10ns]=0
Tue  6 Oct 2026 20:45:36 BST
kept 15000 of 20000 frames (leading 15 ns, wrapped solute)
/Users/cafierom/miniforge3/envs/openmm-md/lib/python3.11/site-packages/mdtraj/formats/netcdf.py:154: UserWarning: Warning: The 'netCDF4' Python package is not installed. MDTraj is using the 'scipy' implementation to read and write netCDF files,which can be significantly slower.
For improved performance, consider installing netCDF4. See installation instructions at:
https://unidata.github.io/netcdf4-python/#quick-install
  warnings.warn(warning_message)
[build] hetero discovery (resname | HETNAM | min dist to ligand | action):
[mmgbsa] cofactor residues to re-add: 0 ([])
[mmgbsa] solute modeller: 542 atoms
[mmgbsa] prmtop + inpcrd -> mmgbsa/complex.prmtop (542 atoms, radii=['H(N)-modified Bondi radii (mbondi2)'])
[mmgbsa] receptor + ligand prmtops -> mmgbsa/receptor.prmtop, mmgbsa/ligand.prmtop
[mmgbsa] trajectory -> mmgbsa/traj.nc (542 atoms, 15000 frames)
[mmgbsa] MMPBSA.py input -> mmgbsa/mmgbsa.in
[mmgbsa] prmtop atoms: 542; ligand residue present: True
[mmgbsa] MMPBSA.py done -> mmgbsa/FINAL_RESULTS_MMPBSA.dat
WINDOW_EXIT[15ns]=0
Tue  6 Oct 2026 20:50:51 BST

=== runs/oxybenzone/md/ox2_shuffle_esm0_dock1/prod_20ns
20000 frames, 258 peptide / 17 ligand heavy atoms
     ns  contacts   sep A  pep Rg
    2.0      33.2    7.58   12.16
    4.0      39.6    6.50   12.35
    6.0      41.5    4.27   12.69
    8.0      33.7    4.73   12.65
   10.0      23.0    7.58   12.70
   12.0      21.7    8.59   12.84
   14.0      21.1    8.39   13.12
   16.0      22.8    6.91   13.67
   18.0      26.3    8.00   13.10
   20.0      33.5    7.71   12.75
whole run: contacts 33.2 -> 33.5 (mean 29.6), separation 7.58 -> 7.71 A (max 12.06), closest heavy-atom approach 2.52 A
  residence within 10 A: 97.4% of the run
  release (at 10.0 ps spacing): 0 frames (0.0%) in 0 episodes, longest 0.0 ps, 0.0 ns detached, 0% of it in the second half

wrote runs/oxybenzone/md/ox2_shuffle_esm0_dock1/md_contacts.csv

=== runs/oxybenzone/md/ox2_shuffle_esm0_dock1/prod_20ns
  20000 frames total; window 18.0-20.0 ns
  runs/oxybenzone/md/ox2_shuffle_esm0_dock1/prod_20ns/frames_last.pdb  (10 models)
  runs/oxybenzone/md/ox2_shuffle_esm0_dock1/prod_20ns/frame_medoid.pdb  (frame at 18.45 ns, 1.93 A from the window mean; window spread 2.96 A)

in PyMOL, for the ensemble:
  load frames_last.pdb, ens
  set all_states, on
  hide everything; show cartoon, polymer; show sticks, not polymer
  color grey70, polymer; color red, not polymer

or for a single clean frame:
  load frame_medoid.pdb, best
DONE ox2_shuffle_esm0_dock1
Tue  6 Oct 2026 20:50:56 BST
--- pair_contacts ox2_shuffle_esm0_dock1

=== ox2_shuffle_esm0_dock1  (slots from design_shell2.json)
  11 slots: R0 E2 L5 D7 Y10 S15 W17 I21 D24 K26 F30
  simultaneous side chains on the ligand: mean 2.73, max 6, >=2 in 94% of frames
  pairs realised 15/55 (27% of ceiling, 11% of the way up the [10, 55] band)
  held >=5% of the run: 9   adjacent 3/10   non-adjacent 12/45 (27%)   long-range gap>=7 1/10
  slots never in contact: 5

wrote /Users/cafierom/python_mac/peptidebuilder/runs/oxybenzone/md/ox2_shuffle_esm0_dock1/pair_contacts.csv
ALL_DOCK_TAILS_DONE
Tue  6 Oct 2026 20:51:08 BST
