
=== ox1_orig_f12 ===
vina_dock: running Vina...
  /Users/cafierom/python_mac/dock_assist/dock-env/lib/python3.14/site-packages/dockstring/resources/bin/vina_mac_catalina --receptor /Users/cafierom/python_mac/peptidebuilder/runs/oxybenzone/dock/ox1_orig_f12/ox1_orig_f12_protein.pdbqt --ligand /Users/cafierom/python_mac/peptidebuilder/runs/oxybenzone/dock/ox1_orig_f12/ligand.pdbqt --center_x -0.33011764705882346 --center_y 1.2745294117647057 --center_z -1.0401176470588236 --size_x 22.0 --size_y 22.0 --size_z 22.0 --out /Users/cafierom/python_mac/peptidebuilder/runs/oxybenzone/dock/ox1_orig_f12/poses.pdbqt --log /Users/cafierom/python_mac/peptidebuilder/runs/oxybenzone/dock/ox1_orig_f12/vina.log --exhaustiveness 16 --num_modes 9 --seed 42
  score -5.80 kcal/mol   pose1 RMSD 6.16 A   best RMSD 2.899 A (rank 3)
  wrapped  Boltz 1.00 -> pose1 1.00    enclosed  0.99 -> 0.99    centroid sep 1.2 -> 1.7 A

=== ox2_orig_f8 ===
vina_dock: running Vina...
  /Users/cafierom/python_mac/dock_assist/dock-env/lib/python3.14/site-packages/dockstring/resources/bin/vina_mac_catalina --receptor /Users/cafierom/python_mac/peptidebuilder/runs/oxybenzone/dock/ox2_orig_f8/ox2_orig_f8_protein.pdbqt --ligand /Users/cafierom/python_mac/peptidebuilder/runs/oxybenzone/dock/ox2_orig_f8/ligand.pdbqt --center_x 0.27688235294117647 --center_y -0.14494117647058824 --center_z -2.1238823529411763 --size_x 22.0 --size_y 22.0 --size_z 22.0 --out /Users/cafierom/python_mac/peptidebuilder/runs/oxybenzone/dock/ox2_orig_f8/poses.pdbqt --log /Users/cafierom/python_mac/peptidebuilder/runs/oxybenzone/dock/ox2_orig_f8/vina.log --exhaustiveness 16 --num_modes 9 --seed 42
  score -6.90 kcal/mol   pose1 RMSD 2.679 A   best RMSD 2.679 A (rank 1)
  wrapped  Boltz 1.00 -> pose1 1.00    enclosed  0.97 -> 0.95    centroid sep 2.7 -> 4.4 A

=== ox3_orig_f8 ===
vina_dock: running Vina...
  /Users/cafierom/python_mac/dock_assist/dock-env/lib/python3.14/site-packages/dockstring/resources/bin/vina_mac_catalina --receptor /Users/cafierom/python_mac/peptidebuilder/runs/oxybenzone/dock/ox3_orig_f8/ox3_orig_f8_protein.pdbqt --ligand /Users/cafierom/python_mac/peptidebuilder/runs/oxybenzone/dock/ox3_orig_f8/ligand.pdbqt --center_x -0.3734117647058825 --center_y -1.3647647058823533 --center_z 0.6919999999999998 --size_x 22.0 --size_y 22.0 --size_z 22.0 --out /Users/cafierom/python_mac/peptidebuilder/runs/oxybenzone/dock/ox3_orig_f8/poses.pdbqt --log /Users/cafierom/python_mac/peptidebuilder/runs/oxybenzone/dock/ox3_orig_f8/vina.log --exhaustiveness 16 --num_modes 9 --seed 42
  score -7.00 kcal/mol   pose1 RMSD 6.142 A   best RMSD 2.629 A (rank 3)
  wrapped  Boltz 1.00 -> pose1 1.00    enclosed  0.99 -> 0.99    centroid sep 2.1 -> 3.2 A

=== ox1_esm1_f8 ===
vina_dock: running Vina...
  /Users/cafierom/python_mac/dock_assist/dock-env/lib/python3.14/site-packages/dockstring/resources/bin/vina_mac_catalina --receptor /Users/cafierom/python_mac/peptidebuilder/runs/oxybenzone/dock/ox1_esm1_f8/ox1_esm1_f8_protein.pdbqt --ligand /Users/cafierom/python_mac/peptidebuilder/runs/oxybenzone/dock/ox1_esm1_f8/ligand.pdbqt --center_x 4.224352941176471 --center_y -1.2575294117647058 --center_z -0.6215294117647057 --size_x 22.0 --size_y 22.0 --size_z 22.0 --out /Users/cafierom/python_mac/peptidebuilder/runs/oxybenzone/dock/ox1_esm1_f8/poses.pdbqt --log /Users/cafierom/python_mac/peptidebuilder/runs/oxybenzone/dock/ox1_esm1_f8/vina.log --exhaustiveness 16 --num_modes 9 --seed 42
  score -7.20 kcal/mol   pose1 RMSD 5.838 A   best RMSD 0.978 A (rank 6)
  wrapped  Boltz 1.00 -> pose1 1.00    enclosed  0.94 -> 0.96    centroid sep 4.1 -> 3.5 A

=== ox2_esm1_f8 ===
vina_dock: running Vina...
  /Users/cafierom/python_mac/dock_assist/dock-env/lib/python3.14/site-packages/dockstring/resources/bin/vina_mac_catalina --receptor /Users/cafierom/python_mac/peptidebuilder/runs/oxybenzone/dock/ox2_esm1_f8/ox2_esm1_f8_protein.pdbqt --ligand /Users/cafierom/python_mac/peptidebuilder/runs/oxybenzone/dock/ox2_esm1_f8/ligand.pdbqt --center_x -4.5944117647058835 --center_y 1.5509411764705883 --center_z 4.402235294117647 --size_x 22.0 --size_y 22.0 --size_z 22.0 --out /Users/cafierom/python_mac/peptidebuilder/runs/oxybenzone/dock/ox2_esm1_f8/poses.pdbqt --log /Users/cafierom/python_mac/peptidebuilder/runs/oxybenzone/dock/ox2_esm1_f8/vina.log --exhaustiveness 16 --num_modes 9 --seed 42
  score -4.90 kcal/mol   pose1 RMSD 11.336 A   best RMSD 4.323 A (rank 6)
  wrapped  Boltz 1.00 -> pose1 0.94    enclosed  0.67 -> 0.62    centroid sep 6.4 -> 9.1 A

=== ox2_shuffle ===
vina_dock: running Vina...
  /Users/cafierom/python_mac/dock_assist/dock-env/lib/python3.14/site-packages/dockstring/resources/bin/vina_mac_catalina --receptor /Users/cafierom/python_mac/peptidebuilder/runs/oxybenzone/dock/ox2_shuffle/ox2_shuffle_protein.pdbqt --ligand /Users/cafierom/python_mac/peptidebuilder/runs/oxybenzone/dock/ox2_shuffle/ligand.pdbqt --center_x -1.8944705882352944 --center_y -3.6384117647058822 --center_z 7.080999999999999 --size_x 22.0 --size_y 22.0 --size_z 22.0 --out /Users/cafierom/python_mac/peptidebuilder/runs/oxybenzone/dock/ox2_shuffle/poses.pdbqt --log /Users/cafierom/python_mac/peptidebuilder/runs/oxybenzone/dock/ox2_shuffle/vina.log --exhaustiveness 16 --num_modes 9 --seed 42
  score -4.50 kcal/mol   pose1 RMSD 6.03 A   best RMSD 5.809 A (rank 5)
  wrapped  Boltz 0.82 -> pose1 0.94    enclosed  0.58 -> 0.63    centroid sep 9.2 -> 9.0 A

=== ox2_shuffle_esm0 ===
vina_dock: running Vina...
  /Users/cafierom/python_mac/dock_assist/dock-env/lib/python3.14/site-packages/dockstring/resources/bin/vina_mac_catalina --receptor /Users/cafierom/python_mac/peptidebuilder/runs/oxybenzone/dock/ox2_shuffle_esm0/ox2_shuffle_esm0_protein.pdbqt --ligand /Users/cafierom/python_mac/peptidebuilder/runs/oxybenzone/dock/ox2_shuffle_esm0/ligand.pdbqt --center_x -0.7365882352941175 --center_y -2.919058823529412 --center_z 0.5634705882352942 --size_x 22.0 --size_y 22.0 --size_z 22.0 --out /Users/cafierom/python_mac/peptidebuilder/runs/oxybenzone/dock/ox2_shuffle_esm0/poses.pdbqt --log /Users/cafierom/python_mac/peptidebuilder/runs/oxybenzone/dock/ox2_shuffle_esm0/vina.log --exhaustiveness 16 --num_modes 9 --seed 42
  score -5.30 kcal/mol   pose1 RMSD 5.343 A   best RMSD 2.321 A (rank 5)
  wrapped  Boltz 0.94 -> pose1 1.00    enclosed  0.64 -> 0.59    centroid sep 4.2 -> 6.0 A

wrote /Users/cafierom/python_mac/peptidebuilder/runs/oxybenzone/dock/dock_summary.csv  (7 structures)
wrote /Users/cafierom/python_mac/peptidebuilder/runs/oxybenzone/dock/dock_poses.csv  (70 rows, pose 0 = Boltz reference)
