              _             
             (_)            
   __ _ _ __  _ _ __   __ _ 
  / _` | '_ \| | '_ \ / _` |
 | (_| | | | | | | | | (_| |
  \__, |_| |_|_|_| |_|\__,_|
   __/ |                    
  |___/                     

gnina v1.3.3 master:6fe1ce2   Built Jun 30 2026.
gnina is based on smina and AutoDock Vina.
Please cite appropriately.

WARNING: No GPU detected. CNN scoring will be slow.
Recommend running with single model (--cnn fast)
or without cnn scoring (--cnn_scoring=none).

Commandline: /home/cafierom/python_linux/gnina/bin/gnina.bin --minimize -r bg33_2/receptor.pdb -l bg33_2/poses_with_reference.sdf -o results_receptor_minimize/bg33_2_scored.sdf --seed 42
Affinity: -2.97944  -1.44355 (kcal/mol)
RMSD: 0.22962
CNNscore: 0.28832 
CNNaffinity: 4.22215
CNNvariance: 0.16298
Affinity: -2.91943  -1.39305 (kcal/mol)
RMSD: 0.23060
CNNscore: 0.26072 
CNNaffinity: 4.08283
CNNvariance: 0.35179
Affinity: -3.27993  -0.58769 (kcal/mol)
RMSD: 1.08367
CNNscore: 0.91047 
CNNaffinity: 5.46941
CNNvariance: 0.83599
Affinity: -3.19347  -1.00551 (kcal/mol)
RMSD: 0.19186
CNNscore: 0.43312 
CNNaffinity: 4.19911
CNNvariance: 0.33331
Affinity: -3.00394  -1.22669 (kcal/mol)
RMSD: 0.15507
CNNscore: 0.50954 
CNNaffinity: 4.88289
CNNvariance: 0.22934
Affinity: -3.34994  -0.81655 (kcal/mol)
RMSD: 0.45681
CNNscore: 0.81213 
CNNaffinity: 5.06389
CNNvariance: 0.26989
Affinity: -3.13716  -1.04573 (kcal/mol)
RMSD: 0.26869
CNNscore: 0.53543 
CNNaffinity: 4.56872
CNNvariance: 0.24058
Affinity: -2.95015  -1.36628 (kcal/mol)
RMSD: 0.27597
CNNscore: 0.28063 
CNNaffinity: 4.06181
CNNvariance: 0.15194
Affinity: -3.22801  -0.91551 (kcal/mol)
RMSD: 0.18786
CNNscore: 0.58613 
CNNaffinity: 4.75367
CNNvariance: 0.08049
Affinity: -2.90608  -1.40117 (kcal/mol)
RMSD: 0.19925
CNNscore: 0.33817 
CNNaffinity: 4.42604
CNNvariance: 0.04179
