              _             
             (_)            
   __ _ _ __  _ _ __   __ _ 
  / _` | '_ \| | '_ \ / _` |
 | (_| | | | | | | | | (_| |
  \__, |_| |_|_|_| |_|\__,_|
   __/ |                    
  |___/                     

gnina v1.3.3 master:6fe1ce2   Built Jun 30 2026.
gnina is based on smina and AutoDock Vina.
Please cite appropriately.

WARNING: No GPU detected. CNN scoring will be slow.
Recommend running with single model (--cnn fast)
or without cnn scoring (--cnn_scoring=none).

Commandline: /home/cafierom/python_linux/gnina/bin/gnina.bin --minimize -r bg33_1/receptor.pdb -l bg33_1/poses_with_reference.sdf -o results_receptor_minimize/bg33_1_scored.sdf --seed 42
Affinity: -3.10509  -1.39862 (kcal/mol)
RMSD: 0.10789
CNNscore: 0.45482 
CNNaffinity: 4.51596
CNNvariance: 0.08706
Affinity: -3.11164  -1.38947 (kcal/mol)
RMSD: 0.15689
CNNscore: 0.45480 
CNNaffinity: 4.37125
CNNvariance: 0.17012
Affinity: -3.65194  -0.75868 (kcal/mol)
RMSD: 0.16599
CNNscore: 0.89235 
CNNaffinity: 5.32760
CNNvariance: 0.52687
Affinity: -3.35879  -1.04720 (kcal/mol)
RMSD: 0.21751
CNNscore: 0.63494 
CNNaffinity: 4.60458
CNNvariance: 0.71074
Affinity: -2.35502  -1.00547 (kcal/mol)
RMSD: 1.98530
CNNscore: 0.79964 
CNNaffinity: 5.09189
CNNvariance: 0.59265
Affinity: -3.22510  -1.45626 (kcal/mol)
RMSD: 0.13022
CNNscore: 0.49628 
CNNaffinity: 4.26658
CNNvariance: 0.40459
Affinity: -3.53813  -0.90360 (kcal/mol)
RMSD: 0.54047
CNNscore: 0.68203 
CNNaffinity: 4.84517
CNNvariance: 0.07982
Affinity: -3.04948  -1.52477 (kcal/mol)
RMSD: 0.24295
CNNscore: 0.40024 
CNNaffinity: 4.59608
CNNvariance: 0.06101
Affinity: -3.42279  -0.94628 (kcal/mol)
RMSD: 0.35946
CNNscore: 0.67071 
CNNaffinity: 4.68393
CNNvariance: 0.05720
Affinity: -3.07874  -1.39277 (kcal/mol)
RMSD: 0.08545
CNNscore: 0.32246 
CNNaffinity: 4.11766
CNNvariance: 0.18245
