#################################################################
# If you used AutoDock Vina in your work, please cite:          #
#                                                               #
# O. Trott, A. J. Olson,                                        #
# AutoDock Vina: improving the speed and accuracy of docking    #
# with a new scoring function, efficient optimization and       #
# multithreading, Journal of Computational Chemistry 31 (2010)  #
# 455-461                                                       #
#                                                               #
# DOI 10.1002/jcc.21334                                         #
#                                                               #
# Please see http://vina.scripps.edu for more information.      #
#################################################################

Detected 6 CPUs
Reading input ... done.
Setting up the scoring function ... done.
Analyzing the binding site ... done.
Using random seed: 42
Performing search ... done.
Refining results ... done.

mode |   affinity | dist from best mode
     | (kcal/mol) | rmsd l.b.| rmsd u.b.
-----+------------+----------+----------
   1         -2.7      0.000      0.000
   2         -2.7      2.525      7.320
   3         -2.7      2.766      5.373
   4         -2.6      1.415      1.981
   5         -2.6      2.764      5.858
   6         -2.6      2.683      5.322
   7         -2.5      2.369      7.290
   8         -2.5      2.723      5.263
   9         -2.5      1.036      1.338
Writing output ... done.
