              _             
             (_)            
   __ _ _ __  _ _ __   __ _ 
  / _` | '_ \| | '_ \ / _` |
 | (_| | | | | | | | | (_| |
  \__, |_| |_|_|_| |_|\__,_|
   __/ |                    
  |___/                     

gnina v1.3.3 master:6fe1ce2   Built Jun 30 2026.
gnina is based on smina and AutoDock Vina.
Please cite appropriately.

WARNING: No GPU detected. CNN scoring will be slow.
Recommend running with single model (--cnn fast)
or without cnn scoring (--cnn_scoring=none).

Commandline: /home/cafierom/python_linux/gnina/bin/gnina.bin --minimize -r bg33_4/receptor.pdb -l bg33_4/poses_with_reference.sdf -o results_receptor_minimize/bg33_4_scored.sdf --seed 42
Affinity: -4.69021  -0.96031 (kcal/mol)
RMSD: 0.22006
CNNscore: 0.32085 
CNNaffinity: 4.34363
CNNvariance: 0.17554
Affinity: -4.05176  -0.73974 (kcal/mol)
RMSD: 0.84576
CNNscore: 0.59729 
CNNaffinity: 4.92328
CNNvariance: 0.41286
Affinity: -4.17519  -1.61597 (kcal/mol)
RMSD: 0.23746
CNNscore: 0.22673 
CNNaffinity: 4.01877
CNNvariance: 0.34550
Affinity: -4.43574  -1.00265 (kcal/mol)
RMSD: 0.13875
CNNscore: 0.27047 
CNNaffinity: 3.97108
CNNvariance: 0.32706
Affinity: -4.54155  -0.81937 (kcal/mol)
RMSD: 0.45729
CNNscore: 0.39778 
CNNaffinity: 4.36469
CNNvariance: 0.36404
Affinity: -4.42338  -1.07242 (kcal/mol)
RMSD: 0.27331
CNNscore: 0.37771 
CNNaffinity: 4.46584
CNNvariance: 0.86369
Affinity: -4.39328  -1.09662 (kcal/mol)
RMSD: 0.28323
CNNscore: 0.41731 
CNNaffinity: 4.67329
CNNvariance: 0.22384
Affinity: -4.08227  -1.42821 (kcal/mol)
RMSD: 0.15235
CNNscore: 0.27683 
CNNaffinity: 4.28214
CNNvariance: 0.07754
Affinity: -4.37459  -0.93795 (kcal/mol)
RMSD: 0.16269
CNNscore: 0.31725 
CNNaffinity: 4.40063
CNNvariance: 0.22030
Affinity: -4.20924  -1.35678 (kcal/mol)
RMSD: 0.25202
CNNscore: 0.25290 
CNNaffinity: 4.26874
CNNvariance: 0.36281
