              _             
             (_)            
   __ _ _ __  _ _ __   __ _ 
  / _` | '_ \| | '_ \ / _` |
 | (_| | | | | | | | | (_| |
  \__, |_| |_|_|_| |_|\__,_|
   __/ |                    
  |___/                     

gnina v1.3.3 master:6fe1ce2   Built Jun 30 2026.
gnina is based on smina and AutoDock Vina.
Please cite appropriately.

WARNING: No GPU detected. CNN scoring will be slow.
Recommend running with single model (--cnn fast)
or without cnn scoring (--cnn_scoring=none).

Commandline: /home/cafierom/python_linux/gnina/bin/gnina.bin --minimize -r bg33_3/receptor.pdb -l bg33_3/poses_with_reference.sdf -o results_receptor_minimize/bg33_3_scored.sdf --seed 42
Affinity: -4.13010  -1.05475 (kcal/mol)
RMSD: 0.24354
CNNscore: 0.27431 
CNNaffinity: 4.08288
CNNvariance: 0.41663
Affinity: -4.14701  -1.36217 (kcal/mol)
RMSD: 0.17798
CNNscore: 0.17708 
CNNaffinity: 3.87841
CNNvariance: 0.44108
Affinity: -4.16233  -0.75591 (kcal/mol)
RMSD: 2.95452
CNNscore: 0.44516 
CNNaffinity: 4.22046
CNNvariance: 0.32810
Affinity: -4.21215  -1.34512 (kcal/mol)
RMSD: 0.24595
CNNscore: 0.20235 
CNNaffinity: 3.84707
CNNvariance: 0.78867
Affinity: -4.13631  -1.48165 (kcal/mol)
RMSD: 0.07234
CNNscore: 0.21686 
CNNaffinity: 3.95871
CNNvariance: 0.49881
Affinity: -4.24830  -1.13897 (kcal/mol)
RMSD: 0.49984
CNNscore: 0.23201 
CNNaffinity: 4.05227
CNNvariance: 0.43455
Affinity: -4.08448  -1.46341 (kcal/mol)
RMSD: 0.14970
CNNscore: 0.33535 
CNNaffinity: 4.11585
CNNvariance: 0.62667
Affinity: -4.40616  -0.87521 (kcal/mol)
RMSD: 0.35536
CNNscore: 0.44488 
CNNaffinity: 4.24834
CNNvariance: 0.36340
Affinity: -3.92320  -1.30737 (kcal/mol)
RMSD: 0.12789
CNNscore: 0.15704 
CNNaffinity: 3.52734
CNNvariance: 0.61212
Affinity: -4.01572  -1.17095 (kcal/mol)
RMSD: 0.29615
CNNscore: 0.29378 
CNNaffinity: 4.06730
CNNvariance: 0.63599
