              _             
             (_)            
   __ _ _ __  _ _ __   __ _ 
  / _` | '_ \| | '_ \ / _` |
 | (_| | | | | | | | | (_| |
  \__, |_| |_|_|_| |_|\__,_|
   __/ |                    
  |___/                     

gnina v1.3.3 master:6fe1ce2   Built Jun 30 2026.
gnina is based on smina and AutoDock Vina.
Please cite appropriately.

WARNING: No GPU detected. CNN scoring will be slow.
Recommend running with single model (--cnn fast)
or without cnn scoring (--cnn_scoring=none).

Commandline: /home/cafierom/python_linux/gnina/bin/gnina.bin --minimize -r s3_orig_f12/receptor.pdb -l s3_orig_f12/poses_with_reference.sdf -o results_receptor_minimize/s3_orig_f12_scored.sdf --seed 42
Affinity: -7.45538  -1.38249 (kcal/mol)
RMSD: 0.20181
CNNscore: 0.40876 
CNNaffinity: 5.02659
CNNvariance: 0.06747
Affinity: -6.75961  -1.18193 (kcal/mol)
RMSD: 0.23788
CNNscore: 0.43362 
CNNaffinity: 4.85159
CNNvariance: 0.07704
Affinity: -6.31501  -1.43862 (kcal/mol)
RMSD: 0.19447
CNNscore: 0.15667 
CNNaffinity: 4.35262
CNNvariance: 0.10732
Affinity: -6.85470  -1.10081 (kcal/mol)
RMSD: 0.13361
CNNscore: 0.34059 
CNNaffinity: 4.31846
CNNvariance: 0.65630
Affinity: -6.58527  -1.34419 (kcal/mol)
RMSD: 0.15035
CNNscore: 0.16379 
CNNaffinity: 3.92378
CNNvariance: 0.62093
Affinity: -6.33767  -1.41502 (kcal/mol)
RMSD: 0.11961
CNNscore: 0.48575 
CNNaffinity: 4.94444
CNNvariance: 0.01123
Affinity: -6.88190  -0.98773 (kcal/mol)
RMSD: 0.16855
CNNscore: 0.68749 
CNNaffinity: 4.99997
CNNvariance: 0.02402
Affinity: -5.91057  -0.65744 (kcal/mol)
RMSD: 1.24683
CNNscore: 0.84479 
CNNaffinity: 4.98854
CNNvariance: 0.04957
Affinity: -7.01752  -1.08158 (kcal/mol)
RMSD: 0.27659
CNNscore: 0.51694 
CNNaffinity: 4.82147
CNNvariance: 0.16903
Affinity: -6.74731  -0.82104 (kcal/mol)
RMSD: 0.38289
CNNscore: 0.74918 
CNNaffinity: 5.23051
CNNvariance: 0.00819
