#################################################################
# If you used AutoDock Vina in your work, please cite:          #
#                                                               #
# O. Trott, A. J. Olson,                                        #
# AutoDock Vina: improving the speed and accuracy of docking    #
# with a new scoring function, efficient optimization and       #
# multithreading, Journal of Computational Chemistry 31 (2010)  #
# 455-461                                                       #
#                                                               #
# DOI 10.1002/jcc.21334                                         #
#                                                               #
# Please see http://vina.scripps.edu for more information.      #
#################################################################

Detected 6 CPUs
Reading input ... done.
Setting up the scoring function ... done.
Analyzing the binding site ... done.
Using random seed: 42
Performing search ... done.
Refining results ... done.

mode |   affinity | dist from best mode
     | (kcal/mol) | rmsd l.b.| rmsd u.b.
-----+------------+----------+----------
   1         -3.4      0.000      0.000
   2         -3.1      2.925      4.505
   3         -3.0      5.808      6.718
   4         -3.0      2.963      4.478
   5         -3.0      3.193      5.596
   6         -3.0      3.042      5.408
   7         -2.9      2.939      5.245
   8         -2.9      6.650      8.668
   9         -2.9      5.610      7.682
Writing output ... done.
