$ MMPBSA.py -i runs/octinoxate/md/orig_f12/first_15ns/mmgbsa/mmgbsa.in -o runs/octinoxate/md/orig_f12/first_15ns/mmgbsa/FINAL_RESULTS_MMPBSA.dat -cp runs/octinoxate/md/orig_f12/first_15ns/mmgbsa/complex.prmtop -rp runs/octinoxate/md/orig_f12/first_15ns/mmgbsa/receptor.prmtop -lp runs/octinoxate/md/orig_f12/first_15ns/mmgbsa/ligand.prmtop -y runs/octinoxate/md/orig_f12/first_15ns/mmgbsa/traj.nc

Loading and checking parameter files for compatibility...
cpptraj found! Using /Users/cafierom/miniforge3/envs/openmm-md/bin/cpptraj
mmpbsa_py_energy found! Using /Users/cafierom/miniforge3/envs/openmm-md/bin/mmpbsa_py_energy
Preparing trajectories for simulation...
250 frames were processed by cpptraj for use in calculation.

Running calculations on normal system...

Beginning GB calculations with /Users/cafierom/miniforge3/envs/openmm-md/bin/mmpbsa_py_energy
  calculating complex contribution...
  calculating receptor contribution...
  calculating ligand contribution...

Timing:
Total setup time:                           0.055 sec.
Creating trajectories with cpptraj:         0.919 sec.
Total calculation time:                     8.358 sec.

Total GB calculation time:                  8.358 sec.

Statistics calculation & output writing:    0.007 sec.
Total time taken:                           9.349 sec.


MMPBSA.py Finished! Thank you for using. Please cite us if you publish this work with this paper:
   Miller III, B. R., McGee Jr., T. D., Swails, J. M. Homeyer, N. Gohlke, H. and Roitberg, A. E.
   J. Chem. Theory Comput., 2012, 8 (9) pp 3314--3321
