=== ligand-held strain batch started Fri 25 Sep 2026 01:55:29 BST ===
W0925 01:55:32.784000 11321 torch/distributed/elastic/multiprocessing/redirects.py:35] NOTE: Redirects are currently not supported in MacOs.
loaded 170 poses from runs/octinoxate
14 case(s) to run

arginine3h17_phenylalanine4h12_k2: 62 atoms, charge 1, closure 0.000 A, penalty 0.002, d_CA 4.25
WARNING:root:Model is being compiled this might take a while for the first time
W0925 01:55:48.829000 11321 torch/_logging/_internal.py:1345] [0/0] Profiler record function <class 'torch.autograd.profiler.record_function'> will be ignored
WARNING:root:The UMA fast path (merge_mole + compile) is only available for fixed composition, task, charge, and spin. This is optimized for MD applications. Falling back to a less optimized version for subsequent evaluations. Reason: 'Compositions differ from merged model'.
Use inference_settings='batch' for heterogeneous batched evaluations.
    strain    39.54 = sc_int   18.20 + sc_self    6.12 + rest   15.22 kcal/mol   gap 2.75 -> 3.77 A   rmsd 0.54 A   contact 2.66 A   ligand 3.05 A   (held 108 conv=True, free 96 conv=True)
serine31h4_aspartic21h5_k1: 34 atoms, charge -1, closure 0.033 A, penalty 0.256, d_CA 4.85
    strain    18.16 = sc_int   -1.84 + sc_self   -0.28 + rest   20.28 kcal/mol   gap 4.76 -> 4.28 A   rmsd 0.49 A   contact 2.68 A   ligand 3.62 A   (held 105 conv=True, free 74 conv=True)
serine31h3_phenylalanine4h14_k2: 49 atoms, charge 0, closure 0.000 A, penalty 0.000, d_CA 5.57
    strain     6.33 = sc_int    1.45 + sc_self    0.38 + rest    4.51 kcal/mol   gap 3.50 -> 3.92 A   rmsd 0.25 A   contact 2.71 A   ligand 4.85 A   (held 100 conv=True, free 51 conv=True)
serine31h3_glutamic22h4_k1: 34 atoms, charge -1, closure 0.000 A, penalty 0.000, d_CA 6.19
    strain    24.29 = sc_int    6.09 + sc_self   -0.63 + rest   18.83 kcal/mol   gap 6.74 -> 3.44 A   rmsd 1.55 A   contact 2.53 A   ligand 3.56 A   (held 157 conv=True, free 138 conv=True)
aspartic21h5_phenylalanine4h13_k1: 43 atoms, charge -1, closure 0.176 A, penalty 8.358, d_CA 6.95
    strain   117.27 = sc_int    3.98 + sc_self    8.79 + rest  104.50 kcal/mol   gap 3.90 -> 3.18 A   rmsd 1.64 A   contact 2.53 A   ligand 3.33 A   (held 71 conv=True, free 211 conv=True)
lysine5h13_phenylalanine4h12_k2: 60 atoms, charge 1, closure 0.016 A, penalty 0.370, d_CA 8.31
    strain    85.75 = sc_int    0.92 + sc_self   15.46 + rest   69.36 kcal/mol   gap 6.75 -> 4.62 A   rmsd 1.44 A   contact 2.77 A   ligand 2.61 A   (held 105 conv=True, free 256 conv=True)
leucine13h1_tyrosine1h12_k2: 59 atoms, charge 0, closure 0.013 A, penalty 1.563, d_CA 8.78
    strain    78.44 = sc_int   -0.98 + sc_self    2.99 + rest   76.43 kcal/mol   gap 5.43 -> 7.60 A   rmsd 1.12 A   contact 2.57 A   ligand 2.74 A   (held 193 conv=True, free 138 conv=True)
isoleucine3h4_arginine3h16_k2: 61 atoms, charge 1, closure 0.020 A, penalty 2.946, d_CA 9.04
    strain   119.80 = sc_int    0.20 + sc_self    2.19 + rest  117.41 kcal/mol   gap 7.14 -> 5.89 A   rmsd 1.33 A   contact 2.72 A   ligand 3.21 A   (held 132 conv=True, free 149 conv=True)
serine31h5_isoleucine3h4_k2: 48 atoms, charge 0, closure 0.229 A, penalty 13.424, d_CA 9.36
    strain    26.60 = sc_int    0.00 + sc_self    0.06 + rest   26.54 kcal/mol   gap 8.91 -> 8.21 A   rmsd 0.69 A   contact 2.59 A   ligand 2.84 A   (held 198 conv=True, free 121 conv=True)
arginine3h17_leucine13h1_k2: 61 atoms, charge 1, closure 0.014 A, penalty 1.396, d_CA 10.24
    strain    95.98 = sc_int    0.04 + sc_self    6.53 + rest   89.41 kcal/mol   gap 9.91 -> 9.17 A   rmsd 0.75 A   contact 2.43 A   ligand 2.70 A   (held 166 conv=True, free 122 conv=True)
tryptophan5h16_arginine3h16_k2: 66 atoms, charge 1, closure 0.118 A, penalty 16.419, d_CA 10.46
    strain   145.19 = sc_int   13.65 + sc_self    0.82 + rest  130.71 kcal/mol   gap 6.35 -> 3.29 A   rmsd 2.35 A   contact 2.70 A   ligand 2.62 A   (held 164 conv=True, free 400 conv=True)
isoleucine3h4_tyrosine1h13_k3: 66 atoms, charge 0, closure 0.026 A, penalty 1.850, d_CA 12.62
    strain    61.82 = sc_int   -0.11 + sc_self    0.27 + rest   61.66 kcal/mol   gap 5.27 -> 4.94 A   rmsd 0.82 A   contact 2.72 A   ligand 2.94 A   (held 146 conv=True, free 124 conv=True)
leucine13h1_aspartic21h4_k4: 63 atoms, charge -1, closure 0.028 A, penalty 0.933, d_CA 16.61
    strain    31.99 = sc_int   -0.01 + sc_self    6.71 + rest   25.30 kcal/mol   gap 15.67 -> 15.54 A   rmsd 0.48 A   contact 2.72 A   ligand 2.97 A   (held 193 conv=True, free 96 conv=True)
tryptophan5h16_leucine13h1_k4: 75 atoms, charge 0, closure 0.114 A, penalty 1.594, d_CA 17.65
    strain    40.62 = sc_int    0.00 + sc_self    8.63 + rest   31.99 kcal/mol   gap 15.84 -> 16.90 A   rmsd 1.32 A   contact 2.66 A   ligand 3.06 A   (held 149 conv=True, free 198 conv=True)

results in runs/octinoxate/condense_strain_ligheld.csv
=== finished Fri 25 Sep 2026 02:48:54 BST ===
