=== UMA strain batch started Fri 25 Sep 2026 00:24:43 BST ===
W0925 00:24:46.791000 6418 torch/distributed/elastic/multiprocessing/redirects.py:35] NOTE: Redirects are currently not supported in MacOs.
loaded 170 poses from runs/octinoxate
9 case(s) to run

arginine3h16_phenylalanine4h12_k3: 69 atoms, charge 1, closure 0.009 A, penalty 12.762, d_CA 2.55
WARNING:root:Model is being compiled this might take a while for the first time
W0925 00:25:01.130000 6418 torch/_logging/_internal.py:1345] [0/0] Profiler record function <class 'torch.autograd.profiler.record_function'> will be ignored
    strain   254.49 kcal/mol   rmsd(held,free) 1.43 A   worst contact held 2.23 A   (held 168 steps conv=True, free 315 steps conv=True)
arginine3h16_glutamic22h4_k1: 47 atoms, charge 0, closure 0.093 A, penalty 6.458, d_CA 5.08
WARNING:root:The UMA fast path (merge_mole + compile) is only available for fixed composition, task, charge, and spin. This is optimized for MD applications. Falling back to a less optimized version for subsequent evaluations. Reason: 'Compositions differ from merged model'.
Use inference_settings='batch' for heterogeneous batched evaluations.
    strain    81.60 kcal/mol   rmsd(held,free) 2.02 A   worst contact held 2.25 A   (held 100 steps conv=True, free 335 steps conv=True)
arginine3h16_serine31h3_k2: 53 atoms, charge 1, closure 0.000 A, penalty 0.000, d_CA 5.72
    strain     3.87 kcal/mol   rmsd(held,free) 0.25 A   worst contact held 2.26 A   (held 145 steps conv=True, free 51 steps conv=True)
arginine3h16_aspartic21h3_k2: 54 atoms, charge 0, closure 0.000 A, penalty 0.000, d_CA 7.13
    strain    55.70 kcal/mol   rmsd(held,free) 1.42 A   worst contact held 2.25 A   (held 204 steps conv=True, free 237 steps conv=True)
arginine3h16_tyrosine1h11_k2: 64 atoms, charge 1, closure 0.000 A, penalty 0.000, d_CA 7.20
    strain    38.08 kcal/mol   rmsd(held,free) 1.41 A   worst contact held 2.25 A   (held 104 steps conv=True, free 257 steps conv=True)
arginine3h16_lysine5h13_k2: 64 atoms, charge 2, closure 0.070 A, penalty 12.066, d_CA 8.75
    strain    23.58 kcal/mol   rmsd(held,free) 0.82 A   worst contact held 2.26 A   (held 98 steps conv=True, free 184 steps conv=True)
arginine3h16_isoleucine3h4_k2: 61 atoms, charge 1, closure 0.074 A, penalty 11.728, d_CA 9.04
    strain    14.22 kcal/mol   rmsd(held,free) 0.90 A   worst contact held 2.26 A   (held 318 steps conv=True, free 151 steps conv=True)
arginine3h16_tryptophan5h16_k2: 66 atoms, charge 1, closure 0.034 A, penalty 30.911, d_CA 10.46
    strain    25.77 kcal/mol   rmsd(held,free) 1.48 A   worst contact held 2.24 A   (held 140 steps conv=True, free 250 steps conv=True)
arginine3h16_leucine13h1_k3: 68 atoms, charge 1, closure 0.125 A, penalty 4.518, d_CA 11.49
    strain    11.82 kcal/mol   rmsd(held,free) 0.40 A   worst contact held 2.26 A   (held 170 steps conv=True, free 103 steps conv=True)

results in runs/octinoxate/condense_strain.csv
=== finished Fri 25 Sep 2026 01:05:22 BST ===
