=== repaired tyrosine + glutamic poses, started Fri 25 Sep 2026 07:29:23 BST ===
W0925 07:29:25.298000 16178 torch/distributed/elastic/multiprocessing/redirects.py:35] NOTE: Redirects are currently not supported in MacOs.
Ligand: octinoxate (44 atoms, charge 0, spin 1)
Fragments: tyrosine, glutamic
Loading uma-s-1p2p1 on cpu
Binding site dimensions after augmentation:
  x - Max:      6.356, Min:     -9.130
  y - Max:      3.393, Min:     -2.791
  z - Max:      2.294, Min:     -2.083
  Volume is 419.2 A^3
Fragment: tyrosine
WARNING:root:Model is being compiled this might take a while for the first time
W0925 07:29:32.364000 16178 torch/_logging/_internal.py:1345] [0/0] Profiler record function <class 'torch.autograd.profiler.record_function'> will be ignored
WARNING:root:The UMA fast path (merge_mole + compile) is only available for fixed composition, task, charge, and spin. This is optimized for MD applications. Falling back to a less optimized version for subsequent evaluations. Reason: 'Compositions differ from merged model'.
Use inference_settings='batch' for heterogeneous batched evaluations.
  adding tyrosine pose 0: IE = -5.82 kcal/mol
  adding tyrosine pose 1: IE = -4.82 kcal/mol
  adding tyrosine pose 2: IE = -5.95 kcal/mol
  adding tyrosine pose 3: IE = -5.98 kcal/mol
  adding tyrosine pose 4: IE = -3.52 kcal/mol
  adding tyrosine pose 5: IE = -3.07 kcal/mol
  adding tyrosine pose 6: IE = -7.14 kcal/mol
  adding tyrosine pose 7: IE = -5.33 kcal/mol
  adding tyrosine pose 8: IE = -5.27 kcal/mol
  adding tyrosine pose 9: IE = -4.05 kcal/mol
Added 10 tyrosine fragments
Fragment: glutamic
  adding glutamic pose 0: IE = -12.40 kcal/mol
  adding glutamic pose 1: IE = -10.41 kcal/mol
  adding glutamic pose 2: IE = -12.73 kcal/mol
  adding glutamic pose 3: IE = -3.33 kcal/mol
  adding glutamic pose 4: IE = -10.84 kcal/mol
  adding glutamic pose 5: IE = -16.16 kcal/mol
  adding glutamic pose 6: IE = -6.83 kcal/mol
  adding glutamic pose 7: IE = -16.22 kcal/mol
  adding glutamic pose 8: IE = -2.81 kcal/mol
  adding glutamic pose 9: IE = -16.57 kcal/mol
  adding glutamic pose 10: IE = -12.75 kcal/mol
  adding glutamic pose 11: IE = -8.42 kcal/mol
  adding glutamic pose 12: IE = -9.34 kcal/mol
  adding glutamic pose 13: IE = -7.36 kcal/mol
  adding glutamic pose 14: IE = -13.16 kcal/mol
  adding glutamic pose 15: IE = -13.71 kcal/mol
  adding glutamic pose 16: IE = -4.17 kcal/mol
  adding glutamic pose 17: IE = -9.58 kcal/mol
  adding glutamic pose 18: IE = -10.86 kcal/mol
  adding glutamic pose 19: IE = -11.75 kcal/mol
Added 20 glutamic fragments
Sampling took 710 s
start tyrosine       -> YGE                         2 fragments, total IE   -23.71

1 sequences from this pass; 1 unique in total, saved to runs/octinoxate_repaired/sequences/

Best sequence: YGE  (start tyrosine, total IE -23.71 kcal/mol)
Results in runs/octinoxate_repaired/
=== finished Fri 25 Sep 2026 07:41:24 BST ===
