W0926 15:06:56.930000 18984 torch/distributed/elastic/multiprocessing/redirects.py:35] NOTE: Redirects are currently not supported in MacOs.
[15:07:04] WARNING: More than one matching pattern found - picking one

reference: -557162.371 kcal/mol-equivalent (conformer 18 of 20, spread 0.996 across 5 relaxed)
24 folds

    relaxing 24 hydrogens of RGGDGGKGGGGLGGGGKGIGEGWGGDGSGGEGS_control ligand (20 heavy atoms fixed)
WARNING:root:Model is being compiled this might take a while for the first time
W0926 15:07:05.883000 18984 torch/_logging/_internal.py:1345] [0/0] Profiler record function <class 'torch.autograd.profiler.record_function'> will be ignored
      Step     Time          Energy          fmax
BFGS:    0 15:07:19   -24159.825661        0.947244
BFGS:    1 15:07:20   -24159.923416        0.656805
BFGS:    2 15:07:20   -24160.048188        0.515173
BFGS:    3 15:07:20   -24160.083070        0.465857
BFGS:    4 15:07:20   -24160.145246        0.136309
BFGS:    5 15:07:20   -24160.147750        0.110369
BFGS:    6 15:07:21   -24160.149491        0.097408
BFGS:    7 15:07:21   -24160.151782        0.091925
BFGS:    8 15:07:21   -24160.155428        0.098452
BFGS:    9 15:07:21   -24160.158550        0.094535
BFGS:   10 15:07:21   -24160.160508        0.089816
BFGS:   11 15:07:22   -24160.161637        0.091402
BFGS:   12 15:07:22   -24160.163131        0.100979
BFGS:   13 15:07:22   -24160.166079        0.118314
BFGS:   14 15:07:22   -24160.170908        0.150836
BFGS:   15 15:07:23   -24160.175783        0.129258
BFGS:   16 15:07:23   -24160.178927        0.113291
BFGS:   17 15:07:23   -24160.182791        0.124792
BFGS:   18 15:07:23   -24160.187341        0.165622
BFGS:   19 15:07:23   -24160.196037        0.253116
BFGS:   20 15:07:24   -24160.209384        0.330306
BFGS:   21 15:07:24   -24160.225750        0.299208
BFGS:   22 15:07:24   -24160.244437        0.349979
BFGS:   23 15:07:24   -24160.253097        0.323765
BFGS:   24 15:07:25   -24160.269506        0.626227
BFGS:   25 15:07:25   -24160.286895        0.348393
BFGS:   26 15:07:25   -24160.308132        0.226939
BFGS:   27 15:07:25   -24160.334093        0.467397
BFGS:   28 15:07:25   -24160.352658        0.154780
BFGS:   29 15:07:26   -24160.364223        0.189770
BFGS:   30 15:07:26   -24160.370544        0.243740
BFGS:   31 15:07:26   -24160.375789        0.160932
BFGS:   32 15:07:26   -24160.380028        0.156987
BFGS:   33 15:07:26   -24160.386838        0.122553
BFGS:   34 15:07:27   -24160.390385        0.141090
BFGS:   35 15:07:27   -24160.392889        0.099315
BFGS:   36 15:07:27   -24160.394650        0.106662
BFGS:   37 15:07:27   -24160.395970        0.104112
BFGS:   38 15:07:28   -24160.397788        0.111923
BFGS:   39 15:07:28   -24160.400687        0.130527
BFGS:   40 15:07:28   -24160.403816        0.105954
BFGS:   41 15:07:28   -24160.406371        0.093855
BFGS:   42 15:07:28   -24160.408126        0.077701
BFGS:   43 15:07:29   -24160.409341        0.110340
BFGS:   44 15:07:29   -24160.410513        0.082241
BFGS:   45 15:07:29   -24160.412275        0.090266
BFGS:   46 15:07:29   -24160.416513        0.147950
BFGS:   47 15:07:30   -24160.418554        0.126451
BFGS:   48 15:07:30   -24160.420119        0.118952
BFGS:   49 15:07:30   -24160.421708        0.098454
BFGS:   50 15:07:30   -24160.423601        0.107681
BFGS:   51 15:07:30   -24160.425522        0.166368
BFGS:   52 15:07:31   -24160.427671        0.138822
BFGS:   53 15:07:31   -24160.429660        0.094161
BFGS:   54 15:07:31   -24160.431050        0.127906
BFGS:   55 15:07:31   -24160.432210        0.119199
BFGS:   56 15:07:32   -24160.433331        0.088740
BFGS:   57 15:07:32   -24160.434184        0.069203
BFGS:   58 15:07:32   -24160.434828        0.096374
BFGS:   59 15:07:32   -24160.435314        0.077281
BFGS:   60 15:07:32   -24160.435824        0.056723
BFGS:   61 15:07:33   -24160.436238        0.043210
BFGS:   62 15:07:33   -24160.436433        0.045736
BFGS:   63 15:07:33   -24160.436606        0.039663
BFGS:   64 15:07:33   -24160.436730        0.022805
BFGS:   65 15:07:34   -24160.436802        0.015632
BFGS:   66 15:07:34   -24160.436842        0.013437
BFGS:   67 15:07:34   -24160.436879        0.012420
BFGS:   68 15:07:34   -24160.436917        0.013618
BFGS:   69 15:07:34   -24160.436948        0.010103
BFGS:   70 15:07:35   -24160.436962        0.007449
    -> 70 steps
[1/24] RGGDGGKGGGGLGGGGKGIGEGWGGDGSGGEGS_control strain   14.238
[15:07:35] WARNING: More than one matching pattern found - picking one

    relaxing 24 hydrogens of RGGDGGKGGGGLGGGGKGIGEGWGGDGSGGEGS_esm1 ligand (20 heavy atoms fixed)
      Step     Time          Energy          fmax
BFGS:    0 15:07:35   -24160.440139        0.712246
BFGS:    1 15:07:35   -24160.509189        0.617989
BFGS:    2 15:07:35   -24160.591871        0.419461
BFGS:    3 15:07:36   -24160.615210        0.340530
BFGS:    4 15:07:36   -24160.664373        0.159964
BFGS:    5 15:07:36   -24160.667266        0.144372
BFGS:    6 15:07:36   -24160.669590        0.131051
BFGS:    7 15:07:36   -24160.672933        0.125501
BFGS:    8 15:07:37   -24160.678304        0.128372
BFGS:    9 15:07:37   -24160.683051        0.112143
BFGS:   10 15:07:37   -24160.685938        0.085011
BFGS:   11 15:07:37   -24160.687369        0.076887
BFGS:   12 15:07:38   -24160.689119        0.084232
BFGS:   13 15:07:38   -24160.692552        0.141736
BFGS:   14 15:07:38   -24160.697378        0.173970
BFGS:   15 15:07:38   -24160.701184        0.125766
BFGS:   16 15:07:38   -24160.703390        0.108114
BFGS:   17 15:07:39   -24160.705656        0.101970
BFGS:   18 15:07:39   -24160.708233        0.150016
BFGS:   19 15:07:39   -24160.713337        0.228264
BFGS:   20 15:07:39   -24160.719635        0.232865
BFGS:   21 15:07:40   -24160.725914        0.156128
BFGS:   22 15:07:40   -24160.730526        0.133825
BFGS:   23 15:07:40   -24160.733879        0.137668
BFGS:   24 15:07:40   -24160.737983        0.177889
BFGS:   25 15:07:40   -24160.742778        0.152751
BFGS:   26 15:07:41   -24160.741301        0.403008
BFGS:   27 15:07:41   -24160.745820        0.088060
BFGS:   28 15:07:41   -24160.747248        0.064828
BFGS:   29 15:07:41   -24160.747807        0.060305
BFGS:   30 15:07:41   -24160.749187        0.060028
BFGS:   31 15:07:42   -24160.749749        0.054271
BFGS:   32 15:07:42   -24160.750112        0.021124
BFGS:   33 15:07:42   -24160.750176        0.014636
BFGS:   34 15:07:42   -24160.750216        0.012971
BFGS:   35 15:07:42   -24160.750264        0.017277
BFGS:   36 15:07:43   -24160.750334        0.018302
BFGS:   37 15:07:43   -24160.750380        0.010027
BFGS:   38 15:07:43   -24160.750398        0.007140
    -> 38 steps
[2/24] RGGDGGKGGGGLGGGGKGIGEGWGGDGSGGEGS_esm1 strain    7.011
[15:07:43] WARNING: More than one matching pattern found - picking one

    relaxing 24 hydrogens of RGGDGGKGGGGLGGGGKGIGEGWGGDGSGGEGS_esm2 ligand (20 heavy atoms fixed)
      Step     Time          Energy          fmax
BFGS:    0 15:07:43   -24159.829996        0.928134
BFGS:    1 15:07:43   -24159.925194        0.824016
BFGS:    2 15:07:44   -24160.073191        0.512426
BFGS:    3 15:07:44   -24160.112714        0.469699
BFGS:    4 15:07:44   -24160.172624        0.149834
BFGS:    5 15:07:44   -24160.175099        0.136548
BFGS:    6 15:07:45   -24160.177078        0.115428
BFGS:    7 15:07:45   -24160.179778        0.107191
BFGS:    8 15:07:45   -24160.183767        0.099436
BFGS:    9 15:07:45   -24160.186798        0.081079
BFGS:   10 15:07:46   -24160.188393        0.070508
BFGS:   11 15:07:46   -24160.189276        0.069997
BFGS:   12 15:07:46   -24160.190606        0.072408
BFGS:   13 15:07:46   -24160.192848        0.091912
BFGS:   14 15:07:46   -24160.195492        0.090120
BFGS:   15 15:07:47   -24160.197215        0.073756
BFGS:   16 15:07:47   -24160.198173        0.072987
BFGS:   17 15:07:47   -24160.199135        0.072525
BFGS:   18 15:07:47   -24160.200602        0.095431
BFGS:   19 15:07:47   -24160.203125        0.136140
BFGS:   20 15:07:48   -24160.206176        0.135819
BFGS:   21 15:07:48   -24160.208858        0.090087
BFGS:   22 15:07:48   -24160.210560        0.081852
BFGS:   23 15:07:48   -24160.211905        0.087606
BFGS:   24 15:07:49   -24160.214269        0.117592
BFGS:   25 15:07:49   -24160.218125        0.132848
BFGS:   26 15:07:49   -24160.221640        0.113453
BFGS:   27 15:07:49   -24160.222078        0.111397
BFGS:   28 15:07:49   -24160.224226        0.080458
BFGS:   29 15:07:50   -24160.224992        0.069653
BFGS:   30 15:07:50   -24160.226703        0.054183
BFGS:   31 15:07:50   -24160.227278        0.039194
BFGS:   32 15:07:50   -24160.227859        0.049735
BFGS:   33 15:07:51   -24160.228170        0.052063
BFGS:   34 15:07:51   -24160.228938        0.059253
BFGS:   35 15:07:51   -24160.229578        0.050106
BFGS:   36 15:07:51   -24160.229959        0.031712
BFGS:   37 15:07:51   -24160.230098        0.026256
BFGS:   38 15:07:52   -24160.230224        0.022438
BFGS:   39 15:07:52   -24160.230371        0.025179
BFGS:   40 15:07:52   -24160.230519        0.023956
BFGS:   41 15:07:52   -24160.230615        0.015465
BFGS:   42 15:07:53   -24160.230654        0.011014
BFGS:   43 15:07:53   -24160.230677        0.010210
BFGS:   44 15:07:53   -24160.230708        0.012656
BFGS:   45 15:07:53   -24160.230755        0.018637
BFGS:   46 15:07:53   -24160.230805        0.017302
BFGS:   47 15:07:54   -24160.230838        0.011600
BFGS:   48 15:07:54   -24160.230859        0.011125
BFGS:   49 15:07:54   -24160.230885        0.015746
BFGS:   50 15:07:54   -24160.230932        0.022728
BFGS:   51 15:07:54   -24160.231005        0.026201
BFGS:   52 15:07:55   -24160.231082        0.020169
BFGS:   53 15:07:55   -24160.231131        0.017217
BFGS:   54 15:07:55   -24160.231162        0.015599
BFGS:   55 15:07:55   -24160.231200        0.017536
BFGS:   56 15:07:56   -24160.231258        0.021991
BFGS:   57 15:07:56   -24160.231319        0.017777
BFGS:   58 15:07:56   -24160.231352        0.006943
    -> 58 steps
[3/24] RGGDGGKGGGGLGGGGKGIGEGWGGDGSGGEGS_esm2 strain   18.980
[15:07:56] WARNING: More than one matching pattern found - picking one

    relaxing 24 hydrogens of esm1_f12 ligand (20 heavy atoms fixed)
      Step     Time          Energy          fmax
BFGS:    0 15:07:56   -24160.204362        0.839562
BFGS:    1 15:07:57   -24160.279512        0.482645
BFGS:    2 15:07:57   -24160.353506        0.349520
BFGS:    3 15:07:57   -24160.373965        0.351043
BFGS:    4 15:07:57   -24160.425285        0.166024
BFGS:    5 15:07:57   -24160.428289        0.138056
BFGS:    6 15:07:58   -24160.430666        0.127133
BFGS:    7 15:07:58   -24160.433957        0.122234
BFGS:    8 15:07:58   -24160.439250        0.125603
BFGS:    9 15:07:58   -24160.444178        0.138204
BFGS:   10 15:07:58   -24160.447718        0.150285
BFGS:   11 15:07:59   -24160.450198        0.158462
BFGS:   12 15:07:59   -24160.453972        0.173830
BFGS:   13 15:07:59   -24160.462539        0.198399
BFGS:   14 15:07:59   -24160.479207        0.258169
BFGS:   15 15:07:59   -24160.490899        0.330943
BFGS:   16 15:08:00   -24160.501619        0.186404
BFGS:   17 15:08:00   -24160.510611        0.168446
BFGS:   18 15:08:00   -24160.517868        0.170323
BFGS:   19 15:08:00   -24160.531108        0.236815
BFGS:   20 15:08:00   -24160.545923        0.246229
BFGS:   21 15:08:01   -24160.555950        0.358915
BFGS:   22 15:08:01   -24160.560486        0.192336
BFGS:   23 15:08:01   -24160.566566        0.219018
BFGS:   24 15:08:01   -24160.570745        0.236360
BFGS:   25 15:08:02   -24160.577751        0.232701
BFGS:   26 15:08:02   -24160.584564        0.168907
BFGS:   27 15:08:02   -24160.591034        0.101758
BFGS:   28 15:08:02   -24160.593365        0.101198
BFGS:   29 15:08:02   -24160.593142        0.117034
BFGS:   30 15:08:03   -24160.594715        0.056992
BFGS:   31 15:08:03   -24160.595313        0.054222
BFGS:   32 15:08:03   -24160.597362        0.074308
BFGS:   33 15:08:03   -24160.597668        0.042348
BFGS:   34 15:08:04   -24160.597877        0.037945
BFGS:   35 15:08:04   -24160.598015        0.037758
BFGS:   36 15:08:04   -24160.598232        0.043322
BFGS:   37 15:08:04   -24160.598451        0.044297
BFGS:   38 15:08:04   -24160.598628        0.033197
BFGS:   39 15:08:05   -24160.598711        0.017656
BFGS:   40 15:08:05   -24160.598760        0.022694
BFGS:   41 15:08:05   -24160.598823        0.026249
BFGS:   42 15:08:05   -24160.598931        0.035924
BFGS:   43 15:08:05   -24160.599066        0.038888
BFGS:   44 15:08:06   -24160.599181        0.025559
BFGS:   45 15:08:06   -24160.599254        0.023543
BFGS:   46 15:08:06   -24160.599313        0.024208
BFGS:   47 15:08:06   -24160.599403        0.028085
BFGS:   48 15:08:06   -24160.599547        0.035125
BFGS:   49 15:08:07   -24160.599735        0.044923
BFGS:   50 15:08:07   -24160.599906        0.047516
BFGS:   51 15:08:07   -24160.600021        0.033795
BFGS:   52 15:08:07   -24160.600098        0.018956
BFGS:   53 15:08:07   -24160.600161        0.019296
BFGS:   54 15:08:08   -24160.600236        0.030015
BFGS:   55 15:08:08   -24160.600331        0.038207
BFGS:   56 15:08:08   -24160.600429        0.030989
BFGS:   57 15:08:08   -24160.600497        0.014535
BFGS:   58 15:08:08   -24160.600528        0.008104
    -> 58 steps
[4/24] esm1_f12                               strain   10.467
[15:08:08] WARNING: More than one matching pattern found - picking one

    relaxing 24 hydrogens of esm1_f4 ligand (20 heavy atoms fixed)
      Step     Time          Energy          fmax
BFGS:    0 15:08:09   -24159.276362        0.891788
BFGS:    1 15:08:09   -24159.373934        0.774608
BFGS:    2 15:08:09   -24159.486817        0.504474
BFGS:    3 15:08:09   -24159.517754        0.428603
BFGS:    4 15:08:10   -24159.578167        0.153109
BFGS:    5 15:08:10   -24159.580359        0.127568
BFGS:    6 15:08:10   -24159.581786        0.111251
BFGS:    7 15:08:10   -24159.583657        0.103635
BFGS:    8 15:08:11   -24159.586387        0.097926
BFGS:    9 15:08:11   -24159.588453        0.071148
BFGS:   10 15:08:11   -24159.589579        0.072863
BFGS:   11 15:08:11   -24159.590254        0.074829
BFGS:   12 15:08:11   -24159.591300        0.080998
BFGS:   13 15:08:12   -24159.593229        0.110824
BFGS:   14 15:08:12   -24159.596059        0.125013
BFGS:   15 15:08:12   -24159.598537        0.101172
BFGS:   16 15:08:12   -24159.600119        0.111692
BFGS:   17 15:08:12   -24159.601810        0.108059
BFGS:   18 15:08:13   -24159.604076        0.130422
BFGS:   19 15:08:13   -24159.608288        0.192698
BFGS:   20 15:08:13   -24159.614294        0.214647
BFGS:   21 15:08:13   -24159.621135        0.196482
BFGS:   22 15:08:14   -24159.627961        0.189571
BFGS:   23 15:08:14   -24159.634436        0.207248
BFGS:   24 15:08:14   -24159.643916        0.304944
BFGS:   25 15:08:14   -24159.605570        0.901857
BFGS:   26 15:08:14   -24159.658429        0.239142
BFGS:   27 15:08:15   -24159.669044        0.219787
BFGS:   28 15:08:15   -24159.661618        0.736219
BFGS:   29 15:08:15   -24159.690463        0.237334
BFGS:   30 15:08:15   -24159.700236        0.201872
BFGS:   31 15:08:15   -24159.686647        0.670361
BFGS:   32 15:08:16   -24159.711992        0.154802
BFGS:   33 15:08:16   -24159.716603        0.164658
BFGS:   34 15:08:16   -24159.725735        0.299639
BFGS:   35 15:08:16   -24159.732026        0.167000
BFGS:   36 15:08:16   -24159.740150        0.137264
BFGS:   37 15:08:17   -24159.746375        0.173974
BFGS:   38 15:08:17   -24159.753640        0.207144
BFGS:   39 15:08:17   -24159.760583        0.210557
BFGS:   40 15:08:17   -24159.772178        0.182919
BFGS:   41 15:08:17   -24159.780905        0.224882
BFGS:   42 15:08:18   -24159.790837        0.224416
BFGS:   43 15:08:18   -24159.801416        0.242991
BFGS:   44 15:08:18   -24159.814489        0.239118
BFGS:   45 15:08:18   -24159.817741        0.500610
BFGS:   46 15:08:19   -24159.837306        0.288420
BFGS:   47 15:08:19   -24159.848155        0.212840
BFGS:   48 15:08:19   -24159.860481        0.283658
BFGS:   49 15:08:19   -24159.867567        0.172541
BFGS:   50 15:08:19   -24159.871886        0.166977
BFGS:   51 15:08:20   -24159.879269        0.219376
BFGS:   52 15:08:20   -24159.883014        0.135532
BFGS:   53 15:08:20   -24159.888493        0.161474
BFGS:   54 15:08:20   -24159.891995        0.125754
BFGS:   55 15:08:21   -24159.893255        0.119450
BFGS:   56 15:08:21   -24159.895292        0.178573
BFGS:   57 15:08:21   -24159.897598        0.130070
BFGS:   58 15:08:21   -24159.900590        0.148007
BFGS:   59 15:08:21   -24159.903399        0.118804
BFGS:   60 15:08:22   -24159.905160        0.082660
BFGS:   61 15:08:22   -24159.906144        0.074947
BFGS:   62 15:08:22   -24159.907430        0.105293
BFGS:   63 15:08:22   -24159.909132        0.136549
BFGS:   64 15:08:22   -24159.911148        0.147956
BFGS:   65 15:08:23   -24159.912861        0.128693
BFGS:   66 15:08:23   -24159.913997        0.073692
BFGS:   67 15:08:23   -24159.914765        0.068989
BFGS:   68 15:08:23   -24159.915639        0.089865
BFGS:   69 15:08:23   -24159.916984        0.118760
BFGS:   70 15:08:24   -24159.918505        0.124541
BFGS:   71 15:08:24   -24159.919526        0.091562
BFGS:   72 15:08:24   -24159.920190        0.059421
BFGS:   73 15:08:24   -24159.920591        0.054995
BFGS:   74 15:08:25   -24159.921212        0.068974
BFGS:   75 15:08:25   -24159.922151        0.107233
BFGS:   76 15:08:25   -24159.923259        0.104176
BFGS:   77 15:08:25   -24159.924037        0.070600
BFGS:   78 15:08:25   -24159.924489        0.050772
BFGS:   79 15:08:26   -24159.924831        0.045406
BFGS:   80 15:08:26   -24159.925315        0.055878
BFGS:   81 15:08:26   -24159.925908        0.064742
BFGS:   82 15:08:26   -24159.926315        0.051992
BFGS:   83 15:08:26   -24159.926512        0.035066
BFGS:   84 15:08:27   -24159.926649        0.036868
BFGS:   85 15:08:27   -24159.926827        0.049877
BFGS:   86 15:08:27   -24159.927077        0.049811
BFGS:   87 15:08:27   -24159.927313        0.041856
BFGS:   88 15:08:28   -24159.927453        0.023863
BFGS:   89 15:08:28   -24159.927514        0.019058
BFGS:   90 15:08:28   -24159.927558        0.020549
BFGS:   91 15:08:28   -24159.927597        0.013164
BFGS:   92 15:08:28   -24159.927621        0.012192
BFGS:   93 15:08:29   -24159.927635        0.012584
BFGS:   94 15:08:29   -24159.927647        0.016045
BFGS:   95 15:08:29   -24159.927663        0.014557
BFGS:   96 15:08:29   -24159.927677        0.007669
    -> 96 steps
[5/24] esm1_f4                                strain   25.983
[15:08:29] WARNING: More than one matching pattern found - picking one

    relaxing 24 hydrogens of esm1_f8 ligand (20 heavy atoms fixed)
      Step     Time          Energy          fmax
BFGS:    0 15:08:30   -24158.605489        1.167331
BFGS:    1 15:08:30   -24158.749872        1.037255
BFGS:    2 15:08:30   -24159.040686        0.689477
BFGS:    3 15:08:30   -24159.108785        0.585943
BFGS:    4 15:08:30   -24159.186579        0.169147
BFGS:    5 15:08:31   -24159.189267        0.139942
BFGS:    6 15:08:31   -24159.192745        0.117205
BFGS:    7 15:08:31   -24159.197221        0.120878
BFGS:    8 15:08:31   -24159.202926        0.113249
BFGS:    9 15:08:32   -24159.206641        0.095338
BFGS:   10 15:08:32   -24159.208520        0.112601
BFGS:   11 15:08:32   -24159.209912        0.108615
BFGS:   12 15:08:32   -24159.212464        0.105286
BFGS:   13 15:08:32   -24159.216451        0.121804
BFGS:   14 15:08:33   -24159.220746        0.124774
BFGS:   15 15:08:33   -24159.223249        0.108424
BFGS:   16 15:08:33   -24159.225000        0.106020
BFGS:   17 15:08:33   -24159.227125        0.098953
BFGS:   18 15:08:33   -24159.230467        0.179646
BFGS:   19 15:08:34   -24159.236126        0.244689
BFGS:   20 15:08:34   -24159.243051        0.236350
BFGS:   21 15:08:34   -24159.250450        0.186011
BFGS:   22 15:08:34   -24159.257028        0.206007
BFGS:   23 15:08:34   -24159.263986        0.261988
BFGS:   24 15:08:35   -24159.275063        0.295401
BFGS:   25 15:08:35   -24159.286622        0.251758
BFGS:   26 15:08:35   -24159.262906        0.838954
BFGS:   27 15:08:35   -24159.293578        0.239744
BFGS:   28 15:08:36   -24159.291915        0.189423
BFGS:   29 15:08:36   -24159.301942        0.148076
BFGS:   30 15:08:36   -24159.304377        0.128664
BFGS:   31 15:08:37   -24159.309541        0.127754
BFGS:   32 15:08:37   -24159.314272        0.130364
BFGS:   33 15:08:37   -24159.319157        0.097269
BFGS:   34 15:08:38   -24159.320847        0.110520
BFGS:   35 15:08:38   -24159.324085        0.121246
BFGS:   36 15:08:38   -24159.327860        0.194823
BFGS:   37 15:08:38   -24159.335690        0.306974
BFGS:   38 15:08:38   -24159.345342        0.327972
BFGS:   39 15:08:39   -24159.357192        0.250031
BFGS:   40 15:08:39   -24159.362545        0.367861
BFGS:   41 15:08:39   -24159.371877        0.323163
BFGS:   42 15:08:39   -24159.381165        0.207053
BFGS:   43 15:08:40   -24159.395257        0.134409
BFGS:   44 15:08:40   -24159.422914        0.215860
BFGS:   45 15:08:40   -24159.435074        0.213283
BFGS:   46 15:08:40   -24159.441470        0.195964
BFGS:   47 15:08:40   -24159.443087        0.237112
BFGS:   48 15:08:41   -24159.449544        0.216933
BFGS:   49 15:08:41   -24159.454291        0.192550
BFGS:   50 15:08:41   -24159.462927        0.194422
BFGS:   51 15:08:41   -24159.465380        0.121859
BFGS:   52 15:08:41   -24159.466864        0.061320
BFGS:   53 15:08:42   -24159.467328        0.068059
BFGS:   54 15:08:42   -24159.467627        0.049273
BFGS:   55 15:08:42   -24159.467931        0.033702
BFGS:   56 15:08:42   -24159.468340        0.041098
BFGS:   57 15:08:43   -24159.468516        0.028652
BFGS:   58 15:08:43   -24159.468597        0.016537
BFGS:   59 15:08:43   -24159.468651        0.015860
BFGS:   60 15:08:43   -24159.468729        0.022065
BFGS:   61 15:08:43   -24159.468822        0.031051
BFGS:   62 15:08:44   -24159.468901        0.024891
BFGS:   63 15:08:44   -24159.468937        0.010592
BFGS:   64 15:08:44   -24159.468951        0.006556
    -> 64 steps
[6/24] esm1_f8                                strain   36.561
[15:08:44] WARNING: More than one matching pattern found - picking one

    relaxing 24 hydrogens of esm2_f12 ligand (20 heavy atoms fixed)
      Step     Time          Energy          fmax
BFGS:    0 15:08:44   -24160.207573        0.897215
BFGS:    1 15:08:45   -24160.291422        0.639196
BFGS:    2 15:08:45   -24160.384701        0.489569
BFGS:    3 15:08:45   -24160.411578        0.451674
BFGS:    4 15:08:45   -24160.471586        0.149516
BFGS:    5 15:08:45   -24160.474548        0.112574
BFGS:    6 15:08:46   -24160.476061        0.104432
BFGS:    7 15:08:46   -24160.477923        0.100089
BFGS:    8 15:08:46   -24160.480979        0.089570
BFGS:    9 15:08:46   -24160.483589        0.090802
BFGS:   10 15:08:47   -24160.485239        0.097376
BFGS:   11 15:08:47   -24160.486262        0.100283
BFGS:   12 15:08:47   -24160.487737        0.106521
BFGS:   13 15:08:47   -24160.490712        0.117495
BFGS:   14 15:08:47   -24160.495806        0.140729
BFGS:   15 15:08:48   -24160.500988        0.126517
BFGS:   16 15:08:48   -24160.504240        0.116313
BFGS:   17 15:08:48   -24160.507988        0.117944
BFGS:   18 15:08:48   -24160.511469        0.127492
BFGS:   19 15:08:49   -24160.518738        0.208366
BFGS:   20 15:08:49   -24160.527341        0.223058
BFGS:   21 15:08:49   -24160.535637        0.145657
BFGS:   22 15:08:49   -24160.541318        0.219197
BFGS:   23 15:08:49   -24160.543316        0.180826
BFGS:   24 15:08:50   -24160.549551        0.173811
BFGS:   25 15:08:50   -24160.555425        0.226452
BFGS:   26 15:08:50   -24160.563733        0.163295
BFGS:   27 15:08:50   -24160.571464        0.160495
BFGS:   28 15:08:51   -24160.578216        0.197377
BFGS:   29 15:08:51   -24160.572677        0.376277
BFGS:   30 15:08:51   -24160.582348        0.129966
BFGS:   31 15:08:51   -24160.583732        0.103417
BFGS:   32 15:08:52   -24160.587858        0.109874
BFGS:   33 15:08:52   -24160.589590        0.097642
BFGS:   34 15:08:52   -24160.592662        0.109760
BFGS:   35 15:08:52   -24160.594395        0.101154
BFGS:   36 15:08:52   -24160.596516        0.096971
BFGS:   37 15:08:53   -24160.598501        0.120251
BFGS:   38 15:08:53   -24160.601521        0.161509
BFGS:   39 15:08:53   -24160.606097        0.199563
BFGS:   40 15:08:53   -24160.612267        0.188013
BFGS:   41 15:08:53   -24160.619634        0.144414
BFGS:   42 15:08:54   -24160.627733        0.136120
BFGS:   43 15:08:54   -24160.626078        0.416722
BFGS:   44 15:08:54   -24160.631750        0.226257
BFGS:   45 15:08:54   -24160.635364        0.103089
BFGS:   46 15:08:54   -24160.636942        0.080104
BFGS:   47 15:08:55   -24160.638698        0.108632
BFGS:   48 15:08:55   -24160.640483        0.090677
BFGS:   49 15:08:55   -24160.643568        0.045191
BFGS:   50 15:08:55   -24160.643889        0.037140
BFGS:   51 15:08:56   -24160.644243        0.028794
BFGS:   52 15:08:56   -24160.644505        0.041827
BFGS:   53 15:08:56   -24160.644845        0.057817
BFGS:   54 15:08:56   -24160.645094        0.047528
BFGS:   55 15:08:56   -24160.645218        0.024585
BFGS:   56 15:08:57   -24160.645263        0.016571
BFGS:   57 15:08:57   -24160.645296        0.015560
BFGS:   58 15:08:57   -24160.645339        0.015033
BFGS:   59 15:08:57   -24160.645377        0.017180
BFGS:   60 15:08:58   -24160.645398        0.011777
BFGS:   61 15:08:58   -24160.645410        0.008591
    -> 61 steps
[7/24] esm2_f12                               strain    9.432
[15:08:58] WARNING: More than one matching pattern found - picking one

    relaxing 24 hydrogens of esm2_f4 ligand (20 heavy atoms fixed)
      Step     Time          Energy          fmax
BFGS:    0 15:08:58   -24159.381259        1.235335
BFGS:    1 15:08:59   -24159.474252        1.128330
BFGS:    2 15:08:59   -24159.611533        0.732039
BFGS:    3 15:08:59   -24159.652349        0.548330
BFGS:    4 15:08:59   -24159.726082        0.192302
BFGS:    5 15:09:00   -24159.730212        0.162186
BFGS:    6 15:09:00   -24159.732916        0.137309
BFGS:    7 15:09:00   -24159.736199        0.125361
BFGS:    8 15:09:00   -24159.741805        0.161818
BFGS:    9 15:09:01   -24159.746788        0.173847
BFGS:   10 15:09:01   -24159.750240        0.132774
BFGS:   11 15:09:01   -24159.752314        0.137236
BFGS:   12 15:09:01   -24159.754886        0.142500
BFGS:   13 15:09:02   -24159.759236        0.204855
BFGS:   14 15:09:02   -24159.764628        0.260499
BFGS:   15 15:09:02   -24159.768919        0.217551
BFGS:   16 15:09:02   -24159.772052        0.137567
BFGS:   17 15:09:03   -24159.775145        0.172383
BFGS:   18 15:09:03   -24159.779882        0.311899
BFGS:   19 15:09:03   -24159.789516        0.503988
BFGS:   20 15:09:03   -24159.802158        0.557195
BFGS:   21 15:09:04   -24159.814809        0.361728
BFGS:   22 15:09:04   -24159.823885        0.342822
BFGS:   23 15:09:04   -24159.828892        0.391855
BFGS:   24 15:09:04   -24159.836711        0.347556
BFGS:   25 15:09:05   -24159.848407        0.470894
BFGS:   26 15:09:05   -24159.860402        0.281675
BFGS:   27 15:09:05   -24159.878578        0.214487
BFGS:   28 15:09:05   -24159.888966        0.136823
BFGS:   29 15:09:06   -24159.888699        0.348872
BFGS:   30 15:09:06   -24159.893683        0.103130
BFGS:   31 15:09:06   -24159.895410        0.099171
BFGS:   32 15:09:06   -24159.905843        0.209080
BFGS:   33 15:09:06   -24159.907981        0.189429
BFGS:   34 15:09:07   -24159.910526        0.141639
BFGS:   35 15:09:07   -24159.912069        0.091642
BFGS:   36 15:09:07   -24159.914412        0.117730
BFGS:   37 15:09:07   -24159.917370        0.201522
BFGS:   38 15:09:07   -24159.920648        0.161369
BFGS:   39 15:09:08   -24159.924082        0.218273
BFGS:   40 15:09:08   -24159.926798        0.159372
BFGS:   41 15:09:08   -24159.929852        0.129058
BFGS:   42 15:09:08   -24159.932407        0.155288
BFGS:   43 15:09:09   -24159.935695        0.230382
BFGS:   44 15:09:09   -24159.938761        0.146602
BFGS:   45 15:09:09   -24159.943784        0.144742
BFGS:   46 15:09:09   -24159.947210        0.156750
BFGS:   47 15:09:09   -24159.950830        0.191629
BFGS:   48 15:09:10   -24159.953374        0.203583
BFGS:   49 15:09:10   -24159.957826        0.173344
BFGS:   50 15:09:10   -24159.965716        0.202827
BFGS:   51 15:09:10   -24159.973614        0.176887
BFGS:   52 15:09:11   -24159.977551        0.118107
BFGS:   53 15:09:11   -24159.979383        0.105984
BFGS:   54 15:09:11   -24159.981093        0.163572
BFGS:   55 15:09:11   -24159.983363        0.138870
BFGS:   56 15:09:12   -24159.988940        0.122681
BFGS:   57 15:09:12   -24159.989940        0.099072
BFGS:   58 15:09:12   -24159.991235        0.049192
BFGS:   59 15:09:12   -24159.991652        0.048720
BFGS:   60 15:09:12   -24159.992123        0.055596
BFGS:   61 15:09:13   -24159.992512        0.051237
BFGS:   62 15:09:13   -24159.992789        0.030272
BFGS:   63 15:09:13   -24159.992969        0.036946
BFGS:   64 15:09:13   -24159.993110        0.027702
BFGS:   65 15:09:14   -24159.993208        0.022565
BFGS:   66 15:09:14   -24159.993280        0.017574
BFGS:   67 15:09:14   -24159.993353        0.020145
BFGS:   68 15:09:14   -24159.993447        0.028660
BFGS:   69 15:09:14   -24159.993555        0.027250
BFGS:   70 15:09:15   -24159.993647        0.021276
BFGS:   71 15:09:15   -24159.993703        0.016253
BFGS:   72 15:09:15   -24159.993737        0.015029
BFGS:   73 15:09:15   -24159.993769        0.013544
BFGS:   74 15:09:16   -24159.993815        0.013159
BFGS:   75 15:09:16   -24159.993879        0.017221
BFGS:   76 15:09:16   -24159.993948        0.019493
BFGS:   77 15:09:16   -24159.994006        0.018181
BFGS:   78 15:09:16   -24159.994053        0.017752
BFGS:   79 15:09:17   -24159.994105        0.021943
BFGS:   80 15:09:17   -24159.994180        0.030585
BFGS:   81 15:09:17   -24159.994272        0.033608
BFGS:   82 15:09:17   -24159.994344        0.027181
BFGS:   83 15:09:18   -24159.994377        0.011814
BFGS:   84 15:09:18   -24159.994393        0.010740
BFGS:   85 15:09:18   -24159.994410        0.011206
BFGS:   86 15:09:18   -24159.994436        0.015652
BFGS:   87 15:09:18   -24159.994462        0.016230
BFGS:   88 15:09:19   -24159.994480        0.007553
    -> 88 steps
[8/24] esm2_f4                                strain   24.442
[15:09:19] WARNING: More than one matching pattern found - picking one

    relaxing 24 hydrogens of esm2_f8 ligand (20 heavy atoms fixed)
      Step     Time          Energy          fmax
BFGS:    0 15:09:19   -24159.959742        0.968688
BFGS:    1 15:09:19   -24160.046245        0.623201
BFGS:    2 15:09:19   -24160.143884        0.479223
BFGS:    3 15:09:20   -24160.171728        0.461301
BFGS:    4 15:09:20   -24160.229503        0.173270
BFGS:    5 15:09:20   -24160.232575        0.144128
BFGS:    6 15:09:20   -24160.234796        0.129613
BFGS:    7 15:09:21   -24160.237780        0.121652
BFGS:    8 15:09:21   -24160.243165        0.123921
BFGS:    9 15:09:21   -24160.248905        0.152021
BFGS:   10 15:09:21   -24160.253835        0.176822
BFGS:   11 15:09:21   -24160.257330        0.191607
BFGS:   12 15:09:22   -24160.261436        0.207138
BFGS:   13 15:09:22   -24160.270437        0.230447
BFGS:   14 15:09:22   -24160.288648        0.291407
BFGS:   15 15:09:22   -24160.303514        0.523708
BFGS:   16 15:09:22   -24160.318635        0.295327
BFGS:   17 15:09:23   -24160.335001        0.224756
BFGS:   18 15:09:23   -24160.346795        0.247444
BFGS:   19 15:09:23   -24160.369854        0.472823
BFGS:   20 15:09:23   -24160.398336        0.589628
BFGS:   21 15:09:23   -24160.417692        0.814933
BFGS:   22 15:09:24   -24160.449045        0.419340
BFGS:   23 15:09:24   -24160.459594        0.447806
BFGS:   24 15:09:24   -24160.488238        0.609303
BFGS:   25 15:09:24   -24160.510797        0.521089
BFGS:   26 15:09:24   -24160.544755        0.514150
BFGS:   27 15:09:25   -24160.551131        0.390937
BFGS:   28 15:09:25   -24160.568562        0.231519
BFGS:   29 15:09:25   -24160.571582        0.143123
BFGS:   30 15:09:25   -24160.574960        0.112860
BFGS:   31 15:09:26   -24160.578841        0.091335
BFGS:   32 15:09:26   -24160.580716        0.093809
BFGS:   33 15:09:26   -24160.582152        0.076996
BFGS:   34 15:09:26   -24160.582965        0.063577
BFGS:   35 15:09:26   -24160.583496        0.070866
BFGS:   36 15:09:27   -24160.583924        0.071174
BFGS:   37 15:09:27   -24160.584345        0.087734
BFGS:   38 15:09:27   -24160.584703        0.081337
BFGS:   39 15:09:27   -24160.585012        0.055364
BFGS:   40 15:09:27   -24160.585234        0.037544
BFGS:   41 15:09:28   -24160.585344        0.018595
BFGS:   42 15:09:28   -24160.585388        0.015200
BFGS:   43 15:09:28   -24160.585417        0.015491
BFGS:   44 15:09:28   -24160.585448        0.022157
BFGS:   45 15:09:29   -24160.585480        0.019952
BFGS:   46 15:09:29   -24160.585500        0.010486
BFGS:   47 15:09:29   -24160.585510        0.004788
    -> 47 steps
[9/24] esm2_f8                                strain   10.813
[15:09:29] WARNING: More than one matching pattern found - picking one

    relaxing 24 hydrogens of orig_f12 ligand (20 heavy atoms fixed)
      Step     Time          Energy          fmax
BFGS:    0 15:09:29   -24160.199414        0.835966
BFGS:    1 15:09:30   -24160.281723        0.608116
BFGS:    2 15:09:30   -24160.382524        0.484987
BFGS:    3 15:09:30   -24160.411151        0.463690
BFGS:    4 15:09:30   -24160.468053        0.170778
BFGS:    5 15:09:30   -24160.470814        0.146411
BFGS:    6 15:09:31   -24160.472699        0.140816
BFGS:    7 15:09:31   -24160.475084        0.123977
BFGS:    8 15:09:31   -24160.478535        0.090222
BFGS:    9 15:09:31   -24160.480958        0.070674
BFGS:   10 15:09:32   -24160.482044        0.048600
BFGS:   11 15:09:32   -24160.482540        0.051714
BFGS:   12 15:09:32   -24160.483264        0.056138
BFGS:   13 15:09:32   -24160.484493        0.069799
BFGS:   14 15:09:32   -24160.486059        0.073694
BFGS:   15 15:09:33   -24160.487267        0.063868
BFGS:   16 15:09:33   -24160.487989        0.064948
BFGS:   17 15:09:33   -24160.488670        0.060989
BFGS:   18 15:09:33   -24160.489676        0.072037
BFGS:   19 15:09:33   -24160.491271        0.092414
BFGS:   20 15:09:34   -24160.493112        0.083711
BFGS:   21 15:09:34   -24160.494541        0.071732
BFGS:   22 15:09:34   -24160.495341        0.081060
BFGS:   23 15:09:34   -24160.496087        0.085128
BFGS:   24 15:09:35   -24160.497693        0.089619
BFGS:   25 15:09:35   -24160.500852        0.127221
BFGS:   26 15:09:35   -24160.504541        0.124755
BFGS:   27 15:09:35   -24160.506529        0.110951
BFGS:   28 15:09:35   -24160.508003        0.080136
BFGS:   29 15:09:36   -24160.509198        0.081613
BFGS:   30 15:09:36   -24160.510345        0.076939
BFGS:   31 15:09:36   -24160.512866        0.067285
BFGS:   32 15:09:36   -24160.514277        0.077330
BFGS:   33 15:09:37   -24160.515316        0.079620
BFGS:   34 15:09:37   -24160.516511        0.092643
BFGS:   35 15:09:37   -24160.518987        0.117476
BFGS:   36 15:09:37   -24160.522691        0.136855
BFGS:   37 15:09:37   -24160.527154        0.158883
BFGS:   38 15:09:38   -24160.529929        0.274610
BFGS:   39 15:09:38   -24160.521180        0.508507
BFGS:   40 15:09:38   -24160.535352        0.097243
BFGS:   41 15:09:38   -24160.538176        0.120339
BFGS:   42 15:09:38   -24160.532286        0.663227
BFGS:   43 15:09:39   -24160.548858        0.127080
BFGS:   44 15:09:39   -24160.554634        0.125315
BFGS:   45 15:09:39   -24160.549154        0.694188
BFGS:   46 15:09:39   -24160.568017        0.119459
BFGS:   47 15:09:40   -24160.574324        0.129234
BFGS:   48 15:09:40   -24160.561727        0.721709
BFGS:   49 15:09:40   -24160.586778        0.132922
BFGS:   50 15:09:40   -24160.591782        0.130935
BFGS:   51 15:09:40   -24160.597575        0.314530
BFGS:   52 15:09:41   -24160.604415        0.116746
BFGS:   53 15:09:41   -24160.608378        0.112782
BFGS:   54 15:09:41   -24160.614825        0.101482
BFGS:   55 15:09:41   -24160.615943        0.094506
BFGS:   56 15:09:41   -24160.617610        0.084021
BFGS:   57 15:09:42   -24160.619777        0.090927
BFGS:   58 15:09:42   -24160.621806        0.081596
BFGS:   59 15:09:42   -24160.622829        0.066859
BFGS:   60 15:09:42   -24160.623312        0.055796
BFGS:   61 15:09:43   -24160.623817        0.057491
BFGS:   62 15:09:43   -24160.624400        0.047884
BFGS:   63 15:09:43   -24160.624882        0.034792
BFGS:   64 15:09:43   -24160.625108        0.029396
BFGS:   65 15:09:43   -24160.625208        0.028500
BFGS:   66 15:09:44   -24160.625326        0.024605
BFGS:   67 15:09:44   -24160.625507        0.032648
BFGS:   68 15:09:44   -24160.625711        0.036004
BFGS:   69 15:09:44   -24160.625854        0.029710
BFGS:   70 15:09:45   -24160.625930        0.020639
BFGS:   71 15:09:45   -24160.625981        0.016682
BFGS:   72 15:09:45   -24160.626048        0.024590
BFGS:   73 15:09:45   -24160.626138        0.025074
BFGS:   74 15:09:45   -24160.626214        0.022901
BFGS:   75 15:09:46   -24160.626251        0.010992
BFGS:   76 15:09:46   -24160.626267        0.009062
    -> 76 steps
[10/24] orig_f12                               strain    9.873
[15:09:46] WARNING: More than one matching pattern found - picking one

    relaxing 24 hydrogens of orig_f4 ligand (20 heavy atoms fixed)
      Step     Time          Energy          fmax
BFGS:    0 15:09:46   -24160.332282        0.800975
BFGS:    1 15:09:46   -24160.413767        0.705611
BFGS:    2 15:09:47   -24160.518108        0.464851
BFGS:    3 15:09:47   -24160.547454        0.398383
BFGS:    4 15:09:47   -24160.602551        0.138360
BFGS:    5 15:09:47   -24160.605076        0.121922
BFGS:    6 15:09:48   -24160.606960        0.107595
BFGS:    7 15:09:48   -24160.609573        0.101524
BFGS:    8 15:09:48   -24160.613693        0.110182
BFGS:    9 15:09:48   -24160.617206        0.098944
BFGS:   10 15:09:48   -24160.619317        0.093625
BFGS:   11 15:09:49   -24160.620461        0.094913
BFGS:   12 15:09:49   -24160.621980        0.098923
BFGS:   13 15:09:49   -24160.624974        0.111986
BFGS:   14 15:09:49   -24160.629624        0.148197
BFGS:   15 15:09:49   -24160.633762        0.122487
BFGS:   16 15:09:50   -24160.636142        0.107119
BFGS:   17 15:09:50   -24160.638589        0.103200
BFGS:   18 15:09:50   -24160.640975        0.121390
BFGS:   19 15:09:50   -24160.645684        0.182612
BFGS:   20 15:09:50   -24160.651349        0.187106
BFGS:   21 15:09:51   -24160.656567        0.136198
BFGS:   22 15:09:51   -24160.660062        0.108589
BFGS:   23 15:09:51   -24160.662590        0.117446
BFGS:   24 15:09:51   -24160.665614        0.140276
BFGS:   25 15:09:51   -24160.668863        0.176643
BFGS:   26 15:09:52   -24160.667470        0.217008
BFGS:   27 15:09:52   -24160.672306        0.087202
BFGS:   28 15:09:52   -24160.673118        0.063849
BFGS:   29 15:09:52   -24160.674144        0.045732
BFGS:   30 15:09:52   -24160.674553        0.046117
BFGS:   31 15:09:53   -24160.675318        0.022835
BFGS:   32 15:09:53   -24160.675406        0.017900
BFGS:   33 15:09:53   -24160.675453        0.016727
BFGS:   34 15:09:53   -24160.675488        0.015036
BFGS:   35 15:09:54   -24160.675540        0.013979
BFGS:   36 15:09:54   -24160.675580        0.014837
BFGS:   37 15:09:54   -24160.675605        0.010549
BFGS:   38 15:09:54   -24160.675618        0.010900
BFGS:   39 15:09:54   -24160.675632        0.010271
BFGS:   40 15:09:55   -24160.675655        0.015923
BFGS:   41 15:09:55   -24160.675692        0.023294
BFGS:   42 15:09:55   -24160.675735        0.023074
BFGS:   43 15:09:55   -24160.675769        0.013478
BFGS:   44 15:09:55   -24160.675793        0.012513
BFGS:   45 15:09:56   -24160.675817        0.014346
BFGS:   46 15:09:56   -24160.675856        0.025625
BFGS:   47 15:09:56   -24160.675911        0.030877
BFGS:   48 15:09:56   -24160.675964        0.022710
BFGS:   49 15:09:56   -24160.675995        0.009476
    -> 49 steps
[11/24] orig_f4                                strain    8.726
[15:09:56] WARNING: More than one matching pattern found - picking one

    relaxing 24 hydrogens of orig_f8 ligand (20 heavy atoms fixed)
      Step     Time          Energy          fmax
BFGS:    0 15:09:57   -24158.678211        1.073891
BFGS:    1 15:09:57   -24158.791087        0.948860
BFGS:    2 15:09:57   -24158.983239        0.624756
BFGS:    3 15:09:57   -24159.033036        0.563185
BFGS:    4 15:09:58   -24159.101409        0.192902
BFGS:    5 15:09:58   -24159.104377        0.167355
BFGS:    6 15:09:58   -24159.107533        0.147063
BFGS:    7 15:09:58   -24159.111896        0.142851
BFGS:    8 15:09:58   -24159.118568        0.148620
BFGS:    9 15:09:59   -24159.123980        0.135270
BFGS:   10 15:09:59   -24159.127119        0.135983
BFGS:   11 15:09:59   -24159.128786        0.136407
BFGS:   12 15:09:59   -24159.131195        0.139614
BFGS:   13 15:10:00   -24159.135641        0.163343
BFGS:   14 15:10:00   -24159.141377        0.176210
BFGS:   15 15:10:00   -24159.145330        0.109331
BFGS:   16 15:10:00   -24159.147801        0.105888
BFGS:   17 15:10:01   -24159.150425        0.106107
BFGS:   18 15:10:01   -24159.154072        0.176025
BFGS:   19 15:10:01   -24159.161243        0.261501
BFGS:   20 15:10:01   -24159.169865        0.259835
BFGS:   21 15:10:01   -24159.178347        0.206250
BFGS:   22 15:10:02   -24159.184417        0.252863
BFGS:   23 15:10:02   -24159.187836        0.206610
BFGS:   24 15:10:02   -24159.193700        0.219320
BFGS:   25 15:10:02   -24159.201107        0.307371
BFGS:   26 15:10:03   -24159.209805        0.200802
BFGS:   27 15:10:03   -24159.216035        0.155446
BFGS:   28 15:10:03   -24159.219894        0.139168
BFGS:   29 15:10:03   -24159.220500        0.182818
BFGS:   30 15:10:03   -24159.222651        0.093456
BFGS:   31 15:10:04   -24159.224215        0.093797
BFGS:   32 15:10:04   -24159.228581        0.140356
BFGS:   33 15:10:04   -24159.230694        0.134917
BFGS:   34 15:10:04   -24159.232250        0.164721
BFGS:   35 15:10:05   -24159.234766        0.140080
BFGS:   36 15:10:05   -24159.238451        0.181590
BFGS:   37 15:10:05   -24159.243271        0.225138
BFGS:   38 15:10:05   -24159.250913        0.275964
BFGS:   39 15:10:06   -24159.261248        0.361358
BFGS:   40 15:10:06   -24159.273342        0.288608
BFGS:   41 15:10:06   -24159.279034        0.486934
BFGS:   42 15:10:06   -24159.243732        1.014352
BFGS:   43 15:10:06   -24159.290096        0.231042
BFGS:   44 15:10:07   -24159.295041        0.338200
BFGS:   45 15:10:07   -24159.299931        0.501576
BFGS:   46 15:10:07   -24159.309712        0.252394
BFGS:   47 15:10:07   -24159.316060        0.178703
BFGS:   48 15:10:08   -24159.330651        0.283220
BFGS:   49 15:10:08   -24159.336412        0.215678
BFGS:   50 15:10:08   -24159.340956        0.228348
BFGS:   51 15:10:08   -24159.347298        0.210271
BFGS:   52 15:10:09   -24159.352030        0.151511
BFGS:   53 15:10:09   -24159.357221        0.137070
BFGS:   54 15:10:09   -24159.361693        0.143375
BFGS:   55 15:10:09   -24159.363118        0.076235
BFGS:   56 15:10:09   -24159.364059        0.122670
BFGS:   57 15:10:10   -24159.365164        0.107132
BFGS:   58 15:10:10   -24159.366557        0.051295
BFGS:   59 15:10:10   -24159.367014        0.047484
BFGS:   60 15:10:10   -24159.367368        0.046174
BFGS:   61 15:10:11   -24159.367755        0.056039
BFGS:   62 15:10:11   -24159.368355        0.066320
BFGS:   63 15:10:11   -24159.369061        0.054456
BFGS:   64 15:10:11   -24159.369685        0.047968
BFGS:   65 15:10:12   -24159.370059        0.049797
BFGS:   66 15:10:12   -24159.370366        0.051942
BFGS:   67 15:10:12   -24159.370869        0.055393
BFGS:   68 15:10:12   -24159.371771        0.085490
BFGS:   69 15:10:12   -24159.373145        0.136293
BFGS:   70 15:10:13   -24159.374634        0.180901
BFGS:   71 15:10:13   -24159.376347        0.138023
BFGS:   72 15:10:13   -24159.378423        0.186958
BFGS:   73 15:10:13   -24159.381932        0.241055
BFGS:   74 15:10:14   -24159.387385        0.275369
BFGS:   75 15:10:14   -24159.395191        0.338692
BFGS:   76 15:10:14   -24159.396237        0.724257
BFGS:   77 15:10:14   -24159.412941        0.197360
BFGS:   78 15:10:14   -24159.419261        0.216255
BFGS:   79 15:10:15   -24159.427237        0.445176
BFGS:   80 15:10:15   -24159.436424        0.323796
BFGS:   81 15:10:15   -24159.454067        0.332349
BFGS:   82 15:10:15   -24159.464511        0.282184
BFGS:   83 15:10:16   -24159.456024        0.739532
BFGS:   84 15:10:16   -24159.473674        0.149180
BFGS:   85 15:10:16   -24159.477186        0.097488
BFGS:   86 15:10:16   -24159.479448        0.280139
BFGS:   87 15:10:16   -24159.482465        0.092950
BFGS:   88 15:10:17   -24159.484056        0.085180
BFGS:   89 15:10:17   -24159.488702        0.074351
BFGS:   90 15:10:17   -24159.489288        0.067013
BFGS:   91 15:10:17   -24159.489824        0.066813
BFGS:   92 15:10:18   -24159.490422        0.057555
BFGS:   93 15:10:18   -24159.491066        0.059784
BFGS:   94 15:10:18   -24159.491591        0.085403
BFGS:   95 15:10:18   -24159.492004        0.086931
BFGS:   96 15:10:18   -24159.492304        0.057338
BFGS:   97 15:10:19   -24159.492497        0.023835
BFGS:   98 15:10:19   -24159.492590        0.016269
BFGS:   99 15:10:19   -24159.492631        0.022927
BFGS:  100 15:10:19   -24159.492667        0.018897
BFGS:  101 15:10:19   -24159.492703        0.012419
BFGS:  102 15:10:20   -24159.492733        0.009723
    -> 102 steps
[12/24] orig_f8                                strain   36.013
[15:10:20] WARNING: More than one matching pattern found - picking one

    relaxing 24 hydrogens of s2_esm1_control ligand (20 heavy atoms fixed)
      Step     Time          Energy          fmax
BFGS:    0 15:10:20   -24160.275841        0.829059
BFGS:    1 15:10:20   -24160.355912        0.627406
BFGS:    2 15:10:20   -24160.458434        0.488206
BFGS:    3 15:10:21   -24160.487196        0.454030
BFGS:    4 15:10:21   -24160.541690        0.138821
BFGS:    5 15:10:21   -24160.544198        0.120157
BFGS:    6 15:10:21   -24160.545825        0.104335
BFGS:    7 15:10:22   -24160.547868        0.093999
BFGS:    8 15:10:22   -24160.550764        0.084819
BFGS:    9 15:10:22   -24160.552704        0.059118
BFGS:   10 15:10:22   -24160.553516        0.063969
BFGS:   11 15:10:23   -24160.553851        0.059705
BFGS:   12 15:10:23   -24160.554282        0.047418
BFGS:   13 15:10:23   -24160.554886        0.053726
BFGS:   14 15:10:23   -24160.555436        0.046426
BFGS:   15 15:10:24   -24160.555706        0.026623
BFGS:   16 15:10:24   -24160.555808        0.024656
BFGS:   17 15:10:24   -24160.555890        0.024814
BFGS:   18 15:10:24   -24160.556022        0.028797
BFGS:   19 15:10:25   -24160.556203        0.033899
BFGS:   20 15:10:25   -24160.556367        0.025069
BFGS:   21 15:10:25   -24160.556460        0.022619
BFGS:   22 15:10:25   -24160.556522        0.023868
BFGS:   23 15:10:25   -24160.556614        0.025313
BFGS:   24 15:10:26   -24160.556790        0.040336
BFGS:   25 15:10:26   -24160.557070        0.049603
BFGS:   26 15:10:26   -24160.557352        0.041887
BFGS:   27 15:10:26   -24160.557522        0.029771
BFGS:   28 15:10:27   -24160.557613        0.029722
BFGS:   29 15:10:27   -24160.557702        0.033141
BFGS:   30 15:10:27   -24160.557845        0.033659
BFGS:   31 15:10:27   -24160.557987        0.024732
BFGS:   32 15:10:27   -24160.558065        0.014212
BFGS:   33 15:10:28   -24160.558097        0.013168
BFGS:   34 15:10:28   -24160.558125        0.014916
BFGS:   35 15:10:28   -24160.558170        0.016825
BFGS:   36 15:10:28   -24160.558223        0.016933
BFGS:   37 15:10:29   -24160.558258        0.009484
    -> 37 steps
[13/24] s2_esm1_control                        strain   11.441
[15:10:29] WARNING: More than one matching pattern found - picking one

    relaxing 24 hydrogens of s2_esm1_f12 ligand (20 heavy atoms fixed)
      Step     Time          Energy          fmax
BFGS:    0 15:10:29   -24159.397475        1.218731
BFGS:    1 15:10:29   -24159.512106        1.099358
BFGS:    2 15:10:29   -24159.690878        0.666990
BFGS:    3 15:10:30   -24159.741361        0.607756
BFGS:    4 15:10:30   -24159.818254        0.199781
BFGS:    5 15:10:30   -24159.821818        0.186283
BFGS:    6 15:10:30   -24159.825200        0.162218
BFGS:    7 15:10:31   -24159.829474        0.139667
BFGS:    8 15:10:31   -24159.836174        0.131147
BFGS:    9 15:10:31   -24159.841603        0.110166
BFGS:   10 15:10:31   -24159.844735        0.104480
BFGS:   11 15:10:31   -24159.846242        0.103957
BFGS:   12 15:10:32   -24159.848048        0.093320
BFGS:   13 15:10:32   -24159.851091        0.104107
BFGS:   14 15:10:32   -24159.854748        0.114193
BFGS:   15 15:10:32   -24159.857399        0.090377
BFGS:   16 15:10:33   -24159.858957        0.080405
BFGS:   17 15:10:33   -24159.860527        0.085202
BFGS:   18 15:10:33   -24159.862966        0.128516
BFGS:   19 15:10:33   -24159.867664        0.193259
BFGS:   20 15:10:33   -24159.874606        0.221262
BFGS:   21 15:10:34   -24159.882464        0.199044
BFGS:   22 15:10:34   -24159.889650        0.224518
BFGS:   23 15:10:34   -24159.894788        0.236238
BFGS:   24 15:10:34   -24159.901115        0.219823
BFGS:   25 15:10:35   -24159.903617        0.328589
BFGS:   26 15:10:35   -24159.915305        0.165619
BFGS:   27 15:10:35   -24159.921160        0.120793
BFGS:   28 15:10:35   -24159.924277        0.147677
BFGS:   29 15:10:35   -24159.925739        0.127768
BFGS:   30 15:10:36   -24159.927553        0.114525
BFGS:   31 15:10:36   -24159.931296        0.106594
BFGS:   32 15:10:36   -24159.933010        0.104780
BFGS:   33 15:10:36   -24159.934280        0.113879
BFGS:   34 15:10:36   -24159.935509        0.126108
BFGS:   35 15:10:37   -24159.937916        0.157569
BFGS:   36 15:10:37   -24159.941677        0.207898
BFGS:   37 15:10:37   -24159.947913        0.286450
BFGS:   38 15:10:37   -24159.956445        0.326774
BFGS:   39 15:10:38   -24159.968143        0.307919
BFGS:   40 15:10:38   -24159.979499        0.183842
BFGS:   41 15:10:38   -24159.974773        0.657208
BFGS:   42 15:10:38   -24159.998973        0.263803
BFGS:   43 15:10:38   -24160.009080        0.197585
BFGS:   44 15:10:39   -24160.000190        0.780791
BFGS:   45 15:10:39   -24160.025990        0.178057
BFGS:   46 15:10:39   -24160.031303        0.126039
BFGS:   47 15:10:39   -24160.031716        0.510789
BFGS:   48 15:10:40   -24160.041765        0.111715
BFGS:   49 15:10:40   -24160.044964        0.107290
BFGS:   50 15:10:40   -24160.050813        0.104420
BFGS:   51 15:10:40   -24160.052272        0.076857
BFGS:   52 15:10:40   -24160.054046        0.077948
BFGS:   53 15:10:41   -24160.055453        0.075032
BFGS:   54 15:10:41   -24160.056687        0.069709
BFGS:   55 15:10:41   -24160.057468        0.068603
BFGS:   56 15:10:41   -24160.057948        0.052801
BFGS:   57 15:10:42   -24160.058177        0.037397
BFGS:   58 15:10:42   -24160.058409        0.048549
BFGS:   59 15:10:42   -24160.058679        0.053986
BFGS:   60 15:10:42   -24160.058897        0.039380
BFGS:   61 15:10:42   -24160.059032        0.027843
BFGS:   62 15:10:43   -24160.059127        0.024524
BFGS:   63 15:10:43   -24160.059248        0.027392
BFGS:   64 15:10:43   -24160.059395        0.031868
BFGS:   65 15:10:43   -24160.059506        0.023877
BFGS:   66 15:10:43   -24160.059568        0.019770
BFGS:   67 15:10:44   -24160.059619        0.013648
BFGS:   68 15:10:44   -24160.059678        0.018965
BFGS:   69 15:10:44   -24160.059770        0.020157
BFGS:   70 15:10:44   -24160.059883        0.024969
BFGS:   71 15:10:45   -24160.059984        0.027057
BFGS:   72 15:10:45   -24160.060069        0.019450
BFGS:   73 15:10:45   -24160.060160        0.021601
BFGS:   74 15:10:45   -24160.060266        0.023851
BFGS:   75 15:10:45   -24160.060379        0.028980
BFGS:   76 15:10:46   -24160.060470        0.032587
BFGS:   77 15:10:46   -24160.060541        0.038139
BFGS:   78 15:10:46   -24160.060603        0.025498
BFGS:   79 15:10:46   -24160.060658        0.017425
BFGS:   80 15:10:46   -24160.060700        0.016214
BFGS:   81 15:10:47   -24160.060727        0.014274
BFGS:   82 15:10:47   -24160.060751        0.012430
BFGS:   83 15:10:47   -24160.060781        0.013773
BFGS:   84 15:10:47   -24160.060816        0.013581
BFGS:   85 15:10:48   -24160.060843        0.009607
    -> 85 steps
[14/24] s2_esm1_f12                            strain   22.912
[15:10:48] WARNING: More than one matching pattern found - picking one

    relaxing 24 hydrogens of s2_esm1_f4 ligand (20 heavy atoms fixed)
      Step     Time          Energy          fmax
BFGS:    0 15:10:48   -24159.479148        0.843733
BFGS:    1 15:10:48   -24159.571021        0.752304
BFGS:    2 15:10:48   -24159.699301        0.481224
BFGS:    3 15:10:49   -24159.736668        0.464077
BFGS:    4 15:10:49   -24159.805215        0.170185
BFGS:    5 15:10:49   -24159.809136        0.150752
BFGS:    6 15:10:49   -24159.812556        0.131939
BFGS:    7 15:10:49   -24159.817429        0.141359
BFGS:    8 15:10:50   -24159.825786        0.162249
BFGS:    9 15:10:50   -24159.833884        0.156314
BFGS:   10 15:10:50   -24159.839759        0.156876
BFGS:   11 15:10:50   -24159.842948        0.157438
BFGS:   12 15:10:51   -24159.846429        0.160571
BFGS:   13 15:10:51   -24159.853499        0.174002
BFGS:   14 15:10:51   -24159.863583        0.218840
BFGS:   15 15:10:51   -24159.871142        0.162912
BFGS:   16 15:10:52   -24159.876103        0.158033
BFGS:   17 15:10:52   -24159.882258        0.150514
BFGS:   18 15:10:52   -24159.888565        0.215033
BFGS:   19 15:10:52   -24159.901958        0.342108
BFGS:   20 15:10:52   -24159.917539        0.346444
BFGS:   21 15:10:53   -24159.934658        0.279690
BFGS:   22 15:10:53   -24159.948702        0.317907
BFGS:   23 15:10:53   -24159.956835        0.361036
BFGS:   24 15:10:53   -24159.971500        0.478135
BFGS:   25 15:10:54   -24159.987073        0.298716
BFGS:   26 15:10:54   -24160.013054        0.270128
BFGS:   27 15:10:54   -24160.020030        0.430247
BFGS:   28 15:10:54   -24160.030043        0.238544
BFGS:   29 15:10:54   -24160.035608        0.187952
BFGS:   30 15:10:55   -24160.039623        0.103876
BFGS:   31 15:10:55   -24160.043826        0.100134
BFGS:   32 15:10:55   -24160.048090        0.106433
BFGS:   33 15:10:55   -24160.051758        0.144823
BFGS:   34 15:10:55   -24160.055418        0.165518
BFGS:   35 15:10:56   -24160.058822        0.151125
BFGS:   36 15:10:56   -24160.061651        0.113926
BFGS:   37 15:10:56   -24160.064547        0.130508
BFGS:   38 15:10:56   -24160.068858        0.119821
BFGS:   39 15:10:57   -24160.074160        0.150424
BFGS:   40 15:10:57   -24160.079384        0.184458
BFGS:   41 15:10:57   -24160.083463        0.127137
BFGS:   42 15:10:57   -24160.085608        0.238451
BFGS:   43 15:10:57   -24160.088477        0.121733
BFGS:   44 15:10:58   -24160.091001        0.092265
BFGS:   45 15:10:58   -24160.096175        0.131516
BFGS:   46 15:10:58   -24160.101511        0.168117
BFGS:   47 15:10:58   -24160.107903        0.224482
BFGS:   48 15:10:58   -24160.112215        0.204155
BFGS:   49 15:10:59   -24160.113307        0.297338
BFGS:   50 15:10:59   -24160.118731        0.153902
BFGS:   51 15:10:59   -24160.122056        0.130178
BFGS:   52 15:10:59   -24160.127004        0.150114
BFGS:   53 15:11:00   -24160.129417        0.131948
BFGS:   54 15:11:00   -24160.130948        0.122540
BFGS:   55 15:11:00   -24160.132288        0.069750
BFGS:   56 15:11:00   -24160.133151        0.053482
BFGS:   57 15:11:01   -24160.133595        0.051801
BFGS:   58 15:11:01   -24160.133856        0.049701
BFGS:   59 15:11:01   -24160.134036        0.034749
BFGS:   60 15:11:01   -24160.134200        0.038200
BFGS:   61 15:11:01   -24160.134345        0.037673
BFGS:   62 15:11:02   -24160.134471        0.027987
BFGS:   63 15:11:02   -24160.134557        0.016153
BFGS:   64 15:11:02   -24160.134610        0.013394
BFGS:   65 15:11:02   -24160.134654        0.016981
BFGS:   66 15:11:03   -24160.134702        0.022008
BFGS:   67 15:11:03   -24160.134754        0.017961
BFGS:   68 15:11:03   -24160.134793        0.015751
BFGS:   69 15:11:03   -24160.134816        0.012248
BFGS:   70 15:11:03   -24160.134835        0.013308
BFGS:   71 15:11:04   -24160.134860        0.017706
BFGS:   72 15:11:04   -24160.134895        0.016739
BFGS:   73 15:11:04   -24160.134926        0.013229
BFGS:   74 15:11:04   -24160.134945        0.010622
BFGS:   75 15:11:04   -24160.134959        0.009146
    -> 75 steps
[15/24] s2_esm1_f4                             strain   21.203
[15:11:04] WARNING: More than one matching pattern found - picking one

    relaxing 24 hydrogens of s2_esm1_f8 ligand (20 heavy atoms fixed)
      Step     Time          Energy          fmax
BFGS:    0 15:11:05   -24158.565104        1.959998
BFGS:    1 15:11:05   -24158.747692        1.790939
BFGS:    2 15:11:05   -24159.161989        0.976161
BFGS:    3 15:11:05   -24159.257699        0.771614
BFGS:    4 15:11:06   -24159.363014        0.221402
BFGS:    5 15:11:06   -24159.366236        0.170017
BFGS:    6 15:11:06   -24159.371216        0.154656
BFGS:    7 15:11:06   -24159.377225        0.289499
BFGS:    8 15:11:07   -24159.386609        0.404478
BFGS:    9 15:11:07   -24159.395096        0.313348
BFGS:   10 15:11:07   -24159.400475        0.172349
BFGS:   11 15:11:07   -24159.404274        0.175887
BFGS:   12 15:11:07   -24159.409238        0.270648
BFGS:   13 15:11:08   -24159.416414        0.409636
BFGS:   14 15:11:08   -24159.424847        0.418871
BFGS:   15 15:11:08   -24159.431538        0.245648
BFGS:   16 15:11:08   -24159.436347        0.181216
BFGS:   17 15:11:09   -24159.440608        0.233441
BFGS:   18 15:11:09   -24159.447418        0.430492
BFGS:   19 15:11:09   -24159.459234        0.582622
BFGS:   20 15:11:09   -24159.474261        0.584185
BFGS:   21 15:11:10   -24159.487619        0.396448
BFGS:   22 15:11:10   -24159.494654        0.374983
BFGS:   23 15:11:10   -24159.501255        0.434228
BFGS:   24 15:11:10   -24159.508876        0.346616
BFGS:   25 15:11:10   -24159.529342        0.404795
BFGS:   26 15:11:11   -24159.540090        0.295730
BFGS:   27 15:11:11   -24159.553684        0.263294
BFGS:   28 15:11:11   -24159.559601        0.118128
BFGS:   29 15:11:11   -24159.562637        0.167977
BFGS:   30 15:11:12   -24159.566249        0.216693
BFGS:   31 15:11:12   -24159.572012        0.273752
BFGS:   32 15:11:12   -24159.576255        0.232800
BFGS:   33 15:11:12   -24159.579504        0.127695
BFGS:   34 15:11:12   -24159.581642        0.115802
BFGS:   35 15:11:13   -24159.583644        0.113985
BFGS:   36 15:11:13   -24159.586225        0.218598
BFGS:   37 15:11:13   -24159.589531        0.230655
BFGS:   38 15:11:13   -24159.595234        0.223678
BFGS:   39 15:11:14   -24159.602768        0.171927
BFGS:   40 15:11:14   -24159.606152        0.167233
BFGS:   41 15:11:14   -24159.608253        0.122900
BFGS:   42 15:11:14   -24159.611404        0.156430
BFGS:   43 15:11:14   -24159.615899        0.220559
BFGS:   44 15:11:15   -24159.621890        0.280173
BFGS:   45 15:11:15   -24159.627111        0.260420
BFGS:   46 15:11:15   -24159.631792        0.196271
BFGS:   47 15:11:15   -24159.634783        0.217350
BFGS:   48 15:11:15   -24159.632085        0.309028
BFGS:   49 15:11:16   -24159.641362        0.210234
BFGS:   50 15:11:16   -24159.645642        0.178686
BFGS:   51 15:11:16   -24159.660278        0.235878
BFGS:   52 15:11:16   -24159.662417        0.067611
BFGS:   53 15:11:17   -24159.663792        0.053363
BFGS:   54 15:11:17   -24159.665515        0.052464
BFGS:   55 15:11:17   -24159.666207        0.048075
BFGS:   56 15:11:17   -24159.666783        0.043532
BFGS:   57 15:11:17   -24159.667074        0.047116
BFGS:   58 15:11:18   -24159.667380        0.042888
BFGS:   59 15:11:18   -24159.667643        0.029446
BFGS:   60 15:11:18   -24159.667773        0.021548
BFGS:   61 15:11:18   -24159.667837        0.012004
BFGS:   62 15:11:19   -24159.667889        0.013188
BFGS:   63 15:11:19   -24159.667942        0.019632
BFGS:   64 15:11:19   -24159.668007        0.020762
BFGS:   65 15:11:19   -24159.668047        0.013362
BFGS:   66 15:11:19   -24159.668062        0.005856
    -> 66 steps
[16/24] s2_esm1_f8                             strain   31.970
[15:11:19] WARNING: More than one matching pattern found - picking one

    relaxing 24 hydrogens of s2_esm2_control ligand (20 heavy atoms fixed)
      Step     Time          Energy          fmax
BFGS:    0 15:11:20   -24160.189247        0.822066
BFGS:    1 15:11:20   -24160.270516        0.608719
BFGS:    2 15:11:20   -24160.361131        0.411396
BFGS:    3 15:11:20   -24160.386677        0.391092
BFGS:    4 15:11:21   -24160.442411        0.177163
BFGS:    5 15:11:21   -24160.445548        0.150565
BFGS:    6 15:11:21   -24160.448335        0.140669
BFGS:    7 15:11:21   -24160.452484        0.142518
BFGS:    8 15:11:21   -24160.460010        0.164206
BFGS:    9 15:11:22   -24160.468336        0.188418
BFGS:   10 15:11:22   -24160.475835        0.196293
BFGS:   11 15:11:22   -24160.481174        0.204984
BFGS:   12 15:11:22   -24160.486908        0.217546
BFGS:   13 15:11:22   -24160.500018        0.260949
BFGS:   14 15:11:23   -24160.524689        0.382011
BFGS:   15 15:11:23   -24160.541780        0.362945
BFGS:   16 15:11:23   -24160.555797        0.285801
BFGS:   17 15:11:23   -24160.564849        0.272039
BFGS:   18 15:11:24   -24160.573071        0.239964
BFGS:   19 15:11:24   -24160.586388        0.321109
BFGS:   20 15:11:24   -24160.603826        0.352702
BFGS:   21 15:11:24   -24160.615284        0.324458
BFGS:   22 15:11:24   -24160.622293        0.228698
BFGS:   23 15:11:25   -24160.628777        0.333946
BFGS:   24 15:11:25   -24160.637344        0.327349
BFGS:   25 15:11:25   -24160.645241        0.426218
BFGS:   26 15:11:25   -24160.654635        0.153429
BFGS:   27 15:11:25   -24160.658595        0.102861
BFGS:   28 15:11:26   -24160.659789        0.105886
BFGS:   29 15:11:26   -24160.661331        0.077341
BFGS:   30 15:11:26   -24160.662395        0.063185
BFGS:   31 15:11:26   -24160.663392        0.042866
BFGS:   32 15:11:26   -24160.663870        0.036783
BFGS:   33 15:11:27   -24160.664077        0.042042
BFGS:   34 15:11:27   -24160.664224        0.034066
BFGS:   35 15:11:27   -24160.664443        0.032446
BFGS:   36 15:11:27   -24160.664753        0.033918
BFGS:   37 15:11:28   -24160.665106        0.047165
BFGS:   38 15:11:28   -24160.665424        0.048628
BFGS:   39 15:11:28   -24160.665668        0.037149
BFGS:   40 15:11:28   -24160.665872        0.030367
BFGS:   41 15:11:28   -24160.666134        0.037544
BFGS:   42 15:11:29   -24160.666557        0.062490
BFGS:   43 15:11:29   -24160.667138        0.082080
BFGS:   44 15:11:29   -24160.667710        0.072628
BFGS:   45 15:11:29   -24160.668090        0.035664
BFGS:   46 15:11:29   -24160.668295        0.030829
BFGS:   47 15:11:30   -24160.668499        0.041788
BFGS:   48 15:11:30   -24160.668829        0.065825
BFGS:   49 15:11:30   -24160.669171        0.060946
BFGS:   50 15:11:30   -24160.669377        0.028810
BFGS:   51 15:11:30   -24160.669443        0.014804
BFGS:   52 15:11:31   -24160.669469        0.013329
BFGS:   53 15:11:31   -24160.669500        0.019291
BFGS:   54 15:11:31   -24160.669538        0.019898
BFGS:   55 15:11:31   -24160.669571        0.012676
BFGS:   56 15:11:32   -24160.669587        0.008021
    -> 56 steps
[17/24] s2_esm2_control                        strain    8.874
[15:11:32] WARNING: More than one matching pattern found - picking one

    relaxing 24 hydrogens of s2_esm2_f12 ligand (20 heavy atoms fixed)
      Step     Time          Energy          fmax
BFGS:    0 15:11:32   -24159.966220        0.776595
BFGS:    1 15:11:32   -24160.046017        0.520342
BFGS:    2 15:11:32   -24160.140060        0.390625
BFGS:    3 15:11:33   -24160.166176        0.387945
BFGS:    4 15:11:33   -24160.219532        0.160830
BFGS:    5 15:11:33   -24160.222444        0.137051
BFGS:    6 15:11:33   -24160.224760        0.126816
BFGS:    7 15:11:33   -24160.228147        0.124506
BFGS:    8 15:11:34   -24160.233897        0.132074
BFGS:    9 15:11:34   -24160.239546        0.143629
BFGS:   10 15:11:34   -24160.243706        0.145780
BFGS:   11 15:11:34   -24160.246295        0.149387
BFGS:   12 15:11:35   -24160.249631        0.160522
BFGS:   13 15:11:35   -24160.257256        0.184178
BFGS:   14 15:11:35   -24160.272247        0.267751
BFGS:   15 15:11:35   -24160.283946        0.306803
BFGS:   16 15:11:35   -24160.294181        0.192316
BFGS:   17 15:11:36   -24160.306441        0.191531
BFGS:   18 15:11:36   -24160.315417        0.202832
BFGS:   19 15:11:36   -24160.336008        0.374290
BFGS:   20 15:11:36   -24160.357148        0.407204
BFGS:   21 15:11:37   -24160.370621        0.700556
BFGS:   22 15:11:37   -24160.391014        0.278034
BFGS:   23 15:11:37   -24160.398486        0.316488
BFGS:   24 15:11:37   -24160.420493        0.537294
BFGS:   25 15:11:37   -24160.434309        0.379913
BFGS:   26 15:11:38   -24160.456569        0.348706
BFGS:   27 15:11:38   -24160.465290        0.266889
BFGS:   28 15:11:38   -24160.469243        0.151906
BFGS:   29 15:11:38   -24160.471469        0.105963
BFGS:   30 15:11:38   -24160.474547        0.105232
BFGS:   31 15:11:39   -24160.478306        0.171872
BFGS:   32 15:11:39   -24160.481277        0.154632
BFGS:   33 15:11:39   -24160.482773        0.093809
BFGS:   34 15:11:39   -24160.483784        0.083052
BFGS:   35 15:11:40   -24160.484972        0.125956
BFGS:   36 15:11:40   -24160.486496        0.176710
BFGS:   37 15:11:40   -24160.488549        0.188812
BFGS:   38 15:11:40   -24160.490545        0.134322
BFGS:   39 15:11:41   -24160.492169        0.072272
BFGS:   40 15:11:41   -24160.493389        0.074310
BFGS:   41 15:11:41   -24160.494488        0.081332
BFGS:   42 15:11:41   -24160.495620        0.116890
BFGS:   43 15:11:41   -24160.495991        0.055674
BFGS:   44 15:11:42   -24160.497515        0.097637
BFGS:   45 15:11:42   -24160.498657        0.126559
BFGS:   46 15:11:42   -24160.501295        0.133787
BFGS:   47 15:11:42   -24160.502574        0.083517
BFGS:   48 15:11:42   -24160.504149        0.067299
BFGS:   49 15:11:43   -24160.505311        0.077311
BFGS:   50 15:11:43   -24160.506610        0.100002
BFGS:   51 15:11:43   -24160.508260        0.102776
BFGS:   52 15:11:43   -24160.510103        0.095021
BFGS:   53 15:11:44   -24160.511261        0.042665
BFGS:   54 15:11:44   -24160.511914        0.077528
BFGS:   55 15:11:44   -24160.512352        0.044944
BFGS:   56 15:11:44   -24160.512594        0.028482
BFGS:   57 15:11:44   -24160.512797        0.032358
BFGS:   58 15:11:45   -24160.512991        0.029121
BFGS:   59 15:11:45   -24160.513172        0.029153
BFGS:   60 15:11:45   -24160.513279        0.019580
BFGS:   61 15:11:45   -24160.513321        0.009830
    -> 61 steps
[18/24] s2_esm2_f12                            strain   12.478
[15:11:45] WARNING: More than one matching pattern found - picking one

    relaxing 24 hydrogens of s2_esm2_f4 ligand (20 heavy atoms fixed)
      Step     Time          Energy          fmax
BFGS:    0 15:11:45   -24159.169418        0.927214
BFGS:    1 15:11:46   -24159.270096        0.741255
BFGS:    2 15:11:46   -24159.399908        0.523034
BFGS:    3 15:11:46   -24159.437656        0.502592
BFGS:    4 15:11:46   -24159.508607        0.172854
BFGS:    5 15:11:47   -24159.512381        0.141040
BFGS:    6 15:11:47   -24159.515635        0.140446
BFGS:    7 15:11:47   -24159.519712        0.142710
BFGS:    8 15:11:47   -24159.526090        0.147904
BFGS:    9 15:11:48   -24159.531181        0.115512
BFGS:   10 15:11:48   -24159.534053        0.105101
BFGS:   11 15:11:48   -24159.535466        0.104878
BFGS:   12 15:11:48   -24159.537352        0.110958
BFGS:   13 15:11:48   -24159.540659        0.116694
BFGS:   14 15:11:49   -24159.544714        0.122041
BFGS:   15 15:11:49   -24159.547655        0.104789
BFGS:   16 15:11:49   -24159.549504        0.097831
BFGS:   17 15:11:49   -24159.551451        0.113786
BFGS:   18 15:11:50   -24159.554654        0.150713
BFGS:   19 15:11:50   -24159.561496        0.225758
BFGS:   20 15:11:50   -24159.572273        0.340645
BFGS:   21 15:11:50   -24159.585997        0.366235
BFGS:   22 15:11:50   -24159.606047        0.383501
BFGS:   23 15:11:51   -24159.621525        0.552247
BFGS:   24 15:11:51   -24159.636487        0.479090
BFGS:   25 15:11:51   -24159.660154        0.883797
BFGS:   26 15:11:51   -24159.696886        0.549820
BFGS:   27 15:11:52   -24159.739710        0.521652
BFGS:   28 15:11:52   -24159.759029        0.402516
BFGS:   29 15:11:52   -24159.781754        0.242181
BFGS:   30 15:11:52   -24159.791613        0.322460
BFGS:   31 15:11:52   -24159.799264        0.210239
BFGS:   32 15:11:53   -24159.808066        0.165620
BFGS:   33 15:11:53   -24159.820752        0.135392
BFGS:   34 15:11:53   -24159.826353        0.129357
BFGS:   35 15:11:53   -24159.829146        0.147144
BFGS:   36 15:11:54   -24159.831072        0.136824
BFGS:   37 15:11:54   -24159.832653        0.135086
BFGS:   38 15:11:54   -24159.834592        0.159955
BFGS:   39 15:11:54   -24159.836572        0.130761
BFGS:   40 15:11:54   -24159.837835        0.069106
BFGS:   41 15:11:55   -24159.838391        0.049313
BFGS:   42 15:11:55   -24159.838707        0.044190
BFGS:   43 15:11:55   -24159.839092        0.048660
BFGS:   44 15:11:55   -24159.839542        0.053397
BFGS:   45 15:11:55   -24159.839955        0.054867
BFGS:   46 15:11:56   -24159.840177        0.029987
BFGS:   47 15:11:56   -24159.840292        0.025147
BFGS:   48 15:11:56   -24159.840379        0.022315
BFGS:   49 15:11:56   -24159.840486        0.031348
BFGS:   50 15:11:57   -24159.840606        0.029499
BFGS:   51 15:11:57   -24159.840725        0.035579
BFGS:   52 15:11:57   -24159.840822        0.030031
BFGS:   53 15:11:57   -24159.840898        0.020883
BFGS:   54 15:11:57   -24159.840967        0.019404
BFGS:   55 15:11:58   -24159.841037        0.023133
BFGS:   56 15:11:58   -24159.841111        0.028239
BFGS:   57 15:11:58   -24159.841203        0.027899
BFGS:   58 15:11:58   -24159.841319        0.037060
BFGS:   59 15:11:58   -24159.841447        0.035643
BFGS:   60 15:11:59   -24159.841552        0.027264
BFGS:   61 15:11:59   -24159.841627        0.022681
BFGS:   62 15:11:59   -24159.841696        0.028388
BFGS:   63 15:11:59   -24159.841787        0.042473
BFGS:   64 15:12:00   -24159.841903        0.045539
BFGS:   65 15:12:00   -24159.841999        0.032560
BFGS:   66 15:12:00   -24159.842056        0.017073
BFGS:   67 15:12:00   -24159.842093        0.016144
BFGS:   68 15:12:00   -24159.842134        0.022249
BFGS:   69 15:12:01   -24159.842189        0.026858
BFGS:   70 15:12:01   -24159.842248        0.021958
BFGS:   71 15:12:01   -24159.842287        0.012391
BFGS:   72 15:12:01   -24159.842301        0.009747
    -> 72 steps
[19/24] s2_esm2_f4                             strain   27.952
[15:12:01] WARNING: More than one matching pattern found - picking one

    relaxing 24 hydrogens of s2_esm2_f8 ligand (20 heavy atoms fixed)
      Step     Time          Energy          fmax
BFGS:    0 15:12:02   -24159.675708        0.859605
BFGS:    1 15:12:02   -24159.771326        0.761728
BFGS:    2 15:12:02   -24159.902267        0.477859
BFGS:    3 15:12:02   -24159.938509        0.430150
BFGS:    4 15:12:03   -24160.001143        0.137582
BFGS:    5 15:12:03   -24160.003944        0.114184
BFGS:    6 15:12:03   -24160.006318        0.100539
BFGS:    7 15:12:03   -24160.009593        0.106076
BFGS:    8 15:12:03   -24160.014635        0.123784
BFGS:    9 15:12:04   -24160.018781        0.106814
BFGS:   10 15:12:04   -24160.021229        0.092084
BFGS:   11 15:12:04   -24160.022618        0.093961
BFGS:   12 15:12:04   -24160.024647        0.101202
BFGS:   13 15:12:05   -24160.028596        0.133219
BFGS:   14 15:12:05   -24160.034451        0.162695
BFGS:   15 15:12:05   -24160.038976        0.118314
BFGS:   16 15:12:05   -24160.041508        0.111199
BFGS:   17 15:12:05   -24160.044345        0.107098
BFGS:   18 15:12:06   -24160.047120        0.138134
BFGS:   19 15:12:06   -24160.052858        0.198223
BFGS:   20 15:12:06   -24160.059454        0.193694
BFGS:   21 15:12:06   -24160.065696        0.149242
BFGS:   22 15:12:06   -24160.070089        0.121491
BFGS:   23 15:12:07   -24160.073444        0.122976
BFGS:   24 15:12:07   -24160.077415        0.149658
BFGS:   25 15:12:07   -24160.081699        0.143661
BFGS:   26 15:12:07   -24160.071874        0.385372
BFGS:   27 15:12:08   -24160.084924        0.113137
BFGS:   28 15:12:08   -24160.086001        0.092422
BFGS:   29 15:12:08   -24160.087786        0.057635
BFGS:   30 15:12:08   -24160.088406        0.050247
BFGS:   31 15:12:08   -24160.089499        0.022099
BFGS:   32 15:12:09   -24160.089567        0.018088
BFGS:   33 15:12:09   -24160.089649        0.014840
BFGS:   34 15:12:09   -24160.089703        0.016155
BFGS:   35 15:12:09   -24160.089769        0.014698
BFGS:   36 15:12:09   -24160.089801        0.009024
    -> 36 steps
[20/24] s2_esm2_f8                             strain   22.244
[15:12:09] WARNING: More than one matching pattern found - picking one

    relaxing 24 hydrogens of s2_orig_control ligand (20 heavy atoms fixed)
      Step     Time          Energy          fmax
BFGS:    0 15:12:10   -24159.839298        0.966225
BFGS:    1 15:12:10   -24159.952594        0.828954
BFGS:    2 15:12:10   -24160.111840        0.603706
BFGS:    3 15:12:10   -24160.156495        0.560779
BFGS:    4 15:12:11   -24160.226752        0.141789
BFGS:    5 15:12:11   -24160.229282        0.118520
BFGS:    6 15:12:11   -24160.230620        0.100325
BFGS:    7 15:12:11   -24160.232122        0.087510
BFGS:    8 15:12:11   -24160.234335        0.073187
BFGS:    9 15:12:12   -24160.235872        0.060362
BFGS:   10 15:12:12   -24160.236629        0.056029
BFGS:   11 15:12:12   -24160.237002        0.056574
BFGS:   12 15:12:12   -24160.237496        0.060977
BFGS:   13 15:12:13   -24160.238315        0.066361
BFGS:   14 15:12:13   -24160.239375        0.062456
BFGS:   15 15:12:13   -24160.240250        0.069480
BFGS:   16 15:12:13   -24160.240809        0.062320
BFGS:   17 15:12:13   -24160.241358        0.058071
BFGS:   18 15:12:14   -24160.242342        0.080759
BFGS:   19 15:12:14   -24160.244482        0.150291
BFGS:   20 15:12:14   -24160.248555        0.221655
BFGS:   21 15:12:14   -24160.253923        0.307026
BFGS:   22 15:12:15   -24160.262737        0.321286
BFGS:   23 15:12:15   -24160.275788        0.410375
BFGS:   24 15:12:15   -24160.281501        0.874464
BFGS:   25 15:12:15   -24160.306991        0.557788
BFGS:   26 15:12:15   -24160.341800        0.687578
BFGS:   27 15:12:16   -24160.374024        1.205886
BFGS:   28 15:12:16   -24160.433955        0.363685
BFGS:   29 15:12:16   -24160.451044        0.371128
BFGS:   30 15:12:16   -24160.463351        0.456459
BFGS:   31 15:12:16   -24160.482828        0.385075
BFGS:   32 15:12:17   -24160.497668        0.277685
BFGS:   33 15:12:17   -24160.514462        0.207154
BFGS:   34 15:12:17   -24160.522439        0.196067
BFGS:   35 15:12:17   -24160.527617        0.177128
BFGS:   36 15:12:17   -24160.533007        0.287090
BFGS:   37 15:12:18   -24160.540059        0.278535
BFGS:   38 15:12:18   -24160.551790        0.272617
BFGS:   39 15:12:18   -24160.562697        0.317839
BFGS:   40 15:12:18   -24160.574228        0.244831
BFGS:   41 15:12:18   -24160.582790        0.170142
BFGS:   42 15:12:19   -24160.586734        0.218588
BFGS:   43 15:12:19   -24160.590692        0.321779
BFGS:   44 15:12:19   -24160.594778        0.171227
BFGS:   45 15:12:19   -24160.600977        0.117396
BFGS:   46 15:12:20   -24160.606391        0.190637
BFGS:   47 15:12:20   -24160.611705        0.204066
BFGS:   48 15:12:20   -24160.615158        0.152594
BFGS:   49 15:12:20   -24160.617111        0.184079
BFGS:   50 15:12:20   -24160.619682        0.179727
BFGS:   51 15:12:21   -24160.623539        0.237365
BFGS:   52 15:12:21   -24160.631275        0.273880
BFGS:   53 15:12:21   -24160.634674        0.202614
BFGS:   54 15:12:21   -24160.638337        0.130042
BFGS:   55 15:12:22   -24160.641548        0.144765
BFGS:   56 15:12:22   -24160.646410        0.211067
BFGS:   57 15:12:22   -24160.651688        0.216300
BFGS:   58 15:12:22   -24160.656760        0.179601
BFGS:   59 15:12:22   -24160.651595        0.368767
BFGS:   60 15:12:23   -24160.661832        0.148276
BFGS:   61 15:12:23   -24160.663491        0.117182
BFGS:   62 15:12:23   -24160.670055        0.177727
BFGS:   63 15:12:23   -24160.672638        0.141765
BFGS:   64 15:12:23   -24160.678455        0.124360
BFGS:   65 15:12:24   -24160.680949        0.096604
BFGS:   66 15:12:24   -24160.681913        0.065977
BFGS:   67 15:12:24   -24160.682519        0.081207
BFGS:   68 15:12:24   -24160.683221        0.080052
BFGS:   69 15:12:24   -24160.684072        0.060410
BFGS:   70 15:12:25   -24160.684592        0.063032
BFGS:   71 15:12:25   -24160.685141        0.060892
BFGS:   72 15:12:25   -24160.685578        0.040724
BFGS:   73 15:12:25   -24160.685886        0.032990
BFGS:   74 15:12:25   -24160.686009        0.017872
BFGS:   75 15:12:26   -24160.686058        0.017277
BFGS:   76 15:12:26   -24160.686094        0.016015
BFGS:   77 15:12:26   -24160.686137        0.014784
BFGS:   78 15:12:26   -24160.686175        0.010752
BFGS:   79 15:12:26   -24160.686198        0.008830
    -> 79 steps
[21/24] s2_orig_control                        strain    8.491
[15:12:26] WARNING: More than one matching pattern found - picking one

    relaxing 24 hydrogens of s2_orig_f12 ligand (20 heavy atoms fixed)
      Step     Time          Energy          fmax
BFGS:    0 15:12:27   -24159.900030        0.727023
BFGS:    1 15:12:27   -24159.976840        0.576388
BFGS:    2 15:12:27   -24160.069296        0.405897
BFGS:    3 15:12:27   -24160.095923        0.375803
BFGS:    4 15:12:28   -24160.152950        0.153796
BFGS:    5 15:12:28   -24160.156364        0.142434
BFGS:    6 15:12:28   -24160.158898        0.126151
BFGS:    7 15:12:29   -24160.162482        0.111389
BFGS:    8 15:12:29   -24160.168440        0.128393
BFGS:    9 15:12:29   -24160.174039        0.116150
BFGS:   10 15:12:29   -24160.177932        0.120743
BFGS:   11 15:12:29   -24160.180266        0.123558
BFGS:   12 15:12:30   -24160.183256        0.129170
BFGS:   13 15:12:30   -24160.189305        0.162454
BFGS:   14 15:12:30   -24160.198457        0.213283
BFGS:   15 15:12:30   -24160.205386        0.173212
BFGS:   16 15:12:31   -24160.209797        0.163933
BFGS:   17 15:12:31   -24160.215786        0.148890
BFGS:   18 15:12:31   -24160.221305        0.203808
BFGS:   19 15:12:31   -24160.233956        0.338380
BFGS:   20 15:12:32   -24160.247986        0.349401
BFGS:   21 15:12:32   -24160.263744        0.229601
BFGS:   22 15:12:32   -24160.276599        0.226384
BFGS:   23 15:12:32   -24160.285087        0.309847
BFGS:   24 15:12:32   -24160.292170        0.528120
BFGS:   25 15:12:33   -24160.307571        0.295310
BFGS:   26 15:12:33   -24160.320858        0.135803
BFGS:   27 15:12:33   -24160.333689        0.220928
BFGS:   28 15:12:33   -24160.339973        0.163806
BFGS:   29 15:12:33   -24160.344637        0.160021
BFGS:   30 15:12:34   -24160.349836        0.112321
BFGS:   31 15:12:34   -24160.352083        0.098205
BFGS:   32 15:12:34   -24160.354995        0.102236
BFGS:   33 15:12:34   -24160.357683        0.090888
BFGS:   34 15:12:35   -24160.359255        0.089977
BFGS:   35 15:12:35   -24160.360297        0.078290
BFGS:   36 15:12:35   -24160.361323        0.083490
BFGS:   37 15:12:35   -24160.362878        0.113204
BFGS:   38 15:12:36   -24160.364937        0.118504
BFGS:   39 15:12:36   -24160.367198        0.132620
BFGS:   40 15:12:36   -24160.369228        0.097679
BFGS:   41 15:12:36   -24160.370594        0.064894
BFGS:   42 15:12:36   -24160.371657        0.073033
BFGS:   43 15:12:37   -24160.373316        0.101262
BFGS:   44 15:12:37   -24160.375640        0.131981
BFGS:   45 15:12:37   -24160.377310        0.248200
BFGS:   46 15:12:37   -24160.379913        0.102106
BFGS:   47 15:12:38   -24160.382038        0.086717
BFGS:   48 15:12:38   -24160.383461        0.099305
BFGS:   49 15:12:38   -24160.385018        0.094174
BFGS:   50 15:12:38   -24160.386949        0.092704
BFGS:   51 15:12:38   -24160.388743        0.089434
BFGS:   52 15:12:39   -24160.390249        0.085456
BFGS:   53 15:12:39   -24160.391493        0.064180
BFGS:   54 15:12:39   -24160.392254        0.059814
BFGS:   55 15:12:39   -24160.392584        0.047198
BFGS:   56 15:12:39   -24160.392780        0.038743
BFGS:   57 15:12:40   -24160.392953        0.034344
BFGS:   58 15:12:40   -24160.393237        0.033627
BFGS:   59 15:12:40   -24160.393377        0.030667
BFGS:   60 15:12:40   -24160.393504        0.018099
BFGS:   61 15:12:41   -24160.393544        0.011855
BFGS:   62 15:12:41   -24160.393568        0.011621
BFGS:   63 15:12:41   -24160.393589        0.014469
BFGS:   64 15:12:41   -24160.393614        0.012623
BFGS:   65 15:12:41   -24160.393630        0.008547
    -> 65 steps
[22/24] s2_orig_f12                            strain   15.238
[15:12:41] WARNING: More than one matching pattern found - picking one

    relaxing 24 hydrogens of s2_orig_f4 ligand (20 heavy atoms fixed)
      Step     Time          Energy          fmax
BFGS:    0 15:12:42   -24159.856256        1.011283
BFGS:    1 15:12:42   -24159.945137        0.667061
BFGS:    2 15:12:42   -24160.038223        0.493355
BFGS:    3 15:12:42   -24160.064419        0.447340
BFGS:    4 15:12:43   -24160.121216        0.147071
BFGS:    5 15:12:43   -24160.123889        0.111924
BFGS:    6 15:12:43   -24160.125645        0.105760
BFGS:    7 15:12:43   -24160.127711        0.099052
BFGS:    8 15:12:44   -24160.130935        0.099144
BFGS:    9 15:12:44   -24160.133617        0.087049
BFGS:   10 15:12:44   -24160.135340        0.069595
BFGS:   11 15:12:44   -24160.136435        0.074055
BFGS:   12 15:12:44   -24160.138035        0.086512
BFGS:   13 15:12:45   -24160.141272        0.113831
BFGS:   14 15:12:45   -24160.146937        0.159145
BFGS:   15 15:12:45   -24160.152664        0.202540
BFGS:   16 15:12:45   -24160.156330        0.167831
BFGS:   17 15:12:46   -24160.160613        0.143978
BFGS:   18 15:12:46   -24160.164072        0.155516
BFGS:   19 15:12:46   -24160.173405        0.246671
BFGS:   20 15:12:46   -24160.184305        0.270855
BFGS:   21 15:12:47   -24160.196442        0.237036
BFGS:   22 15:12:47   -24160.205891        0.266755
BFGS:   23 15:12:47   -24160.205363        0.342074
BFGS:   24 15:12:47   -24160.220605        0.281096
BFGS:   25 15:12:48   -24160.229432        0.219042
BFGS:   26 15:12:48   -24160.247685        0.199843
BFGS:   27 15:12:48   -24160.259725        0.169307
BFGS:   28 15:12:48   -24160.275341        0.130540
BFGS:   29 15:12:48   -24160.273266        0.370587
BFGS:   30 15:12:49   -24160.280198        0.249173
BFGS:   31 15:12:49   -24160.285406        0.129067
BFGS:   32 15:12:49   -24160.287391        0.113676
BFGS:   33 15:12:49   -24160.293731        0.190928
BFGS:   34 15:12:50   -24160.295801        0.154666
BFGS:   35 15:12:50   -24160.297215        0.077824
BFGS:   36 15:12:50   -24160.297854        0.080527
BFGS:   37 15:12:50   -24160.298874        0.081415
BFGS:   38 15:12:51   -24160.300323        0.141968
BFGS:   39 15:12:51   -24160.302312        0.147469
BFGS:   40 15:12:51   -24160.304110        0.102174
BFGS:   41 15:12:51   -24160.305352        0.082255
BFGS:   42 15:12:51   -24160.306258        0.084056
BFGS:   43 15:12:52   -24160.307394        0.118995
BFGS:   44 15:12:52   -24160.309797        0.135399
BFGS:   45 15:12:52   -24160.314529        0.182889
BFGS:   46 15:12:52   -24160.318567        0.184037
BFGS:   47 15:12:53   -24160.322159        0.238854
BFGS:   48 15:12:53   -24160.327513        0.294982
BFGS:   49 15:12:53   -24160.332086        0.217846
BFGS:   50 15:12:53   -24160.344251        0.363022
BFGS:   51 15:12:53   -24160.354915        0.325948
BFGS:   52 15:12:54   -24160.372368        0.342687
BFGS:   53 15:12:54   -24160.386966        0.446366
BFGS:   54 15:12:54   -24160.390634        0.259975
BFGS:   55 15:12:54   -24160.397660        0.219151
BFGS:   56 15:12:55   -24160.404881        0.279448
BFGS:   57 15:12:55   -24160.413035        0.309466
BFGS:   58 15:12:55   -24160.429061        0.297558
BFGS:   59 15:12:55   -24160.436879        0.251245
BFGS:   60 15:12:55   -24160.441105        0.150610
BFGS:   61 15:12:56   -24160.443155        0.255682
BFGS:   62 15:12:56   -24160.447457        0.139822
BFGS:   63 15:12:56   -24160.452342        0.139890
BFGS:   64 15:12:56   -24160.456371        0.203167
BFGS:   65 15:12:57   -24160.458602        0.183145
BFGS:   66 15:12:57   -24160.460808        0.155492
BFGS:   67 15:12:57   -24160.462987        0.082541
BFGS:   68 15:12:57   -24160.464187        0.077729
BFGS:   69 15:12:57   -24160.465144        0.086497
BFGS:   70 15:12:58   -24160.465933        0.096754
BFGS:   71 15:12:58   -24160.466874        0.098740
BFGS:   72 15:12:58   -24160.468107        0.111146
BFGS:   73 15:12:58   -24160.469323        0.109419
BFGS:   74 15:12:58   -24160.470209        0.065424
BFGS:   75 15:12:59   -24160.470816        0.048735
BFGS:   76 15:12:59   -24160.471348        0.077487
BFGS:   77 15:12:59   -24160.471928        0.100418
BFGS:   78 15:12:59   -24160.472767        0.106230
BFGS:   79 15:13:00   -24160.473722        0.083293
BFGS:   80 15:13:00   -24160.474749        0.066239
BFGS:   81 15:13:00   -24160.475659        0.072128
BFGS:   82 15:13:00   -24160.476501        0.068345
BFGS:   83 15:13:00   -24160.477446        0.069770
BFGS:   84 15:13:01   -24160.478497        0.080715
BFGS:   85 15:13:01   -24160.479425        0.077399
BFGS:   86 15:13:01   -24160.480040        0.060528
BFGS:   87 15:13:01   -24160.480440        0.053197
BFGS:   88 15:13:01   -24160.480735        0.043413
BFGS:   89 15:13:02   -24160.480961        0.041286
BFGS:   90 15:13:02   -24160.481130        0.033038
BFGS:   91 15:13:02   -24160.481251        0.021339
BFGS:   92 15:13:02   -24160.481377        0.028091
BFGS:   93 15:13:03   -24160.481465        0.023439
BFGS:   94 15:13:03   -24160.481524        0.017732
BFGS:   95 15:13:03   -24160.481552        0.018285
BFGS:   96 15:13:03   -24160.481574        0.016706
BFGS:   97 15:13:03   -24160.481595        0.015160
BFGS:   98 15:13:04   -24160.481619        0.015234
BFGS:   99 15:13:04   -24160.481637        0.011673
BFGS:  100 15:13:04   -24160.481651        0.008512
    -> 100 steps
[23/24] s2_orig_f4                             strain   13.208
[15:13:04] WARNING: More than one matching pattern found - picking one

    relaxing 24 hydrogens of s2_orig_f8 ligand (20 heavy atoms fixed)
      Step     Time          Energy          fmax
BFGS:    0 15:13:04   -24158.557625        1.383848
BFGS:    1 15:13:05   -24158.715156        1.255080
BFGS:    2 15:13:05   -24159.062150        0.807436
BFGS:    3 15:13:05   -24159.142662        0.667428
BFGS:    4 15:13:05   -24159.231972        0.187442
BFGS:    5 15:13:06   -24159.235833        0.170140
BFGS:    6 15:13:06   -24159.242334        0.145135
BFGS:    7 15:13:06   -24159.249834        0.154310
BFGS:    8 15:13:06   -24159.259245        0.184030
BFGS:    9 15:13:07   -24159.265214        0.139379
BFGS:   10 15:13:07   -24159.268404        0.161253
BFGS:   11 15:13:07   -24159.271024        0.157111
BFGS:   12 15:13:07   -24159.276007        0.165641
BFGS:   13 15:13:07   -24159.283821        0.263948
BFGS:   14 15:13:08   -24159.292227        0.281030
BFGS:   15 15:13:08   -24159.297178        0.173007
BFGS:   16 15:13:08   -24159.300962        0.143179
BFGS:   17 15:13:08   -24159.304850        0.205787
BFGS:   18 15:13:08   -24159.311269        0.368668
BFGS:   19 15:13:09   -24159.322943        0.499438
BFGS:   20 15:13:09   -24159.337583        0.453863
BFGS:   21 15:13:09   -24159.352834        0.254267
BFGS:   22 15:13:09   -24159.365463        0.256372
BFGS:   23 15:13:10   -24159.376848        0.424040
BFGS:   24 15:13:10   -24159.377016        0.646753
BFGS:   25 15:13:10   -24159.399987        0.424123
BFGS:   26 15:13:10   -24159.413616        0.278898
BFGS:   27 15:13:10   -24159.425874        0.287695
BFGS:   28 15:13:11   -24159.432329        0.132045
BFGS:   29 15:13:11   -24159.434660        0.099342
BFGS:   30 15:13:11   -24159.438003        0.102425
BFGS:   31 15:13:11   -24159.439978        0.084101
BFGS:   32 15:13:11   -24159.443713        0.074606
BFGS:   33 15:13:12   -24159.444772        0.063982
BFGS:   34 15:13:12   -24159.446049        0.054698
BFGS:   35 15:13:12   -24159.446775        0.068418
BFGS:   36 15:13:12   -24159.448068        0.100088
BFGS:   37 15:13:13   -24159.449660        0.111917
BFGS:   38 15:13:13   -24159.451642        0.087720
BFGS:   39 15:13:13   -24159.453567        0.078053
BFGS:   40 15:13:14   -24159.455260        0.087038
BFGS:   41 15:13:14   -24159.456819        0.091977
BFGS:   42 15:13:14   -24159.458559        0.076844
BFGS:   43 15:13:14   -24159.460277        0.192974
BFGS:   44 15:13:15   -24159.462093        0.110809
BFGS:   45 15:13:15   -24159.464436        0.054836
BFGS:   46 15:13:15   -24159.466338        0.088737
BFGS:   47 15:13:15   -24159.467619        0.092804
BFGS:   48 15:13:15   -24159.468610        0.090254
BFGS:   49 15:13:16   -24159.469564        0.098715
BFGS:   50 15:13:16   -24159.470476        0.104951
BFGS:   51 15:13:16   -24159.471562        0.121296
BFGS:   52 15:13:16   -24159.472592        0.105690
BFGS:   53 15:13:17   -24159.473288        0.054055
BFGS:   54 15:13:17   -24159.473609        0.037445
BFGS:   55 15:13:17   -24159.473761        0.025969
BFGS:   56 15:13:17   -24159.473877        0.026646
BFGS:   57 15:13:17   -24159.473964        0.018419
BFGS:   58 15:13:18   -24159.474019        0.018968
BFGS:   59 15:13:18   -24159.474052        0.021249
BFGS:   60 15:13:18   -24159.474076        0.010788
BFGS:   61 15:13:18   -24159.474092        0.011646
BFGS:   62 15:13:19   -24159.474104        0.007623
    -> 62 steps
[24/24] s2_orig_f8                             strain   36.442

strain range 7.01 to 36.56 kcal/mol
wrote runs/octinoxate/boltz/strain_global.csv
