$ MMPBSA.py -i mmgbsa/mmgbsa.in -o mmgbsa/FINAL_RESULTS_MMPBSA.dat -cp mmgbsa/complex.prmtop -rp mmgbsa/receptor.prmtop -lp mmgbsa/ligand.prmtop -y mmgbsa/traj.nc

Loading and checking parameter files for compatibility...
cpptraj found! Using /Users/cafierom/miniforge3/envs/openmm-md/bin/cpptraj
mmpbsa_py_energy found! Using /Users/cafierom/miniforge3/envs/openmm-md/bin/mmpbsa_py_energy
Preparing trajectories for simulation...
500 frames were processed by cpptraj for use in calculation.

Running calculations on normal system...

Beginning GB calculations with /Users/cafierom/miniforge3/envs/openmm-md/bin/mmpbsa_py_energy
  calculating complex contribution...
  calculating receptor contribution...
  calculating ligand contribution...

Timing:
Total setup time:                           0.025 sec.
Creating trajectories with cpptraj:         0.365 sec.
Total calculation time:                    12.621 sec.

Total GB calculation time:                 12.621 sec.

Statistics calculation & output writing:    0.003 sec.
Total time taken:                          13.023 sec.


MMPBSA.py Finished! Thank you for using. Please cite us if you publish this work with this paper:
   Miller III, B. R., McGee Jr., T. D., Swails, J. M. Homeyer, N. Gohlke, H. and Roitberg, A. E.
   J. Chem. Theory Comput., 2012, 8 (9) pp 3314--3321
