#################################################################
# If you used AutoDock Vina in your work, please cite:          #
#                                                               #
# O. Trott, A. J. Olson,                                        #
# AutoDock Vina: improving the speed and accuracy of docking    #
# with a new scoring function, efficient optimization and       #
# multithreading, Journal of Computational Chemistry 31 (2010)  #
# 455-461                                                       #
#                                                               #
# DOI 10.1002/jcc.21334                                         #
#                                                               #
# Please see http://vina.scripps.edu for more information.      #
#################################################################

Detected 6 CPUs
Reading input ... done.
Setting up the scoring function ... done.
Analyzing the binding site ... done.
Using random seed: 42
Performing search ... done.
Refining results ... done.

mode |   affinity | dist from best mode
     | (kcal/mol) | rmsd l.b.| rmsd u.b.
-----+------------+----------+----------
   1         -4.2      0.000      0.000
   2         -4.1     10.576     12.528
   3         -3.9     13.497     14.790
   4         -3.8      2.107      6.065
   5         -3.8      8.198      9.190
   6         -3.7     11.442     13.175
   7         -3.7      2.472      5.500
   8         -3.7      9.163     10.614
   9         -3.7      2.623      4.374
Writing output ... done.
