12 complexes; terms: ['interaction']

s3_esm1_control
    relaxing 276 hydrogens of complex (279 heavy atoms fixed)
      Step     Time          Energy          fmax
BFGS:    0 16:28:37  -370452.413003        6.187054
BFGS:    1 16:28:39  -370487.814131        5.166008
BFGS:    2 16:28:40  -370522.229990        3.172179
BFGS:    3 16:28:41  -370525.391352        2.869828
BFGS:    4 16:28:42  -370533.769435        2.596425
BFGS:    5 16:28:43  -370538.465421        3.207801
BFGS:    6 16:28:44  -370541.031114        2.525214
BFGS:    7 16:28:45  -370542.261064        1.691340
BFGS:    8 16:28:46  -370543.340975        1.522081
BFGS:    9 16:28:47  -370543.890921        1.647805
BFGS:   10 16:28:48  -370545.569821        1.444996
BFGS:   11 16:28:49  -370545.939578        1.471898
BFGS:   12 16:28:50  -370546.208546        1.299530
BFGS:   13 16:28:51  -370546.447916        0.933956
BFGS:   14 16:28:52  -370546.753312        0.476058
BFGS:   15 16:28:53  -370546.986150        0.495083
BFGS:   16 16:28:54  -370547.100406        0.582980
BFGS:   17 16:28:55  -370547.160264        0.548282
BFGS:   18 16:28:56  -370547.235021        0.449273
BFGS:   19 16:28:57  -370547.360363        0.595621
BFGS:   20 16:28:58  -370547.506185        0.629325
BFGS:   21 16:28:59  -370547.615743        0.535766
BFGS:   22 16:29:00  -370547.679602        0.422239
BFGS:   23 16:29:01  -370547.722757        0.326747
BFGS:   24 16:29:02  -370547.773480        0.347795
BFGS:   25 16:29:03  -370547.879153        0.424915
BFGS:   26 16:29:04  -370547.967673        0.458313
BFGS:   27 16:29:05  -370548.048418        0.440350
BFGS:   28 16:29:06  -370548.117354        0.452585
BFGS:   29 16:29:07  -370548.188488        0.438361
BFGS:   30 16:29:08  -370548.275599        0.730863
BFGS:   31 16:29:09  -370548.400513        0.917301
BFGS:   32 16:29:10  -370548.516711        1.061088
BFGS:   33 16:29:11  -370548.666841        0.399073
BFGS:   34 16:29:12  -370548.724945        0.817164
BFGS:   35 16:29:13  -370548.814242        0.464867
BFGS:   36 16:29:14  -370548.870066        0.801887
BFGS:   37 16:29:15  -370548.949243        0.405427
BFGS:   38 16:29:16  -370549.017967        0.632330
BFGS:   39 16:29:17  -370549.110230        0.559248
BFGS:   40 16:29:18  -370549.163788        0.654651
BFGS:   41 16:29:19  -370549.230098        0.351425
BFGS:   42 16:29:20  -370549.273003        0.364220
BFGS:   43 16:29:21  -370549.352228        0.625522
BFGS:   44 16:29:22  -370549.399467        0.537248
BFGS:   45 16:29:23  -370549.455559        0.414670
BFGS:   46 16:29:24  -370549.482804        0.881452
BFGS:   47 16:29:25  -370549.519613        0.512735
BFGS:   48 16:29:26  -370549.553172        0.403979
BFGS:   49 16:29:27  -370549.616634        0.698818
BFGS:   50 16:29:28  -370549.637744        0.270083
BFGS:   51 16:29:29  -370549.671792        0.333818
BFGS:   52 16:29:30  -370549.705853        0.294189
BFGS:   53 16:29:31  -370549.722094        0.212013
BFGS:   54 16:29:32  -370549.743142        0.191195
BFGS:   55 16:29:33  -370549.758082        0.385413
BFGS:   56 16:29:34  -370549.770800        0.219708
BFGS:   57 16:29:35  -370549.789229        0.231456
BFGS:   58 16:29:36  -370549.804935        0.255594
BFGS:   59 16:29:37  -370549.819148        0.296018
BFGS:   60 16:29:38  -370549.834307        0.335471
BFGS:   61 16:29:39  -370549.860958        0.426793
BFGS:   62 16:29:40  -370549.901047        0.765283
BFGS:   63 16:29:41  -370549.953010        0.760736
BFGS:   64 16:29:42  -370549.982529        1.694937
BFGS:   65 16:29:43  -370550.030039        0.970240
BFGS:   66 16:29:44  -370550.081339        0.599308
BFGS:   67 16:29:45  -370550.114623        0.865494
BFGS:   68 16:29:46  -370550.166453        1.222348
BFGS:   69 16:29:47  -370550.210576        0.743631
BFGS:   70 16:29:48  -370550.245177        1.899318
BFGS:   71 16:29:49  -370550.304070        0.522802
BFGS:   72 16:29:50  -370550.329457        0.450156
BFGS:   73 16:29:51  -370550.361598        1.136637
BFGS:   74 16:29:52  -370550.385014        0.462152
BFGS:   75 16:29:53  -370550.404883        0.267543
    -> 75 steps
  interaction    -26.88 kcal/mol
  binding        -26.88 kcal/mol   (no desolvation term)
s3_esm1_f12
    relaxing 276 hydrogens of complex (279 heavy atoms fixed)
      Step     Time          Energy          fmax
BFGS:    0 16:30:01  -370456.823312        5.862882
BFGS:    1 16:30:02  -370491.112579        4.798566
BFGS:    2 16:30:03  -370523.897344        3.406503
BFGS:    3 16:30:04  -370527.462844        2.772264
BFGS:    4 16:30:06  -370532.389942        2.307051
BFGS:    5 16:30:07  -370538.353431        2.032907
BFGS:    6 16:30:08  -370541.456562        1.950972
BFGS:    7 16:30:10  -370542.585856        1.395909
BFGS:    8 16:30:11  -370543.498223        0.830652
BFGS:    9 16:30:12  -370544.064829        1.061840
BFGS:   10 16:30:13  -370545.628506        1.784676
BFGS:   11 16:30:15  -370546.440206        1.303672
BFGS:   12 16:30:16  -370546.864369        0.743096
BFGS:   13 16:30:17  -370547.039949        0.571829
BFGS:   14 16:30:18  -370547.176686        0.656341
BFGS:   15 16:30:20  -370547.403262        0.734005
BFGS:   16 16:30:21  -370547.627278        0.603605
BFGS:   17 16:30:22  -370547.771717        0.435111
BFGS:   18 16:30:24  -370547.844587        0.433720
BFGS:   19 16:30:25  -370547.910265        0.438794
BFGS:   20 16:30:26  -370548.017981        0.518629
BFGS:   21 16:30:27  -370548.160781        0.776566
BFGS:   22 16:30:29  -370548.295511        0.801990
BFGS:   23 16:30:30  -370548.393150        1.003013
BFGS:   24 16:30:31  -370548.454740        0.692227
BFGS:   25 16:30:32  -370548.512859        0.482419
BFGS:   26 16:30:34  -370548.623185        1.066943
BFGS:   27 16:30:35  -370548.724642        0.988764
BFGS:   28 16:30:36  -370548.877126        1.003546
BFGS:   29 16:30:38  -370548.955564        0.359308
BFGS:   30 16:30:39  -370548.961585        1.660478
BFGS:   31 16:30:40  -370549.050667        0.320822
BFGS:   32 16:30:41  -370549.096169        0.305480
BFGS:   33 16:30:43  -370549.234128        0.425713
BFGS:   34 16:30:44  -370549.272908        0.379500
BFGS:   35 16:30:45  -370549.307040        0.263773
BFGS:   36 16:30:47  -370549.333686        0.410121
BFGS:   37 16:30:48  -370549.376123        0.429939
BFGS:   38 16:30:49  -370549.418735        0.517380
BFGS:   39 16:30:51  -370549.463122        0.492774
BFGS:   40 16:30:52  -370549.496492        0.433256
BFGS:   41 16:30:54  -370549.534541        0.407910
BFGS:   42 16:30:55  -370549.576889        0.533003
BFGS:   43 16:30:57  -370549.654086        0.527959
BFGS:   44 16:30:58  -370549.712473        0.466118
BFGS:   45 16:30:59  -370549.771920        0.559811
BFGS:   46 16:31:00  -370549.795502        0.751674
BFGS:   47 16:31:02  -370549.841271        0.709898
BFGS:   48 16:31:03  -370549.874186        0.341367
BFGS:   49 16:31:04  -370549.912296        0.215979
BFGS:   50 16:31:06  -370549.941837        0.365171
BFGS:   51 16:31:07  -370549.981006        0.443006
BFGS:   52 16:31:08  -370550.025680        0.435864
BFGS:   53 16:31:09  -370550.069227        0.361674
BFGS:   54 16:31:11  -370550.094176        0.445854
BFGS:   55 16:31:12  -370550.106304        0.555707
BFGS:   56 16:31:13  -370550.126888        0.265680
BFGS:   57 16:31:15  -370550.152743        0.237466
BFGS:   58 16:31:16  -370550.187543        0.281714
BFGS:   59 16:31:17  -370550.209373        0.333068
BFGS:   60 16:31:18  -370550.221648        0.302335
BFGS:   61 16:31:20  -370550.234443        0.179494
BFGS:   62 16:31:21  -370550.244273        0.189912
BFGS:   63 16:31:22  -370550.266215        0.238010
BFGS:   64 16:31:23  -370550.286161        0.241908
BFGS:   65 16:31:25  -370550.303682        0.262669
BFGS:   66 16:31:26  -370550.312578        0.459967
BFGS:   67 16:31:27  -370550.322132        0.203212
BFGS:   68 16:31:29  -370550.330839        0.185109
BFGS:   69 16:31:30  -370550.357932        0.252465
BFGS:   70 16:31:31  -370550.369566        0.254998
BFGS:   71 16:31:32  -370550.391059        0.278968
BFGS:   72 16:31:34  -370550.402270        0.294236
BFGS:   73 16:31:35  -370550.409216        0.366249
BFGS:   74 16:31:36  -370550.422530        0.230041
BFGS:   75 16:31:38  -370550.437187        0.308268
    -> 75 steps
  interaction    -25.14 kcal/mol
  binding        -25.14 kcal/mol   (no desolvation term)
s3_esm1_f4
    relaxing 276 hydrogens of complex (279 heavy atoms fixed)
      Step     Time          Energy          fmax
BFGS:    0 16:31:39  -370444.782178        5.838258
BFGS:    1 16:31:40  -370480.011392        4.779240
BFGS:    2 16:31:41  -370515.822780        3.915504
BFGS:    3 16:31:43  -370520.305013        3.766766
BFGS:    4 16:31:44  -370529.456117        3.146432
BFGS:    5 16:31:45  -370535.420099        2.601006
BFGS:    6 16:31:46  -370539.226029        2.351477
BFGS:    7 16:31:48  -370541.244019        2.159959
BFGS:    8 16:31:49  -370542.432759        1.311010
BFGS:    9 16:31:50  -370543.180936        1.105142
BFGS:   10 16:31:51  -370544.025873        2.012615
BFGS:   11 16:31:53  -370545.226584        2.984406
BFGS:   12 16:31:54  -370545.909206        1.829536
BFGS:   13 16:31:55  -370546.249039        1.160816
BFGS:   14 16:31:57  -370546.464832        0.947071
BFGS:   15 16:31:58  -370546.721379        1.193871
BFGS:   16 16:31:59  -370546.992777        1.440930
BFGS:   17 16:32:00  -370547.236514        1.189101
BFGS:   18 16:32:02  -370547.402919        0.627575
BFGS:   19 16:32:03  -370547.478412        0.419106
BFGS:   20 16:32:04  -370547.539135        0.657438
BFGS:   21 16:32:05  -370547.646100        0.914580
BFGS:   22 16:32:07  -370547.758464        0.849753
BFGS:   23 16:32:08  -370547.883645        0.677382
BFGS:   24 16:32:09  -370547.992879        0.601118
BFGS:   25 16:32:10  -370548.061155        0.389175
BFGS:   26 16:32:12  -370548.113455        0.419699
BFGS:   27 16:32:13  -370548.213240        0.519771
BFGS:   28 16:32:14  -370548.331325        0.768526
BFGS:   29 16:32:15  -370548.450258        0.885351
BFGS:   30 16:32:17  -370548.522441        0.696986
BFGS:   31 16:32:18  -370548.588122        0.503330
BFGS:   32 16:32:19  -370548.635149        0.490999
BFGS:   33 16:32:21  -370548.759316        1.109750
BFGS:   34 16:32:22  -370548.816178        0.869621
BFGS:   35 16:32:23  -370548.884562        0.668588
BFGS:   36 16:32:24  -370548.921863        0.329154
BFGS:   37 16:32:26  -370548.962007        0.436003
BFGS:   38 16:32:27  -370548.998407        0.370081
BFGS:   39 16:32:28  -370549.032452        0.508090
BFGS:   40 16:32:29  -370549.075426        0.390759
BFGS:   41 16:32:31  -370549.127823        0.444059
BFGS:   42 16:32:32  -370549.181641        0.468435
BFGS:   43 16:32:33  -370549.222163        0.412312
BFGS:   44 16:32:34  -370549.253408        0.352395
BFGS:   45 16:32:36  -370549.281467        0.326287
BFGS:   46 16:32:37  -370549.309584        0.354373
BFGS:   47 16:32:38  -370549.336630        0.471202
BFGS:   48 16:32:40  -370549.362227        0.381605
BFGS:   49 16:32:41  -370549.384828        0.366301
BFGS:   50 16:32:42  -370549.400634        0.401070
BFGS:   51 16:32:43  -370549.447559        0.299633
BFGS:   52 16:32:45  -370549.485532        0.248439
BFGS:   53 16:32:46  -370549.512941        0.178354
BFGS:   54 16:32:47  -370549.528073        0.146364
BFGS:   55 16:32:48  -370549.538070        0.144164
BFGS:   56 16:32:50  -370549.554743        0.162435
BFGS:   57 16:32:51  -370549.567408        0.190980
BFGS:   58 16:32:52  -370549.575619        0.373893
BFGS:   59 16:32:53  -370549.582266        0.199743
BFGS:   60 16:32:55  -370549.589485        0.154208
BFGS:   61 16:32:56  -370549.598958        0.151802
BFGS:   62 16:32:57  -370549.612498        0.222332
BFGS:   63 16:32:58  -370549.627048        0.328603
BFGS:   64 16:33:00  -370549.636955        0.213985
BFGS:   65 16:33:01  -370549.643295        0.253362
BFGS:   66 16:33:02  -370549.648486        0.171987
BFGS:   67 16:33:03  -370549.659099        0.182791
BFGS:   68 16:33:05  -370549.668823        0.237011
BFGS:   69 16:33:06  -370549.676786        0.256142
BFGS:   70 16:33:07  -370549.683257        0.188016
BFGS:   71 16:33:08  -370549.690688        0.139490
BFGS:   72 16:33:10  -370549.700016        0.393927
BFGS:   73 16:33:11  -370549.714298        0.216020
BFGS:   74 16:33:12  -370549.727336        0.321591
BFGS:   75 16:33:13  -370549.739758        0.204447
    -> 75 steps
  interaction    -19.30 kcal/mol
  binding        -19.30 kcal/mol   (no desolvation term)
s3_esm1_f8
    relaxing 276 hydrogens of complex (279 heavy atoms fixed)
      Step     Time          Energy          fmax
BFGS:    0 16:33:15  -370460.065885        5.761003
BFGS:    1 16:33:16  -370494.216367        4.698729
BFGS:    2 16:33:17  -370524.917055        3.710757
BFGS:    3 16:33:19  -370528.545686        2.643756
BFGS:    4 16:33:20  -370531.539936        2.481952
BFGS:    5 16:33:21  -370537.744687        1.971311
BFGS:    6 16:33:22  -370540.927921        1.902049
BFGS:    7 16:33:24  -370541.995862        1.827980
BFGS:    8 16:33:25  -370542.664578        1.162805
BFGS:    9 16:33:26  -370543.425788        0.905430
BFGS:   10 16:33:27  -370544.264156        1.480411
BFGS:   11 16:33:29  -370545.230804        1.176079
BFGS:   12 16:33:30  -370545.677909        0.928497
BFGS:   13 16:33:31  -370545.886854        0.602437
BFGS:   14 16:33:32  -370546.005339        0.548158
BFGS:   15 16:33:34  -370546.175484        0.657384
BFGS:   16 16:33:35  -370546.392826        0.791815
BFGS:   17 16:33:36  -370546.575035        0.706277
BFGS:   18 16:33:37  -370546.686354        0.515007
BFGS:   19 16:33:39  -370546.758037        0.495208
BFGS:   20 16:33:40  -370546.838775        0.555454
BFGS:   21 16:33:41  -370546.957684        0.808244
BFGS:   22 16:33:43  -370547.070565        0.849853
BFGS:   23 16:33:44  -370547.153683        0.784296
BFGS:   24 16:33:45  -370547.213576        0.699369
BFGS:   25 16:33:46  -370547.269790        0.529029
BFGS:   26 16:33:48  -370547.330955        0.382968
BFGS:   27 16:33:49  -370547.394974        0.272576
BFGS:   28 16:33:50  -370547.457524        0.403922
BFGS:   29 16:33:51  -370547.521976        0.488432
BFGS:   30 16:33:53  -370547.587690        0.735283
BFGS:   31 16:33:54  -370547.632844        0.264505
BFGS:   32 16:33:55  -370547.667274        0.648493
BFGS:   33 16:33:57  -370547.699220        0.605321
BFGS:   34 16:33:58  -370547.746145        0.439017
BFGS:   35 16:33:59  -370547.782431        0.337978
BFGS:   36 16:34:01  -370547.834268        0.353781
BFGS:   37 16:34:02  -370547.874325        0.367282
BFGS:   38 16:34:03  -370547.902825        0.380292
BFGS:   39 16:34:04  -370547.916827        0.811985
BFGS:   40 16:34:06  -370547.946355        0.245914
BFGS:   41 16:34:07  -370547.984229        0.431078
BFGS:   42 16:34:08  -370548.025219        0.551241
BFGS:   43 16:34:10  -370548.052570        0.353308
BFGS:   44 16:34:11  -370548.072465        0.267645
BFGS:   45 16:34:12  -370548.089041        0.444139
BFGS:   46 16:34:13  -370548.113919        0.575987
BFGS:   47 16:34:15  -370548.143848        0.504454
BFGS:   48 16:34:16  -370548.174713        0.259010
BFGS:   49 16:34:17  -370548.189594        0.185739
BFGS:   50 16:34:19  -370548.203500        0.202405
BFGS:   51 16:34:20  -370548.220994        0.222531
BFGS:   52 16:34:21  -370548.247343        0.259809
BFGS:   53 16:34:22  -370548.269836        0.173146
BFGS:   54 16:34:24  -370548.282513        0.159327
BFGS:   55 16:34:25  -370548.289349        0.142889
BFGS:   56 16:34:26  -370548.296771        0.148448
BFGS:   57 16:34:27  -370548.316240        0.187659
BFGS:   58 16:34:29  -370548.330972        0.207905
BFGS:   59 16:34:30  -370548.343035        0.219337
BFGS:   60 16:34:31  -370548.350704        0.204356
BFGS:   61 16:34:32  -370548.359279        0.170554
BFGS:   62 16:34:34  -370548.371580        0.177335
BFGS:   63 16:34:35  -370548.386707        0.251554
BFGS:   64 16:34:36  -370548.397311        0.384284
BFGS:   65 16:34:38  -370548.406354        0.191344
BFGS:   66 16:34:39  -370548.411872        0.103030
BFGS:   67 16:34:40  -370548.418133        0.140736
BFGS:   68 16:34:41  -370548.429485        0.224276
BFGS:   69 16:34:43  -370548.443980        0.300096
BFGS:   70 16:34:44  -370548.454869        0.273336
BFGS:   71 16:34:45  -370548.461168        0.217042
BFGS:   72 16:34:46  -370548.467193        0.162086
BFGS:   73 16:34:48  -370548.473491        0.174377
BFGS:   74 16:34:49  -370548.496786        0.542220
BFGS:   75 16:34:50  -370548.506104        0.153089
    -> 75 steps
  interaction      2.00 kcal/mol
  binding          2.00 kcal/mol   (no desolvation term)
s3_esm2_control
    relaxing 349 hydrogens of complex (321 heavy atoms fixed)
      Step     Time          Energy          fmax
BFGS:    0 16:34:52  -410348.611784        5.767389
BFGS:    1 16:34:53  -410388.913521        4.763817
BFGS:    2 16:34:55  -410427.674257        3.403411
BFGS:    3 16:34:57  -410431.448421        1.947602
BFGS:    4 16:34:59  -410437.588529        1.745512
BFGS:    5 16:35:01  -410445.172967        2.932692
BFGS:    6 16:35:03  -410447.596709        2.362906
BFGS:    7 16:35:05  -410449.569384        1.072756
BFGS:    8 16:35:07  -410450.289915        0.944129
BFGS:    9 16:35:08  -410451.616563        1.943794
BFGS:   10 16:35:10  -410453.454355        1.755907
BFGS:   11 16:35:12  -410454.429478        0.724660
BFGS:   12 16:35:14  -410454.882124        0.722234
BFGS:   13 16:35:16  -410455.074523        0.732919
BFGS:   14 16:35:18  -410455.222157        0.710387
BFGS:   15 16:35:20  -410455.475571        0.717474
BFGS:   16 16:35:22  -410455.698368        0.742623
BFGS:   17 16:35:24  -410455.800877        0.688230
BFGS:   18 16:35:26  -410455.859043        0.582113
BFGS:   19 16:35:28  -410455.924332        0.551117
BFGS:   20 16:35:30  -410456.036619        0.473143
BFGS:   21 16:35:32  -410456.157040        0.709497
BFGS:   22 16:35:34  -410456.251511        0.348237
BFGS:   23 16:35:36  -410456.302195        0.601557
BFGS:   24 16:35:38  -410456.330704        0.255765
BFGS:   25 16:35:40  -410456.362692        0.283010
BFGS:   26 16:35:42  -410456.434804        0.453503
BFGS:   27 16:35:44  -410456.491240        0.398871
BFGS:   28 16:35:46  -410456.532179        0.240728
BFGS:   29 16:35:48  -410456.558385        0.260555
BFGS:   30 16:35:49  -410456.588642        0.540170
BFGS:   31 16:35:51  -410456.627393        0.477330
BFGS:   32 16:35:53  -410456.684577        0.348594
BFGS:   33 16:35:55  -410456.753180        0.380667
BFGS:   34 16:35:57  -410456.779607        0.359704
BFGS:   35 16:35:59  -410456.811865        0.429599
BFGS:   36 16:36:01  -410456.861876        0.386859
BFGS:   37 16:36:03  -410456.917612        0.861423
BFGS:   38 16:36:05  -410456.980678        0.511825
BFGS:   39 16:36:07  -410457.020304        0.450285
BFGS:   40 16:36:09  -410457.060772        0.360798
BFGS:   41 16:36:11  -410457.097716        0.557050
BFGS:   42 16:36:13  -410457.167488        0.514675
BFGS:   43 16:36:15  -410457.217297        0.409037
BFGS:   44 16:36:17  -410457.245095        0.453887
BFGS:   45 16:36:19  -410457.250863        0.823017
BFGS:   46 16:36:21  -410457.270541        0.261842
BFGS:   47 16:36:23  -410457.286120        0.164231
BFGS:   48 16:36:25  -410457.304566        0.234852
BFGS:   49 16:36:26  -410457.316782        0.237804
BFGS:   50 16:36:28  -410457.326795        0.229633
BFGS:   51 16:36:30  -410457.341756        0.207113
BFGS:   52 16:36:32  -410457.354298        0.213801
BFGS:   53 16:36:34  -410457.366503        0.197545
BFGS:   54 16:36:36  -410457.379589        0.239488
BFGS:   55 16:36:38  -410457.393429        0.228034
BFGS:   56 16:36:40  -410457.406981        0.226685
BFGS:   57 16:36:41  -410457.419135        0.281241
BFGS:   58 16:36:43  -410457.429344        0.291073
BFGS:   59 16:36:45  -410457.438943        0.151463
BFGS:   60 16:36:47  -410457.446707        0.451287
BFGS:   61 16:36:49  -410457.460577        0.177526
BFGS:   62 16:36:51  -410457.475070        0.202726
BFGS:   63 16:36:53  -410457.490136        0.229625
BFGS:   64 16:36:55  -410457.504481        0.193106
BFGS:   65 16:36:57  -410457.522187        0.220356
BFGS:   66 16:36:59  -410457.536430        0.349371
BFGS:   67 16:37:00  -410457.546171        0.498541
BFGS:   68 16:37:02  -410457.560773        0.336156
BFGS:   69 16:37:04  -410457.574195        0.310525
BFGS:   70 16:37:06  -410457.585887        0.322373
BFGS:   71 16:37:08  -410457.595428        0.310595
BFGS:   72 16:37:10  -410457.603572        0.318017
BFGS:   73 16:37:12  -410457.613043        0.404811
BFGS:   74 16:37:13  -410457.623532        0.262171
BFGS:   75 16:37:15  -410457.631268        0.256190
    -> 75 steps
  interaction    -10.78 kcal/mol
  binding        -10.78 kcal/mol   (no desolvation term)
s3_esm2_f12
    relaxing 349 hydrogens of complex (321 heavy atoms fixed)
      Step     Time          Energy          fmax
BFGS:    0 16:37:17  -410354.957862        5.629767
BFGS:    1 16:37:19  -410395.064115        4.627450
BFGS:    2 16:37:20  -410433.200269        3.441878
BFGS:    3 16:37:22  -410437.389453        1.643011
BFGS:    4 16:37:24  -410442.590742        1.543154
BFGS:    5 16:37:26  -410451.891243        2.610607
BFGS:    6 16:37:28  -410454.009755        2.017447
BFGS:    7 16:37:30  -410456.111280        1.012270
BFGS:    8 16:37:32  -410456.755854        1.034067
BFGS:    9 16:37:34  -410459.235334        1.469748
BFGS:   10 16:37:36  -410460.604255        1.101528
BFGS:   11 16:37:38  -410461.281636        0.875307
BFGS:   12 16:37:40  -410461.649769        0.763098
BFGS:   13 16:37:42  -410461.836473        0.796380
BFGS:   14 16:37:44  -410462.131280        0.718778
BFGS:   15 16:37:46  -410462.465171        0.669359
BFGS:   16 16:37:48  -410462.683565        0.869974
BFGS:   17 16:37:50  -410462.796144        0.570069
BFGS:   18 16:37:51  -410462.869123        0.541831
BFGS:   19 16:37:54  -410462.987551        0.497374
BFGS:   20 16:37:56  -410463.155047        0.478265
BFGS:   21 16:37:58  -410463.283046        0.471525
BFGS:   22 16:38:00  -410463.358487        0.539965
BFGS:   23 16:38:02  -410463.399523        0.365604
BFGS:   24 16:38:04  -410463.432512        0.566719
BFGS:   25 16:38:06  -410463.485019        0.354917
BFGS:   26 16:38:08  -410463.566334        0.436344
BFGS:   27 16:38:09  -410463.633589        0.412778
BFGS:   28 16:38:11  -410463.672388        0.347608
BFGS:   29 16:38:13  -410463.722669        0.360768
BFGS:   30 16:38:15  -410463.775179        0.432290
BFGS:   31 16:38:17  -410463.838771        0.660130
BFGS:   32 16:38:19  -410463.892708        1.098057
BFGS:   33 16:38:21  -410463.958422        0.547254
BFGS:   34 16:38:23  -410464.006182        0.307338
BFGS:   35 16:38:25  -410464.046971        0.328929
BFGS:   36 16:38:27  -410464.117803        0.550789
BFGS:   37 16:38:29  -410464.192917        0.598843
BFGS:   38 16:38:31  -410464.284061        0.716368
BFGS:   39 16:38:33  -410464.376262        0.784618
BFGS:   40 16:38:35  -410464.464035        0.758983
BFGS:   41 16:38:37  -410464.551964        0.659114
BFGS:   42 16:38:39  -410464.572035        1.206064
BFGS:   43 16:38:41  -410464.718805        0.545198
BFGS:   44 16:38:42  -410464.810550        0.410406
BFGS:   45 16:38:44  -410464.920937        0.573210
BFGS:   46 16:38:46  -410465.006386        0.363554
BFGS:   47 16:38:48  -410465.055436        0.382756
BFGS:   48 16:38:50  -410465.095448        0.298459
BFGS:   49 16:38:52  -410465.125572        0.444364
BFGS:   50 16:38:54  -410465.171929        0.469872
BFGS:   51 16:38:56  -410465.240364        0.367655
BFGS:   52 16:38:58  -410465.293574        0.245787
BFGS:   53 16:39:00  -410465.315490        0.234818
BFGS:   54 16:39:02  -410465.336159        0.332353
BFGS:   55 16:39:04  -410465.360964        0.324208
BFGS:   56 16:39:06  -410465.388490        0.402814
BFGS:   57 16:39:08  -410465.415322        0.246563
BFGS:   58 16:39:11  -410465.428924        0.227950
BFGS:   59 16:39:13  -410465.440424        0.266979
BFGS:   60 16:39:15  -410465.454723        0.272145
BFGS:   61 16:39:16  -410465.478168        0.381117
BFGS:   62 16:39:18  -410465.503769        0.291960
BFGS:   63 16:39:20  -410465.523845        0.424258
BFGS:   64 16:39:22  -410465.537118        0.258340
BFGS:   65 16:39:25  -410465.549486        0.190637
BFGS:   66 16:39:26  -410465.565054        0.216613
BFGS:   67 16:39:28  -410465.584433        0.226589
BFGS:   68 16:39:30  -410465.597581        0.212071
BFGS:   69 16:39:32  -410465.604932        0.196367
BFGS:   70 16:39:34  -410465.611092        0.182434
BFGS:   71 16:39:36  -410465.618341        0.168863
BFGS:   72 16:39:38  -410465.627250        0.138427
BFGS:   73 16:39:40  -410465.634639        0.108148
BFGS:   74 16:39:42  -410465.638579        0.118532
BFGS:   75 16:39:44  -410465.641073        0.123576
    -> 75 steps
  interaction    -25.05 kcal/mol
  binding        -25.05 kcal/mol   (no desolvation term)
s3_esm2_f4
    relaxing 349 hydrogens of complex (321 heavy atoms fixed)
      Step     Time          Energy          fmax
BFGS:    0 16:39:46  -410357.456352        5.762276
BFGS:    1 16:39:48  -410397.473007        4.661202
BFGS:    2 16:39:50  -410435.387965        3.757514
BFGS:    3 16:39:51  -410439.478093        2.344914
BFGS:    4 16:39:53  -410444.613193        2.109065
BFGS:    5 16:39:55  -410452.358778        2.393053
BFGS:    6 16:39:57  -410455.655144        2.089788
BFGS:    7 16:39:59  -410457.039926        1.309640
BFGS:    8 16:40:01  -410458.185467        0.987217
BFGS:    9 16:40:03  -410458.927154        1.405961
BFGS:   10 16:40:05  -410460.977664        1.288471
BFGS:   11 16:40:07  -410461.985077        1.092731
BFGS:   12 16:40:09  -410462.398396        0.665865
BFGS:   13 16:40:11  -410462.630441        0.575825
BFGS:   14 16:40:13  -410462.776253        0.543099
BFGS:   15 16:40:15  -410463.041112        0.640707
BFGS:   16 16:40:17  -410463.242932        0.464982
BFGS:   17 16:40:19  -410463.353094        0.438008
BFGS:   18 16:40:21  -410463.404753        0.386295
BFGS:   19 16:40:23  -410463.454167        0.345768
BFGS:   20 16:40:25  -410463.531176        0.312908
BFGS:   21 16:40:27  -410463.622774        0.369619
BFGS:   22 16:40:29  -410463.696440        0.428194
BFGS:   23 16:40:31  -410463.739016        0.391018
BFGS:   24 16:40:33  -410463.768577        0.362060
BFGS:   25 16:40:35  -410463.802315        0.348295
BFGS:   26 16:40:37  -410463.856677        0.422516
BFGS:   27 16:40:39  -410463.910845        0.534526
BFGS:   28 16:40:41  -410463.956555        0.426771
BFGS:   29 16:40:42  -410463.991748        0.362835
BFGS:   30 16:40:44  -410464.025800        0.238957
BFGS:   31 16:40:46  -410464.058720        0.360809
BFGS:   32 16:40:48  -410464.100825        0.368343
BFGS:   33 16:40:50  -410464.130456        0.300826
BFGS:   34 16:40:52  -410464.160140        0.250983
BFGS:   35 16:40:54  -410464.178987        0.305201
BFGS:   36 16:40:56  -410464.192279        0.365802
BFGS:   37 16:40:58  -410464.204732        0.200133
BFGS:   38 16:41:00  -410464.219895        0.193120
BFGS:   39 16:41:02  -410464.253318        0.208513
BFGS:   40 16:41:04  -410464.268666        0.240569
BFGS:   41 16:41:05  -410464.286551        0.248202
BFGS:   42 16:41:07  -410464.300886        0.234933
BFGS:   43 16:41:09  -410464.323420        0.313128
BFGS:   44 16:41:11  -410464.346545        0.254575
BFGS:   45 16:41:13  -410464.365486        0.696347
BFGS:   46 16:41:15  -410464.382101        0.402585
BFGS:   47 16:41:17  -410464.394864        0.184065
BFGS:   48 16:41:19  -410464.409642        0.206550
BFGS:   49 16:41:21  -410464.435825        0.391642
BFGS:   50 16:41:23  -410464.461257        0.452408
BFGS:   51 16:41:24  -410464.486439        0.453187
BFGS:   52 16:41:26  -410464.506372        0.355743
BFGS:   53 16:41:28  -410464.518448        0.707965
BFGS:   54 16:41:30  -410464.537083        0.640452
BFGS:   55 16:41:32  -410464.558886        0.330472
BFGS:   56 16:41:34  -410464.586409        0.254173
BFGS:   57 16:41:36  -410464.605086        0.258808
BFGS:   58 16:41:38  -410464.621180        0.263089
BFGS:   59 16:41:40  -410464.640363        0.300751
BFGS:   60 16:41:42  -410464.657885        0.239417
BFGS:   61 16:41:44  -410464.669742        0.765965
BFGS:   62 16:41:46  -410464.686201        0.241858
BFGS:   63 16:41:47  -410464.702269        0.324677
BFGS:   64 16:41:49  -410464.720690        0.428011
BFGS:   65 16:41:51  -410464.732857        0.385545
BFGS:   66 16:41:53  -410464.751230        0.238435
BFGS:   67 16:41:55  -410464.765279        0.217150
BFGS:   68 16:41:57  -410464.781307        0.220152
BFGS:   69 16:41:59  -410464.797046        0.289534
BFGS:   70 16:42:01  -410464.811456        0.284737
BFGS:   71 16:42:03  -410464.804817        0.796073
BFGS:   72 16:42:05  -410464.830963        0.278093
BFGS:   73 16:42:06  -410464.840025        0.289255
BFGS:   74 16:42:08  -410464.871119        0.436569
BFGS:   75 16:42:10  -410464.880365        0.248703
    -> 75 steps
  interaction    -34.59 kcal/mol
  binding        -34.59 kcal/mol   (no desolvation term)
s3_esm2_f8
    relaxing 349 hydrogens of complex (321 heavy atoms fixed)
      Step     Time          Energy          fmax
BFGS:    0 16:42:13  -410346.215982        5.751666
BFGS:    1 16:42:14  -410386.539221        4.792176
BFGS:    2 16:42:16  -410426.035250        4.062920
BFGS:    3 16:42:18  -410430.136258        4.092178
BFGS:    4 16:42:20  -410438.630938        3.974624
BFGS:    5 16:42:22  -410444.322423        3.484200
BFGS:    6 16:42:24  -410448.376561        3.132755
BFGS:    7 16:42:26  -410451.261514        3.008253
BFGS:    8 16:42:28  -410452.981901        2.551835
BFGS:    9 16:42:30  -410454.107953        1.240317
BFGS:   10 16:42:32  -410455.164623        1.507697
BFGS:   11 16:42:34  -410456.448672        3.398734
BFGS:   12 16:42:36  -410457.492482        2.898766
BFGS:   13 16:42:38  -410457.987746        2.042191
BFGS:   14 16:42:40  -410458.355418        1.202729
BFGS:   15 16:42:42  -410458.656458        1.295471
BFGS:   16 16:42:44  -410459.024075        1.858114
BFGS:   17 16:42:46  -410459.360109        1.993494
BFGS:   18 16:42:48  -410459.673983        1.492562
BFGS:   19 16:42:50  -410459.886955        0.718570
BFGS:   20 16:42:51  -410459.998176        0.974260
BFGS:   21 16:42:53  -410460.153711        1.370161
BFGS:   22 16:42:55  -410460.348615        1.186641
BFGS:   23 16:42:57  -410460.531579        1.033712
BFGS:   24 16:42:59  -410460.647356        1.400196
BFGS:   25 16:43:01  -410460.815880        0.668790
BFGS:   26 16:43:03  -410460.887645        0.548061
BFGS:   27 16:43:05  -410460.962247        0.425273
BFGS:   28 16:43:07  -410461.059811        0.387460
BFGS:   29 16:43:09  -410461.148272        0.445914
BFGS:   30 16:43:11  -410461.232100        0.449645
BFGS:   31 16:43:13  -410461.288546        0.429653
BFGS:   32 16:43:15  -410461.321028        0.600299
BFGS:   33 16:43:17  -410461.364771        0.539121
BFGS:   34 16:43:19  -410461.414594        0.427177
BFGS:   35 16:43:21  -410461.483643        0.448620
BFGS:   36 16:43:23  -410461.549808        0.469653
BFGS:   37 16:43:25  -410461.613730        0.651858
BFGS:   38 16:43:27  -410461.682377        0.623551
BFGS:   39 16:43:29  -410461.742792        0.712496
BFGS:   40 16:43:30  -410461.814985        0.503712
BFGS:   41 16:43:32  -410461.851897        1.400684
BFGS:   42 16:43:34  -410461.985877        0.868186
BFGS:   43 16:43:36  -410462.079458        0.932253
BFGS:   44 16:43:38  -410462.218799        1.296042
BFGS:   45 16:43:40  -410462.265315        0.666764
BFGS:   46 16:43:42  -410462.333654        0.293025
BFGS:   47 16:43:44  -410462.393543        0.836343
BFGS:   48 16:43:46  -410462.433975        0.520039
BFGS:   49 16:43:48  -410462.492547        0.573994
BFGS:   50 16:43:50  -410462.551417        0.631873
BFGS:   51 16:43:52  -410462.597264        0.474522
BFGS:   52 16:43:54  -410462.631076        0.340652
BFGS:   53 16:43:56  -410462.667331        0.465466
BFGS:   54 16:43:58  -410462.702793        0.650852
BFGS:   55 16:44:00  -410462.731495        0.903175
BFGS:   56 16:44:02  -410462.770293        0.383267
BFGS:   57 16:44:04  -410462.799847        0.311613
BFGS:   58 16:44:06  -410462.821191        0.443065
BFGS:   59 16:44:08  -410462.848196        0.505690
BFGS:   60 16:44:10  -410462.877179        0.400954
BFGS:   61 16:44:12  -410462.913841        0.435418
BFGS:   62 16:44:14  -410462.947820        0.403936
BFGS:   63 16:44:16  -410462.973378        0.524021
BFGS:   64 16:44:17  -410462.991407        0.784648
BFGS:   65 16:44:19  -410463.027276        0.339864
BFGS:   66 16:44:21  -410463.072597        0.518221
BFGS:   67 16:44:23  -410463.119414        0.677922
BFGS:   68 16:44:25  -410463.159752        0.702559
BFGS:   69 16:44:27  -410463.195531        0.729908
BFGS:   70 16:44:29  -410463.226336        0.449037
BFGS:   71 16:44:31  -410463.255549        0.348063
BFGS:   72 16:44:33  -410463.299141        0.622409
BFGS:   73 16:44:35  -410463.329041        0.447173
BFGS:   74 16:44:37  -410463.362758        0.363890
BFGS:   75 16:44:38  -410463.381861        0.277056
    -> 75 steps
  interaction    -21.56 kcal/mol
  binding        -21.56 kcal/mol   (no desolvation term)
s3_orig_control
    relaxing 198 hydrogens of complex (223 heavy atoms fixed)
      Step     Time          Energy          fmax
BFGS:    0 16:44:40  -297072.553232        5.812296
BFGS:    1 16:44:40  -297097.189438        4.792943
BFGS:    2 16:44:41  -297121.465297        3.706468
BFGS:    3 16:44:42  -297124.376885        3.580955
BFGS:    4 16:44:43  -297130.453731        2.936671
BFGS:    5 16:44:43  -297134.375098        2.456480
BFGS:    6 16:44:44  -297137.038946        2.439535
BFGS:    7 16:44:45  -297138.844564        2.462082
BFGS:    8 16:44:45  -297139.905554        1.596036
BFGS:    9 16:44:46  -297140.826341        1.453831
BFGS:   10 16:44:47  -297142.037213        2.417655
BFGS:   11 16:44:47  -297143.520956        2.356138
BFGS:   12 16:44:48  -297144.307261        2.122414
BFGS:   13 16:44:49  -297144.696668        1.154054
BFGS:   14 16:44:50  -297144.958666        0.938562
BFGS:   15 16:44:50  -297145.202241        1.204553
BFGS:   16 16:44:51  -297145.481638        1.588080
BFGS:   17 16:44:52  -297145.657623        1.079186
BFGS:   18 16:44:52  -297145.752995        0.503511
BFGS:   19 16:44:53  -297145.811216        0.481108
BFGS:   20 16:44:54  -297145.874299        0.759231
BFGS:   21 16:44:55  -297145.964011        0.766483
BFGS:   22 16:44:55  -297146.030837        0.474867
BFGS:   23 16:44:56  -297146.083029        0.337638
BFGS:   24 16:44:57  -297146.116307        0.327947
BFGS:   25 16:44:57  -297146.141405        0.255733
BFGS:   26 16:44:58  -297146.166734        0.224886
BFGS:   27 16:44:59  -297146.191777        0.255824
BFGS:   28 16:44:59  -297146.212426        0.375636
BFGS:   29 16:45:00  -297146.229939        0.339139
BFGS:   30 16:45:01  -297146.246592        0.246057
BFGS:   31 16:45:02  -297146.265403        0.221412
BFGS:   32 16:45:02  -297146.285149        0.293129
BFGS:   33 16:45:03  -297146.303089        0.327695
BFGS:   34 16:45:04  -297146.317126        0.214151
BFGS:   35 16:45:04  -297146.330235        0.257355
BFGS:   36 16:45:05  -297146.343461        0.262291
BFGS:   37 16:45:06  -297146.358774        0.324420
BFGS:   38 16:45:07  -297146.373001        0.317193
BFGS:   39 16:45:07  -297146.388316        0.256489
BFGS:   40 16:45:08  -297146.400948        0.242425
BFGS:   41 16:45:09  -297146.419379        0.331149
BFGS:   42 16:45:09  -297146.436453        0.462751
BFGS:   43 16:45:10  -297146.461045        0.412905
BFGS:   44 16:45:11  -297146.476909        0.861233
BFGS:   45 16:45:12  -297146.492481        0.291924
BFGS:   46 16:45:12  -297146.505189        0.490957
BFGS:   47 16:45:13  -297146.525370        0.717653
BFGS:   48 16:45:14  -297146.540971        0.482155
BFGS:   49 16:45:14  -297146.558798        0.626638
BFGS:   50 16:45:15  -297146.567316        0.584230
BFGS:   51 16:45:16  -297146.576916        0.242632
BFGS:   52 16:45:16  -297146.582180        0.198187
BFGS:   53 16:45:17  -297146.591111        0.159565
BFGS:   54 16:45:18  -297146.596027        0.167303
BFGS:   55 16:45:19  -297146.602256        0.111707
BFGS:   56 16:45:19  -297146.604874        0.220809
BFGS:   57 16:45:20  -297146.606282        0.084799
    -> 57 steps
  interaction      0.92 kcal/mol
  binding          0.92 kcal/mol   (no desolvation term)
s3_orig_f12
    relaxing 198 hydrogens of complex (223 heavy atoms fixed)
      Step     Time          Energy          fmax
BFGS:    0 16:45:21  -297088.893443        5.852500
BFGS:    1 16:45:22  -297114.044750        4.823818
BFGS:    2 16:45:22  -297138.128243        3.658534
BFGS:    3 16:45:23  -297141.105176        3.765550
BFGS:    4 16:45:24  -297147.296740        3.576357
BFGS:    5 16:45:25  -297151.398777        3.189945
BFGS:    6 16:45:25  -297154.189342        3.086637
BFGS:    7 16:45:26  -297156.188877        2.895520
BFGS:    8 16:45:27  -297157.277660        2.485093
BFGS:    9 16:45:27  -297158.114875        1.473818
BFGS:   10 16:45:28  -297159.029842        1.823218
BFGS:   11 16:45:29  -297160.053943        2.967701
BFGS:   12 16:45:29  -297160.583648        3.101882
BFGS:   13 16:45:30  -297160.929777        2.229776
BFGS:   14 16:45:31  -297161.179758        1.704958
BFGS:   15 16:45:32  -297161.453644        1.881642
BFGS:   16 16:45:32  -297161.729965        2.295329
BFGS:   17 16:45:33  -297161.985908        2.259840
BFGS:   18 16:45:34  -297162.211152        1.410681
BFGS:   19 16:45:34  -297162.328308        0.360950
BFGS:   20 16:45:35  -297162.372932        0.528251
BFGS:   21 16:45:36  -297162.414709        0.617361
BFGS:   22 16:45:37  -297162.448232        0.382095
BFGS:   23 16:45:37  -297162.501462        0.257270
BFGS:   24 16:45:38  -297162.557127        0.305846
BFGS:   25 16:45:39  -297162.579922        0.328010
BFGS:   26 16:45:39  -297162.602636        0.316227
BFGS:   27 16:45:40  -297162.625551        0.276826
BFGS:   28 16:45:41  -297162.651279        0.216193
BFGS:   29 16:45:42  -297162.673595        0.265835
BFGS:   30 16:45:42  -297162.693484        0.329016
BFGS:   31 16:45:43  -297162.712349        0.349030
BFGS:   32 16:45:44  -297162.733329        0.322649
BFGS:   33 16:45:44  -297162.756449        0.387632
BFGS:   34 16:45:45  -297162.780115        0.550651
BFGS:   35 16:45:46  -297162.805893        0.640226
BFGS:   36 16:45:47  -297162.834898        0.512719
BFGS:   37 16:45:47  -297162.861464        0.424161
BFGS:   38 16:45:48  -297162.872129        0.443811
BFGS:   39 16:45:49  -297162.895639        0.296672
BFGS:   40 16:45:49  -297162.910807        0.279452
BFGS:   41 16:45:50  -297162.937648        0.223551
BFGS:   42 16:45:51  -297162.963038        0.282725
BFGS:   43 16:45:51  -297162.987879        0.366035
BFGS:   44 16:45:52  -297163.010938        0.337442
BFGS:   45 16:45:53  -297163.035522        0.394442
BFGS:   46 16:45:54  -297163.066727        0.314860
BFGS:   47 16:45:54  -297163.091126        1.074255
BFGS:   48 16:45:55  -297163.135008        0.358652
BFGS:   49 16:45:56  -297163.161027        0.286923
BFGS:   50 16:45:56  -297163.179275        0.337592
BFGS:   51 16:45:57  -297163.189552        0.186964
BFGS:   52 16:45:58  -297163.209109        0.329276
BFGS:   53 16:45:59  -297163.224170        0.624712
BFGS:   54 16:45:59  -297163.239616        0.354515
BFGS:   55 16:46:00  -297163.259188        0.261438
BFGS:   56 16:46:01  -297163.277737        0.221101
BFGS:   57 16:46:01  -297163.291201        0.273945
BFGS:   58 16:46:02  -297163.305003        0.223624
BFGS:   59 16:46:03  -297163.317804        0.291322
BFGS:   60 16:46:04  -297163.337470        0.253379
BFGS:   61 16:46:04  -297163.360191        0.361965
BFGS:   62 16:46:05  -297163.382658        0.284440
BFGS:   63 16:46:06  -297163.398005        0.558218
BFGS:   64 16:46:06  -297163.417867        0.273240
BFGS:   65 16:46:07  -297163.440821        0.386286
BFGS:   66 16:46:08  -297163.482949        0.768403
BFGS:   67 16:46:09  -297163.503230        0.486878
BFGS:   68 16:46:09  -297163.531300        0.719909
BFGS:   69 16:46:10  -297163.553717        0.399010
BFGS:   70 16:46:11  -297163.574276        0.354720
BFGS:   71 16:46:11  -297163.597575        0.279309
BFGS:   72 16:46:12  -297163.606757        0.671611
BFGS:   73 16:46:13  -297163.614657        0.530149
BFGS:   74 16:46:14  -297163.622586        0.197036
BFGS:   75 16:46:14  -297163.629400        0.158557
    -> 75 steps
  interaction    -25.13 kcal/mol
  binding        -25.13 kcal/mol   (no desolvation term)
s3_orig_f4
    relaxing 198 hydrogens of complex (223 heavy atoms fixed)
      Step     Time          Energy          fmax
BFGS:    0 16:46:15  -297091.282134        5.786890
BFGS:    1 16:46:16  -297115.748844        4.749677
BFGS:    2 16:46:17  -297138.683773        3.464404
BFGS:    3 16:46:18  -297141.305377        2.675319
BFGS:    4 16:46:18  -297144.783050        2.531179
BFGS:    5 16:46:19  -297149.481473        2.152734
BFGS:    6 16:46:20  -297152.037005        2.040395
BFGS:    7 16:46:21  -297153.262116        1.931847
BFGS:    8 16:46:21  -297154.134800        1.361211
BFGS:    9 16:46:22  -297154.854864        1.248774
BFGS:   10 16:46:23  -297156.181326        1.617748
BFGS:   11 16:46:23  -297157.340276        1.311970
BFGS:   12 16:46:24  -297158.178335        1.083679
BFGS:   13 16:46:25  -297158.455645        0.678823
BFGS:   14 16:46:26  -297158.651523        0.983883
BFGS:   15 16:46:26  -297158.786532        0.648384
BFGS:   16 16:46:27  -297159.067798        0.657076
BFGS:   17 16:46:28  -297159.343904        0.732019
BFGS:   18 16:46:28  -297159.414137        0.556735
BFGS:   19 16:46:29  -297159.477439        0.542796
BFGS:   20 16:46:30  -297159.546012        0.540698
BFGS:   21 16:46:31  -297159.643109        0.779398
BFGS:   22 16:46:31  -297159.723058        0.872541
BFGS:   23 16:46:32  -297159.776771        0.543704
BFGS:   24 16:46:33  -297159.801531        0.298289
BFGS:   25 16:46:33  -297159.816633        0.282759
BFGS:   26 16:46:34  -297159.841929        0.575502
BFGS:   27 16:46:35  -297159.880885        0.687781
BFGS:   28 16:46:35  -297159.906263        0.476933
BFGS:   29 16:46:36  -297159.921015        0.230860
BFGS:   30 16:46:37  -297159.931298        0.200862
BFGS:   31 16:46:38  -297159.942300        0.378291
BFGS:   32 16:46:38  -297159.955711        0.442453
BFGS:   33 16:46:39  -297159.968170        0.314856
BFGS:   34 16:46:40  -297159.977204        0.181796
BFGS:   35 16:46:40  -297159.983498        0.200755
BFGS:   36 16:46:41  -297159.991649        0.285940
BFGS:   37 16:46:42  -297160.004839        0.365140
BFGS:   38 16:46:42  -297160.024230        0.338229
BFGS:   39 16:46:43  -297160.045104        0.225719
BFGS:   40 16:46:44  -297160.063060        0.262332
BFGS:   41 16:46:45  -297160.076637        0.250320
BFGS:   42 16:46:45  -297160.091095        0.217655
BFGS:   43 16:46:46  -297160.111944        0.204926
BFGS:   44 16:46:47  -297160.134127        0.198119
BFGS:   45 16:46:48  -297160.149696        0.205162
BFGS:   46 16:46:48  -297160.155709        0.398729
BFGS:   47 16:46:49  -297160.162760        0.268710
BFGS:   48 16:46:50  -297160.173747        0.213166
BFGS:   49 16:46:50  -297160.196104        0.299214
BFGS:   50 16:46:51  -297160.219584        0.509428
BFGS:   51 16:46:52  -297160.243143        0.453924
BFGS:   52 16:46:53  -297160.263425        0.770225
BFGS:   53 16:46:53  -297160.277982        0.306504
BFGS:   54 16:46:54  -297160.297476        0.430284
BFGS:   55 16:46:55  -297160.318995        0.498610
BFGS:   56 16:46:55  -297160.342350        0.268510
BFGS:   57 16:46:56  -297160.362586        0.675640
BFGS:   58 16:46:57  -297160.365373        0.850803
BFGS:   59 16:46:58  -297160.380936        0.181260
BFGS:   60 16:46:58  -297160.387592        0.270398
BFGS:   61 16:46:59  -297160.400952        0.410694
BFGS:   62 16:47:00  -297160.411358        0.356860
BFGS:   63 16:47:00  -297160.425571        0.308169
BFGS:   64 16:47:01  -297160.435363        0.165573
BFGS:   65 16:47:02  -297160.440694        0.467285
BFGS:   66 16:47:03  -297160.446273        0.254870
BFGS:   67 16:47:03  -297160.451042        0.214197
BFGS:   68 16:47:04  -297160.461418        0.266137
BFGS:   69 16:47:05  -297160.466110        0.199023
BFGS:   70 16:47:05  -297160.475916        0.135382
BFGS:   71 16:47:06  -297160.480765        0.154262
BFGS:   72 16:47:07  -297160.484670        0.167668
BFGS:   73 16:47:08  -297160.489303        0.179058
BFGS:   74 16:47:08  -297160.495700        0.140968
BFGS:   75 16:47:09  -297160.505597        0.113753
    -> 75 steps
  interaction    -28.45 kcal/mol
  binding        -28.45 kcal/mol   (no desolvation term)
s3_orig_f8
    relaxing 198 hydrogens of complex (223 heavy atoms fixed)
      Step     Time          Energy          fmax
BFGS:    0 16:47:10  -297084.332535        9.611296
BFGS:    1 16:47:11  -297111.049394        4.968489
BFGS:    2 16:47:11  -297137.762022        4.804102
BFGS:    3 16:47:12  -297141.500260        4.788895
BFGS:    4 16:47:13  -297148.703899        4.054711
BFGS:    5 16:47:14  -297153.964053        3.382414
BFGS:    6 16:47:14  -297157.410619        3.167787
BFGS:    7 16:47:15  -297159.359000        3.352738
BFGS:    8 16:47:16  -297160.332086        2.898706
BFGS:    9 16:47:16  -297161.474019        1.114140
BFGS:   10 16:47:17  -297162.009101        1.964909
BFGS:   11 16:47:18  -297162.896342        2.985335
BFGS:   12 16:47:19  -297163.655284        2.159666
BFGS:   13 16:47:19  -297163.946462        1.528475
BFGS:   14 16:47:20  -297164.164840        1.027333
BFGS:   15 16:47:21  -297164.370053        1.350710
BFGS:   16 16:47:22  -297164.599209        1.811275
BFGS:   17 16:47:22  -297164.803027        1.741235
BFGS:   18 16:47:23  -297164.955211        0.954256
BFGS:   19 16:47:24  -297165.019880        0.351904
BFGS:   20 16:47:24  -297165.046812        0.436438
BFGS:   21 16:47:25  -297165.084031        0.521816
BFGS:   22 16:47:26  -297165.115324        0.359111
BFGS:   23 16:47:27  -297165.152452        0.384622
BFGS:   24 16:47:27  -297165.187175        0.387870
BFGS:   25 16:47:28  -297165.213996        0.415859
BFGS:   26 16:47:29  -297165.236311        0.338704
BFGS:   27 16:47:29  -297165.256742        0.273947
BFGS:   28 16:47:30  -297165.278189        0.224027
BFGS:   29 16:47:31  -297165.297323        0.272307
BFGS:   30 16:47:32  -297165.316830        0.236261
BFGS:   31 16:47:32  -297165.333486        0.273500
BFGS:   32 16:47:33  -297165.349699        0.205670
BFGS:   33 16:47:34  -297165.363725        0.247351
BFGS:   34 16:47:34  -297165.377194        0.226596
BFGS:   35 16:47:35  -297165.394182        0.282289
BFGS:   36 16:47:36  -297165.417417        0.279494
BFGS:   37 16:47:37  -297165.442325        0.261412
BFGS:   38 16:47:37  -297165.461197        0.210135
BFGS:   39 16:47:38  -297165.473154        0.181221
BFGS:   40 16:47:39  -297165.483814        0.202296
BFGS:   41 16:47:39  -297165.496925        0.231525
BFGS:   42 16:47:40  -297165.510348        0.377023
BFGS:   43 16:47:41  -297165.525604        0.243732
BFGS:   44 16:47:42  -297165.539294        0.173529
BFGS:   45 16:47:42  -297165.546655        0.167632
BFGS:   46 16:47:43  -297165.560112        0.238007
BFGS:   47 16:47:44  -297165.570735        0.232049
BFGS:   48 16:47:44  -297165.578084        0.132475
BFGS:   49 16:47:45  -297165.581215        0.118405
BFGS:   50 16:47:46  -297165.583605        0.115728
BFGS:   51 16:47:47  -297165.586231        0.108262
BFGS:   52 16:47:47  -297165.592252        0.114806
BFGS:   53 16:47:48  -297165.594509        0.096517
    -> 53 steps
  interaction     -5.62 kcal/mol
  binding         -5.62 kcal/mol   (no desolvation term)

results in /tmp/run/boltz/binding_shell3.csv

--- stderr ---
[16:26:09] WARNING: More than one matching pattern found - picking one

WARNING:root:Model is being compiled this might take a while for the first time
W0926 16:26:12.971000 6 site-packages/torch/_logging/_internal.py:1345] [0/0] Profiler record function <class 'torch.autograd.profiler.record_function'> will be ignored
/usr/local/lib/python3.12/site-packages/torch/_inductor/compile_fx.py:321: UserWarning: TensorFloat32 tensor cores for float32 matrix multiplication available but not enabled. Consider setting `torch.set_float32_matmul_precision('high')` for better performance.
  warnings.warn(
W0926 16:26:21.580000 6 site-packages/torch/_inductor/utils.py:1953] [3/0_1] Not enough SMs to use max_autotune_gemm mode
/usr/local/lib/python3.12/site-packages/torch/_inductor/lowering.py:2352: FutureWarning: `torch._prims_common.check` is deprecated and will be removed in the future. Please use `torch._check*` functions instead.
  check(
WARNING:root:The UMA fast path (merge_mole + compile) is only available for fixed composition, task, charge, and spin. This is optimized for MD applications. Falling back to a less optimized version for subsequent evaluations. Reason: 'Compositions differ from merged model'.
Use inference_settings='batch' for heterogeneous batched evaluations.
[16:30:00] WARNING: More than one matching pattern found - picking one

[W926 16:30:44.913262893 CUDACachingAllocator.cpp:3933] memory allocation failed with OOM on device 0 while trying to allocate 322961408 bytes (free: 303104000, total: 23659151360).
[16:31:38] WARNING: More than one matching pattern found - picking one

[16:33:14] WARNING: More than one matching pattern found - picking one

[16:34:51] WARNING: More than one matching pattern found - picking one

[W926 16:35:00.579659647 CUDACachingAllocator.cpp:3933] memory allocation failed with OOM on device 0 while trying to allocate 343932928 bytes (free: 336658432, total: 23659151360).
[16:37:16] WARNING: More than one matching pattern found - picking one

[W926 16:37:24.159575187 CUDACachingAllocator.cpp:3933] memory allocation failed with OOM on device 0 while trying to allocate 387973120 bytes (free: 217120768, total: 23659151360).
[16:39:45] WARNING: More than one matching pattern found - picking one

[16:42:12] WARNING: More than one matching pattern found - picking one

[16:44:39] WARNING: More than one matching pattern found - picking one

[16:45:21] WARNING: More than one matching pattern found - picking one

[16:46:15] WARNING: More than one matching pattern found - picking one

[16:47:10] WARNING: More than one matching pattern found - picking one

