#################################################################
# If you used AutoDock Vina in your work, please cite:          #
#                                                               #
# O. Trott, A. J. Olson,                                        #
# AutoDock Vina: improving the speed and accuracy of docking    #
# with a new scoring function, efficient optimization and       #
# multithreading, Journal of Computational Chemistry 31 (2010)  #
# 455-461                                                       #
#                                                               #
# DOI 10.1002/jcc.21334                                         #
#                                                               #
# Please see http://vina.scripps.edu for more information.      #
#################################################################

Detected 6 CPUs
Reading input ... done.
Setting up the scoring function ... done.
Analyzing the binding site ... done.
Using random seed: 42
Performing search ... done.
Refining results ... done.

mode |   affinity | dist from best mode
     | (kcal/mol) | rmsd l.b.| rmsd u.b.
-----+------------+----------+----------
   1         -4.0      0.000      0.000
   2         -3.9      1.300      2.018
   3         -3.9      1.700      5.762
   4         -3.6     10.679     12.424
   5         -3.6      2.302      3.671
   6         -3.6     10.448     12.346
   7         -3.5     10.856     12.825
   8         -3.5     11.564     12.607
   9         -3.5      8.075     10.565
Writing output ... done.
