$ MMPBSA.py -i runs/octinoxate/md/s3_orig_f12/prod_L1_modal/mmgbsa/mmgbsa.in -o runs/octinoxate/md/s3_orig_f12/prod_L1_modal/mmgbsa/FINAL_RESULTS_MMPBSA.dat -cp runs/octinoxate/md/s3_orig_f12/prod_L1_modal/mmgbsa/complex.prmtop -rp runs/octinoxate/md/s3_orig_f12/prod_L1_modal/mmgbsa/receptor.prmtop -lp runs/octinoxate/md/s3_orig_f12/prod_L1_modal/mmgbsa/ligand.prmtop -y runs/octinoxate/md/s3_orig_f12/prod_L1_modal/mmgbsa/traj.nc

Loading and checking parameter files for compatibility...
cpptraj found! Using /Users/cafierom/miniforge3/envs/openmm-md/bin/cpptraj
mmpbsa_py_energy found! Using /Users/cafierom/miniforge3/envs/openmm-md/bin/mmpbsa_py_energy
Preparing trajectories for simulation...
2000 frames were processed by cpptraj for use in calculation.

Running calculations on normal system...

Beginning GB calculations with /Users/cafierom/miniforge3/envs/openmm-md/bin/mmpbsa_py_energy
  calculating complex contribution...
  calculating receptor contribution...
  calculating ligand contribution...

Timing:
Total setup time:                           0.018 sec.
Creating trajectories with cpptraj:         1.718 sec.
Total calculation time:                    24.498 sec.

Total GB calculation time:                 24.498 sec.

Statistics calculation & output writing:    0.006 sec.
Total time taken:                          26.270 sec.


MMPBSA.py Finished! Thank you for using. Please cite us if you publish this work with this paper:
   Miller III, B. R., McGee Jr., T. D., Swails, J. M. Homeyer, N. Gohlke, H. and Roitberg, A. E.
   J. Chem. Theory Comput., 2012, 8 (9) pp 3314--3321
