#################################################################
# If you used AutoDock Vina in your work, please cite:          #
#                                                               #
# O. Trott, A. J. Olson,                                        #
# AutoDock Vina: improving the speed and accuracy of docking    #
# with a new scoring function, efficient optimization and       #
# multithreading, Journal of Computational Chemistry 31 (2010)  #
# 455-461                                                       #
#                                                               #
# DOI 10.1002/jcc.21334                                         #
#                                                               #
# Please see http://vina.scripps.edu for more information.      #
#################################################################

Detected 6 CPUs
Reading input ... done.
Setting up the scoring function ... done.
Analyzing the binding site ... done.
Using random seed: 42
Performing search ... done.
Refining results ... done.

mode |   affinity | dist from best mode
     | (kcal/mol) | rmsd l.b.| rmsd u.b.
-----+------------+----------+----------
   1         -5.0      0.000      0.000
   2         -5.0      2.053      7.395
   3         -4.9      1.893      7.677
   4         -4.9      6.114      9.990
   5         -4.9      6.232     10.481
   6         -4.6      5.836     10.990
   7         -4.6      5.954      9.995
   8         -4.5      6.308     10.283
   9         -4.5      5.279      9.252
Writing output ... done.
