ligand SMILES (from runs/octinoxate/ligand.xyz): CCCC[C@H](CC)OC(=O)/C=C/c1ccc(OC)cc1
37 sequences to co-fold

[1/37] RYGLSGIKWDKSFEGDGGE: already done, skipping
[2/37] RYDLSLIKWDKSFEDDGSE (19 residues)
  pIC50 6.78, dG -9.25 kcal/mol, binder probability 0.65
[3/37] FEGDSIWDKGRYGLEGS: already done, skipping
[4/37] KIDEFSIGDKGWGEGLGYGLS: already done, skipping
[5/37] DKSIFEDIKWGEGLGYGLS: already done, skipping
[6/37] DKSIFEDIKWLEELKYLLS (19 residues)
  pIC50 6.95, dG -9.47 kcal/mol, binder probability 0.69
[7/37] FEGKDWISGGRYGL: already done, skipping
[8/37] cyclo-FGEGGKGDGWGIGSGGGRGYGGLGGG: already done, skipping
[9/37] RYGLGEFSDWKI: already done, skipping
[10/37] RGYGGLGGEGFGSGDGWGKGI: already done, skipping
[11/37] RGGYGGGLGGGEGGFGGSGGDGGWGGKGGI: already done, skipping
[12/37] RGGGYGGGGLGGGGEGGGFGGGSGGGDGGGWGGGKGGGI: already done, skipping
[13/37] cyclo-RGYGGLGGEGFGSGDGWGKGIGG: already done, skipping
[14/37] IDELGKGWKISGSLGYEGGF: already done, skipping
[15/37] YELFISWDKGRGGSGEY: already done, skipping
[16/37] EFIISLDEGFGWGLGKGGGGYS: already done, skipping
[17/37] KIGEFSDLGYGGGW: already done, skipping
[18/37] DLFEYGGIKWGS: already done, skipping
[19/37] cyclo-KGIGGEGFGSGDGLGGYGGGGWG: already done, skipping
[20/37] cyclo-DGLGFGEGYGGGIGKGWGGSG: already done, skipping
[21/37] IDELGSFKWGGGGY: already done, skipping
[22/37] cyclo-IGDGEGLGGSGFGKGWGGGGGYGG: already done, skipping
[23/37] LSFIKGYSWEEGKGGGL: already done, skipping
[24/37] YELFISWDKGR: already done, skipping
[25/37] cyclo-YGEGLGFGIGSGWGDGKGGRGG: already done, skipping
[26/37] WSDKGEGFGEYRLGGW: already done, skipping
[27/37] SLWYGKGDGFLGYSGEGGR: already done, skipping
[28/37] SLWYVKLDVFLKYSIENFR (19 residues)
  pIC50 7.03, dG -9.59 kcal/mol, binder probability 0.73
[29/37] EGKGLISDGWGFGGGY: already done, skipping
[30/37] cyclo-EGGKGGLGIGSGDGGWGGFGGGGYGGGG: already done, skipping
[31/37] LSFIGYWEGK: already done, skipping
[32/37] cyclo-LGSGFGIGGYGWGEGGKGG: already done, skipping
[33/37] cyclo-LKSLFKIVIYSWLERRKGI (19 residues) cyclic
  pIC50 6.66, dG -9.08 kcal/mol, binder probability 0.59
[34/37] WSDKGEGFGYRL: already done, skipping
[35/37] cyclo-WGSGDGKGGEGGFGGYGRGLGG: already done, skipping
[36/37] SLWYGKGDGFGRGGE: already done, skipping
[37/37] cyclo-SGLGWGYGGKGGDGGFGGRGGGEGG: already done, skipping

37 sequences compared; Spearman rank correlation (fragment IE vs Boltz pIC50): -0.05
Results in runs/octinoxate/boltz/comparison.csv
