Sat 10 Oct 2026 08:24:41 BST
### shuffle_control_o3cof: 20 ns on pose cofold of shuffle_control_o3cof (box=dodecahedron)
--- building shuffle_control_o3cof (dodecahedron) ---
cp: runs/octinoxate/md/shuffle_control_o3cof/protein_fixed.pdb: No such file or directory
ligand: cofold pose staged SDF -> runs/octinoxate/md/shuffle_control_o3cof/shuffle_control_o3cof_ligand.sdf
[prep-ligand] SDF passthrough -> runs/octinoxate/md/shuffle_control_o3cof/ligand_prepped.sdf
Traceback (most recent call last):
  File "/Users/cafierom/miniforge3/envs/openmm-md/bin/omd", line 6, in <module>
    sys.exit(main())
             ^^^^^^
  File "/Users/cafierom/python_mac/openmm/src/openmm_md/cli.py", line 183, in main
    build_system(args.protein, args.ligand, args.out_dir, cfg=cfg,
  File "/Users/cafierom/python_mac/openmm/src/openmm_md/build_system.py", line 529, in build_system
    pdb = app.PDBFile(str(protein_pdb))
          ^^^^^^^^^^^^^^^^^^^^^^^^^^^^^
  File "/Users/cafierom/miniforge3/envs/openmm-md/lib/python3.11/site-packages/openmm/app/pdbfile.py", line 91, in __init__
    inputfile = open(file)
                ^^^^^^^^^^
FileNotFoundError: [Errno 2] No such file or directory: 'runs/octinoxate/md/shuffle_control_o3cof/protein_fixed.pdb'
BUILD_EXIT=1
grep: runs/octinoxate/md/shuffle_control_o3cof/system/complex.pdb: No such file or directory
grep: runs/octinoxate/md/shuffle_control_o3cof/system/complex.pdb: No such file or directory
Sat 10 Oct 2026 08:24:48 BST
BUILD_ONLY set, stopping after build
Sat 10 Oct 2026 08:24:48 BST
### shuffle_control_esm0_o3cof: 20 ns on pose cofold of shuffle_control_esm0_o3cof (box=dodecahedron)
--- building shuffle_control_esm0_o3cof (dodecahedron) ---
cp: runs/octinoxate/md/shuffle_control_esm0_o3cof/protein_fixed.pdb: No such file or directory
ligand: cofold pose staged SDF -> runs/octinoxate/md/shuffle_control_esm0_o3cof/shuffle_control_esm0_o3cof_ligand.sdf
[prep-ligand] SDF passthrough -> runs/octinoxate/md/shuffle_control_esm0_o3cof/ligand_prepped.sdf
Traceback (most recent call last):
  File "/Users/cafierom/miniforge3/envs/openmm-md/bin/omd", line 6, in <module>
    sys.exit(main())
             ^^^^^^
  File "/Users/cafierom/python_mac/openmm/src/openmm_md/cli.py", line 183, in main
    build_system(args.protein, args.ligand, args.out_dir, cfg=cfg,
  File "/Users/cafierom/python_mac/openmm/src/openmm_md/build_system.py", line 529, in build_system
    pdb = app.PDBFile(str(protein_pdb))
          ^^^^^^^^^^^^^^^^^^^^^^^^^^^^^
  File "/Users/cafierom/miniforge3/envs/openmm-md/lib/python3.11/site-packages/openmm/app/pdbfile.py", line 91, in __init__
    inputfile = open(file)
                ^^^^^^^^^^
FileNotFoundError: [Errno 2] No such file or directory: 'runs/octinoxate/md/shuffle_control_esm0_o3cof/protein_fixed.pdb'
BUILD_EXIT=1
grep: runs/octinoxate/md/shuffle_control_esm0_o3cof/system/complex.pdb: No such file or directory
grep: runs/octinoxate/md/shuffle_control_esm0_o3cof/system/complex.pdb: No such file or directory
Sat 10 Oct 2026 08:24:54 BST
BUILD_ONLY set, stopping after build
Sat 10 Oct 2026 08:24:54 BST
### ox2_shuffle_o3cof: 20 ns on pose cofold of ox2_shuffle_o3cof (box=dodecahedron)
--- building ox2_shuffle_o3cof (dodecahedron) ---
cp: runs/oxybenzone/md/ox2_shuffle_o3cof/protein_fixed.pdb: No such file or directory
ligand: cofold pose staged SDF -> runs/oxybenzone/md/ox2_shuffle_o3cof/ox2_shuffle_o3cof_ligand.sdf
[prep-ligand] SDF passthrough -> runs/oxybenzone/md/ox2_shuffle_o3cof/ligand_prepped.sdf
Traceback (most recent call last):
  File "/Users/cafierom/miniforge3/envs/openmm-md/bin/omd", line 6, in <module>
    sys.exit(main())
             ^^^^^^
  File "/Users/cafierom/python_mac/openmm/src/openmm_md/cli.py", line 183, in main
    build_system(args.protein, args.ligand, args.out_dir, cfg=cfg,
  File "/Users/cafierom/python_mac/openmm/src/openmm_md/build_system.py", line 529, in build_system
    pdb = app.PDBFile(str(protein_pdb))
          ^^^^^^^^^^^^^^^^^^^^^^^^^^^^^
  File "/Users/cafierom/miniforge3/envs/openmm-md/lib/python3.11/site-packages/openmm/app/pdbfile.py", line 91, in __init__
    inputfile = open(file)
                ^^^^^^^^^^
FileNotFoundError: [Errno 2] No such file or directory: 'runs/oxybenzone/md/ox2_shuffle_o3cof/protein_fixed.pdb'
BUILD_EXIT=1
grep: runs/oxybenzone/md/ox2_shuffle_o3cof/system/complex.pdb: No such file or directory
grep: runs/oxybenzone/md/ox2_shuffle_o3cof/system/complex.pdb: No such file or directory
Sat 10 Oct 2026 08:25:00 BST
BUILD_ONLY set, stopping after build
Sat 10 Oct 2026 08:25:00 BST
### ox2_shuffle_esm0_o3cof: 20 ns on pose cofold of ox2_shuffle_esm0_o3cof (box=dodecahedron)
--- building ox2_shuffle_esm0_o3cof (dodecahedron) ---
cp: runs/oxybenzone/md/ox2_shuffle_esm0_o3cof/protein_fixed.pdb: No such file or directory
ligand: cofold pose staged SDF -> runs/oxybenzone/md/ox2_shuffle_esm0_o3cof/ox2_shuffle_esm0_o3cof_ligand.sdf
[prep-ligand] SDF passthrough -> runs/oxybenzone/md/ox2_shuffle_esm0_o3cof/ligand_prepped.sdf
Traceback (most recent call last):
  File "/Users/cafierom/miniforge3/envs/openmm-md/bin/omd", line 6, in <module>
    sys.exit(main())
             ^^^^^^
  File "/Users/cafierom/python_mac/openmm/src/openmm_md/cli.py", line 183, in main
    build_system(args.protein, args.ligand, args.out_dir, cfg=cfg,
  File "/Users/cafierom/python_mac/openmm/src/openmm_md/build_system.py", line 529, in build_system
    pdb = app.PDBFile(str(protein_pdb))
          ^^^^^^^^^^^^^^^^^^^^^^^^^^^^^
  File "/Users/cafierom/miniforge3/envs/openmm-md/lib/python3.11/site-packages/openmm/app/pdbfile.py", line 91, in __init__
    inputfile = open(file)
                ^^^^^^^^^^
FileNotFoundError: [Errno 2] No such file or directory: 'runs/oxybenzone/md/ox2_shuffle_esm0_o3cof/protein_fixed.pdb'
BUILD_EXIT=1
grep: runs/oxybenzone/md/ox2_shuffle_esm0_o3cof/system/complex.pdb: No such file or directory
grep: runs/oxybenzone/md/ox2_shuffle_esm0_o3cof/system/complex.pdb: No such file or directory
Sat 10 Oct 2026 08:25:06 BST
BUILD_ONLY set, stopping after build
