Sat 10 Oct 2026 08:25:58 BST
### shuffle_control_o3cof: 20 ns on pose cofold of shuffle_control_o3cof (box=dodecahedron)
--- building shuffle_control_o3cof (dodecahedron) ---
[build] hetero discovery (resname | HETNAM | min dist to ligand | action):
[build] 4698 particles, 1423 waters -> runs/octinoxate/md/shuffle_control_o3cof/system/system.xml, runs/octinoxate/md/shuffle_control_o3cof/system/complex.pdb
BUILD_EXIT=0
particles: 4698
CRYST1   41.929   41.929   41.929  60.00  60.00  90.00 P 1           1 
Sat 10 Oct 2026 08:26:23 BST
BUILD_ONLY set, stopping after build
Sat 10 Oct 2026 08:26:23 BST
### shuffle_control_esm0_o3cof: 20 ns on pose cofold of shuffle_control_esm0_o3cof (box=dodecahedron)
--- building shuffle_control_esm0_o3cof (dodecahedron) ---
[build] hetero discovery (resname | HETNAM | min dist to ligand | action):
[build] 23153 particles, 7488 waters -> runs/octinoxate/md/shuffle_control_esm0_o3cof/system/system.xml, runs/octinoxate/md/shuffle_control_esm0_o3cof/system/complex.pdb
BUILD_EXIT=0
particles: 23153
CRYST1   70.046   70.046   70.046  60.00  60.00  90.00 P 1           1 
Sat 10 Oct 2026 08:26:52 BST
BUILD_ONLY set, stopping after build
Sat 10 Oct 2026 08:26:52 BST
### ox2_shuffle_o3cof: 20 ns on pose cofold of ox2_shuffle_o3cof (box=dodecahedron)
--- building ox2_shuffle_o3cof (dodecahedron) ---
[build] hetero discovery (resname | HETNAM | min dist to ligand | action):
[build] 5812 particles, 1810 waters -> runs/oxybenzone/md/ox2_shuffle_o3cof/system/system.xml, runs/oxybenzone/md/ox2_shuffle_o3cof/system/complex.pdb
BUILD_EXIT=0
particles: 5812
CRYST1   44.859   44.859   44.859  60.00  60.00  90.00 P 1           1 
Sat 10 Oct 2026 08:27:00 BST
BUILD_ONLY set, stopping after build
Sat 10 Oct 2026 08:27:00 BST
### ox2_shuffle_esm0_o3cof: 20 ns on pose cofold of ox2_shuffle_esm0_o3cof (box=dodecahedron)
--- building ox2_shuffle_esm0_o3cof (dodecahedron) ---
[build] hetero discovery (resname | HETNAM | min dist to ligand | action):
[build] 25756 particles, 8389 waters -> runs/oxybenzone/md/ox2_shuffle_esm0_o3cof/system/system.xml, runs/oxybenzone/md/ox2_shuffle_esm0_o3cof/system/complex.pdb
BUILD_EXIT=0
particles: 25756
CRYST1   72.409   72.409   72.409  60.00  60.00  90.00 P 1           1 
Sat 10 Oct 2026 08:27:10 BST
BUILD_ONLY set, stopping after build
