=== decomposed strain batch started Fri 25 Sep 2026 01:05:43 BST ===
W0925 01:05:47.426000 8693 torch/distributed/elastic/multiprocessing/redirects.py:35] NOTE: Redirects are currently not supported in MacOs.
loaded 170 poses from runs/octinoxate
14 case(s) to run

existing CSV has different columns; writing condense_strain_v2.csv and leaving the old one alone
arginine3h17_phenylalanine4h12_k2: 62 atoms, charge 1, closure 0.000 A, penalty 0.002, d_CA 4.25
WARNING:root:Model is being compiled this might take a while for the first time
W0925 01:06:01.616000 8693 torch/_logging/_internal.py:1345] [0/0] Profiler record function <class 'torch.autograd.profiler.record_function'> will be ignored
WARNING:root:The UMA fast path (merge_mole + compile) is only available for fixed composition, task, charge, and spin. This is optimized for MD applications. Falling back to a less optimized version for subsequent evaluations. Reason: 'Compositions differ from merged model'.
Use inference_settings='batch' for heterogeneous batched evaluations.
    strain    33.15 = side chains   23.02 + backbone   10.12 kcal/mol   gap 2.75 -> 3.67 A   rmsd 0.42 A   contact 2.24 A   ligand 1.98 A   (held 153 conv=True, free 66 conv=True)
arginine3h16_aspartic21h5_k1: 47 atoms, charge 0, closure 0.083 A, penalty 1.227, d_CA 4.84
    strain    45.82 = side chains    1.04 + backbone   44.79 kcal/mol   gap 5.35 -> 4.16 A   rmsd 1.29 A   contact 2.25 A   ligand 1.82 A   (held 80 conv=True, free 149 conv=True)
arginine3h16_glutamic22h4_k1: 47 atoms, charge 0, closure 0.063 A, penalty 3.366, d_CA 5.08
    strain    80.65 = side chains   73.93 + backbone    6.72 kcal/mol   gap 4.98 -> 2.66 A   rmsd 2.07 A   contact 2.25 A   ligand 1.49 A   (held 102 conv=True, free 295 conv=True)
arginine3h16_serine31h3_k2: 53 atoms, charge 1, closure 0.000 A, penalty 0.000, d_CA 5.72
    strain     3.95 = side chains    2.16 + backbone    1.79 kcal/mol   gap 6.80 -> 6.72 A   rmsd 0.25 A   contact 2.26 A   ligand 2.79 A   (held 140 conv=True, free 50 conv=True)
isoleucine3h4_lysine5h13_k2: 59 atoms, charge 1, closure 0.058 A, penalty 1.034, d_CA 6.83
    strain    59.14 = side chains   17.36 + backbone   41.78 kcal/mol   gap 3.11 -> 3.32 A   rmsd 1.14 A   contact 2.25 A   ligand 3.00 A   (held 194 conv=True, free 168 conv=True)
isoleucine3h4_phenylalanine4h12_k2: 57 atoms, charge 0, closure 0.002 A, penalty 0.009, d_CA 7.89
    strain    10.54 = side chains    0.09 + backbone   10.45 kcal/mol   gap 7.14 -> 6.33 A   rmsd 0.58 A   contact 2.26 A   ligand 0.63 A   (held 166 conv=True, free 91 conv=True)
arginine3h16_lysine5h13_k2: 64 atoms, charge 2, closure 0.031 A, penalty 3.058, d_CA 8.75
    strain    23.63 = side chains   -5.13 + backbone   28.75 kcal/mol   gap 6.67 -> 6.32 A   rmsd 0.82 A   contact 2.26 A   ligand 1.20 A   (held 99 conv=True, free 186 conv=True)
glutamic22h4_isoleucine3h4_k2: 49 atoms, charge -1, closure 0.006 A, penalty 0.145, d_CA 8.81
    strain    32.49 = side chains    0.59 + backbone   31.90 kcal/mol   gap 3.71 -> 3.26 A   rmsd 1.27 A   contact 2.25 A   ligand 3.24 A   (held 159 conv=True, free 195 conv=True)
lysine5h13_glutamic22h4_k2: 52 atoms, charge 0, closure 0.012 A, penalty 0.138, d_CA 9.11
    strain    64.44 = side chains   78.45 + backbone  -14.01 kcal/mol   gap 5.03 -> 2.67 A   rmsd 0.99 A   contact 2.25 A   ligand 1.90 A   (held 108 conv=True, free 117 conv=True)
glutamic22h4_aspartic21h5_k2: 42 atoms, charge -2, closure 0.000 A, penalty 0.044, d_CA 9.25
    strain    10.65 = side chains   -0.78 + backbone   11.42 kcal/mol   gap 8.58 -> 9.51 A   rmsd 0.90 A   contact 2.25 A   ligand 2.31 A   (held 281 conv=True, free 113 conv=True)
arginine3h17_leucine13h1_k2: 61 atoms, charge 1, closure 0.014 A, penalty 1.396, d_CA 10.24
    strain    14.43 = side chains    1.57 + backbone   12.85 kcal/mol   gap 9.91 -> 9.36 A   rmsd 0.47 A   contact 2.26 A   ligand 1.12 A   (held 179 conv=True, free 102 conv=True)
arginine3h16_tryptophan5h16_k2: 66 atoms, charge 1, closure 0.155 A, penalty 15.777, d_CA 10.46
    strain     9.43 = side chains    1.03 + backbone    8.41 kcal/mol   gap 6.35 -> 6.33 A   rmsd 0.41 A   contact 2.24 A   ligand 0.50 A   (held 79 conv=True, free 91 conv=True)
isoleucine3h4_tyrosine1h13_k3: 66 atoms, charge 0, closure 0.026 A, penalty 1.850, d_CA 12.62
    strain     4.67 = side chains   -0.40 + backbone    5.07 kcal/mol   gap 5.27 -> 5.24 A   rmsd 0.20 A   contact 2.25 A   ligand 0.47 A   (held 186 conv=True, free 52 conv=True)
lysine5h13_leucine13h1_k4: 73 atoms, charge 1, closure 0.177 A, penalty 8.434, d_CA 16.72
    strain    20.05 = side chains   -5.00 + backbone   25.05 kcal/mol   gap 11.82 -> 11.34 A   rmsd 0.45 A   contact 2.25 A   ligand 0.46 A   (held 265 conv=True, free 88 conv=True)

results in runs/octinoxate/condense_strain.csv
=== finished Fri 25 Sep 2026 01:54:59 BST ===
