ligand SMILES: CCCC[C@H](CC)OC(=O)/C=C/c1ccc(OC)cc1
5 random sequences of length 19, seed 1

W0924 22:45:45.226000 1521 torch/distributed/elastic/multiprocessing/redirects.py:35] NOTE: Redirects are currently not supported in MacOs.
[1/5] FWDKESRSPHESAPQYARK
[22:47:55] WARNING: More than one matching pattern found - picking one

WARNING:root:Model is being compiled this might take a while for the first time
W0924 22:48:04.155000 1521 torch/_logging/_internal.py:1345] [0/0] Profiler record function <class 'torch.autograd.profiler.record_function'> will be ignored
WARNING:root:The UMA fast path (merge_mole + compile) is only available for fixed composition, task, charge, and spin. This is optimized for MD applications. Falling back to a less optimized version for subsequent evaluations. Reason: 'Compositions differ from merged model'.
Use inference_settings='batch' for heterogeneous batched evaluations.
  UMA IE   -40.82 kcal/mol   min contact 3.40 A   Boltz dG -8.78   binder P 0.35
[2/5] IWEMAAAVAPHQATIRSVI
[22:50:49] WARNING: More than one matching pattern found - picking one

  UMA IE    -9.54 kcal/mol   min contact 3.14 A   Boltz dG -8.59   binder P 0.56
[3/5] NIIRLAQVEGLEMTQTHLL
[22:53:21] WARNING: More than one matching pattern found - picking one

  UMA IE    -5.07 kcal/mol   min contact 3.25 A   Boltz dG -9.41   binder P 0.76
[4/5] WSTPWCSIPQGNVNDRTEG
[22:55:44] WARNING: More than one matching pattern found - picking one

  UMA IE    12.07 kcal/mol   min contact 2.96 A   Boltz dG -8.74   binder P 0.54
[5/5] TPNSASCLYWWPGGTIAHV
[22:58:01] WARNING: More than one matching pattern found - picking one

  UMA IE    -7.67 kcal/mol   min contact 3.38 A   Boltz dG -8.97   binder P 0.41

length 19: 4 designed vs 5 random
  designed UMA IE: -16.2, -12.5, -10.1, -7.2   (mean -11.48, best -16.20)
  control  UMA IE: -40.8, -9.5, -7.7, -5.1, 12.1   (mean -10.21, best -40.82)
  designed better than 4/5 controls on the mean; best design beats 4/5

Results in runs/octinoxate/boltz/controls.csv
