=== scoring five with hydrogens relaxed, started Fri 25 Sep 2026 10:51:32 BST ===
W0925 10:51:34.647000 23843 torch/distributed/elastic/multiprocessing/redirects.py:35] NOTE: Redirects are currently not supported in MacOs.
[10:51:41] WARNING: More than one matching pattern found - picking one

5 complexes; terms: ['cavity', 'interaction', 'strain']

RGGDGGKGGGGLGGGGKGIGEGWGGDGSGGEGS_control
    relaxing 190 hydrogens of complex (210 heavy atoms fixed)
WARNING:root:Model is being compiled this might take a while for the first time
W0925 10:51:42.857000 23843 torch/_logging/_internal.py:1345] [0/0] Profiler record function <class 'torch.autograd.profiler.record_function'> will be ignored
      Step     Time          Energy          fmax
BFGS:    0 10:51:59  -285974.225409        5.720232
BFGS:    1 10:52:04  -285998.573073        4.733967
BFGS:    2 10:52:08  -286019.186958        3.309433
BFGS:    3 10:52:11  -286021.516262        2.208560
BFGS:    4 10:52:16  -286022.929054        2.091641
BFGS:    5 10:52:21  -286026.802964        1.597751
BFGS:    6 10:52:28  -286028.143359        1.605206
BFGS:    7 10:52:33  -286028.470192        1.268463
BFGS:    8 10:52:40  -286029.050819        0.918069
BFGS:    9 10:52:46  -286029.437661        0.924148
BFGS:   10 10:52:51  -286030.195122        0.891514
BFGS:   11 10:52:56  -286030.698324        1.006700
BFGS:   12 10:52:59  -286030.949715        0.504105
BFGS:   13 10:53:04  -286031.071508        0.642761
BFGS:   14 10:53:10  -286031.149573        0.444649
BFGS:   15 10:53:15  -286031.336882        0.445554
BFGS:   16 10:53:20  -286031.486016        0.609797
BFGS:   17 10:53:23  -286031.555862        0.588935
BFGS:   18 10:53:27  -286031.603330        0.422406
BFGS:   19 10:53:31  -286031.658316        0.408757
BFGS:   20 10:53:34  -286031.746688        0.733501
BFGS:   21 10:53:37  -286031.848070        1.102264
BFGS:   22 10:53:41  -286031.931842        1.095427
BFGS:   23 10:54:07  -286031.996269        0.561067
BFGS:   24 10:54:19  -286032.042932        0.536743
BFGS:   25 10:54:39  -286032.091138        0.577938
BFGS:   26 10:54:52  -286032.191613        1.159465
BFGS:   27 10:55:04  -286032.283162        1.204083
BFGS:   28 10:55:14  -286032.373280        0.859217
BFGS:   29 10:55:23  -286032.438820        0.663345
BFGS:   30 10:55:39  -286032.468616        1.437224
BFGS:   31 10:55:46  -286032.568708        0.893272
BFGS:   32 10:55:59  -286032.671201        0.696151
BFGS:   33 10:56:10  -286032.855878        0.575432
BFGS:   34 10:56:25  -286032.905573        0.892219
BFGS:   35 10:56:37  -286032.957905        0.483303
BFGS:   36 10:56:52  -286033.008918        0.356443
BFGS:   37 10:57:06  -286033.056832        0.430083
BFGS:   38 10:57:13  -286033.089493        0.484656
BFGS:   39 10:57:23  -286033.131868        0.534035
BFGS:   40 10:57:30  -286033.161311        0.339621
BFGS:   41 10:57:43  -286033.180635        0.250940
BFGS:   42 10:57:55  -286033.194860        0.321059
BFGS:   43 10:58:02  -286033.206892        0.387888
BFGS:   44 10:58:10  -286033.224221        0.324302
BFGS:   45 10:58:21  -286033.243234        0.257206
BFGS:   46 10:58:33  -286033.256432        0.217650
BFGS:   47 10:58:43  -286033.267501        0.293833
BFGS:   48 10:58:49  -286033.282255        0.357344
BFGS:   49 10:58:56  -286033.299587        0.280353
BFGS:   50 10:59:01  -286033.319236        0.270017
BFGS:   51 10:59:09  -286033.338945        0.222115
BFGS:   52 10:59:16  -286033.356479        0.340162
BFGS:   53 10:59:21  -286033.372705        0.341078
BFGS:   54 10:59:27  -286033.391125        0.278742
BFGS:   55 10:59:38  -286033.409334        0.229436
BFGS:   56 10:59:44  -286033.418461        0.420643
BFGS:   57 10:59:51  -286033.429405        0.253207
BFGS:   58 10:59:59  -286033.438238        0.164597
BFGS:   59 11:00:11  -286033.452745        0.227416
BFGS:   60 11:00:20  -286033.463618        0.370446
BFGS:   61 11:00:30  -286033.477080        0.342715
BFGS:   62 11:00:42  -286033.489026        0.237429
BFGS:   63 11:00:53  -286033.499655        0.131435
BFGS:   64 11:01:01  -286033.508939        0.155337
BFGS:   65 11:01:08  -286033.518163        0.229999
BFGS:   66 11:01:17  -286033.527301        0.222856
BFGS:   67 11:01:22  -286033.534334        0.284398
BFGS:   68 11:01:28  -286033.533481        0.243746
BFGS:   69 11:01:33  -286033.543571        0.109683
BFGS:   70 11:01:36  -286033.546107        0.115954
BFGS:   71 11:01:43  -286033.551299        0.088351
    -> 71 steps
WARNING:root:The UMA fast path (merge_mole + compile) is only available for fixed composition, task, charge, and spin. This is optimized for MD applications. Falling back to a less optimized version for subsequent evaluations. Reason: 'Compositions differ from merged model'.
Use inference_settings='batch' for heterogeneous batched evaluations.
  interaction    -15.81 kcal/mol
    relaxing free peptide: 356 atoms, fmax 0.1, max 75 steps
      Step     Time          Energy          fmax
BFGS:    0 11:02:09  -261872.444161        6.355041
BFGS:    1 11:02:25  -261874.209044        3.789478
BFGS:    2 11:02:36  -261875.308393        2.597544
BFGS:    3 11:02:48  -261875.809553        1.626715
BFGS:    4 11:03:00  -261876.081335        0.967311
BFGS:    5 11:03:15  -261876.338557        1.101690
BFGS:    6 11:03:28  -261876.500808        0.884481
BFGS:    7 11:03:41  -261876.672285        0.653863
BFGS:    8 11:03:52  -261876.820542        0.837611
BFGS:    9 11:04:06  -261876.953726        0.985051
BFGS:   10 11:04:16  -261877.148846        0.970895
BFGS:   11 11:04:34  -261877.359891        0.813453
BFGS:   12 11:04:48  -261877.542924        0.713422
BFGS:   13 11:05:01  -261877.698265        0.769688
BFGS:   14 11:05:16  -261877.849433        0.710838
BFGS:   15 11:05:36  -261878.006499        0.647726
BFGS:   16 11:05:54  -261878.148893        0.610245
BFGS:   17 11:06:08  -261878.256253        0.451611
BFGS:   18 11:06:18  -261878.353783        0.525057
BFGS:   19 11:06:27  -261878.445893        0.468330
BFGS:   20 11:06:41  -261878.529037        0.542865
BFGS:   21 11:06:58  -261878.615991        0.583054
BFGS:   22 11:07:13  -261878.715870        0.469911
BFGS:   23 11:07:26  -261878.822017        0.509265
BFGS:   24 11:07:38  -261878.915709        0.601006
BFGS:   25 11:07:58  -261879.002348        0.506064
BFGS:   26 11:08:16  -261879.085256        0.491599
BFGS:   27 11:08:32  -261879.162080        0.440670
BFGS:   28 11:08:47  -261879.235090        0.385933
BFGS:   29 11:08:59  -261879.307355        0.391689
BFGS:   30 11:09:11  -261879.376248        0.367466
BFGS:   31 11:09:27  -261879.441792        0.392065
BFGS:   32 11:09:37  -261879.512997        0.403362
BFGS:   33 11:09:47  -261879.587896        0.540482
BFGS:   34 11:10:01  -261879.666213        0.455385
BFGS:   35 11:10:13  -261879.748170        0.409072
BFGS:   36 11:10:28  -261879.821602        0.379728
BFGS:   37 11:10:36  -261879.890232        0.474950
BFGS:   38 11:10:49  -261879.963310        0.419034
BFGS:   39 11:11:01  -261880.037527        0.458841
BFGS:   40 11:11:10  -261880.117045        0.539804
BFGS:   41 11:11:23  -261880.207205        0.595937
BFGS:   42 11:11:34  -261880.305330        0.485934
BFGS:   43 11:11:44  -261880.395585        0.398997
BFGS:   44 11:11:56  -261880.476629        0.336568
BFGS:   45 11:12:03  -261880.538303        0.316984
BFGS:   46 11:12:13  -261880.602633        0.356736
BFGS:   47 11:12:22  -261880.673803        0.354692
BFGS:   48 11:12:33  -261880.749469        0.329065
BFGS:   49 11:12:44  -261880.816352        0.386464
BFGS:   50 11:12:58  -261880.885023        0.341393
BFGS:   51 11:13:08  -261880.947413        0.332252
BFGS:   52 11:13:19  -261881.003004        0.270231
BFGS:   53 11:13:34  -261881.053723        0.303833
BFGS:   54 11:13:47  -261881.108435        0.305472
BFGS:   55 11:13:58  -261881.164422        0.271754
BFGS:   56 11:14:09  -261881.224560        0.391157
BFGS:   57 11:14:26  -261881.282831        0.387893
BFGS:   58 11:14:39  -261881.351811        0.410041
BFGS:   59 11:14:58  -261881.433099        0.391709
BFGS:   60 11:15:13  -261881.519829        0.437807
BFGS:   61 11:15:25  -261881.595014        0.388272
BFGS:   62 11:15:43  -261881.672889        0.334625
BFGS:   63 11:15:57  -261881.752438        0.390793
BFGS:   64 11:16:10  -261881.831851        0.361402
BFGS:   65 11:16:21  -261881.903390        0.418467
BFGS:   66 11:16:34  -261881.987054        0.408355
BFGS:   67 11:16:44  -261882.059287        0.425486
BFGS:   68 11:16:55  -261882.133876        0.390483
BFGS:   69 11:17:10  -261882.207757        0.375177
BFGS:   70 11:17:26  -261882.287235        0.532522
BFGS:   71 11:17:39  -261882.361715        0.549073
BFGS:   72 11:17:51  -261882.446277        0.630815
BFGS:   73 11:18:02  -261882.556908        0.788754
BFGS:   74 11:18:12  -261882.646704        0.932143
BFGS:   75 11:18:24  -261882.756385        0.560145
    -> 75 steps, converged=False
    relaxing free ligand: 44 atoms, fmax 0.1, max 75 steps
      Step     Time          Energy          fmax
BFGS:    0 11:18:25   -24160.421493        1.799764
BFGS:    1 11:18:25   -24160.543751        0.816021
BFGS:    2 11:18:25   -24160.588605        0.405732
BFGS:    3 11:18:25   -24160.615305        0.355139
BFGS:    4 11:18:26   -24160.635352        0.388869
BFGS:    5 11:18:26   -24160.660820        0.367776
BFGS:    6 11:18:26   -24160.680529        0.443898
BFGS:    7 11:18:26   -24160.700598        0.361052
BFGS:    8 11:18:27   -24160.720422        0.356856
BFGS:    9 11:18:27   -24160.734279        0.245350
BFGS:   10 11:18:27   -24160.745008        0.272321
BFGS:   11 11:18:27   -24160.754976        0.210900
BFGS:   12 11:18:27   -24160.763616        0.184271
BFGS:   13 11:18:28   -24160.770584        0.173937
BFGS:   14 11:18:28   -24160.777142        0.165161
BFGS:   15 11:18:28   -24160.782560        0.136124
BFGS:   16 11:18:28   -24160.786764        0.138500
BFGS:   17 11:18:29   -24160.790533        0.141460
BFGS:   18 11:18:29   -24160.794151        0.149282
BFGS:   19 11:18:29   -24160.797183        0.102734
BFGS:   20 11:18:29   -24160.799774        0.101105
BFGS:   21 11:18:29   -24160.802683        0.125083
BFGS:   22 11:18:30   -24160.806124        0.144425
BFGS:   23 11:18:30   -24160.809716        0.121399
BFGS:   24 11:18:30   -24160.812859        0.104514
BFGS:   25 11:18:30   -24160.815611        0.091590
    -> 25 steps, converged=True
  strain peptide   237.80   ligand     9.09 kcal/mol
    relaxing peptide + cavity waters: 413 atoms, fmax 0.3, max 200 steps
/Users/cafierom/.local/share/uv/python/cpython-3.12.13-macos-aarch64-none/lib/python3.12/multiprocessing/resource_tracker.py:279: UserWarning: resource_tracker: There appear to be 1 leaked semaphore objects to clean up at shutdown
  warnings.warn('resource_tracker: There appear to be %d '
