Sat 10 Oct 2026 09:09:41 BST
### shuffle_control_o3cof: 20 ns on pose cofold of shuffle_control_o3cof (box=dodecahedron)
trajectory present in runs/octinoxate/md/shuffle_control_o3cof/prod_20ns (traj.dcd or traj_wrapped.xtc), skipping the dynamics
/Users/cafierom/miniforge3/envs/openmm-md/lib/python3.11/site-packages/mdtraj/formats/netcdf.py:154: UserWarning: Warning: The 'netCDF4' Python package is not installed. MDTraj is using the 'scipy' implementation to read and write netCDF files,which can be significantly slower.
For improved performance, consider installing netCDF4. See installation instructions at:
https://unidata.github.io/netcdf4-python/#quick-install
  warnings.warn(warning_message)
[build] hetero discovery (resname | HETNAM | min dist to ligand | action):
[mmgbsa] cofactor residues to re-add: 0 ([])
[mmgbsa] solute modeller: 421 atoms
[mmgbsa] prmtop + inpcrd -> mmgbsa/complex.prmtop (421 atoms, radii=['H(N)-modified Bondi radii (mbondi2)'])
[mmgbsa] receptor + ligand prmtops -> mmgbsa/receptor.prmtop, mmgbsa/ligand.prmtop
[mmgbsa] trajectory -> mmgbsa/traj.nc (421 atoms, 2000 frames)
[mmgbsa] MMPBSA.py input -> mmgbsa/mmgbsa.in
[mmgbsa] prmtop atoms: 421; ligand residue present: True
[mmgbsa] MMPBSA.py done -> mmgbsa/FINAL_RESULTS_MMPBSA.dat
MMGBSA_EXIT=0
Sat 10 Oct 2026 09:10:31 BST
kept 500 of 2000 frames (leading 5 ns, wrapped solute)
/Users/cafierom/miniforge3/envs/openmm-md/lib/python3.11/site-packages/mdtraj/formats/netcdf.py:154: UserWarning: Warning: The 'netCDF4' Python package is not installed. MDTraj is using the 'scipy' implementation to read and write netCDF files,which can be significantly slower.
For improved performance, consider installing netCDF4. See installation instructions at:
https://unidata.github.io/netcdf4-python/#quick-install
  warnings.warn(warning_message)
[build] hetero discovery (resname | HETNAM | min dist to ligand | action):
[mmgbsa] cofactor residues to re-add: 0 ([])
[mmgbsa] solute modeller: 421 atoms
[mmgbsa] prmtop + inpcrd -> mmgbsa/complex.prmtop (421 atoms, radii=['H(N)-modified Bondi radii (mbondi2)'])
[mmgbsa] receptor + ligand prmtops -> mmgbsa/receptor.prmtop, mmgbsa/ligand.prmtop
[mmgbsa] trajectory -> mmgbsa/traj.nc (421 atoms, 500 frames)
[mmgbsa] MMPBSA.py input -> mmgbsa/mmgbsa.in
[mmgbsa] prmtop atoms: 421; ligand residue present: True
[mmgbsa] MMPBSA.py done -> mmgbsa/FINAL_RESULTS_MMPBSA.dat
WINDOW_EXIT[5ns]=0
Sat 10 Oct 2026 09:11:05 BST
kept 1000 of 2000 frames (leading 10 ns, wrapped solute)
/Users/cafierom/miniforge3/envs/openmm-md/lib/python3.11/site-packages/mdtraj/formats/netcdf.py:154: UserWarning: Warning: The 'netCDF4' Python package is not installed. MDTraj is using the 'scipy' implementation to read and write netCDF files,which can be significantly slower.
For improved performance, consider installing netCDF4. See installation instructions at:
https://unidata.github.io/netcdf4-python/#quick-install
  warnings.warn(warning_message)
[build] hetero discovery (resname | HETNAM | min dist to ligand | action):
[mmgbsa] cofactor residues to re-add: 0 ([])
[mmgbsa] solute modeller: 421 atoms
[mmgbsa] prmtop + inpcrd -> mmgbsa/complex.prmtop (421 atoms, radii=['H(N)-modified Bondi radii (mbondi2)'])
[mmgbsa] receptor + ligand prmtops -> mmgbsa/receptor.prmtop, mmgbsa/ligand.prmtop
[mmgbsa] trajectory -> mmgbsa/traj.nc (421 atoms, 1000 frames)
[mmgbsa] MMPBSA.py input -> mmgbsa/mmgbsa.in
[mmgbsa] prmtop atoms: 421; ligand residue present: True
[mmgbsa] MMPBSA.py done -> mmgbsa/FINAL_RESULTS_MMPBSA.dat
WINDOW_EXIT[10ns]=0
Sat 10 Oct 2026 09:11:44 BST
kept 1500 of 2000 frames (leading 15 ns, wrapped solute)
/Users/cafierom/miniforge3/envs/openmm-md/lib/python3.11/site-packages/mdtraj/formats/netcdf.py:154: UserWarning: Warning: The 'netCDF4' Python package is not installed. MDTraj is using the 'scipy' implementation to read and write netCDF files,which can be significantly slower.
For improved performance, consider installing netCDF4. See installation instructions at:
https://unidata.github.io/netcdf4-python/#quick-install
  warnings.warn(warning_message)
[build] hetero discovery (resname | HETNAM | min dist to ligand | action):
[mmgbsa] cofactor residues to re-add: 0 ([])
[mmgbsa] solute modeller: 421 atoms
[mmgbsa] prmtop + inpcrd -> mmgbsa/complex.prmtop (421 atoms, radii=['H(N)-modified Bondi radii (mbondi2)'])
[mmgbsa] receptor + ligand prmtops -> mmgbsa/receptor.prmtop, mmgbsa/ligand.prmtop
[mmgbsa] trajectory -> mmgbsa/traj.nc (421 atoms, 1500 frames)
[mmgbsa] MMPBSA.py input -> mmgbsa/mmgbsa.in
[mmgbsa] prmtop atoms: 421; ligand residue present: True
[mmgbsa] MMPBSA.py done -> mmgbsa/FINAL_RESULTS_MMPBSA.dat
WINDOW_EXIT[15ns]=0
Sat 10 Oct 2026 09:12:29 BST

=== runs/octinoxate/md/shuffle_control_o3cof/prod_20ns
2000 frames, 203 peptide / 20 ligand heavy atoms
     ns  contacts   sep A  pep Rg
    2.0       9.7   13.36    8.81
    4.0      16.2   13.02    8.91
    6.0      14.8   12.86    9.37
    8.0      20.3   11.59    9.00
   10.0      19.2    9.78    8.88
   12.0      22.1   10.50    9.16
   14.0      22.6   11.13    9.26
   16.0      16.1   13.76    9.36
   18.0      16.6   12.43    9.50
   20.0      35.0    8.13    9.39
whole run: contacts 9.7 -> 35.0 (mean 19.3), separation 13.36 -> 8.13 A (max 27.07), closest heavy-atom approach 2.62 A
  residence within 10 A: 25.7% of the run
  release (at 10.0 ps spacing): 84 frames (4.2%) in 18 episodes, longest 430.0 ps, 0.84 ns detached, 83% of it in the second half

wrote runs/octinoxate/md/shuffle_control_o3cof/md_contacts.csv

=== runs/octinoxate/md/shuffle_control_o3cof/prod_20ns
  2000 frames total; window 18.0-19.99 ns
  runs/octinoxate/md/shuffle_control_o3cof/prod_20ns/frames_last.pdb  (10 models)
  runs/octinoxate/md/shuffle_control_o3cof/prod_20ns/frame_medoid.pdb  (frame at 18.99 ns, 1.29 A from the window mean; window spread 2.06 A)

in PyMOL, for the ensemble:
  load frames_last.pdb, ens
  set all_states, on
  hide everything; show cartoon, polymer; show sticks, not polymer
  color grey70, polymer; color red, not polymer

or for a single clean frame:
  load frame_medoid.pdb, best
DONE shuffle_control_o3cof
Sat 10 Oct 2026 09:12:30 BST
