Sat 10 Oct 2026 07:26:39 BST
### ox2_esm1_f8_o3cof: 20 ns on pose cofold of ox2_esm1_f8_o3cof (box=dodecahedron)
trajectory present in runs/oxybenzone/md/ox2_esm1_f8_o3cof/prod_20ns (traj.dcd or traj_wrapped.xtc), skipping the dynamics
/Users/cafierom/miniforge3/envs/openmm-md/lib/python3.11/site-packages/mdtraj/formats/netcdf.py:154: UserWarning: Warning: The 'netCDF4' Python package is not installed. MDTraj is using the 'scipy' implementation to read and write netCDF files,which can be significantly slower.
For improved performance, consider installing netCDF4. See installation instructions at:
https://unidata.github.io/netcdf4-python/#quick-install
  warnings.warn(warning_message)
[build] hetero discovery (resname | HETNAM | min dist to ligand | action):
[mmgbsa] cofactor residues to re-add: 0 ([])
[mmgbsa] solute modeller: 474 atoms
[mmgbsa] prmtop + inpcrd -> mmgbsa/complex.prmtop (474 atoms, radii=['H(N)-modified Bondi radii (mbondi2)'])
[mmgbsa] receptor + ligand prmtops -> mmgbsa/receptor.prmtop, mmgbsa/ligand.prmtop
[mmgbsa] trajectory -> mmgbsa/traj.nc (474 atoms, 2000 frames)
[mmgbsa] MMPBSA.py input -> mmgbsa/mmgbsa.in
[mmgbsa] prmtop atoms: 474; ligand residue present: True
[mmgbsa] MMPBSA.py done -> mmgbsa/FINAL_RESULTS_MMPBSA.dat
MMGBSA_EXIT=0
Sat 10 Oct 2026 07:27:20 BST
kept 500 of 2000 frames (leading 5 ns, wrapped solute)
/Users/cafierom/miniforge3/envs/openmm-md/lib/python3.11/site-packages/mdtraj/formats/netcdf.py:154: UserWarning: Warning: The 'netCDF4' Python package is not installed. MDTraj is using the 'scipy' implementation to read and write netCDF files,which can be significantly slower.
For improved performance, consider installing netCDF4. See installation instructions at:
https://unidata.github.io/netcdf4-python/#quick-install
  warnings.warn(warning_message)
[build] hetero discovery (resname | HETNAM | min dist to ligand | action):
[mmgbsa] cofactor residues to re-add: 0 ([])
[mmgbsa] solute modeller: 474 atoms
[mmgbsa] prmtop + inpcrd -> mmgbsa/complex.prmtop (474 atoms, radii=['H(N)-modified Bondi radii (mbondi2)'])
[mmgbsa] receptor + ligand prmtops -> mmgbsa/receptor.prmtop, mmgbsa/ligand.prmtop
[mmgbsa] trajectory -> mmgbsa/traj.nc (474 atoms, 500 frames)
[mmgbsa] MMPBSA.py input -> mmgbsa/mmgbsa.in
[mmgbsa] prmtop atoms: 474; ligand residue present: True
[mmgbsa] MMPBSA.py done -> mmgbsa/FINAL_RESULTS_MMPBSA.dat
WINDOW_EXIT[5ns]=0
Sat 10 Oct 2026 07:27:38 BST
kept 1000 of 2000 frames (leading 10 ns, wrapped solute)
/Users/cafierom/miniforge3/envs/openmm-md/lib/python3.11/site-packages/mdtraj/formats/netcdf.py:154: UserWarning: Warning: The 'netCDF4' Python package is not installed. MDTraj is using the 'scipy' implementation to read and write netCDF files,which can be significantly slower.
For improved performance, consider installing netCDF4. See installation instructions at:
https://unidata.github.io/netcdf4-python/#quick-install
  warnings.warn(warning_message)
[build] hetero discovery (resname | HETNAM | min dist to ligand | action):
[mmgbsa] cofactor residues to re-add: 0 ([])
[mmgbsa] solute modeller: 474 atoms
[mmgbsa] prmtop + inpcrd -> mmgbsa/complex.prmtop (474 atoms, radii=['H(N)-modified Bondi radii (mbondi2)'])
[mmgbsa] receptor + ligand prmtops -> mmgbsa/receptor.prmtop, mmgbsa/ligand.prmtop
[mmgbsa] trajectory -> mmgbsa/traj.nc (474 atoms, 1000 frames)
[mmgbsa] MMPBSA.py input -> mmgbsa/mmgbsa.in
[mmgbsa] prmtop atoms: 474; ligand residue present: True
[mmgbsa] MMPBSA.py done -> mmgbsa/FINAL_RESULTS_MMPBSA.dat
WINDOW_EXIT[10ns]=0
Sat 10 Oct 2026 07:28:05 BST
kept 1500 of 2000 frames (leading 15 ns, wrapped solute)
/Users/cafierom/miniforge3/envs/openmm-md/lib/python3.11/site-packages/mdtraj/formats/netcdf.py:154: UserWarning: Warning: The 'netCDF4' Python package is not installed. MDTraj is using the 'scipy' implementation to read and write netCDF files,which can be significantly slower.
For improved performance, consider installing netCDF4. See installation instructions at:
https://unidata.github.io/netcdf4-python/#quick-install
  warnings.warn(warning_message)
[build] hetero discovery (resname | HETNAM | min dist to ligand | action):
[mmgbsa] cofactor residues to re-add: 0 ([])
[mmgbsa] solute modeller: 474 atoms
[mmgbsa] prmtop + inpcrd -> mmgbsa/complex.prmtop (474 atoms, radii=['H(N)-modified Bondi radii (mbondi2)'])
[mmgbsa] receptor + ligand prmtops -> mmgbsa/receptor.prmtop, mmgbsa/ligand.prmtop
[mmgbsa] trajectory -> mmgbsa/traj.nc (474 atoms, 1500 frames)
[mmgbsa] MMPBSA.py input -> mmgbsa/mmgbsa.in
[mmgbsa] prmtop atoms: 474; ligand residue present: True
[mmgbsa] MMPBSA.py done -> mmgbsa/FINAL_RESULTS_MMPBSA.dat
WINDOW_EXIT[15ns]=0
Sat 10 Oct 2026 07:28:38 BST

=== runs/oxybenzone/md/ox2_esm1_f8_o3cof/prod_20ns
2000 frames, 231 peptide / 17 ligand heavy atoms
     ns  contacts   sep A  pep Rg
    2.0      39.6    5.88   10.02
    4.0      45.5    6.48    9.81
    6.0      47.5    4.30    9.82
    8.0      43.7    3.97    9.93
   10.0      22.5    8.47   10.14
   12.0      21.2    8.96   10.49
   14.0      19.8    6.56   10.62
   16.0      22.9    6.11   10.50
   18.0      28.5    6.72   10.62
   20.0      25.4    5.56   10.38
whole run: contacts 39.6 -> 25.4 (mean 31.6), separation 5.88 -> 5.56 A (max 13.48), closest heavy-atom approach 2.39 A
  residence within 10 A: 93.2% of the run
  release (at 10.0 ps spacing): 0 frames (0.0%) in 0 episodes, longest 0.0 ps, 0.0 ns detached, 0% of it in the second half

wrote runs/oxybenzone/md/ox2_esm1_f8_o3cof/md_contacts.csv

=== runs/oxybenzone/md/ox2_esm1_f8_o3cof/prod_20ns
  2000 frames total; window 18.0-19.99 ns
  runs/oxybenzone/md/ox2_esm1_f8_o3cof/prod_20ns/frames_last.pdb  (10 models)
  runs/oxybenzone/md/ox2_esm1_f8_o3cof/prod_20ns/frame_medoid.pdb  (frame at 19.2 ns, 0.94 A from the window mean; window spread 1.69 A)

in PyMOL, for the ensemble:
  load frames_last.pdb, ens
  set all_states, on
  hide everything; show cartoon, polymer; show sticks, not polymer
  color grey70, polymer; color red, not polymer

or for a single clean frame:
  load frame_medoid.pdb, best
DONE ox2_esm1_f8_o3cof
Sat 10 Oct 2026 07:28:39 BST
