Sat 10 Oct 2026 12:11:34 BST
### ox2_shuffle_esm0_o3cof: 20 ns on pose cofold of ox2_shuffle_esm0_o3cof (box=dodecahedron)
trajectory present in runs/oxybenzone/md/ox2_shuffle_esm0_o3cof/prod_20ns (traj.dcd or traj_wrapped.xtc), skipping the dynamics
/Users/cafierom/miniforge3/envs/openmm-md/lib/python3.11/site-packages/mdtraj/formats/netcdf.py:154: UserWarning: Warning: The 'netCDF4' Python package is not installed. MDTraj is using the 'scipy' implementation to read and write netCDF files,which can be significantly slower.
For improved performance, consider installing netCDF4. See installation instructions at:
https://unidata.github.io/netcdf4-python/#quick-install
  warnings.warn(warning_message)
[build] hetero discovery (resname | HETNAM | min dist to ligand | action):
[mmgbsa] cofactor residues to re-add: 0 ([])
[mmgbsa] solute modeller: 542 atoms
[mmgbsa] prmtop + inpcrd -> mmgbsa/complex.prmtop (542 atoms, radii=['H(N)-modified Bondi radii (mbondi2)'])
[mmgbsa] receptor + ligand prmtops -> mmgbsa/receptor.prmtop, mmgbsa/ligand.prmtop
[mmgbsa] trajectory -> mmgbsa/traj.nc (542 atoms, 2000 frames)
[mmgbsa] MMPBSA.py input -> mmgbsa/mmgbsa.in
[mmgbsa] prmtop atoms: 542; ligand residue present: True
[mmgbsa] MMPBSA.py done -> mmgbsa/FINAL_RESULTS_MMPBSA.dat
MMGBSA_EXIT=0
Sat 10 Oct 2026 12:12:18 BST
kept 500 of 2000 frames (leading 5 ns, wrapped solute)
/Users/cafierom/miniforge3/envs/openmm-md/lib/python3.11/site-packages/mdtraj/formats/netcdf.py:154: UserWarning: Warning: The 'netCDF4' Python package is not installed. MDTraj is using the 'scipy' implementation to read and write netCDF files,which can be significantly slower.
For improved performance, consider installing netCDF4. See installation instructions at:
https://unidata.github.io/netcdf4-python/#quick-install
  warnings.warn(warning_message)
[build] hetero discovery (resname | HETNAM | min dist to ligand | action):
[mmgbsa] cofactor residues to re-add: 0 ([])
[mmgbsa] solute modeller: 542 atoms
[mmgbsa] prmtop + inpcrd -> mmgbsa/complex.prmtop (542 atoms, radii=['H(N)-modified Bondi radii (mbondi2)'])
[mmgbsa] receptor + ligand prmtops -> mmgbsa/receptor.prmtop, mmgbsa/ligand.prmtop
[mmgbsa] trajectory -> mmgbsa/traj.nc (542 atoms, 500 frames)
[mmgbsa] MMPBSA.py input -> mmgbsa/mmgbsa.in
[mmgbsa] prmtop atoms: 542; ligand residue present: True
[mmgbsa] MMPBSA.py done -> mmgbsa/FINAL_RESULTS_MMPBSA.dat
WINDOW_EXIT[5ns]=0
Sat 10 Oct 2026 12:12:36 BST
kept 1000 of 2000 frames (leading 10 ns, wrapped solute)
/Users/cafierom/miniforge3/envs/openmm-md/lib/python3.11/site-packages/mdtraj/formats/netcdf.py:154: UserWarning: Warning: The 'netCDF4' Python package is not installed. MDTraj is using the 'scipy' implementation to read and write netCDF files,which can be significantly slower.
For improved performance, consider installing netCDF4. See installation instructions at:
https://unidata.github.io/netcdf4-python/#quick-install
  warnings.warn(warning_message)
[build] hetero discovery (resname | HETNAM | min dist to ligand | action):
[mmgbsa] cofactor residues to re-add: 0 ([])
[mmgbsa] solute modeller: 542 atoms
[mmgbsa] prmtop + inpcrd -> mmgbsa/complex.prmtop (542 atoms, radii=['H(N)-modified Bondi radii (mbondi2)'])
[mmgbsa] receptor + ligand prmtops -> mmgbsa/receptor.prmtop, mmgbsa/ligand.prmtop
[mmgbsa] trajectory -> mmgbsa/traj.nc (542 atoms, 1000 frames)
[mmgbsa] MMPBSA.py input -> mmgbsa/mmgbsa.in
[mmgbsa] prmtop atoms: 542; ligand residue present: True
[mmgbsa] MMPBSA.py done -> mmgbsa/FINAL_RESULTS_MMPBSA.dat
WINDOW_EXIT[10ns]=0
Sat 10 Oct 2026 12:13:02 BST
kept 1500 of 2000 frames (leading 15 ns, wrapped solute)
/Users/cafierom/miniforge3/envs/openmm-md/lib/python3.11/site-packages/mdtraj/formats/netcdf.py:154: UserWarning: Warning: The 'netCDF4' Python package is not installed. MDTraj is using the 'scipy' implementation to read and write netCDF files,which can be significantly slower.
For improved performance, consider installing netCDF4. See installation instructions at:
https://unidata.github.io/netcdf4-python/#quick-install
  warnings.warn(warning_message)
[build] hetero discovery (resname | HETNAM | min dist to ligand | action):
[mmgbsa] cofactor residues to re-add: 0 ([])
[mmgbsa] solute modeller: 542 atoms
[mmgbsa] prmtop + inpcrd -> mmgbsa/complex.prmtop (542 atoms, radii=['H(N)-modified Bondi radii (mbondi2)'])
[mmgbsa] receptor + ligand prmtops -> mmgbsa/receptor.prmtop, mmgbsa/ligand.prmtop
[mmgbsa] trajectory -> mmgbsa/traj.nc (542 atoms, 1500 frames)
[mmgbsa] MMPBSA.py input -> mmgbsa/mmgbsa.in
[mmgbsa] prmtop atoms: 542; ligand residue present: True
[mmgbsa] MMPBSA.py done -> mmgbsa/FINAL_RESULTS_MMPBSA.dat
WINDOW_EXIT[15ns]=0
Sat 10 Oct 2026 12:13:38 BST

=== runs/oxybenzone/md/ox2_shuffle_esm0_o3cof/prod_20ns
2000 frames, 258 peptide / 17 ligand heavy atoms
     ns  contacts   sep A  pep Rg
    2.0       4.3   18.64   14.09
    4.0       2.0   26.49   14.13
    6.0       0.0   31.85   13.87
    8.0       0.3   27.28   14.05
   10.0       0.0   34.58   13.61
   12.0       0.0   36.66   13.89
   14.0       0.0   36.20   14.38
   16.0       0.0   36.28   13.94
   18.0       1.1   33.83   14.41
   20.0       9.6   16.21   14.09
whole run: contacts 4.3 -> 9.6 (mean 1.7), separation 18.64 -> 16.21 A (max 50.09), closest heavy-atom approach 2.81 A
  residence within 10 A: 1.1% of the run
  release (at 10.0 ps spacing): 1667 frames (83.35%) in 25 episodes, longest 9270.0 ps, 16.67 ns detached, 52% of it in the second half

wrote runs/oxybenzone/md/ox2_shuffle_esm0_o3cof/md_contacts.csv

=== runs/oxybenzone/md/ox2_shuffle_esm0_o3cof/prod_20ns
  2000 frames total; window 18.0-19.99 ns
  runs/oxybenzone/md/ox2_shuffle_esm0_o3cof/prod_20ns/frames_last.pdb  (10 models)
  runs/oxybenzone/md/ox2_shuffle_esm0_o3cof/prod_20ns/frame_medoid.pdb  (frame at 18.74 ns, 0.97 A from the window mean; window spread 1.67 A)

in PyMOL, for the ensemble:
  load frames_last.pdb, ens
  set all_states, on
  hide everything; show cartoon, polymer; show sticks, not polymer
  color grey70, polymer; color red, not polymer

or for a single clean frame:
  load frame_medoid.pdb, best
DONE ox2_shuffle_esm0_o3cof
Sat 10 Oct 2026 12:13:39 BST
N4_TAIL_DONE 12:13:39
