Sat 10 Oct 2026 11:01:12 BST
### ox2_shuffle_o3cof: 20 ns on pose cofold of ox2_shuffle_o3cof (box=dodecahedron)
trajectory present in runs/oxybenzone/md/ox2_shuffle_o3cof/prod_20ns (traj.dcd or traj_wrapped.xtc), skipping the dynamics
/Users/cafierom/miniforge3/envs/openmm-md/lib/python3.11/site-packages/mdtraj/formats/netcdf.py:154: UserWarning: Warning: The 'netCDF4' Python package is not installed. MDTraj is using the 'scipy' implementation to read and write netCDF files,which can be significantly slower.
For improved performance, consider installing netCDF4. See installation instructions at:
https://unidata.github.io/netcdf4-python/#quick-install
  warnings.warn(warning_message)
[build] hetero discovery (resname | HETNAM | min dist to ligand | action):
[mmgbsa] cofactor residues to re-add: 0 ([])
[mmgbsa] solute modeller: 371 atoms
[mmgbsa] prmtop + inpcrd -> mmgbsa/complex.prmtop (371 atoms, radii=['H(N)-modified Bondi radii (mbondi2)'])
[mmgbsa] receptor + ligand prmtops -> mmgbsa/receptor.prmtop, mmgbsa/ligand.prmtop
[mmgbsa] trajectory -> mmgbsa/traj.nc (371 atoms, 2000 frames)
[mmgbsa] MMPBSA.py input -> mmgbsa/mmgbsa.in
[mmgbsa] prmtop atoms: 371; ligand residue present: True
[mmgbsa] MMPBSA.py done -> mmgbsa/FINAL_RESULTS_MMPBSA.dat
MMGBSA_EXIT=0
Sat 10 Oct 2026 11:01:55 BST
kept 500 of 2000 frames (leading 5 ns, wrapped solute)
/Users/cafierom/miniforge3/envs/openmm-md/lib/python3.11/site-packages/mdtraj/formats/netcdf.py:154: UserWarning: Warning: The 'netCDF4' Python package is not installed. MDTraj is using the 'scipy' implementation to read and write netCDF files,which can be significantly slower.
For improved performance, consider installing netCDF4. See installation instructions at:
https://unidata.github.io/netcdf4-python/#quick-install
  warnings.warn(warning_message)
[build] hetero discovery (resname | HETNAM | min dist to ligand | action):
[mmgbsa] cofactor residues to re-add: 0 ([])
[mmgbsa] solute modeller: 371 atoms
[mmgbsa] prmtop + inpcrd -> mmgbsa/complex.prmtop (371 atoms, radii=['H(N)-modified Bondi radii (mbondi2)'])
[mmgbsa] receptor + ligand prmtops -> mmgbsa/receptor.prmtop, mmgbsa/ligand.prmtop
[mmgbsa] trajectory -> mmgbsa/traj.nc (371 atoms, 500 frames)
[mmgbsa] MMPBSA.py input -> mmgbsa/mmgbsa.in
[mmgbsa] prmtop atoms: 371; ligand residue present: True
[mmgbsa] MMPBSA.py done -> mmgbsa/FINAL_RESULTS_MMPBSA.dat
WINDOW_EXIT[5ns]=0
Sat 10 Oct 2026 11:02:15 BST
kept 1000 of 2000 frames (leading 10 ns, wrapped solute)
/Users/cafierom/miniforge3/envs/openmm-md/lib/python3.11/site-packages/mdtraj/formats/netcdf.py:154: UserWarning: Warning: The 'netCDF4' Python package is not installed. MDTraj is using the 'scipy' implementation to read and write netCDF files,which can be significantly slower.
For improved performance, consider installing netCDF4. See installation instructions at:
https://unidata.github.io/netcdf4-python/#quick-install
  warnings.warn(warning_message)
[build] hetero discovery (resname | HETNAM | min dist to ligand | action):
[mmgbsa] cofactor residues to re-add: 0 ([])
[mmgbsa] solute modeller: 371 atoms
[mmgbsa] prmtop + inpcrd -> mmgbsa/complex.prmtop (371 atoms, radii=['H(N)-modified Bondi radii (mbondi2)'])
[mmgbsa] receptor + ligand prmtops -> mmgbsa/receptor.prmtop, mmgbsa/ligand.prmtop
[mmgbsa] trajectory -> mmgbsa/traj.nc (371 atoms, 1000 frames)
[mmgbsa] MMPBSA.py input -> mmgbsa/mmgbsa.in
[mmgbsa] prmtop atoms: 371; ligand residue present: True
[mmgbsa] MMPBSA.py done -> mmgbsa/FINAL_RESULTS_MMPBSA.dat
WINDOW_EXIT[10ns]=0
Sat 10 Oct 2026 11:02:42 BST
kept 1500 of 2000 frames (leading 15 ns, wrapped solute)
/Users/cafierom/miniforge3/envs/openmm-md/lib/python3.11/site-packages/mdtraj/formats/netcdf.py:154: UserWarning: Warning: The 'netCDF4' Python package is not installed. MDTraj is using the 'scipy' implementation to read and write netCDF files,which can be significantly slower.
For improved performance, consider installing netCDF4. See installation instructions at:
https://unidata.github.io/netcdf4-python/#quick-install
  warnings.warn(warning_message)
[build] hetero discovery (resname | HETNAM | min dist to ligand | action):
[mmgbsa] cofactor residues to re-add: 0 ([])
[mmgbsa] solute modeller: 371 atoms
[mmgbsa] prmtop + inpcrd -> mmgbsa/complex.prmtop (371 atoms, radii=['H(N)-modified Bondi radii (mbondi2)'])
[mmgbsa] receptor + ligand prmtops -> mmgbsa/receptor.prmtop, mmgbsa/ligand.prmtop
[mmgbsa] trajectory -> mmgbsa/traj.nc (371 atoms, 1500 frames)
[mmgbsa] MMPBSA.py input -> mmgbsa/mmgbsa.in
[mmgbsa] prmtop atoms: 371; ligand residue present: True
[mmgbsa] MMPBSA.py done -> mmgbsa/FINAL_RESULTS_MMPBSA.dat
WINDOW_EXIT[15ns]=0
Sat 10 Oct 2026 11:03:16 BST

=== runs/oxybenzone/md/ox2_shuffle_o3cof/prod_20ns
2000 frames, 185 peptide / 17 ligand heavy atoms
     ns  contacts   sep A  pep Rg
    2.0      22.2    8.93    8.01
    4.0      18.1   11.65    8.14
    6.0       1.9   18.88    8.67
    8.0       2.5   21.49    8.66
   10.0       3.3   21.70    8.39
   12.0       5.1   18.32    8.15
   14.0       3.5   16.10    8.16
   16.0       1.5   20.84    8.28
   18.0       5.5   16.09    8.55
   20.0       8.9   15.43    8.63
whole run: contacts 22.2 -> 8.9 (mean 7.3), separation 8.93 -> 15.43 A (max 31.22), closest heavy-atom approach 2.38 A
  residence within 10 A: 14.8% of the run
  release (at 10.0 ps spacing): 1092 frames (54.6%) in 34 episodes, longest 2900.0 ps, 10.92 ns detached, 54% of it in the second half

wrote runs/oxybenzone/md/ox2_shuffle_o3cof/md_contacts.csv

=== runs/oxybenzone/md/ox2_shuffle_o3cof/prod_20ns
  2000 frames total; window 18.0-19.99 ns
  runs/oxybenzone/md/ox2_shuffle_o3cof/prod_20ns/frames_last.pdb  (10 models)
  runs/oxybenzone/md/ox2_shuffle_o3cof/prod_20ns/frame_medoid.pdb  (frame at 18.83 ns, 1.09 A from the window mean; window spread 1.7 A)

in PyMOL, for the ensemble:
  load frames_last.pdb, ens
  set all_states, on
  hide everything; show cartoon, polymer; show sticks, not polymer
  color grey70, polymer; color red, not polymer

or for a single clean frame:
  load frame_medoid.pdb, best
DONE ox2_shuffle_o3cof
Sat 10 Oct 2026 11:03:17 BST
N3_TAIL_DONE 11:03:17
