Sat 10 Oct 2026 10:15:51 BST
### shuffle_control_esm0_o3cof: 20 ns on pose cofold of shuffle_control_esm0_o3cof (box=dodecahedron)
trajectory present in runs/octinoxate/md/shuffle_control_esm0_o3cof/prod_20ns (traj.dcd or traj_wrapped.xtc), skipping the dynamics
/Users/cafierom/miniforge3/envs/openmm-md/lib/python3.11/site-packages/mdtraj/formats/netcdf.py:154: UserWarning: Warning: The 'netCDF4' Python package is not installed. MDTraj is using the 'scipy' implementation to read and write netCDF files,which can be significantly slower.
For improved performance, consider installing netCDF4. See installation instructions at:
https://unidata.github.io/netcdf4-python/#quick-install
  warnings.warn(warning_message)
[build] hetero discovery (resname | HETNAM | min dist to ligand | action):
[mmgbsa] cofactor residues to re-add: 0 ([])
[mmgbsa] solute modeller: 649 atoms
[mmgbsa] prmtop + inpcrd -> mmgbsa/complex.prmtop (649 atoms, radii=['H(N)-modified Bondi radii (mbondi2)'])
[mmgbsa] receptor + ligand prmtops -> mmgbsa/receptor.prmtop, mmgbsa/ligand.prmtop
[mmgbsa] trajectory -> mmgbsa/traj.nc (649 atoms, 2000 frames)
[mmgbsa] MMPBSA.py input -> mmgbsa/mmgbsa.in
[mmgbsa] prmtop atoms: 649; ligand residue present: True
[mmgbsa] MMPBSA.py done -> mmgbsa/FINAL_RESULTS_MMPBSA.dat
MMGBSA_EXIT=0
Sat 10 Oct 2026 10:17:09 BST
kept 500 of 2000 frames (leading 5 ns, wrapped solute)
/Users/cafierom/miniforge3/envs/openmm-md/lib/python3.11/site-packages/mdtraj/formats/netcdf.py:154: UserWarning: Warning: The 'netCDF4' Python package is not installed. MDTraj is using the 'scipy' implementation to read and write netCDF files,which can be significantly slower.
For improved performance, consider installing netCDF4. See installation instructions at:
https://unidata.github.io/netcdf4-python/#quick-install
  warnings.warn(warning_message)
[build] hetero discovery (resname | HETNAM | min dist to ligand | action):
[mmgbsa] cofactor residues to re-add: 0 ([])
[mmgbsa] solute modeller: 649 atoms
[mmgbsa] prmtop + inpcrd -> mmgbsa/complex.prmtop (649 atoms, radii=['H(N)-modified Bondi radii (mbondi2)'])
[mmgbsa] receptor + ligand prmtops -> mmgbsa/receptor.prmtop, mmgbsa/ligand.prmtop
[mmgbsa] trajectory -> mmgbsa/traj.nc (649 atoms, 500 frames)
[mmgbsa] MMPBSA.py input -> mmgbsa/mmgbsa.in
[mmgbsa] prmtop atoms: 649; ligand residue present: True
[mmgbsa] MMPBSA.py done -> mmgbsa/FINAL_RESULTS_MMPBSA.dat
WINDOW_EXIT[5ns]=0
Sat 10 Oct 2026 10:17:52 BST
kept 1000 of 2000 frames (leading 10 ns, wrapped solute)
/Users/cafierom/miniforge3/envs/openmm-md/lib/python3.11/site-packages/mdtraj/formats/netcdf.py:154: UserWarning: Warning: The 'netCDF4' Python package is not installed. MDTraj is using the 'scipy' implementation to read and write netCDF files,which can be significantly slower.
For improved performance, consider installing netCDF4. See installation instructions at:
https://unidata.github.io/netcdf4-python/#quick-install
  warnings.warn(warning_message)
[build] hetero discovery (resname | HETNAM | min dist to ligand | action):
[mmgbsa] cofactor residues to re-add: 0 ([])
[mmgbsa] solute modeller: 649 atoms
[mmgbsa] prmtop + inpcrd -> mmgbsa/complex.prmtop (649 atoms, radii=['H(N)-modified Bondi radii (mbondi2)'])
[mmgbsa] receptor + ligand prmtops -> mmgbsa/receptor.prmtop, mmgbsa/ligand.prmtop
[mmgbsa] trajectory -> mmgbsa/traj.nc (649 atoms, 1000 frames)
[mmgbsa] MMPBSA.py input -> mmgbsa/mmgbsa.in
[mmgbsa] prmtop atoms: 649; ligand residue present: True
[mmgbsa] MMPBSA.py done -> mmgbsa/FINAL_RESULTS_MMPBSA.dat
WINDOW_EXIT[10ns]=0
Sat 10 Oct 2026 10:18:47 BST
kept 1500 of 2000 frames (leading 15 ns, wrapped solute)
/Users/cafierom/miniforge3/envs/openmm-md/lib/python3.11/site-packages/mdtraj/formats/netcdf.py:154: UserWarning: Warning: The 'netCDF4' Python package is not installed. MDTraj is using the 'scipy' implementation to read and write netCDF files,which can be significantly slower.
For improved performance, consider installing netCDF4. See installation instructions at:
https://unidata.github.io/netcdf4-python/#quick-install
  warnings.warn(warning_message)
[build] hetero discovery (resname | HETNAM | min dist to ligand | action):
[mmgbsa] cofactor residues to re-add: 0 ([])
[mmgbsa] solute modeller: 649 atoms
[mmgbsa] prmtop + inpcrd -> mmgbsa/complex.prmtop (649 atoms, radii=['H(N)-modified Bondi radii (mbondi2)'])
[mmgbsa] receptor + ligand prmtops -> mmgbsa/receptor.prmtop, mmgbsa/ligand.prmtop
[mmgbsa] trajectory -> mmgbsa/traj.nc (649 atoms, 1500 frames)
[mmgbsa] MMPBSA.py input -> mmgbsa/mmgbsa.in
[mmgbsa] prmtop atoms: 649; ligand residue present: True
[mmgbsa] MMPBSA.py done -> mmgbsa/FINAL_RESULTS_MMPBSA.dat
WINDOW_EXIT[15ns]=0
Sat 10 Oct 2026 10:19:54 BST

=== runs/octinoxate/md/shuffle_control_esm0_o3cof/prod_20ns
2000 frames, 300 peptide / 20 ligand heavy atoms
     ns  contacts   sep A  pep Rg
    2.0       6.4   11.31   15.29
    4.0      24.6    5.76   15.38
    6.0      23.2    5.74   15.39
    8.0      25.9    5.47   15.47
   10.0      25.2    5.41   15.47
   12.0      22.1    7.12   15.68
   14.0      23.1    5.39   15.98
   16.0      24.7    5.33   15.54
   18.0      24.5    5.21   15.14
   20.0      26.9    4.52   14.95
whole run: contacts 6.4 -> 26.9 (mean 22.6), separation 11.31 -> 4.52 A (max 17.09), closest heavy-atom approach 2.68 A
  residence within 10 A: 92.5% of the run
  release (at 10.0 ps spacing): 49 frames (2.45%) in 11 episodes, longest 160.0 ps, 0.49 ns detached, 0% of it in the second half

wrote runs/octinoxate/md/shuffle_control_esm0_o3cof/md_contacts.csv

=== runs/octinoxate/md/shuffle_control_esm0_o3cof/prod_20ns
  2000 frames total; window 18.0-19.99 ns
  runs/octinoxate/md/shuffle_control_esm0_o3cof/prod_20ns/frames_last.pdb  (10 models)
  runs/octinoxate/md/shuffle_control_esm0_o3cof/prod_20ns/frame_medoid.pdb  (frame at 18.55 ns, 1.09 A from the window mean; window spread 1.77 A)

in PyMOL, for the ensemble:
  load frames_last.pdb, ens
  set all_states, on
  hide everything; show cartoon, polymer; show sticks, not polymer
  color grey70, polymer; color red, not polymer

or for a single clean frame:
  load frame_medoid.pdb, best
DONE shuffle_control_esm0_o3cof
Sat 10 Oct 2026 10:19:55 BST
N2_TAIL_DONE 10:19:55
