ligand SMILES: CCCC[C@H](CC)OC(=O)/C=C/c1ccc(OC)cc1
33 structures found

W0924 22:17:05.692000 99859 torch/distributed/elastic/multiprocessing/redirects.py:35] NOTE: Redirects are currently not supported in MacOs.
[22:17:16] WARNING: More than one matching pattern found - picking one

WARNING:root:Model is being compiled this might take a while for the first time
W0924 22:17:17.756000 99859 torch/_logging/_internal.py:1345] [0/0] Profiler record function <class 'torch.autograd.profiler.record_function'> will be ignored
WARNING:root:The UMA fast path (merge_mole + compile) is only available for fixed composition, task, charge, and spin. This is optimized for MD applications. Falling back to a less optimized version for subsequent evaluations. Reason: 'Compositions differ from merged model'.
Use inference_settings='batch' for heterogeneous batched evaluations.
DKSIFEDIKWGEGLGYGLS           19 res, 336 atoms, peptide charge -2  IE    -7.21 kcal/mol
[22:17:57] WARNING: More than one matching pattern found - picking one

DLFEYGGIKWGS                  12 res, 231 atoms, peptide charge -1  IE    -6.89 kcal/mol
[22:18:05] WARNING: More than one matching pattern found - picking one

EFIISLDEGFGWGLGKGGGGYS        22 res, 350 atoms, peptide charge -2  IE   -18.74 kcal/mol
[22:18:31] WARNING: More than one matching pattern found - picking one

EGKGLISDGWGFGGGY              16 res, 259 atoms, peptide charge -1  IE    -9.51 kcal/mol
[22:18:45] WARNING: More than one matching pattern found - picking one

FEGDSIWDKGRYGLEGS             17 res, 300 atoms, peptide charge -2  IE    -3.59 kcal/mol
[22:19:09] WARNING: More than one matching pattern found - picking one

FEGKDWISGGRYGL                14 res, 262 atoms, peptide charge +0  IE    -1.98 kcal/mol
[22:19:21] WARNING: More than one matching pattern found - picking one

IDELGKGWKISGSLGYEGGF          20 res, 338 atoms, peptide charge -1  IE   -24.55 kcal/mol
[22:19:45] WARNING: More than one matching pattern found - picking one

IDELGSFKWGGGGY                14 res, 245 atoms, peptide charge -1  IE   -10.26 kcal/mol
[22:19:56] WARNING: More than one matching pattern found - picking one

KIDEFSIGDKGWGEGLGYGLS         21 res, 350 atoms, peptide charge -2  IE   -23.02 kcal/mol
[22:20:21] WARNING: More than one matching pattern found - picking one

KIGEFSDLGYGGGW                14 res, 245 atoms, peptide charge -1  IE   -13.86 kcal/mol
[22:20:30] WARNING: More than one matching pattern found - picking one

LSFIGYWEGK                    10 res, 212 atoms, peptide charge +0  IE   -13.91 kcal/mol
[22:20:37] WARNING: More than one matching pattern found - picking one

LSFIKGYSWEEGKGGGL             17 res, 300 atoms, peptide charge +0  IE    26.49 kcal/mol
[22:20:54] WARNING: More than one matching pattern found - picking one

RGGGYGGGGLGGGGEGGGFGGGSGGGDGGGWGGGKGGGI  39 res, 437 atoms, peptide charge +0  IE    12.90 kcal/mol
[22:21:49] WARNING: More than one matching pattern found - picking one

RGGYGGGLGGGEGGFGGSGGDGGWGGKGGI  30 res, 374 atoms, peptide charge +0  IE   -15.69 kcal/mol
[22:22:26] WARNING: More than one matching pattern found - picking one

RGYGGLGGEGFGSGDGWGKGI         21 res, 311 atoms, peptide charge +0  IE   -16.62 kcal/mol
[22:22:44] WARNING: More than one matching pattern found - picking one

RYGLGEFSDWKI                  12 res, 248 atoms, peptide charge +0  IE    -1.35 kcal/mol
[22:22:54] WARNING: More than one matching pattern found - picking one

RYGLSGIKWDKSFEGDGGE           19 res, 329 atoms, peptide charge -1  IE   -10.05 kcal/mol
[22:23:24] WARNING: More than one matching pattern found - picking one

SLWYGKGDGFGRGGE               15 res, 257 atoms, peptide charge +0  IE   -14.21 kcal/mol
[22:23:34] WARNING: More than one matching pattern found - picking one

SLWYGKGDGFLGYSGEGGR           19 res, 315 atoms, peptide charge +0  IE   -12.47 kcal/mol
[22:23:54] WARNING: More than one matching pattern found - picking one

WSDKGEGFGEYRLGGW              16 res, 289 atoms, peptide charge -1  IE   -16.56 kcal/mol
[22:24:11] WARNING: More than one matching pattern found - picking one

WSDKGEGFGYRL                  12 res, 236 atoms, peptide charge +0  IE   -16.82 kcal/mol
[22:24:19] WARNING: More than one matching pattern found - picking one

YELFISWDKGR                   11 res, 241 atoms, peptide charge +0  IE    -0.48 kcal/mol
[22:24:23] WARNING: More than one matching pattern found - picking one

YELFISWDKGRGGSGEY             17 res, 309 atoms, peptide charge -1  IE    75.35 kcal/mol
[22:24:44] WARNING: More than one matching pattern found - picking one

cyclo_DGLGFGEGYGGGIGKGWGGSG   21 res, 294 atoms, peptide charge -1  IE    -6.78 kcal/mol
[22:25:07] WARNING: More than one matching pattern found - picking one

cyclo_EGGKGGLGIGSGDGGWGGFGGGGYGGGG  28 res, 343 atoms, peptide charge -1  IE   -19.79 kcal/mol
[22:25:35] WARNING: More than one matching pattern found - picking one

cyclo_FGEGGKGDGWGIGSGGGRGYGGLGGG  26 res, 346 atoms, peptide charge +0  IE    -7.06 kcal/mol
[22:26:01] WARNING: More than one matching pattern found - picking one

cyclo_IGDGEGLGGSGFGKGWGGGGGYGG  24 res, 315 atoms, peptide charge -1  IE   -18.83 kcal/mol
[22:26:24] WARNING: More than one matching pattern found - picking one

cyclo_KGIGGEGFGSGDGLGGYGGGGWG  23 res, 308 atoms, peptide charge -1  IE     1.46 kcal/mol
[22:26:56] WARNING: More than one matching pattern found - picking one

cyclo_LGSGFGIGGYGWGEGGKGG     19 res, 275 atoms, peptide charge +0  IE   -16.20 kcal/mol
[22:27:16] WARNING: More than one matching pattern found - picking one

cyclo_RGYGGLGGEGFGSGDGWGKGIGG  23 res, 325 atoms, peptide charge +0  IE   -14.72 kcal/mol
[22:27:46] WARNING: More than one matching pattern found - picking one

cyclo_SGLGWGYGGKGGDGGFGGRGGGEGG  25 res, 327 atoms, peptide charge +0  IE    16.17 kcal/mol
[22:28:08] WARNING: More than one matching pattern found - picking one

cyclo_WGSGDGKGGEGGFGGYGRGLGG  22 res, 306 atoms, peptide charge +0  IE   -21.59 kcal/mol
[22:28:35] WARNING: More than one matching pattern found - picking one

cyclo_YGEGLGFGIGSGWGDGKGGRGG  22 res, 318 atoms, peptide charge +0  IE   -23.30 kcal/mol

33 structures compared (Spearman rank correlation):
  UMA IE vs Boltz pIC50   -0.13
  UMA IE vs fragment sum  -0.18
  fragment sum vs pIC50   -0.12

Results in runs/octinoxate/boltz/uma_binding.csv
