ligand SMILES: CCCC[C@H](CC)OC(=O)/C=C/c1ccc(OC)cc1
43 structures found

W0924 23:30:44.327000 3195 torch/distributed/elastic/multiprocessing/redirects.py:35] NOTE: Redirects are currently not supported in MacOs.
[23:30:53] WARNING: More than one matching pattern found - picking one

WARNING:root:Model is being compiled this might take a while for the first time
W0924 23:30:54.525000 3195 torch/_logging/_internal.py:1345] [0/0] Profiler record function <class 'torch.autograd.profiler.record_function'> will be ignored
WARNING:root:The UMA fast path (merge_mole + compile) is only available for fixed composition, task, charge, and spin. This is optimized for MD applications. Falling back to a less optimized version for subsequent evaluations. Reason: 'Compositions differ from merged model'.
Use inference_settings='batch' for heterogeneous batched evaluations.
DKSIFEDIKWGEGLGYGLS           19 res, 336 atoms, peptide charge -2  IE    -8.32 kcal/mol
[23:31:29] WARNING: More than one matching pattern found - picking one

DKSIFEDIKWLEELKYLLS           19 res, 383 atoms, peptide charge -2  IE   -11.67 kcal/mol
[23:31:56] WARNING: More than one matching pattern found - picking one

DLFEYGGIKWGS                  12 res, 231 atoms, peptide charge -1  IE    -7.66 kcal/mol
[23:32:02] WARNING: More than one matching pattern found - picking one

EFIISLDEGFGWGLGKGGGGYS        22 res, 350 atoms, peptide charge -2  IE   -18.76 kcal/mol
[23:32:27] WARNING: More than one matching pattern found - picking one

EGKGLISDGWGFGGGY              16 res, 259 atoms, peptide charge -1  IE    -9.97 kcal/mol
[23:32:35] WARNING: More than one matching pattern found - picking one

FEGDSIWDKGRYGLEGS             17 res, 300 atoms, peptide charge -2  IE    -2.74 kcal/mol
[23:32:54] WARNING: More than one matching pattern found - picking one

FEGKDWISGGRYGL                14 res, 262 atoms, peptide charge +0  IE    -2.09 kcal/mol
[23:33:05] WARNING: More than one matching pattern found - picking one

IDELGKGWKISGSLGYEGGF          20 res, 338 atoms, peptide charge -1  IE   -25.98 kcal/mol
[23:33:31] WARNING: More than one matching pattern found - picking one

IDELGSFKWGGGGY                14 res, 245 atoms, peptide charge -1  IE   -10.26 kcal/mol
[23:33:40] WARNING: More than one matching pattern found - picking one

KIDEFSIGDKGWGEGLGYGLS         21 res, 350 atoms, peptide charge -2  IE   -23.70 kcal/mol
[23:34:00] WARNING: More than one matching pattern found - picking one

KIGEFSDLGYGGGW                14 res, 245 atoms, peptide charge -1  IE   -12.38 kcal/mol
[23:34:07] WARNING: More than one matching pattern found - picking one

LSFIGYWEGK                    10 res, 212 atoms, peptide charge +0  IE   -13.86 kcal/mol
[23:34:12] WARNING: More than one matching pattern found - picking one

LSFIKGYSWEEGKGGGL             17 res, 300 atoms, peptide charge +0  IE    27.36 kcal/mol
[23:34:30] WARNING: More than one matching pattern found - picking one

RGGGYGGGGLGGGGEGGGFGGGSGGGDGGGWGGGKGGGI  39 res, 437 atoms, peptide charge +0  IE    13.53 kcal/mol
[23:35:15] WARNING: More than one matching pattern found - picking one

RGGYGGGLGGGEGGFGGSGGDGGWGGKGGI  30 res, 374 atoms, peptide charge +0  IE   -16.61 kcal/mol
[23:35:33] WARNING: More than one matching pattern found - picking one

RGYGGLGGEGFGSGDGWGKGI         21 res, 311 atoms, peptide charge +0  IE   -17.17 kcal/mol
[23:35:52] WARNING: More than one matching pattern found - picking one

RYDLSLIKWDKSFEDDGSE           19 res, 355 atoms, peptide charge -3  IE   -10.24 kcal/mol
[23:36:14] WARNING: More than one matching pattern found - picking one

RYGLGEFSDWKI                  12 res, 248 atoms, peptide charge +0  IE    -1.45 kcal/mol
[23:36:22] WARNING: More than one matching pattern found - picking one

/Users/cafierom/.local/share/uv/python/cpython-3.12.13-macos-aarch64-none/lib/python3.12/multiprocessing/resource_tracker.py:279: UserWarning: resource_tracker: There appear to be 1 leaked semaphore objects to clean up at shutdown
  warnings.warn('resource_tracker: There appear to be %d '
