[5 ns] waiting for the run to pass 6 ns
[5 ns] starting Fri  2 Oct 2026 18:26:56 BST, step 4598500, System-wide memory free percentage: 34%
9197 frames on disk over 9.20 ns written (1000.0 frames/ns)
5.0 ns window: kept 5000 frames = 5.00 ns -> runs/octinoxate/md/orig_f12_dock1/first_5ns/traj.dcd
dcdplugin) detected standard 32-bit DCD file of native endianness
dcdplugin) CHARMM format DCD file (also NAMD 2.1 and later)
dcdplugin) detected standard 32-bit DCD file of native endianness
dcdplugin) CHARMM format DCD file (also NAMD 2.1 and later)
[analyze] wrote wrapped/centered solute trajectory (400 atoms, 5000 frames) -> runs/octinoxate/md/orig_f12_dock1/first_5ns/traj_wrapped.xtc (+ traj_wrapped.pdb topology)
[analyze] 5000 frames. protein CA RMSD 0.358 nm, ligand RMSD 0.972 nm (vs frame 0). -> runs/octinoxate/md/orig_f12_dock1/first_5ns/analysis.png
dcdplugin) detected standard 32-bit DCD file of native endianness
dcdplugin) CHARMM format DCD file (also NAMD 2.1 and later)
/Users/cafierom/miniforge3/envs/openmm-md/lib/python3.11/site-packages/mdtraj/formats/netcdf.py:154: UserWarning: Warning: The 'netCDF4' Python package is not installed. MDTraj is using the 'scipy' implementation to read and write netCDF files,which can be significantly slower.
For improved performance, consider installing netCDF4. See installation instructions at:
https://unidata.github.io/netcdf4-python/#quick-install
  warnings.warn(warning_message)
[build] hetero discovery (resname | HETNAM | min dist to ligand | action):
[mmgbsa] cofactor residues to re-add: 0 ([])
[mmgbsa] solute modeller: 400 atoms
[mmgbsa] prmtop + inpcrd -> mmgbsa/complex.prmtop (400 atoms, radii=['H(N)-modified Bondi radii (mbondi2)'])
[mmgbsa] receptor + ligand prmtops -> mmgbsa/receptor.prmtop, mmgbsa/ligand.prmtop
[mmgbsa] trajectory -> mmgbsa/traj.nc (400 atoms, 5000 frames)
[mmgbsa] MMPBSA.py input -> mmgbsa/mmgbsa.in
[mmgbsa] prmtop atoms: 400; ligand residue present: True
[mmgbsa] MMPBSA.py done -> mmgbsa/FINAL_RESULTS_MMPBSA.dat
[5 ns] done Fri  2 Oct 2026 18:31:05 BST, System-wide memory free percentage: 38%
DELTA G solv                19.2172                5.0603              0.0716

DELTA TOTAL                -24.0403                2.7570              0.0390


-------------------------------------------------------------------------------
[10 ns] waiting for the run to pass 11 ns
[10 ns] starting Fri  2 Oct 2026 18:49:05 BST, step 5522000, System-wide memory free percentage: 32%
11045 frames on disk over 11.04 ns written (1000.0 frames/ns)
10.0 ns window: kept 10000 frames = 10.00 ns -> runs/octinoxate/md/orig_f12_dock1/first_10ns/traj.dcd
dcdplugin) detected standard 32-bit DCD file of native endianness
dcdplugin) CHARMM format DCD file (also NAMD 2.1 and later)
dcdplugin) detected standard 32-bit DCD file of native endianness
dcdplugin) CHARMM format DCD file (also NAMD 2.1 and later)
[analyze] wrote wrapped/centered solute trajectory (400 atoms, 10000 frames) -> runs/octinoxate/md/orig_f12_dock1/first_10ns/traj_wrapped.xtc (+ traj_wrapped.pdb topology)
[analyze] 10000 frames. protein CA RMSD 0.444 nm, ligand RMSD 0.722 nm (vs frame 0). -> runs/octinoxate/md/orig_f12_dock1/first_10ns/analysis.png
dcdplugin) detected standard 32-bit DCD file of native endianness
dcdplugin) CHARMM format DCD file (also NAMD 2.1 and later)
/Users/cafierom/miniforge3/envs/openmm-md/lib/python3.11/site-packages/mdtraj/formats/netcdf.py:154: UserWarning: Warning: The 'netCDF4' Python package is not installed. MDTraj is using the 'scipy' implementation to read and write netCDF files,which can be significantly slower.
For improved performance, consider installing netCDF4. See installation instructions at:
https://unidata.github.io/netcdf4-python/#quick-install
  warnings.warn(warning_message)
[build] hetero discovery (resname | HETNAM | min dist to ligand | action):
[mmgbsa] cofactor residues to re-add: 0 ([])
[mmgbsa] solute modeller: 400 atoms
[mmgbsa] prmtop + inpcrd -> mmgbsa/complex.prmtop (400 atoms, radii=['H(N)-modified Bondi radii (mbondi2)'])
[mmgbsa] receptor + ligand prmtops -> mmgbsa/receptor.prmtop, mmgbsa/ligand.prmtop
[mmgbsa] trajectory -> mmgbsa/traj.nc (400 atoms, 10000 frames)
[mmgbsa] MMPBSA.py input -> mmgbsa/mmgbsa.in
[mmgbsa] prmtop atoms: 400; ligand residue present: True
[mmgbsa] MMPBSA.py done -> mmgbsa/FINAL_RESULTS_MMPBSA.dat
[10 ns] done Fri  2 Oct 2026 18:55:38 BST, System-wide memory free percentage: 46%
DELTA G solv                17.8884                5.1979              0.0520

DELTA TOTAL                -23.2471                3.0221              0.0302


-------------------------------------------------------------------------------
[15 ns] waiting for the run to pass 16 ns
[15 ns] starting Fri  2 Oct 2026 19:49:39 BST, step 8039000, System-wide memory free percentage: 34%
16079 frames on disk over 16.08 ns written (1000.0 frames/ns)
15.0 ns window: kept 15000 frames = 15.00 ns -> runs/octinoxate/md/orig_f12_dock1/first_15ns/traj.dcd
dcdplugin) detected standard 32-bit DCD file of native endianness
dcdplugin) CHARMM format DCD file (also NAMD 2.1 and later)
dcdplugin) detected standard 32-bit DCD file of native endianness
dcdplugin) CHARMM format DCD file (also NAMD 2.1 and later)
[analyze] wrote wrapped/centered solute trajectory (400 atoms, 15000 frames) -> runs/octinoxate/md/orig_f12_dock1/first_15ns/traj_wrapped.xtc (+ traj_wrapped.pdb topology)
[analyze] 15000 frames. protein CA RMSD 0.489 nm, ligand RMSD 0.946 nm (vs frame 0). -> runs/octinoxate/md/orig_f12_dock1/first_15ns/analysis.png
dcdplugin) detected standard 32-bit DCD file of native endianness
dcdplugin) CHARMM format DCD file (also NAMD 2.1 and later)
/Users/cafierom/miniforge3/envs/openmm-md/lib/python3.11/site-packages/mdtraj/formats/netcdf.py:154: UserWarning: Warning: The 'netCDF4' Python package is not installed. MDTraj is using the 'scipy' implementation to read and write netCDF files,which can be significantly slower.
For improved performance, consider installing netCDF4. See installation instructions at:
https://unidata.github.io/netcdf4-python/#quick-install
  warnings.warn(warning_message)
[build] hetero discovery (resname | HETNAM | min dist to ligand | action):
[mmgbsa] cofactor residues to re-add: 0 ([])
[mmgbsa] solute modeller: 400 atoms
[mmgbsa] prmtop + inpcrd -> mmgbsa/complex.prmtop (400 atoms, radii=['H(N)-modified Bondi radii (mbondi2)'])
[mmgbsa] receptor + ligand prmtops -> mmgbsa/receptor.prmtop, mmgbsa/ligand.prmtop
[mmgbsa] trajectory -> mmgbsa/traj.nc (400 atoms, 15000 frames)
[mmgbsa] MMPBSA.py input -> mmgbsa/mmgbsa.in
[mmgbsa] prmtop atoms: 400; ligand residue present: True
[mmgbsa] MMPBSA.py done -> mmgbsa/FINAL_RESULTS_MMPBSA.dat
[15 ns] done Fri  2 Oct 2026 19:58:57 BST, System-wide memory free percentage: 62%
DELTA G solv                15.3451                5.8696              0.0479

DELTA TOTAL                -22.2000                3.2571              0.0266


-------------------------------------------------------------------------------
WINDOWS_LIVE_DONE[orig_f12_dock1]
