              _             
             (_)            
   __ _ _ __  _ _ __   __ _ 
  / _` | '_ \| | '_ \ / _` |
 | (_| | | | | | | | | (_| |
  \__, |_| |_|_|_| |_|\__,_|
   __/ |                    
  |___/                     

gnina v1.3.3 master:6fe1ce2   Built Jun 30 2026.
gnina is based on smina and AutoDock Vina.
Please cite appropriately.

WARNING: No GPU detected. CNN scoring will be slow.
Recommend running with single model (--cnn fast)
or without cnn scoring (--cnn_scoring=none).

Commandline: /home/cafierom/python_linux/gnina/bin/gnina.bin --score_only -r bg33_4/receptor_h.pdb -l bg33_4/poses_with_reference.sdf -o results_receptor_h_score_only/bg33_4_scored.sdf --seed 42
## Name gauss(o=0,_w=0.5,_c=8) gauss(o=3,_w=2,_c=8) repulsion(o=0,_c=8) hydrophobic(g=0.5,_b=1.5,_c=8) non_dir_h_bond(g=-0.7,_b=0,_c=8) num_tors_div
Affinity: -3.20055 (kcal/mol)
CNNscore: 0.56284 
CNNaffinity: 5.08359
CNNvariance: 0.10397
Intramolecular energy: -0.58833
Term values, before weighting:
## bg33_4_pose0_reference 31.69150 678.25964 0.82628 27.20631 0.00000 0.00000
Affinity: -4.72251 (kcal/mol)
CNNscore: 0.31464 
CNNaffinity: 4.50500
CNNvariance: 0.06268
Intramolecular energy: -0.95639
Term values, before weighting:
## bg33_4_pose1 63.99299 767.92279 0.66789 33.73123 0.59456 0.00000
Affinity: -4.08258 (kcal/mol)
CNNscore: 0.23417 
CNNaffinity: 4.07200
CNNvariance: 0.24190
Intramolecular energy: -1.59245
Term values, before weighting:
## bg33_4_pose2 48.87537 664.22485 0.47150 36.45524 0.31431 0.00000
Affinity: -4.41679 (kcal/mol)
CNNscore: 0.26767 
CNNaffinity: 4.02300
CNNvariance: 0.24527
Intramolecular energy: -1.01572
Term values, before weighting:
## bg33_4_pose3 51.28765 767.86444 0.32063 34.96448 0.00000 0.00000
Affinity: -4.32973 (kcal/mol)
CNNscore: 0.32105 
CNNaffinity: 4.40803
CNNvariance: 0.78997
Intramolecular energy: -1.06675
Term values, before weighting:
## bg33_4_pose4 51.18038 713.80035 0.48974 43.28543 0.00000 0.00000
Affinity: -4.05341 (kcal/mol)
CNNscore: 0.24697 
CNNaffinity: 4.20374
CNNvariance: 0.11479
Intramolecular energy: -1.44036
Term values, before weighting:
## bg33_4_pose5 48.14257 657.03137 0.30057 38.15630 0.00000 0.00000
Affinity: -4.34386 (kcal/mol)
CNNscore: 0.35799 
CNNaffinity: 4.56786
CNNvariance: 0.17799
Intramolecular energy: -1.04834
Term values, before weighting:
## bg33_4_pose6 57.09547 716.09875 0.26794 32.24709 0.00000 0.00000
Affinity: -4.40398 (kcal/mol)
CNNscore: 0.38562 
CNNaffinity: 4.31146
CNNvariance: 0.32751
Intramolecular energy: -0.90344
Term values, before weighting:
## bg33_4_pose7 51.22494 750.37201 0.28913 36.28797 0.00000 0.00000
Affinity: -4.41158 (kcal/mol)
CNNscore: 0.31431 
CNNaffinity: 4.39909
CNNvariance: 0.23232
Intramolecular energy: -0.88462
Term values, before weighting:
## bg33_4_pose8 57.74863 708.75037 0.28369 35.98922 0.00000 0.00000
Affinity: -4.06100 (kcal/mol)
CNNscore: 0.23909 
CNNaffinity: 4.28198
CNNvariance: 0.31047
Intramolecular energy: -1.34789
Term values, before weighting:
## bg33_4_pose9 50.33620 623.60608 0.46191 40.28826 0.28374 0.00000
