              _             
             (_)            
   __ _ _ __  _ _ __   __ _ 
  / _` | '_ \| | '_ \ / _` |
 | (_| | | | | | | | | (_| |
  \__, |_| |_|_|_| |_|\__,_|
   __/ |                    
  |___/                     

gnina v1.3.3 master:6fe1ce2   Built Jun 30 2026.
gnina is based on smina and AutoDock Vina.
Please cite appropriately.

WARNING: No GPU detected. CNN scoring will be slow.
Recommend running with single model (--cnn fast)
or without cnn scoring (--cnn_scoring=none).

Commandline: /home/cafierom/python_linux/gnina/bin/gnina.bin --score_only -r s3_orig_f12/receptor_h.pdb -l s3_orig_f12/poses_with_reference.sdf -o results_receptor_h_score_only/s3_orig_f12_scored.sdf --seed 42
## Name gauss(o=0,_w=0.5,_c=8) gauss(o=3,_w=2,_c=8) repulsion(o=0,_c=8) hydrophobic(g=0.5,_b=1.5,_c=8) non_dir_h_bond(g=-0.7,_b=0,_c=8) num_tors_div
Affinity: -3.28865 (kcal/mol)
CNNscore: 0.68865 
CNNaffinity: 4.85053
CNNvariance: 0.00799
Intramolecular energy: -0.55258
Term values, before weighting:
## s3_orig_f12_pose0_reference 85.05126 1143.49048 7.49419 56.99277 0.67091 0.00000
Affinity: -7.30935 (kcal/mol)
CNNscore: 0.40052 
CNNaffinity: 5.01016
CNNvariance: 0.07798
Intramolecular energy: -1.44606
Term values, before weighting:
## s3_orig_f12_pose1 114.45251 1075.14734 1.78378 80.45615 0.36910 0.00000
Affinity: -6.78513 (kcal/mol)
CNNscore: 0.33629 
CNNaffinity: 4.25425
CNNvariance: 0.72592
Intramolecular energy: -1.14376
Term values, before weighting:
## s3_orig_f12_pose2 128.70000 1115.40771 3.13353 68.65060 0.42628 0.00000
Affinity: -6.57895 (kcal/mol)
CNNscore: 0.15748 
CNNaffinity: 3.93097
CNNvariance: 0.59312
Intramolecular energy: -1.30542
Term values, before weighting:
## s3_orig_f12_pose3 93.68743 940.14062 1.03244 77.76748 0.00000 0.00000
Affinity: -6.61597 (kcal/mol)
CNNscore: 0.46512 
CNNaffinity: 4.92853
CNNvariance: 0.04421
Intramolecular energy: -1.15103
Term values, before weighting:
## s3_orig_f12_pose4 91.27282 1004.95679 0.81216 63.73477 0.19618 0.00000
Affinity: -6.70406 (kcal/mol)
CNNscore: 0.70277 
CNNaffinity: 4.97166
CNNvariance: 0.02580
Intramolecular energy: -0.96353
Term values, before weighting:
## s3_orig_f12_pose5 95.73883 1128.06250 1.04372 53.77198 0.00000 0.00000
Affinity: -6.32263 (kcal/mol)
CNNscore: 0.46298 
CNNaffinity: 4.93212
CNNvariance: 0.01417
Intramolecular energy: -1.40378
Term values, before weighting:
## s3_orig_f12_pose6 93.65815 988.66357 1.77518 77.30482 0.00000 0.00000
Affinity: -6.27441 (kcal/mol)
CNNscore: 0.16173 
CNNaffinity: 4.36720
CNNvariance: 0.11345
Intramolecular energy: -1.46515
Term values, before weighting:
## s3_orig_f12_pose7 84.92573 902.44189 0.68184 70.54610 0.00000 0.00000
Affinity: -6.79760 (kcal/mol)
CNNscore: 0.48894 
CNNaffinity: 4.72391
CNNvariance: 0.20011
Intramolecular energy: -1.09750
Term values, before weighting:
## s3_orig_f12_pose8 90.86182 1041.00928 1.04811 60.93660 0.88105 0.00000
Affinity: -6.52887 (kcal/mol)
CNNscore: 0.73341 
CNNaffinity: 5.16559
CNNvariance: 0.01557
Intramolecular energy: -0.77094
Term values, before weighting:
## s3_orig_f12_pose9 90.63703 1044.66980 0.83734 54.45321 0.24994 0.00000
