loaded 165 poses from runs/octinoxate
130 of 132 ordered pairs are connectable (closure < 0.2 A)

poses  residues  sum k  budget  pad   total IE  IE/residue  sequence
    1         1      0       0    0     -16.78      -16.78  D
    2         3      1       1    0     -25.72       -8.57  WGD
    3         6      3       3    0     -31.64       -5.27  WGDGGS
    4         9      5       4    0     -37.46       -4.16  WGYGGDGGS
    5        12      7       6    0     -42.73       -3.56  WGYGGDGGWGGS
    6        14      8       7    0     -47.21       -3.37  WGYGGKGDGGSGGW
    7        16      9       9    0     -51.27       -3.20  WGYGGKGDGGSGGWGS
    8        17      9      10    1     -54.82       -3.22  FGDGKGGWGSGYGGWGS
    9        18      9      12    3     -57.64       -3.20  FGDGKGGWGSGYGEGWGS
   10        23     13      13    0     -59.74       -2.60  FGDGKGGWGSGYGEGGLGGGWGS
   11        31     20      15    0     -61.42       -1.98  FGDGKGGWGSGYGEGGLGGGWGGGGLGGGGS
   12        34     22      16    0     -60.40       -1.78  YGGDGFGKGGGLGGGKGGGGLGGWGGEGSGGWGS

'budget' is the glycine count the whole-path parameter count demands; 'pad' is how many
more are needed than the per-edge minimums supply. A path short of budget cannot close
as spelled, however connectable each step looks on its own.

saved 12-pose design to runs/octinoxate/design_shell3.json: YGGDGFGKGGGLGGGKGGGGLGGWGGEGSGGWGS

longest traversable path uses 12 of 12 poses (sum k = 22, budget = 16, budget met):
  tyrosine0 -> aspartic21   2 linker(s), closure 0.119 A, steric penalty 0.00
  aspartic21 -> phenylalanine4   1 linker(s), closure 0.131 A, steric penalty 0.00
  phenylalanine4 -> lysine1   1 linker(s), closure 0.000 A, steric penalty 0.00
  lysine1 -> leucine5   3 linker(s), closure 0.000 A, steric penalty 0.00
  leucine5 -> lysine8   3 linker(s), closure 0.075 A, steric penalty 0.00
  lysine8 -> leucine13   4 linker(s), closure 0.000 A, steric penalty 0.00
  leucine13 -> tryptophan2   2 linker(s), closure 0.000 A, steric penalty 0.00
  tryptophan2 -> glutamic8   2 linker(s), closure 0.000 A, steric penalty 0.00
  glutamic8 -> serine4   1 linker(s), closure 0.084 A, steric penalty 0.00
  serine4 -> tryptophan5   2 linker(s), closure 0.028 A, steric penalty 0.00
  tryptophan5 -> serine32   1 linker(s), closure 0.188 A, steric penalty 0.00
