loaded 165 poses from runs/octinoxate
132 of 132 ordered pairs are connectable (closure < 0.2 A)

poses  residues  sum k  budget  pad   total IE  IE/residue  sequence
    1         1      0       0    0     -23.29      -23.29  R
    2         3      1       1    0     -40.07      -13.36  RGD
    3         7      4       3    0     -56.60       -8.09  RGGKGGD
    4        10      6       4    0     -70.31       -7.03  RGGKGGDGGE
    5        12      7       6    0     -83.06       -6.92  RGGKGGDGEGGE
    6        15      9       7    0     -89.17       -5.94  RGEGGEGGKGGFGGD
    7        18     11       9    0     -94.45       -5.25  RGEGGEGGKGGFGGDGGW
    8        20     12      10    0     -98.51       -4.93  RGEGGEGGKGGFGGDGGSGW
    9        22     13      12    0    -102.31       -4.65  RGEGGEGGKGGFGGDGGIGSGW
   10        25     15      13    0    -105.59       -4.22  RGEGGEGGKGGFGGDGGIGLGGSGW
   11        27     16      15    0    -107.48       -3.98  RGEGGEGGKGGFGGDGGIGLGGSGWGS
   12        33     21      16    0    -109.15       -3.31  RGEGGEGGKGGFGGDGGIGLGGSGWGGGGLGGS

'budget' is the glycine count the whole-path parameter count demands; 'pad' is how many
more are needed than the per-edge minimums supply. A path short of budget cannot close
as spelled, however connectable each step looks on its own.

saved 12-pose design to runs/octinoxate/design_shell2.json: RGEGGEGGKGGFGGDGGIGLGGSGWGGGGLGGS

longest traversable path uses 12 of 12 poses (sum k = 21, budget = 16, budget met):
  arginine3 -> glutamic15   1 linker(s), closure 0.032 A, steric penalty 0.00
  glutamic15 -> glutamic10   2 linker(s), closure 0.000 A, steric penalty 0.00
  glutamic10 -> lysine10   2 linker(s), closure 0.000 A, steric penalty 0.00
  lysine10 -> phenylalanine2   2 linker(s), closure 0.000 A, steric penalty 0.00
  phenylalanine2 -> aspartic21   2 linker(s), closure 0.000 A, steric penalty 0.00
  aspartic21 -> isoleucine8   2 linker(s), closure 0.000 A, steric penalty 0.00
  isoleucine8 -> leucine12   1 linker(s), closure 0.000 A, steric penalty 0.00
  leucine12 -> serine32   2 linker(s), closure 0.015 A, steric penalty 0.00
  serine32 -> tryptophan5   1 linker(s), closure 0.120 A, steric penalty 0.00
  tryptophan5 -> leucine13   4 linker(s), closure 0.000 A, steric penalty 0.00
  leucine13 -> serine2   2 linker(s), closure 0.000 A, steric penalty 0.00
