Fri  2 Oct 2026 00:28:42 BST
=== bg33_3_dock1 ===

=== runs/octinoxate/md/bg33_3_dock1/prod_L1_modal
2000 frames, 249 peptide / 20 ligand heavy atoms
     ns  contacts   sep A  pep Rg
    2.0      11.9    9.96    8.66
    4.0      12.7    9.97    8.70
    6.0      11.1   10.24    8.76
    8.0      10.0   10.43    8.66
   10.0      12.1   12.80    8.72
   12.0       8.4   11.51    8.70
   14.0       7.6   10.32    8.70
   16.0      11.7   12.02    8.64
   18.0      10.1   12.63    8.63
   20.0      13.5   11.91    8.63
whole run: contacts 11.9 -> 13.5 (mean 10.9), separation 9.96 -> 11.91 A (max 17.48), closest heavy-atom approach 2.66 A
  residence within 10 A: 25.7% of the run
  release (at 10.0 ps spacing): 6 frames (0.3%) in 6 episodes, longest 10.0 ps, 0.06 ns detached, 67% of it in the second half

wrote runs/octinoxate/md/bg33_3_dock1/md_contacts.csv

=== runs/octinoxate/md/bg33_3_dock1/prod_L1_modal
  2000 frames total; window 18.0-19.99 ns
  runs/octinoxate/md/bg33_3_dock1/prod_L1_modal/frames_last.pdb  (10 models)
  runs/octinoxate/md/bg33_3_dock1/prod_L1_modal/frame_medoid.pdb  (frame at 19.15 ns, 0.62 A from the window mean; window spread 0.87 A)

in PyMOL, for the ensemble:
  load frames_last.pdb, ens
  set all_states, on
  hide everything; show cartoon, polymer; show sticks, not polymer
  color grey70, polymer; color red, not polymer

or for a single clean frame:
  load frame_medoid.pdb, best
=== bg33_3_dock6 ===

=== runs/octinoxate/md/bg33_3_dock6/prod_L1_modal
2000 frames, 249 peptide / 20 ligand heavy atoms
     ns  contacts   sep A  pep Rg
    2.0      15.2    9.06    8.60
    4.0      20.8    8.88    8.62
    6.0      19.7    8.87    8.62
    8.0      21.0    8.88    8.57
   10.0      13.8    9.17    8.54
   12.0      10.4   11.35    8.58
   14.0       8.9   10.19    8.63
   16.0      13.3    8.99    8.67
   18.0      13.5    9.22    8.73
   20.0      10.1   11.26    8.69
whole run: contacts 15.2 -> 10.1 (mean 14.7), separation 9.06 -> 11.26 A (max 20.14), closest heavy-atom approach 2.67 A
  residence within 10 A: 77.6% of the run
  release (at 10.0 ps spacing): 25 frames (1.25%) in 7 episodes, longest 160.0 ps, 0.25 ns detached, 96% of it in the second half

wrote runs/octinoxate/md/bg33_3_dock6/md_contacts.csv

=== runs/octinoxate/md/bg33_3_dock6/prod_L1_modal
  2000 frames total; window 18.0-19.99 ns
  runs/octinoxate/md/bg33_3_dock6/prod_L1_modal/frames_last.pdb  (10 models)
  runs/octinoxate/md/bg33_3_dock6/prod_L1_modal/frame_medoid.pdb  (frame at 18.48 ns, 0.67 A from the window mean; window spread 0.88 A)

in PyMOL, for the ensemble:
  load frames_last.pdb, ens
  set all_states, on
  hide everything; show cartoon, polymer; show sticks, not polymer
  color grey70, polymer; color red, not polymer

or for a single clean frame:
  load frame_medoid.pdb, best
=== bg33_4_dock1 ===

=== runs/octinoxate/md/bg33_4_dock1/prod_L1_modal
2000 frames, 205 peptide / 20 ligand heavy atoms
     ns  contacts   sep A  pep Rg
    2.0      18.1    6.19    9.57
    4.0      19.1    6.69    9.54
    6.0      16.4    6.92    9.65
    8.0      21.3    6.33    9.41
   10.0      21.4    6.72    9.47
   12.0      15.9    7.59    9.55
   14.0      14.0   12.62    9.45
   16.0      14.3   12.86    9.43
   18.0      10.7   14.23    9.67
   20.0      13.8   13.44    9.77
whole run: contacts 18.1 -> 13.8 (mean 16.5), separation 6.19 -> 13.44 A (max 21.8), closest heavy-atom approach 2.66 A
  residence within 10 A: 59.3% of the run
  release (at 10.0 ps spacing): 6 frames (0.3%) in 4 episodes, longest 30.0 ps, 0.06 ns detached, 100% of it in the second half

wrote runs/octinoxate/md/bg33_4_dock1/md_contacts.csv

=== runs/octinoxate/md/bg33_4_dock1/prod_L1_modal
  2000 frames total; window 18.0-19.99 ns
  runs/octinoxate/md/bg33_4_dock1/prod_L1_modal/frames_last.pdb  (10 models)
  runs/octinoxate/md/bg33_4_dock1/prod_L1_modal/frame_medoid.pdb  (frame at 18.6 ns, 0.78 A from the window mean; window spread 1.44 A)

in PyMOL, for the ensemble:
  load frames_last.pdb, ens
  set all_states, on
  hide everything; show cartoon, polymer; show sticks, not polymer
  color grey70, polymer; color red, not polymer

or for a single clean frame:
  load frame_medoid.pdb, best
=== bg33_4_dock6 ===

=== runs/octinoxate/md/bg33_4_dock6/prod_L1_modal
2000 frames, 205 peptide / 20 ligand heavy atoms
     ns  contacts   sep A  pep Rg
    2.0      19.5    6.88    9.60
    4.0      18.8    6.76    9.53
    6.0      19.8    6.97    9.38
    8.0      20.9    6.71    9.38
   10.0      20.7    6.95    9.31
   12.0      17.9    6.94    9.46
   14.0      15.4    8.55    9.51
   16.0      15.5    7.33    9.42
   18.0      18.9    7.22    9.58
   20.0      14.1    7.34    9.51
whole run: contacts 19.5 -> 14.1 (mean 18.1), separation 6.88 -> 7.34 A (max 13.28), closest heavy-atom approach 2.57 A
  residence within 10 A: 97.2% of the run
  release (at 10.0 ps spacing): 0 frames (0.0%) in 0 episodes, longest 0.0 ps, 0.0 ns detached, 0% of it in the second half

wrote runs/octinoxate/md/bg33_4_dock6/md_contacts.csv

=== runs/octinoxate/md/bg33_4_dock6/prod_L1_modal
  2000 frames total; window 18.0-19.99 ns
  runs/octinoxate/md/bg33_4_dock6/prod_L1_modal/frames_last.pdb  (10 models)
  runs/octinoxate/md/bg33_4_dock6/prod_L1_modal/frame_medoid.pdb  (frame at 19.1 ns, 0.79 A from the window mean; window spread 1.26 A)

in PyMOL, for the ensemble:
  load frames_last.pdb, ens
  set all_states, on
  hide everything; show cartoon, polymer; show sticks, not polymer
  color grey70, polymer; color red, not polymer

or for a single clean frame:
  load frame_medoid.pdb, best
=== s2_esm2_control_dock1 ===

=== runs/octinoxate/md/s2_esm2_control_dock1/prod_L1_modal
2000 frames, 287 peptide / 20 ligand heavy atoms
     ns  contacts   sep A  pep Rg
    2.0      18.8   16.33   15.25
    4.0      14.5   14.51   15.05
    6.0      18.7   13.79   15.16
    8.0      15.5   14.24   15.19
   10.0      17.5   13.91   14.98
   12.0      20.2   14.02   14.44
   14.0      19.2   15.14   14.59
   16.0      17.6   15.02   14.04
   18.0      23.9   14.29   14.01
   20.0      22.2   14.84   14.37
whole run: contacts 18.8 -> 22.2 (mean 18.8), separation 16.33 -> 14.84 A (max 19.96), closest heavy-atom approach 2.72 A
  residence within 10 A: 0.0% of the run
  release (at 10.0 ps spacing): 5 frames (0.25%) in 5 episodes, longest 10.0 ps, 0.05 ns detached, 0% of it in the second half

wrote runs/octinoxate/md/s2_esm2_control_dock1/md_contacts.csv

=== runs/octinoxate/md/s2_esm2_control_dock1/prod_L1_modal
  2000 frames total; window 18.0-19.99 ns
  runs/octinoxate/md/s2_esm2_control_dock1/prod_L1_modal/frames_last.pdb  (10 models)
  runs/octinoxate/md/s2_esm2_control_dock1/prod_L1_modal/frame_medoid.pdb  (frame at 18.69 ns, 1.36 A from the window mean; window spread 2.29 A)

in PyMOL, for the ensemble:
  load frames_last.pdb, ens
  set all_states, on
  hide everything; show cartoon, polymer; show sticks, not polymer
  color grey70, polymer; color red, not polymer

or for a single clean frame:
  load frame_medoid.pdb, best
=== s2_esm2_control_dock6 ===

=== runs/octinoxate/md/s2_esm2_control_dock6/prod_L1_modal
2000 frames, 287 peptide / 20 ligand heavy atoms
     ns  contacts   sep A  pep Rg
    2.0      22.4    4.78   15.28
    4.0      24.4    5.77   15.14
    6.0      20.3    8.53   15.28
    8.0      23.2    7.99   15.32
   10.0      22.2   11.40   14.58
   12.0      21.3   11.19   14.85
   14.0      22.1   11.22   13.83
   16.0      22.0   11.84   14.18
   18.0      21.0   11.42   14.59
   20.0      23.4    9.77   15.13
whole run: contacts 22.4 -> 23.4 (mean 22.2), separation 4.78 -> 9.77 A (max 13.89), closest heavy-atom approach 2.87 A
  residence within 10 A: 50.3% of the run
  release (at 10.0 ps spacing): 0 frames (0.0%) in 0 episodes, longest 0.0 ps, 0.0 ns detached, 0% of it in the second half

wrote runs/octinoxate/md/s2_esm2_control_dock6/md_contacts.csv

=== runs/octinoxate/md/s2_esm2_control_dock6/prod_L1_modal
  2000 frames total; window 18.0-19.99 ns
  runs/octinoxate/md/s2_esm2_control_dock6/prod_L1_modal/frames_last.pdb  (10 models)
  runs/octinoxate/md/s2_esm2_control_dock6/prod_L1_modal/frame_medoid.pdb  (frame at 18.55 ns, 0.85 A from the window mean; window spread 1.45 A)

in PyMOL, for the ensemble:
  load frames_last.pdb, ens
  set all_states, on
  hide everything; show cartoon, polymer; show sticks, not polymer
  color grey70, polymer; color red, not polymer

or for a single clean frame:
  load frame_medoid.pdb, best
=== s3_esm2_f4_dock1 ===

=== runs/octinoxate/md/s3_esm2_f4_dock1/prod_L1_modal
2000 frames, 301 peptide / 20 ligand heavy atoms
     ns  contacts   sep A  pep Rg
    2.0      17.4    7.55   10.45
    4.0      20.3    6.20   10.38
    6.0      21.3    6.14   10.39
    8.0      16.1    6.59   10.43
   10.0      18.3    6.48   10.47
   12.0      18.9    6.25   10.53
   14.0      18.2    6.33   10.57
   16.0      24.2    5.21   10.72
   18.0      22.1    6.96   10.93
   20.0      27.8    6.94   10.74
whole run: contacts 17.4 -> 27.8 (mean 20.5), separation 7.55 -> 6.94 A (max 10.24), closest heavy-atom approach 2.75 A
  residence within 10 A: 99.9% of the run
  release (at 10.0 ps spacing): 0 frames (0.0%) in 0 episodes, longest 0.0 ps, 0.0 ns detached, 0% of it in the second half

wrote runs/octinoxate/md/s3_esm2_f4_dock1/md_contacts.csv

=== runs/octinoxate/md/s3_esm2_f4_dock1/prod_L1_modal
  2000 frames total; window 18.0-19.99 ns
  runs/octinoxate/md/s3_esm2_f4_dock1/prod_L1_modal/frames_last.pdb  (10 models)
  runs/octinoxate/md/s3_esm2_f4_dock1/prod_L1_modal/frame_medoid.pdb  (frame at 18.92 ns, 0.84 A from the window mean; window spread 1.31 A)

in PyMOL, for the ensemble:
  load frames_last.pdb, ens
  set all_states, on
  hide everything; show cartoon, polymer; show sticks, not polymer
  color grey70, polymer; color red, not polymer

or for a single clean frame:
  load frame_medoid.pdb, best
=== s3_esm2_f4_dock6 ===

=== runs/octinoxate/md/s3_esm2_f4_dock6/prod_L1_modal
2000 frames, 301 peptide / 20 ligand heavy atoms
     ns  contacts   sep A  pep Rg
    2.0      16.4   13.21   10.38
    4.0      29.0   12.02   10.50
    6.0      34.7   10.86   10.60
    8.0      29.4    9.75   10.59
   10.0      29.4    9.52   10.53
   12.0      28.5    8.04   10.58
   14.0      28.3    9.38   10.71
   16.0      25.9    9.20   10.71
   18.0      27.3    8.92   10.71
   20.0      28.4    8.44   10.73
whole run: contacts 16.4 -> 28.4 (mean 27.7), separation 13.21 -> 8.44 A (max 17.73), closest heavy-atom approach 2.83 A
  residence within 10 A: 59.6% of the run
  release (at 10.0 ps spacing): 1 frames (0.05%) in 1 episodes, longest 10.0 ps, 0.01 ns detached, 0% of it in the second half

wrote runs/octinoxate/md/s3_esm2_f4_dock6/md_contacts.csv

=== runs/octinoxate/md/s3_esm2_f4_dock6/prod_L1_modal
  2000 frames total; window 18.0-19.99 ns
  runs/octinoxate/md/s3_esm2_f4_dock6/prod_L1_modal/frames_last.pdb  (10 models)
  runs/octinoxate/md/s3_esm2_f4_dock6/prod_L1_modal/frame_medoid.pdb  (frame at 18.94 ns, 0.84 A from the window mean; window spread 1.4 A)

in PyMOL, for the ensemble:
  load frames_last.pdb, ens
  set all_states, on
  hide everything; show cartoon, polymer; show sticks, not polymer
  color grey70, polymer; color red, not polymer

or for a single clean frame:
  load frame_medoid.pdb, best
=== s3_orig_f12_dock9 ===

=== runs/octinoxate/md/s3_orig_f12_dock9/prod_L1_modal
2000 frames, 203 peptide / 20 ligand heavy atoms
     ns  contacts   sep A  pep Rg
    2.0      45.8    6.38    9.10
    4.0      42.7    7.89    9.15
    6.0      33.4    9.12    8.96
    8.0      23.5    9.72    8.52
   10.0      25.7   10.15    8.52
   12.0      20.6   11.00    8.52
   14.0      12.2   11.08    8.57
   16.0      18.1    8.80    8.67
   18.0      21.5    8.71    8.66
   20.0      39.4    7.02    8.94
whole run: contacts 45.8 -> 39.4 (mean 28.3), separation 6.38 -> 7.02 A (max 17.59), closest heavy-atom approach 2.59 A
  residence within 10 A: 70.5% of the run
  release (at 10.0 ps spacing): 5 frames (0.25%) in 4 episodes, longest 20.0 ps, 0.05 ns detached, 100% of it in the second half

wrote runs/octinoxate/md/s3_orig_f12_dock9/md_contacts.csv

=== runs/octinoxate/md/s3_orig_f12_dock9/prod_L1_modal
  2000 frames total; window 18.0-19.99 ns
  runs/octinoxate/md/s3_orig_f12_dock9/prod_L1_modal/frames_last.pdb  (10 models)
  runs/octinoxate/md/s3_orig_f12_dock9/prod_L1_modal/frame_medoid.pdb  (frame at 18.8 ns, 1.14 A from the window mean; window spread 1.76 A)

in PyMOL, for the ensemble:
  load frames_last.pdb, ens
  set all_states, on
  hide everything; show cartoon, polymer; show sticks, not polymer
  color grey70, polymer; color red, not polymer

or for a single clean frame:
  load frame_medoid.pdb, best
BACKFILL_DONE
Fri  2 Oct 2026 00:28:50 BST
