
esm1_f12
  residue   1 -> O25  asked <=  3.8 A, got  11.79 A  MISSED  (forced)
  residue   4 -> C31  asked <=  4.0 A, got   9.07 A  MISSED  (forced)
  residue   7 -> C37  asked <=  5.2 A, got  12.26 A  MISSED  (forced)
  residue  12 -> C41  asked <=  5.1 A, got   6.70 A  MISSED  (forced)
  residue  17 -> C36  asked <=  4.1 A, got   9.87 A  MISSED  (forced)
  residue  19 -> C33  asked <=  4.8 A, got   6.46 A  MISSED  (forced)
  residue  21 -> C30  asked <=  4.2 A, got   8.35 A  MISSED  (forced)
  residue  23 -> C37  asked <=  4.5 A, got   3.66 A  ok  (forced)
  residue  26 -> C37  asked <=  4.1 A, got   9.42 A  MISSED  (forced)
  residue  28 -> O26  asked <=  3.9 A, got  12.12 A  MISSED  (forced)
  residue  31 -> C34  asked <=  4.1 A, got  10.57 A  MISSED  (forced)
  residue  33 -> O27  asked <=  4.8 A, got  18.58 A  MISSED  (forced)

esm1_f4
  residue   1 -> O25  asked <=  3.8 A, got  10.30 A  MISSED  (forced)
  residue   4 -> C31  asked <=  4.0 A, got   7.25 A  MISSED  (forced)
  residue  28 -> O26  asked <=  3.9 A, got  11.55 A  MISSED  (forced)
  residue  31 -> C34  asked <=  4.1 A, got  11.70 A  MISSED  (forced)

esm1_f8
  residue   1 -> O25  asked <=  3.8 A, got   9.22 A  MISSED  (forced)
  residue   4 -> C31  asked <=  4.0 A, got   9.42 A  MISSED  (forced)
  residue  17 -> C36  asked <=  4.1 A, got   9.24 A  MISSED  (forced)
  residue  21 -> C30  asked <=  4.2 A, got   8.38 A  MISSED  (forced)
  residue  23 -> C37  asked <=  4.5 A, got   4.41 A  ok  (forced)
  residue  26 -> C37  asked <=  4.1 A, got   8.35 A  MISSED  (forced)
  residue  28 -> O26  asked <=  3.9 A, got  13.13 A  MISSED  (forced)
  residue  31 -> C34  asked <=  4.1 A, got  14.18 A  MISSED  (forced)

esm2_f12
  residue   1 -> O25  asked <=  3.8 A, got  23.35 A  MISSED  (forced)
  residue   4 -> C31  asked <=  4.0 A, got  18.46 A  MISSED  (forced)
  residue   7 -> C37  asked <=  5.2 A, got  14.50 A  MISSED  (forced)
  residue  12 -> C41  asked <=  5.1 A, got   8.47 A  MISSED  (forced)
  residue  17 -> C36  asked <=  4.1 A, got   6.37 A  MISSED  (forced)
  residue  19 -> C33  asked <=  4.8 A, got   8.72 A  MISSED  (forced)
  residue  21 -> C30  asked <=  4.2 A, got   8.94 A  MISSED  (forced)
  residue  23 -> C37  asked <=  4.5 A, got  13.86 A  MISSED  (forced)
  residue  26 -> C37  asked <=  4.1 A, got   7.31 A  MISSED  (forced)
  residue  28 -> O26  asked <=  3.9 A, got   4.75 A  MISSED  (forced)
  residue  31 -> C34  asked <=  4.1 A, got   6.58 A  MISSED  (forced)
  residue  33 -> O27  asked <=  4.8 A, got   8.33 A  MISSED  (forced)

esm2_f4
  residue   1 -> O25  asked <=  3.8 A, got   4.07 A  MISSED  (forced)
  residue   4 -> C31  asked <=  4.0 A, got   9.04 A  MISSED  (forced)
  residue  28 -> O26  asked <=  3.9 A, got  14.32 A  MISSED  (forced)
  residue  31 -> C34  asked <=  4.1 A, got   5.27 A  MISSED  (forced)

esm2_f8
  residue   1 -> O25  asked <=  3.8 A, got  27.29 A  MISSED  (forced)
  residue   4 -> C31  asked <=  4.0 A, got  20.07 A  MISSED  (forced)
  residue  17 -> C36  asked <=  4.1 A, got   7.13 A  MISSED  (forced)
  residue  21 -> C30  asked <=  4.2 A, got   9.09 A  MISSED  (forced)
  residue  23 -> C37  asked <=  4.5 A, got  12.03 A  MISSED  (forced)
  residue  26 -> C37  asked <=  4.1 A, got   5.59 A  MISSED  (forced)
  residue  28 -> O26  asked <=  3.9 A, got   6.00 A  MISSED  (forced)
  residue  31 -> C34  asked <=  4.1 A, got   6.00 A  MISSED  (forced)

orig_f12
  residue   1 -> O25  asked <=  3.8 A, got   6.87 A  MISSED  (forced)
  residue   4 -> C31  asked <=  4.0 A, got   5.75 A  MISSED  (forced)
  residue   7 -> C37  asked <=  5.2 A, got   6.38 A  MISSED  (forced)
  residue  12 -> C41  asked <=  5.1 A, got   5.54 A  MISSED  (forced)
  residue  17 -> C36  asked <=  4.1 A, got   4.88 A  MISSED  (forced)
  residue  19 -> C33  asked <=  4.8 A, got   5.68 A  MISSED  (forced)
  residue  21 -> C30  asked <=  4.2 A, got   5.06 A  MISSED  (forced)
  residue  23 -> C37  asked <=  4.5 A, got   7.52 A  MISSED  (forced)
  residue  26 -> C37  asked <=  4.1 A, got   6.54 A  MISSED  (forced)
  residue  28 -> O26  asked <=  3.9 A, got   4.21 A  MISSED  (forced)
  residue  31 -> C34  asked <=  4.1 A, got   5.58 A  MISSED  (forced)
  residue  33 -> O27  asked <=  4.8 A, got   7.89 A  MISSED  (forced)

orig_f4
  residue   1 -> O25  asked <=  3.8 A, got   2.66 A  ok  (forced)
  residue   4 -> C31  asked <=  4.0 A, got   4.29 A  MISSED  (forced)
  residue  28 -> O26  asked <=  3.9 A, got   3.44 A  ok  (forced)
  residue  31 -> C34  asked <=  4.1 A, got   3.80 A  ok  (forced)

orig_f8
  residue   1 -> O25  asked <=  3.8 A, got   2.56 A  ok  (forced)
  residue   4 -> C31  asked <=  4.0 A, got   6.01 A  MISSED  (forced)
  residue  17 -> C36  asked <=  4.1 A, got   8.20 A  MISSED  (forced)
  residue  21 -> C30  asked <=  4.2 A, got  10.14 A  MISSED  (forced)
  residue  23 -> C37  asked <=  4.5 A, got   6.97 A  MISSED  (forced)
  residue  26 -> C37  asked <=  4.1 A, got  16.55 A  MISSED  (forced)
  residue  28 -> O26  asked <=  3.9 A, got  13.62 A  MISSED  (forced)
  residue  31 -> C34  asked <=  4.1 A, got  10.43 A  MISSED  (forced)

s2_esm1_f12
  residue   1 -> O25  asked <=  3.8 A, got   3.52 A  ok  (forced)
  residue   3 -> C33  asked <=  4.2 A, got   9.99 A  MISSED  (forced)
  residue   6 -> C34  asked <=  4.1 A, got   6.92 A  MISSED  (forced)
  residue   9 -> C31  asked <=  4.2 A, got   3.71 A  ok  (forced)
  residue  12 -> C33  asked <=  4.6 A, got   6.67 A  MISSED  (forced)
  residue  15 -> C37  asked <=  4.1 A, got  11.11 A  MISSED  (forced)
  residue  18 -> C35  asked <=  4.6 A, got   9.73 A  MISSED  (forced)
  residue  20 -> O27  asked <=  4.7 A, got  10.96 A  MISSED  (forced)
  residue  23 -> O26  asked <=  4.0 A, got  16.44 A  MISSED  (forced)
  residue  25 -> C37  asked <=  4.5 A, got  16.35 A  MISSED  (forced)
  residue  30 -> C41  asked <=  5.1 A, got   4.37 A  ok  (forced)
  residue  33 -> C29  asked <=  4.2 A, got  12.02 A  MISSED  (forced)

s2_esm1_f4
  residue   1 -> O25  asked <=  3.8 A, got   3.44 A  ok  (forced)
  residue   6 -> C34  asked <=  4.1 A, got   6.82 A  MISSED  (forced)
  residue  15 -> C37  asked <=  4.1 A, got  10.12 A  MISSED  (forced)
  residue  23 -> O26  asked <=  4.0 A, got  16.68 A  MISSED  (forced)

s2_esm1_f8
  residue   1 -> O25  asked <=  3.8 A, got   6.29 A  MISSED  (forced)
  residue   3 -> C33  asked <=  4.2 A, got   8.24 A  MISSED  (forced)
  residue   6 -> C34  asked <=  4.1 A, got   6.70 A  MISSED  (forced)
  residue   9 -> C31  asked <=  4.2 A, got   9.12 A  MISSED  (forced)
  residue  15 -> C37  asked <=  4.1 A, got  17.16 A  MISSED  (forced)
  residue  23 -> O26  asked <=  4.0 A, got   5.72 A  MISSED  (forced)
  residue  25 -> C37  asked <=  4.5 A, got   3.21 A  ok  (forced)
  residue  33 -> C29  asked <=  4.2 A, got  11.40 A  MISSED  (forced)

s2_esm2_f12
  residue   1 -> O25  asked <=  3.8 A, got  22.38 A  MISSED  (forced)
  residue   3 -> C33  asked <=  4.2 A, got  15.86 A  MISSED  (forced)
  residue   6 -> C34  asked <=  4.1 A, got  13.60 A  MISSED  (forced)
  residue   9 -> C31  asked <=  4.2 A, got   7.94 A  MISSED  (forced)
  residue  12 -> C33  asked <=  4.6 A, got   3.82 A  ok  (forced)
  residue  15 -> C37  asked <=  4.1 A, got   3.64 A  ok  (forced)
  residue  18 -> C35  asked <=  4.6 A, got  10.01 A  MISSED  (forced)
  residue  20 -> O27  asked <=  4.7 A, got   6.62 A  MISSED  (forced)
  residue  23 -> O26  asked <=  4.0 A, got  14.44 A  MISSED  (forced)
  residue  25 -> C37  asked <=  4.5 A, got  18.96 A  MISSED  (forced)
  residue  30 -> C41  asked <=  5.1 A, got  18.21 A  MISSED  (forced)
  residue  33 -> C29  asked <=  4.2 A, got  25.63 A  MISSED  (forced)

s2_esm2_f4
  residue   1 -> O25  asked <=  3.8 A, got   6.92 A  MISSED  (forced)
  residue   6 -> C34  asked <=  4.1 A, got   7.16 A  MISSED  (forced)
  residue  15 -> C37  asked <=  4.1 A, got   6.72 A  MISSED  (forced)
  residue  23 -> O26  asked <=  4.0 A, got  16.67 A  MISSED  (forced)

s2_esm2_f8
  residue   1 -> O25  asked <=  3.8 A, got   4.08 A  MISSED  (forced)
  residue   3 -> C33  asked <=  4.2 A, got   8.99 A  MISSED  (forced)
  residue   6 -> C34  asked <=  4.1 A, got   8.33 A  MISSED  (forced)
  residue   9 -> C31  asked <=  4.2 A, got   6.76 A  MISSED  (forced)
  residue  15 -> C37  asked <=  4.1 A, got   6.97 A  MISSED  (forced)
  residue  23 -> O26  asked <=  4.0 A, got   8.31 A  MISSED  (forced)
  residue  25 -> C37  asked <=  4.5 A, got   4.60 A  MISSED  (forced)
  residue  33 -> C29  asked <=  4.2 A, got   7.56 A  MISSED  (forced)

s2_orig_f12
  residue   1 -> O25  asked <=  3.8 A, got   6.44 A  MISSED  (forced)
  residue   3 -> C33  asked <=  4.2 A, got   7.91 A  MISSED  (forced)
  residue   6 -> C34  asked <=  4.1 A, got  13.05 A  MISSED  (forced)
  residue   9 -> C31  asked <=  4.2 A, got  11.68 A  MISSED  (forced)
  residue  12 -> C33  asked <=  4.6 A, got   9.11 A  MISSED  (forced)
  residue  15 -> C37  asked <=  4.1 A, got  11.55 A  MISSED  (forced)
  residue  18 -> C35  asked <=  4.6 A, got   2.90 A  ok  (forced)
  residue  20 -> O27  asked <=  4.7 A, got   4.97 A  MISSED  (forced)
  residue  23 -> O26  asked <=  4.0 A, got  14.48 A  MISSED  (forced)
  residue  25 -> C37  asked <=  4.5 A, got   5.35 A  MISSED  (forced)
  residue  30 -> C41  asked <=  5.1 A, got   7.58 A  MISSED  (forced)
  residue  33 -> C29  asked <=  4.2 A, got   5.36 A  MISSED  (forced)

s2_orig_f4
  residue   1 -> O25  asked <=  3.8 A, got  10.53 A  MISSED  (forced)
  residue   6 -> C34  asked <=  4.1 A, got   7.60 A  MISSED  (forced)
  residue  15 -> C37  asked <=  4.1 A, got  10.36 A  MISSED  (forced)
  residue  23 -> O26  asked <=  4.0 A, got   4.04 A  MISSED  (forced)

s2_orig_f8
  residue   1 -> O25  asked <=  3.8 A, got   6.69 A  MISSED  (forced)
  residue   3 -> C33  asked <=  4.2 A, got   8.64 A  MISSED  (forced)
  residue   6 -> C34  asked <=  4.1 A, got   3.43 A  ok  (forced)
  residue   9 -> C31  asked <=  4.2 A, got   9.46 A  MISSED  (forced)
  residue  15 -> C37  asked <=  4.1 A, got  13.37 A  MISSED  (forced)
  residue  23 -> O26  asked <=  4.0 A, got  13.55 A  MISSED  (forced)
  residue  25 -> C37  asked <=  4.5 A, got   8.97 A  MISSED  (forced)
  residue  33 -> C29  asked <=  4.2 A, got   9.33 A  MISSED  (forced)

structure                           enclosed  wrapped  engaged  cent sep  closest         hints
orig_f12                                0.96     1.00    20/20       4.2     2.44          0/12
esm2_f12                                0.91     1.00    20/20       7.1     2.65          0/12
s2_esm2_f8                              0.86     0.95    19/20       9.5     2.97           0/8
esm1_f12                                0.76     0.80    16/20       3.4     3.12          1/12
esm1_f8                                 0.75     0.90    18/20       4.1     3.45           1/8
s2_orig_f12                             0.70     0.85    17/20       7.2     2.66          1/12
s2_esm1_f12                             0.68     0.90    18/20       5.9     3.30          3/12
s2_esm1_f8                              0.67     0.80    16/20       5.5     3.07           1/8
s2_esm1_f4                              0.64     0.80    16/20       6.8     3.31           1/4
esm2_f8                                 0.62     0.75    15/20      10.4     2.88           0/8
s2_orig_f4                              0.62     0.85    17/20       2.9     2.82           0/4
s2_esm2_f12                             0.61     0.75    15/20       5.9     3.08          2/12
esm1_f4                                 0.60     0.65    13/20       6.6     3.29           0/4
s2_orig_control                         0.60     1.00    20/20       7.7     3.14  none applied
orig_f4                                 0.59     0.85    17/20       7.1     2.66           3/4
RGGDGGKGGGGLGGGGKGIGEGWGGDGSGGEGS_      0.53     0.40     8/20       7.7     3.60  none applied
orig_f8                                 0.52     0.65    13/20       8.4     2.56           1/8
s2_esm2_control                         0.51     0.85    17/20       6.7     3.42  none applied
s2_esm2_f4                              0.50     0.55    11/20      16.0     3.07           0/4
RGGDGGKGGGGLGGGGKGIGEGWGGDGSGGEGS_      0.49     0.75    15/20      20.9     2.80  none applied
esm2_f4                                 0.46     0.50    10/20      11.0     3.14           0/4
RGGDGGKGGGGLGGGGKGIGEGWGGDGSGGEGS_      0.46     0.60    12/20       8.4     2.55  none applied
s2_orig_f8                              0.43     0.85    17/20       9.6     2.44           1/8
s2_esm1_control                         0.38     0.55    11/20      11.2     3.66  none applied

'enclosed' = fraction of directions out of the ligand that run into peptide: is it in a
shell or against one face. 'wrapped' = fraction of ligand atoms with peptide within 4.5 A.
They disagree usefully -- a fold can contact three quarters of the ligand while leaving it
outside, which the centroid separation shows.

results in runs/octinoxate/boltz/fold_check_shell2.csv

8 fold(s) with enforced contacts satisfied none of them. Check the fold log says
'--use_potentials': without it a forced contact is conditioning only, and the model may decline.

6 fold(s) carried hints that Boltz discarded (force:false) -- treat these as unconstrained controls, not as failures.
