=== shell2 sweep start Sat 26 Sep 2026 00:34:32 BST ===
loaded 165 poses from runs/octinoxate
12 poses: phenylalanine2, arginine3, lysine10, aspartic21, glutamic15, isoleucine8, leucine12, serine32, tryptophan5, glutamic10, leucine13, serine2
phenylalanine2 -> arginine3  d_CA 6.75  best closure 0.000 A (penalty 0.00) at k=2
phenylalanine2 -> lysine10  d_CA 10.51  best closure 0.000 A (penalty 0.00) at k=2
phenylalanine2 -> aspartic21  d_CA 11.37  best closure 0.000 A (penalty 0.00) at k=4
phenylalanine2 -> glutamic15  d_CA 9.35  best closure 0.000 A (penalty 0.00) at k=2
phenylalanine2 -> isoleucine8  d_CA 3.17  best closure 0.000 A (penalty 0.00) at k=3
phenylalanine2 -> leucine12  d_CA 5.31  best closure 0.000 A (penalty 0.00) at k=2
phenylalanine2 -> serine32  d_CA 8.69  best closure 0.000 A (penalty 0.00) at k=2
phenylalanine2 -> tryptophan5  d_CA 8.46  best closure 0.000 A (penalty 0.00) at k=2
phenylalanine2 -> glutamic10  d_CA 5.76  best closure 0.000 A (penalty 0.00) at k=2
phenylalanine2 -> leucine13  d_CA 9.20  best closure 0.000 A (penalty 0.00) at k=2
phenylalanine2 -> serine2  d_CA 2.96  best closure 0.000 A (penalty 0.00) at k=3
arginine3 -> phenylalanine2  d_CA 6.75  best closure 0.000 A (penalty 0.00) at k=1
arginine3 -> lysine10  d_CA 7.80  best closure 0.000 A (penalty 0.00) at k=2
arginine3 -> aspartic21  d_CA 7.13  best closure 0.000 A (penalty 0.00) at k=2
arginine3 -> glutamic15  d_CA 6.03  best closure 0.000 A (penalty 0.00) at k=2
arginine3 -> isoleucine8  d_CA 8.43  best closure 0.000 A (penalty 0.00) at k=2
arginine3 -> leucine12  d_CA 5.91  best closure 0.000 A (penalty 0.00) at k=2
arginine3 -> serine32  d_CA 9.47  best closure 0.000 A (penalty 0.00) at k=2
arginine3 -> tryptophan5  d_CA 10.46  best closure 0.000 A (penalty 0.00) at k=2
arginine3 -> glutamic10  d_CA 8.04  best closure 0.000 A (penalty 0.00) at k=2
arginine3 -> leucine13  d_CA 11.49  best closure 0.000 A (penalty 0.00) at k=3
arginine3 -> serine2  d_CA 7.01  best closure 0.000 A (penalty 0.00) at k=2
lysine10 -> phenylalanine2  d_CA 10.51  best closure 0.000 A (penalty 0.00) at k=2
lysine10 -> arginine3  d_CA 7.80  best closure 0.000 A (penalty 0.00) at k=2
lysine10 -> aspartic21  d_CA 8.45  best closure 0.000 A (penalty 0.00) at k=2
lysine10 -> glutamic15  d_CA 4.38  best closure 0.000 A (penalty 0.00) at k=2
lysine10 -> isoleucine8  d_CA 9.63  best closure 0.000 A (penalty 0.00) at k=2
lysine10 -> leucine12  d_CA 9.03  best closure 0.000 A (penalty 0.00) at k=2
lysine10 -> serine32  d_CA 6.01  best closure 0.000 A (penalty 0.00) at k=3
lysine10 -> tryptophan5  d_CA 8.11  best closure 0.000 A (penalty 0.00) at k=2
lysine10 -> glutamic10  d_CA 10.68  best closure 0.000 A (penalty 0.00) at k=2
lysine10 -> leucine13  d_CA 17.73  best closure 0.000 A (penalty 0.00) at k=4
lysine10 -> serine2  d_CA 11.99  best closure 0.000 A (penalty 0.00) at k=3
aspartic21 -> phenylalanine2  d_CA 11.37  best closure 0.000 A (penalty 0.00) at k=3
aspartic21 -> arginine3  d_CA 7.13  best closure 0.000 A (penalty 0.00) at k=2
aspartic21 -> lysine10  d_CA 8.45  best closure 0.000 A (penalty 0.00) at k=2
aspartic21 -> glutamic15  d_CA 10.11  best closure 0.000 A (penalty 0.00) at k=2
aspartic21 -> isoleucine8  d_CA 11.66  best closure 0.000 A (penalty 0.00) at k=4
aspartic21 -> leucine12  d_CA 12.38  best closure 0.000 A (penalty 0.00) at k=3
aspartic21 -> serine32  d_CA 8.87  best closure 0.000 A (penalty 0.00) at k=2
aspartic21 -> tryptophan5  d_CA 9.79  best closure 0.000 A (penalty 0.00) at k=2
aspartic21 -> glutamic10  d_CA 8.30  best closure 0.000 A (penalty 0.00) at k=3
aspartic21 -> leucine13  d_CA 16.61  best closure 0.000 A (penalty 0.00) at k=4
aspartic21 -> serine2  d_CA 10.62  best closure 0.000 A (penalty 0.00) at k=4
glutamic15 -> phenylalanine2  d_CA 9.35  best closure 0.000 A (penalty 0.00) at k=2
glutamic15 -> arginine3  d_CA 6.03  best closure 0.000 A (penalty 0.00) at k=2
glutamic15 -> lysine10  d_CA 4.38  best closure 0.000 A (penalty 0.00) at k=2
glutamic15 -> aspartic21  d_CA 10.11  best closure 0.000 A (penalty 0.00) at k=2
glutamic15 -> isoleucine8  d_CA 9.56  best closure 0.000 A (penalty 0.00) at k=3
glutamic15 -> leucine12  d_CA 5.89  best closure 0.000 A (penalty 0.00) at k=2
glutamic15 -> serine32  d_CA 8.92  best closure 0.000 A (penalty 0.00) at k=2
glutamic15 -> tryptophan5  d_CA 10.67  best closure 0.000 A (penalty 0.00) at k=2
glutamic15 -> glutamic10  d_CA 11.57  best closure 0.000 A (penalty 0.00) at k=3
glutamic15 -> leucine13  d_CA 14.63  best closure 0.000 A (penalty 0.00) at k=4
glutamic15 -> serine2  d_CA 11.18  best closure 0.000 A (penalty 0.00) at k=3
isoleucine8 -> phenylalanine2  d_CA 3.17  best closure 0.000 A (penalty 0.00) at k=3
isoleucine8 -> arginine3  d_CA 8.43  best closure 0.000 A (penalty 0.00) at k=2
isoleucine8 -> lysine10  d_CA 9.63  best closure 0.000 A (penalty 0.00) at k=2
isoleucine8 -> aspartic21  d_CA 11.66  best closure 0.000 A (penalty 0.00) at k=4
isoleucine8 -> glutamic15  d_CA 9.56  best closure 0.000 A (penalty 0.00) at k=3
isoleucine8 -> leucine12  d_CA 6.79  best closure 0.000 A (penalty 0.00) at k=1
isoleucine8 -> serine32  d_CA 6.50  best closure 0.000 A (penalty 0.00) at k=2
isoleucine8 -> tryptophan5  d_CA 5.97  best closure 0.000 A (penalty 0.00) at k=2
isoleucine8 -> glutamic10  d_CA 5.56  best closure 0.000 A (penalty 0.00) at k=2
isoleucine8 -> leucine13  d_CA 12.07  best closure 0.000 A (penalty 0.00) at k=3
isoleucine8 -> serine2  d_CA 5.18  best closure 0.000 A (penalty 0.00) at k=2
leucine12 -> phenylalanine2  d_CA 5.31  best closure 0.000 A (penalty 0.00) at k=2
leucine12 -> arginine3  d_CA 5.91  best closure 0.000 A (penalty 0.00) at k=2
leucine12 -> lysine10  d_CA 9.03  best closure 0.000 A (penalty 0.00) at k=2
leucine12 -> aspartic21  d_CA 12.38  best closure 0.000 A (penalty 0.00) at k=3
leucine12 -> glutamic15  d_CA 5.89  best closure 0.000 A (penalty 0.00) at k=2
leucine12 -> isoleucine8  d_CA 6.79  best closure 0.000 A (penalty 0.00) at k=1
leucine12 -> serine32  d_CA 10.32  best closure 0.000 A (penalty 0.00) at k=3
leucine12 -> tryptophan5  d_CA 11.11  best closure 0.000 A (penalty 0.00) at k=3
leucine12 -> glutamic10  d_CA 10.09  best closure 0.000 A (penalty 0.00) at k=2
leucine12 -> leucine13  d_CA 9.16  best closure 0.000 A (penalty 0.00) at k=2
leucine12 -> serine2  d_CA 7.62  best closure 0.000 A (penalty 0.00) at k=2
serine32 -> phenylalanine2  d_CA 8.69  best closure 0.000 A (penalty 0.00) at k=2
serine32 -> arginine3  d_CA 9.47  best closure 0.000 A (penalty 0.00) at k=2
serine32 -> lysine10  d_CA 6.01  best closure 0.000 A (penalty 0.00) at k=3
serine32 -> aspartic21  d_CA 8.87  best closure 0.000 A (penalty 0.00) at k=2
serine32 -> glutamic15  d_CA 8.92  best closure 0.000 A (penalty 0.00) at k=2
serine32 -> isoleucine8  d_CA 6.50  best closure 0.000 A (penalty 0.00) at k=2
serine32 -> leucine12  d_CA 10.32  best closure 0.000 A (penalty 0.00) at k=2
serine32 -> tryptophan5  d_CA 2.15  best closure 0.000 A (penalty 0.00) at k=3
serine32 -> glutamic10  d_CA 6.94  best closure 0.000 A (penalty 0.00) at k=1
serine32 -> leucine13  d_CA 17.69  best closure 0.000 A (penalty 0.00) at k=4
serine32 -> serine2  d_CA 9.75  best closure 0.000 A (penalty 0.00) at k=2
tryptophan5 -> phenylalanine2  d_CA 8.46  best closure 0.000 A (penalty 0.00) at k=2
tryptophan5 -> arginine3  d_CA 10.46  best closure 0.000 A (penalty 0.00) at k=2
tryptophan5 -> lysine10  d_CA 8.11  best closure 0.000 A (penalty 0.00) at k=2
tryptophan5 -> aspartic21  d_CA 9.79  best closure 0.000 A (penalty 0.00) at k=2
tryptophan5 -> glutamic15  d_CA 10.67  best closure 0.000 A (penalty 0.00) at k=2
tryptophan5 -> isoleucine8  d_CA 5.97  best closure 0.000 A (penalty 0.00) at k=2
tryptophan5 -> leucine12  d_CA 11.11  best closure 0.000 A (penalty 0.00) at k=3
tryptophan5 -> serine32  d_CA 2.15  best closure 0.000 A (penalty 0.00) at k=3
tryptophan5 -> glutamic10  d_CA 6.05  best closure 0.000 A (penalty 0.00) at k=1
tryptophan5 -> leucine13  d_CA 17.65  best closure 0.000 A (penalty 0.00) at k=4
tryptophan5 -> serine2  d_CA 9.24  best closure 0.000 A (penalty 0.00) at k=2
glutamic10 -> phenylalanine2  d_CA 5.76  best closure 0.000 A (penalty 0.00) at k=2
glutamic10 -> arginine3  d_CA 8.04  best closure 0.000 A (penalty 0.00) at k=2
glutamic10 -> lysine10  d_CA 10.68  best closure 0.000 A (penalty 0.00) at k=2
glutamic10 -> aspartic21  d_CA 8.30  best closure 0.000 A (penalty 0.00) at k=3
glutamic10 -> glutamic15  d_CA 11.57  best closure 0.000 A (penalty 0.00) at k=3
glutamic10 -> isoleucine8  d_CA 5.56  best closure 0.000 A (penalty 0.00) at k=3
glutamic10 -> leucine12  d_CA 10.09  best closure 0.000 A (penalty 0.00) at k=2
glutamic10 -> serine32  d_CA 6.94  best closure 0.000 A (penalty 0.00) at k=1
glutamic10 -> tryptophan5  d_CA 6.05  best closure 0.000 A (penalty 0.00) at k=1
glutamic10 -> leucine13  d_CA 13.84  best closure 0.000 A (penalty 0.00) at k=4
glutamic10 -> serine2  d_CA 4.48  best closure 0.000 A (penalty 0.00) at k=3
leucine13 -> phenylalanine2  d_CA 9.20  best closure 0.000 A (penalty 0.00) at k=2
leucine13 -> arginine3  d_CA 11.49  best closure 0.000 A (penalty 0.00) at k=3
leucine13 -> lysine10  d_CA 17.73  best closure 0.000 A (penalty 0.00) at k=4
leucine13 -> aspartic21  d_CA 16.61  best closure 0.000 A (penalty 0.00) at k=4
leucine13 -> glutamic15  d_CA 14.63  best closure 0.000 A (penalty 0.00) at k=4
leucine13 -> isoleucine8  d_CA 12.07  best closure 0.000 A (penalty 0.00) at k=3
leucine13 -> leucine12  d_CA 9.16  best closure 0.000 A (penalty 0.00) at k=2
leucine13 -> serine32  d_CA 17.69  best closure 0.000 A (penalty 0.00) at k=4
leucine13 -> tryptophan5  d_CA 17.65  best closure 0.000 A (penalty 0.00) at k=4
leucine13 -> glutamic10  d_CA 13.84  best closure 0.000 A (penalty 0.00) at k=4
leucine13 -> serine2  d_CA 9.37  best closure 0.000 A (penalty 0.00) at k=2
serine2 -> phenylalanine2  d_CA 2.96  best closure 0.000 A (penalty 0.00) at k=3
serine2 -> arginine3  d_CA 7.01  best closure 0.000 A (penalty 0.00) at k=2
serine2 -> lysine10  d_CA 11.99  best closure 0.000 A (penalty 0.00) at k=3
serine2 -> aspartic21  d_CA 10.62  best closure 0.000 A (penalty 0.00) at k=4
serine2 -> glutamic15  d_CA 11.18  best closure 0.000 A (penalty 0.00) at k=3
serine2 -> isoleucine8  d_CA 5.18  best closure 0.000 A (penalty 0.00) at k=2
serine2 -> leucine12  d_CA 7.62  best closure 0.000 A (penalty 0.00) at k=2
serine2 -> serine32  d_CA 9.75  best closure 0.000 A (penalty 0.00) at k=2
serine2 -> tryptophan5  d_CA 9.24  best closure 0.000 A (penalty 0.00) at k=3
serine2 -> glutamic10  d_CA 4.48  best closure 0.000 A (penalty 0.00) at k=3
serine2 -> leucine13  d_CA 9.37  best closure 0.000 A (penalty 0.00) at k=2

4752 rows -> runs/octinoxate/condense_shell2.csv
=== shell2 sweep done Sat 26 Sep 2026 01:51:16 BST rc=0 ===
