loaded 165 poses from runs/octinoxate
12 poses: tryptophan2, tyrosine0, phenylalanine4, lysine1, aspartic21, glutamic8, leucine5, serine4, tryptophan5, lysine8, leucine13, serine32
tryptophan2 -> tyrosine0  d_CA 8.94  best closure 0.000 A (penalty 0.00) at k=2
tryptophan2 -> phenylalanine4  d_CA 3.81  best closure 0.000 A (penalty 0.00) at k=3
tryptophan2 -> lysine1  d_CA 9.64  best closure 0.000 A (penalty 0.00) at k=2
tryptophan2 -> aspartic21  d_CA 7.69  best closure 0.000 A (penalty 0.00) at k=2
tryptophan2 -> glutamic8  d_CA 8.37  best closure 0.000 A (penalty 0.00) at k=2
tryptophan2 -> leucine5  d_CA 10.39  best closure 0.000 A (penalty 0.00) at k=3
tryptophan2 -> serine4  d_CA 5.71  best closure 0.000 A (penalty 0.00) at k=2
tryptophan2 -> tryptophan5  d_CA 11.40  best closure 0.000 A (penalty 0.00) at k=3
tryptophan2 -> lysine8  d_CA 10.84  best closure 0.000 A (penalty 0.00) at k=4
tryptophan2 -> leucine13  d_CA 10.46  best closure 0.000 A (penalty 0.00) at k=3
tryptophan2 -> serine32  d_CA 10.69  best closure 0.000 A (penalty 0.00) at k=2
tyrosine0 -> tryptophan2  d_CA 8.94  best closure 0.000 A (penalty 0.00) at k=2
tyrosine0 -> phenylalanine4  d_CA 5.63  best closure 0.000 A (penalty 0.00) at k=2
tyrosine0 -> lysine1  d_CA 9.03  best closure 0.000 A (penalty 0.00) at k=2
tyrosine0 -> aspartic21  d_CA 12.62  best closure 0.000 A (penalty 0.00) at k=3
tyrosine0 -> glutamic8  d_CA 5.66  best closure 0.000 A (penalty 0.00) at k=2
tyrosine0 -> leucine5  d_CA 6.29  best closure 0.000 A (penalty 0.00) at k=2
tyrosine0 -> serine4  d_CA 6.10  best closure 0.000 A (penalty 0.00) at k=2
tyrosine0 -> tryptophan5  d_CA 8.43  best closure 0.000 A (penalty 0.00) at k=2
tyrosine0 -> lysine8  d_CA 11.10  best closure 0.000 A (penalty 0.00) at k=3
tyrosine0 -> leucine13  d_CA 12.03  best closure 0.000 A (penalty 0.00) at k=4
tyrosine0 -> serine32  d_CA 7.73  best closure 0.000 A (penalty 0.00) at k=2
phenylalanine4 -> tryptophan2  d_CA 3.81  best closure 0.000 A (penalty 0.00) at k=3
phenylalanine4 -> tyrosine0  d_CA 5.63  best closure 0.000 A (penalty 0.00) at k=2
phenylalanine4 -> lysine1  d_CA 7.87  best closure 0.000 A (penalty 0.00) at k=2
phenylalanine4 -> aspartic21  d_CA 9.07  best closure 0.000 A (penalty 0.00) at k=3
phenylalanine4 -> glutamic8  d_CA 6.97  best closure 0.000 A (penalty 0.00) at k=2
phenylalanine4 -> leucine5  d_CA 7.67  best closure 0.000 A (penalty 0.00) at k=3
phenylalanine4 -> serine4  d_CA 3.70  best closure 0.000 A (penalty 0.00) at k=3
phenylalanine4 -> tryptophan5  d_CA 10.14  best closure 0.000 A (penalty 0.00) at k=2
phenylalanine4 -> lysine8  d_CA 9.64  best closure 0.000 A (penalty 0.00) at k=3
phenylalanine4 -> leucine13  d_CA 10.77  best closure 0.000 A (penalty 0.00) at k=2
phenylalanine4 -> serine32  d_CA 9.08  best closure 0.000 A (penalty 0.00) at k=2
lysine1 -> tryptophan2  d_CA 9.64  best closure 0.000 A (penalty 0.00) at k=2
lysine1 -> tyrosine0  d_CA 9.03  best closure 0.000 A (penalty 0.00) at k=2
lysine1 -> phenylalanine4  d_CA 7.87  best closure 0.000 A (penalty 0.00) at k=2
lysine1 -> aspartic21  d_CA 7.13  best closure 0.000 A (penalty 0.00) at k=2
lysine1 -> glutamic8  d_CA 7.76  best closure 0.000 A (penalty 0.00) at k=2
lysine1 -> leucine5  d_CA 13.93  best closure 0.000 A (penalty 0.00) at k=4
lysine1 -> serine4  d_CA 11.34  best closure 0.000 A (penalty 0.00) at k=4
lysine1 -> tryptophan5  d_CA 7.97  best closure 0.000 A (penalty 0.00) at k=2
lysine1 -> lysine8  d_CA 2.17  best closure 0.000 A (penalty 0.00) at k=3
lysine1 -> leucine13  d_CA 18.50  best closure 0.257 A (penalty 0.00) at k=4
lysine1 -> serine32  d_CA 5.89  best closure 0.000 A (penalty 0.00) at k=2
aspartic21 -> tryptophan2  d_CA 7.69  best closure 0.000 A (penalty 0.00) at k=2
aspartic21 -> tyrosine0  d_CA 12.62  best closure 0.000 A (penalty 0.00) at k=3
aspartic21 -> phenylalanine4  d_CA 9.07  best closure 0.000 A (penalty 0.00) at k=3
aspartic21 -> lysine1  d_CA 7.13  best closure 0.000 A (penalty 0.00) at k=2
aspartic21 -> glutamic8  d_CA 9.18  best closure 0.000 A (penalty 0.00) at k=3
aspartic21 -> leucine5  d_CA 15.04  best closure 0.000 A (penalty 0.00) at k=4
aspartic21 -> serine4  d_CA 12.53  best closure 0.000 A (penalty 0.00) at k=4
aspartic21 -> tryptophan5  d_CA 9.79  best closure 0.000 A (penalty 0.00) at k=2
aspartic21 -> lysine8  d_CA 6.61  best closure 0.000 A (penalty 0.00) at k=3
aspartic21 -> leucine13  d_CA 16.61  best closure 0.000 A (penalty 0.00) at k=4
aspartic21 -> serine32  d_CA 8.87  best closure 0.000 A (penalty 0.00) at k=2
glutamic8 -> tryptophan2  d_CA 8.37  best closure 0.000 A (penalty 0.00) at k=2
glutamic8 -> tyrosine0  d_CA 5.66  best closure 0.000 A (penalty 0.00) at k=2
glutamic8 -> phenylalanine4  d_CA 6.97  best closure 0.000 A (penalty 0.00) at k=2
glutamic8 -> lysine1  d_CA 7.76  best closure 0.000 A (penalty 0.00) at k=2
glutamic8 -> aspartic21  d_CA 9.18  best closure 0.000 A (penalty 0.00) at k=3
glutamic8 -> leucine5  d_CA 11.28  best closure 0.000 A (penalty 0.00) at k=4
glutamic8 -> serine4  d_CA 9.16  best closure 0.000 A (penalty 0.00) at k=3
glutamic8 -> tryptophan5  d_CA 3.63  best closure 0.000 A (penalty 0.00) at k=3
glutamic8 -> lysine8  d_CA 9.11  best closure 0.000 A (penalty 0.00) at k=3
glutamic8 -> leucine13  d_CA 14.09  best closure 0.000 A (penalty 0.00) at k=3
glutamic8 -> serine32  d_CA 3.80  best closure 0.000 A (penalty 0.00) at k=3
leucine5 -> tryptophan2  d_CA 10.39  best closure 0.000 A (penalty 0.00) at k=3
leucine5 -> tyrosine0  d_CA 6.29  best closure 0.000 A (penalty 0.00) at k=2
leucine5 -> phenylalanine4  d_CA 7.67  best closure 0.000 A (penalty 0.00) at k=2
leucine5 -> lysine1  d_CA 13.93  best closure 0.000 A (penalty 0.00) at k=4
leucine5 -> aspartic21  d_CA 14.55  best closure 0.000 A (penalty 0.00) at k=4
leucine5 -> glutamic8  d_CA 11.28  best closure 0.000 A (penalty 0.00) at k=4
leucine5 -> serine4  d_CA 4.74  best closure 0.000 A (penalty 0.00) at k=2
leucine5 -> tryptophan5  d_CA 14.52  best closure 0.000 A (penalty 0.00) at k=4
leucine5 -> lysine8  d_CA 16.04  best closure 0.000 A (penalty 0.00) at k=4
leucine5 -> leucine13  d_CA 8.51  best closure 0.000 A (penalty 0.00) at k=2
leucine5 -> serine32  d_CA 13.88  best closure 0.000 A (penalty 0.00) at k=4
serine4 -> tryptophan2  d_CA 5.71  best closure 0.000 A (penalty 0.00) at k=2
serine4 -> tyrosine0  d_CA 6.10  best closure 0.000 A (penalty 0.00) at k=2
serine4 -> phenylalanine4  d_CA 3.70  best closure 0.000 A (penalty 0.00) at k=3
serine4 -> lysine1  d_CA 11.34  best closure 0.000 A (penalty 0.00) at k=3
serine4 -> aspartic21  d_CA 12.53  best closure 0.000 A (penalty 0.00) at k=4
serine4 -> glutamic8  d_CA 9.16  best closure 0.000 A (penalty 0.00) at k=3
serine4 -> leucine5  d_CA 4.74  best closure 0.000 A (penalty 0.00) at k=2
serine4 -> tryptophan5  d_CA 12.66  best closure 0.000 A (penalty 0.00) at k=4
serine4 -> lysine8  d_CA 13.23  best closure 0.000 A (penalty 0.00) at k=4
serine4 -> leucine13  d_CA 7.70  best closure 0.000 A (penalty 0.00) at k=2
serine4 -> serine32  d_CA 11.92  best closure 0.000 A (penalty 0.00) at k=4
tryptophan5 -> tryptophan2  d_CA 11.40  best closure 0.000 A (penalty 0.00) at k=3
tryptophan5 -> tyrosine0  d_CA 8.43  best closure 0.000 A (penalty 0.00) at k=2
tryptophan5 -> phenylalanine4  d_CA 10.14  best closure 0.000 A (penalty 0.00) at k=2
tryptophan5 -> lysine1  d_CA 7.97  best closure 0.000 A (penalty 0.00) at k=2
tryptophan5 -> aspartic21  d_CA 9.79  best closure 0.000 A (penalty 0.00) at k=2
tryptophan5 -> glutamic8  d_CA 3.63  best closure 0.000 A (penalty 0.00) at k=3
tryptophan5 -> leucine5  d_CA 12.10  best closure 0.000 A (penalty 0.00) at k=3
tryptophan5 -> serine4  d_CA 12.66  best closure 0.000 A (penalty 0.00) at k=4
tryptophan5 -> lysine8  d_CA 8.71  best closure 0.000 A (penalty 0.00) at k=2
tryptophan5 -> leucine13  d_CA 17.65  best closure 0.000 A (penalty 0.00) at k=4
tryptophan5 -> serine32  d_CA 2.15  best closure 0.000 A (penalty 0.00) at k=3
lysine8 -> tryptophan2  d_CA 10.84  best closure 0.000 A (penalty 0.00) at k=3
lysine8 -> tyrosine0  d_CA 11.10  best closure 0.000 A (penalty 0.00) at k=3
lysine8 -> phenylalanine4  d_CA 9.64  best closure 0.000 A (penalty 0.00) at k=3
lysine8 -> lysine1  d_CA 2.17  best closure 0.000 A (penalty 0.00) at k=3
lysine8 -> aspartic21  d_CA 6.61  best closure 0.000 A (penalty 0.00) at k=3
lysine8 -> glutamic8  d_CA 9.11  best closure 0.000 A (penalty 0.00) at k=3
lysine8 -> leucine5  d_CA 16.04  best closure 0.000 A (penalty 0.00) at k=4
lysine8 -> serine4  d_CA 13.23  best closure 0.000 A (penalty 0.00) at k=4
lysine8 -> tryptophan5  d_CA 8.71  best closure 0.000 A (penalty 0.00) at k=2
lysine8 -> leucine13  d_CA 18.01  best closure 0.000 A (penalty 0.00) at k=4
