=== richest shell sweep (12 poses, copies=2, IE -113.12), k=1..4, started Fri 25 Sep 2026 08:13:51 BST ===
loaded 165 poses from runs/octinoxate
12 poses: arginine3, lysine5, aspartic21, glutamic9, isoleucine4, leucine13, serine31, tryptophan5, lysine8, aspartic8, glutamic10, serine20
arginine3 -> lysine5  d_CA 8.74  best closure 0.000 A (penalty 0.00) at k=2
arginine3 -> aspartic21  d_CA 7.13  best closure 0.000 A (penalty 0.00) at k=2
arginine3 -> glutamic9  d_CA 6.54  best closure 0.000 A (penalty 0.00) at k=1
arginine3 -> isoleucine4  d_CA 3.92  best closure 0.000 A (penalty 0.00) at k=3
arginine3 -> leucine13  d_CA 11.49  best closure 0.000 A (penalty 0.00) at k=3
arginine3 -> serine31  d_CA 5.72  best closure 0.000 A (penalty 0.00) at k=2
arginine3 -> tryptophan5  d_CA 10.46  best closure 0.000 A (penalty 0.00) at k=2
arginine3 -> lysine8  d_CA 9.26  best closure 0.000 A (penalty 0.00) at k=3
arginine3 -> aspartic8  d_CA 9.29  best closure 0.000 A (penalty 0.00) at k=2
arginine3 -> glutamic10  d_CA 8.04  best closure 0.000 A (penalty 0.00) at k=2
arginine3 -> serine20  d_CA 8.37  best closure 0.000 A (penalty 0.00) at k=2
lysine5 -> arginine3  d_CA 8.74  best closure 0.000 A (penalty 0.00) at k=2
lysine5 -> aspartic21  d_CA 8.70  best closure 0.000 A (penalty 0.00) at k=2
lysine5 -> glutamic9  d_CA 7.01  best closure 0.000 A (penalty 0.00) at k=1
lysine5 -> isoleucine4  d_CA 9.26  best closure 0.000 A (penalty 0.00) at k=3
lysine5 -> leucine13  d_CA 16.72  best closure 0.000 A (penalty 0.00) at k=4
lysine5 -> serine31  d_CA 7.56  best closure 0.000 A (penalty 0.00) at k=3
lysine5 -> tryptophan5  d_CA 2.16  best closure 0.000 A (penalty 0.00) at k=3
lysine5 -> lysine8  d_CA 7.13  best closure 0.000 A (penalty 0.00) at k=2
lysine5 -> aspartic8  d_CA 7.07  best closure 0.000 A (penalty 0.00) at k=2
lysine5 -> glutamic10  d_CA 6.21  best closure 0.000 A (penalty 0.00) at k=1
lysine5 -> serine20  d_CA 9.09  best closure 0.000 A (penalty 0.00) at k=2
aspartic21 -> arginine3  d_CA 7.13  best closure 0.000 A (penalty 0.00) at k=2
aspartic21 -> lysine5  d_CA 8.70  best closure 0.000 A (penalty 0.00) at k=2
aspartic21 -> glutamic9  d_CA 11.34  best closure 0.000 A (penalty 0.00) at k=3
aspartic21 -> isoleucine4  d_CA 9.01  best closure 0.000 A (penalty 0.00) at k=2
aspartic21 -> leucine13  d_CA 16.61  best closure 0.000 A (penalty 0.00) at k=4
aspartic21 -> serine31  d_CA 6.68  best closure 0.000 A (penalty 0.00) at k=2
aspartic21 -> tryptophan5  d_CA 9.79  best closure 0.000 A (penalty 0.00) at k=2
aspartic21 -> lysine8  d_CA 6.61  best closure 0.000 A (penalty 0.00) at k=3
aspartic21 -> aspartic8  d_CA 13.05  best closure 0.000 A (penalty 0.00) at k=4
aspartic21 -> glutamic10  d_CA 8.30  best closure 0.000 A (penalty 0.00) at k=3
aspartic21 -> serine20  d_CA 13.60  best closure 0.000 A (penalty 0.00) at k=4
glutamic9 -> arginine3  d_CA 6.54  best closure 0.000 A (penalty 0.00) at k=1
glutamic9 -> lysine5  d_CA 7.01  best closure 0.000 A (penalty 0.00) at k=1
glutamic9 -> aspartic21  d_CA 11.34  best closure 0.000 A (penalty 0.00) at k=3
glutamic9 -> isoleucine4  d_CA 7.87  best closure 0.000 A (penalty 0.00) at k=3
glutamic9 -> leucine13  d_CA 9.85  best closure 0.000 A (penalty 0.00) at k=2
glutamic9 -> serine31  d_CA 9.47  best closure 0.000 A (penalty 0.00) at k=3
glutamic9 -> tryptophan5  d_CA 8.02  best closure 0.000 A (penalty 0.00) at k=2
glutamic9 -> lysine8  d_CA 11.92  best closure 0.000 A (penalty 0.00) at k=3
glutamic9 -> aspartic8  d_CA 6.85  best closure 0.000 A (penalty 0.00) at k=3
glutamic9 -> glutamic10  d_CA 6.45  best closure 0.000 A (penalty 0.00) at k=2
glutamic9 -> serine20  d_CA 2.39  best closure 0.000 A (penalty 0.00) at k=3
isoleucine4 -> arginine3  d_CA 3.92  best closure 0.000 A (penalty 0.00) at k=2
isoleucine4 -> lysine5  d_CA 9.26  best closure 0.000 A (penalty 0.00) at k=3
isoleucine4 -> aspartic21  d_CA 9.01  best closure 0.000 A (penalty 0.00) at k=2
isoleucine4 -> glutamic9  d_CA 7.87  best closure 0.000 A (penalty 0.00) at k=2
isoleucine4 -> leucine13  d_CA 13.21  best closure 0.000 A (penalty 0.00) at k=3
isoleucine4 -> serine31  d_CA 4.06  best closure 0.000 A (penalty 0.00) at k=2
isoleucine4 -> tryptophan5  d_CA 11.34  best closure 0.000 A (penalty 0.00) at k=3
isoleucine4 -> lysine8  d_CA 8.34  best closure 0.000 A (penalty 0.00) at k=2
isoleucine4 -> aspartic8  d_CA 7.40  best closure 0.000 A (penalty 0.00) at k=2
isoleucine4 -> glutamic10  d_CA 10.88  best closure 0.000 A (penalty 0.00) at k=4
isoleucine4 -> serine20  d_CA 9.61  best closure 0.000 A (penalty 0.00) at k=2
leucine13 -> arginine3  d_CA 11.49  best closure 0.000 A (penalty 0.00) at k=3
leucine13 -> lysine5  d_CA 16.72  best closure 0.000 A (penalty 0.00) at k=4
leucine13 -> aspartic21  d_CA 16.61  best closure 0.000 A (penalty 0.00) at k=4
leucine13 -> glutamic9  d_CA 9.85  best closure 0.000 A (penalty 0.00) at k=2
leucine13 -> isoleucine4  d_CA 13.21  best closure 0.000 A (penalty 0.00) at k=3
leucine13 -> serine31  d_CA 16.61  best closure 0.000 A (penalty 0.00) at k=4
leucine13 -> tryptophan5  d_CA 17.65  best closure 0.000 A (penalty 0.00) at k=4
leucine13 -> lysine8  d_CA 18.01  best closure 0.000 A (penalty 0.00) at k=4
leucine13 -> aspartic8  d_CA 14.97  best closure 0.000 A (penalty 0.00) at k=4
leucine13 -> glutamic10  d_CA 13.84  best closure 0.000 A (penalty 0.00) at k=4
leucine13 -> serine20  d_CA 8.44  best closure 0.000 A (penalty 0.00) at k=2
serine31 -> arginine3  d_CA 5.72  best closure 0.000 A (penalty 0.00) at k=2
serine31 -> lysine5  d_CA 7.56  best closure 0.000 A (penalty 0.00) at k=3
serine31 -> aspartic21  d_CA 6.68  best closure 0.000 A (penalty 0.00) at k=2
serine31 -> glutamic9  d_CA 9.47  best closure 0.000 A (penalty 0.00) at k=2
serine31 -> isoleucine4  d_CA 4.06  best closure 0.000 A (penalty 0.00) at k=2
serine31 -> leucine13  d_CA 16.61  best closure 0.000 A (penalty 0.00) at k=4
serine31 -> tryptophan5  d_CA 9.63  best closure 0.000 A (penalty 0.00) at k=3
serine31 -> lysine8  d_CA 4.33  best closure 0.000 A (penalty 0.00) at k=2
serine31 -> aspartic8  d_CA 7.97  best closure 0.000 A (penalty 0.00) at k=3
serine31 -> glutamic10  d_CA 10.46  best closure 0.000 A (penalty 0.00) at k=3
serine31 -> serine20  d_CA 11.67  best closure 0.000 A (penalty 0.00) at k=3
tryptophan5 -> arginine3  d_CA 10.46  best closure 0.000 A (penalty 0.00) at k=2
tryptophan5 -> lysine5  d_CA 2.16  best closure 0.000 A (penalty 0.00) at k=3
tryptophan5 -> aspartic21  d_CA 9.79  best closure 0.000 A (penalty 0.00) at k=2
tryptophan5 -> glutamic9  d_CA 8.02  best closure 0.000 A (penalty 0.00) at k=2
tryptophan5 -> isoleucine4  d_CA 11.34  best closure 0.000 A (penalty 0.00) at k=4
tryptophan5 -> leucine13  d_CA 17.65  best closure 0.000 A (penalty 0.00) at k=4
tryptophan5 -> serine31  d_CA 9.63  best closure 0.000 A (penalty 0.00) at k=3
tryptophan5 -> lysine8  d_CA 8.71  best closure 0.000 A (penalty 0.00) at k=2
tryptophan5 -> aspartic8  d_CA 8.69  best closure 0.000 A (penalty 0.00) at k=2
tryptophan5 -> glutamic10  d_CA 6.05  best closure 0.000 A (penalty 0.00) at k=1
tryptophan5 -> serine20  d_CA 9.84  best closure 0.000 A (penalty 0.00) at k=3
lysine8 -> arginine3  d_CA 9.26  best closure 0.000 A (penalty 0.00) at k=3
lysine8 -> lysine5  d_CA 7.13  best closure 0.000 A (penalty 0.00) at k=2
lysine8 -> aspartic21  d_CA 6.61  best closure 0.000 A (penalty 0.00) at k=3
lysine8 -> glutamic9  d_CA 11.92  best closure 0.000 A (penalty 0.00) at k=3
lysine8 -> isoleucine4  d_CA 8.34  best closure 0.000 A (penalty 0.00) at k=2
lysine8 -> leucine13  d_CA 18.01  best closure 0.000 A (penalty 0.00) at k=4
lysine8 -> serine31  d_CA 4.33  best closure 0.000 A (penalty 0.00) at k=2
lysine8 -> tryptophan5  d_CA 8.71  best closure 0.000 A (penalty 0.00) at k=2
lysine8 -> aspartic8  d_CA 9.84  best closure 0.000 A (penalty 0.00) at k=3
lysine8 -> glutamic10  d_CA 11.14  best closure 0.000 A (penalty 0.00) at k=4
lysine8 -> serine20  d_CA 14.25  best closure 0.000 A (penalty 0.00) at k=4
aspartic8 -> arginine3  d_CA 9.29  best closure 0.000 A (penalty 0.00) at k=2
aspartic8 -> lysine5  d_CA 7.07  best closure 0.000 A (penalty 0.00) at k=2
aspartic8 -> aspartic21  d_CA 13.05  best closure 0.000 A (penalty 0.00) at k=4
aspartic8 -> glutamic9  d_CA 6.85  best closure 0.000 A (penalty 0.00) at k=3
aspartic8 -> isoleucine4  d_CA 7.40  best closure 0.000 A (penalty 0.00) at k=2
aspartic8 -> leucine13  d_CA 14.97  best closure 0.000 A (penalty 0.00) at k=4
aspartic8 -> serine31  d_CA 7.97  best closure 0.000 A (penalty 0.00) at k=3
aspartic8 -> tryptophan5  d_CA 8.69  best closure 0.000 A (penalty 0.00) at k=2
aspartic8 -> lysine8  d_CA 9.84  best closure 0.000 A (penalty 0.00) at k=3
aspartic8 -> glutamic10  d_CA 11.26  best closure 0.000 A (penalty 0.00) at k=3
aspartic8 -> serine20  d_CA 8.02  best closure 0.000 A (penalty 0.00) at k=2
glutamic10 -> arginine3  d_CA 8.04  best closure 0.000 A (penalty 0.00) at k=2
glutamic10 -> lysine5  d_CA 6.21  best closure 0.000 A (penalty 0.00) at k=1
glutamic10 -> aspartic21  d_CA 8.30  best closure 0.000 A (penalty 0.00) at k=3
glutamic10 -> glutamic9  d_CA 6.45  best closure 0.000 A (penalty 0.00) at k=1
glutamic10 -> isoleucine4  d_CA 10.88  best closure 0.000 A (penalty 0.00) at k=4
glutamic10 -> leucine13  d_CA 13.84  best closure 0.000 A (penalty 0.00) at k=4
glutamic10 -> serine31  d_CA 10.46  best closure 0.000 A (penalty 0.00) at k=4
glutamic10 -> tryptophan5  d_CA 6.05  best closure 0.000 A (penalty 0.00) at k=1
glutamic10 -> lysine8  d_CA 11.14  best closure 0.000 A (penalty 0.00) at k=3
glutamic10 -> aspartic8  d_CA 11.26  best closure 0.000 A (penalty 0.00) at k=3
glutamic10 -> serine20  d_CA 8.05  best closure 0.000 A (penalty 0.00) at k=2
serine20 -> arginine3  d_CA 8.37  best closure 0.000 A (penalty 0.00) at k=2
serine20 -> lysine5  d_CA 9.09  best closure 0.000 A (penalty 0.00) at k=2
serine20 -> aspartic21  d_CA 13.60  best closure 0.000 A (penalty 0.00) at k=4
serine20 -> glutamic9  d_CA 2.39  best closure 0.000 A (penalty 0.00) at k=3
serine20 -> isoleucine4  d_CA 9.61  best closure 0.000 A (penalty 0.00) at k=3
serine20 -> leucine13  d_CA 8.44  best closure 0.000 A (penalty 0.00) at k=2
serine20 -> serine31  d_CA 11.67  best closure 0.000 A (penalty 0.00) at k=3
serine20 -> tryptophan5  d_CA 9.84  best closure 0.000 A (penalty 0.00) at k=2
serine20 -> lysine8  d_CA 14.25  best closure 0.000 A (penalty 0.00) at k=4
serine20 -> aspartic8  d_CA 8.02  best closure 0.000 A (penalty 0.00) at k=2
serine20 -> glutamic10  d_CA 8.05  best closure 0.000 A (penalty 0.00) at k=2

4752 rows -> runs/octinoxate/condense_shell12.csv
=== finished Fri 25 Sep 2026 09:22:17 BST ===
