=== corrected (4-condition) geometry sweep started Fri 25 Sep 2026 00:17:59 BST ===
loaded 170 poses from runs/octinoxate
10 selected poses: arginine3, lysine5, aspartic21, glutamic22, isoleucine3, leucine13, serine31, tryptophan5, tyrosine1, phenylalanine4
arginine3 -> lysine5  d_CA 8.74  best closure 0.000 A (penalty 0.00) at k=2
arginine3 -> aspartic21  d_CA 7.13  best closure 0.000 A (penalty 0.00) at k=2
arginine3 -> glutamic22  d_CA 5.08  best closure 0.000 A (penalty 0.00) at k=1
arginine3 -> isoleucine3  d_CA 9.04  best closure 0.000 A (penalty 0.00) at k=2
arginine3 -> leucine13  d_CA 11.49  best closure 0.000 A (penalty 0.00) at k=3
arginine3 -> serine31  d_CA 5.72  best closure 0.000 A (penalty 0.00) at k=2
arginine3 -> tryptophan5  d_CA 10.46  best closure 0.000 A (penalty 0.00) at k=2
arginine3 -> tyrosine1  d_CA 7.20  best closure 0.000 A (penalty 0.00) at k=2
arginine3 -> phenylalanine4  d_CA 2.55  best closure 0.000 A (penalty 0.00) at k=3
lysine5 -> arginine3  d_CA 8.74  best closure 0.000 A (penalty 0.00) at k=2
lysine5 -> aspartic21  d_CA 8.70  best closure 0.000 A (penalty 0.00) at k=2
lysine5 -> glutamic22  d_CA 9.11  best closure 0.000 A (penalty 0.00) at k=2
lysine5 -> isoleucine3  d_CA 6.83  best closure 0.000 A (penalty 0.00) at k=2
lysine5 -> leucine13  d_CA 16.72  best closure 0.000 A (penalty 0.00) at k=4
lysine5 -> serine31  d_CA 7.56  best closure 0.000 A (penalty 0.00) at k=3
lysine5 -> tryptophan5  d_CA 2.16  best closure 0.000 A (penalty 0.00) at k=3
lysine5 -> tyrosine1  d_CA 15.92  best closure 0.000 A (penalty 0.00) at k=4
lysine5 -> phenylalanine4  d_CA 8.31  best closure 0.000 A (penalty 0.00) at k=2
aspartic21 -> arginine3  d_CA 7.13  best closure 0.000 A (penalty 0.00) at k=2
aspartic21 -> lysine5  d_CA 8.70  best closure 0.000 A (penalty 0.00) at k=2
aspartic21 -> glutamic22  d_CA 11.05  best closure 0.000 A (penalty 0.00) at k=3
aspartic21 -> isoleucine3  d_CA 12.61  best closure 0.000 A (penalty 0.00) at k=4
aspartic21 -> leucine13  d_CA 16.61  best closure 0.000 A (penalty 0.00) at k=4
aspartic21 -> serine31  d_CA 6.68  best closure 0.000 A (penalty 0.00) at k=2
aspartic21 -> tryptophan5  d_CA 9.79  best closure 0.000 A (penalty 0.00) at k=2
aspartic21 -> tyrosine1  d_CA 12.28  best closure 0.000 A (penalty 0.00) at k=3
aspartic21 -> phenylalanine4  d_CA 9.07  best closure 0.000 A (penalty 0.00) at k=3
glutamic22 -> arginine3  d_CA 5.08  best closure 0.000 A (penalty 0.00) at k=1
glutamic22 -> lysine5  d_CA 9.11  best closure 0.000 A (penalty 0.00) at k=2
glutamic22 -> aspartic21  d_CA 11.05  best closure 0.000 A (penalty 0.00) at k=3
glutamic22 -> isoleucine3  d_CA 8.81  best closure 0.000 A (penalty 0.00) at k=2
glutamic22 -> leucine13  d_CA 11.59  best closure 0.000 A (penalty 0.00) at k=4
glutamic22 -> serine31  d_CA 6.19  best closure 0.000 A (penalty 0.00) at k=3
glutamic22 -> tryptophan5  d_CA 11.07  best closure 0.000 A (penalty 0.00) at k=3
glutamic22 -> tyrosine1  d_CA 9.70  best closure 0.000 A (penalty 0.00) at k=3
glutamic22 -> phenylalanine4  d_CA 2.73  best closure 0.000 A (penalty 0.00) at k=3
isoleucine3 -> arginine3  d_CA 9.04  best closure 0.000 A (penalty 0.00) at k=2
isoleucine3 -> lysine5  d_CA 6.83  best closure 0.000 A (penalty 0.00) at k=2
isoleucine3 -> aspartic21  d_CA 12.61  best closure 0.000 A (penalty 0.00) at k=4
isoleucine3 -> glutamic22  d_CA 8.81  best closure 0.000 A (penalty 0.00) at k=2
isoleucine3 -> leucine13  d_CA 11.31  best closure 0.000 A (penalty 0.00) at k=3
isoleucine3 -> serine31  d_CA 11.42  best closure 0.000 A (penalty 0.00) at k=3
isoleucine3 -> tryptophan5  d_CA 7.06  best closure 0.000 A (penalty 0.00) at k=2
isoleucine3 -> tyrosine1  d_CA 13.80  best closure 0.000 A (penalty 0.00) at k=4
isoleucine3 -> phenylalanine4  d_CA 7.89  best closure 0.000 A (penalty 0.00) at k=2
leucine13 -> arginine3  d_CA 11.49  best closure 0.000 A (penalty 0.00) at k=3
leucine13 -> lysine5  d_CA 16.72  best closure 0.000 A (penalty 0.00) at k=4
leucine13 -> aspartic21  d_CA 16.61  best closure 0.000 A (penalty 0.00) at k=4
leucine13 -> glutamic22  d_CA 11.59  best closure 0.000 A (penalty 0.00) at k=4
leucine13 -> isoleucine3  d_CA 11.31  best closure 0.000 A (penalty 0.00) at k=3
leucine13 -> serine31  d_CA 16.61  best closure 0.000 A (penalty 0.00) at k=4
leucine13 -> tryptophan5  d_CA 17.65  best closure 0.000 A (penalty 0.00) at k=4
leucine13 -> tyrosine1  d_CA 10.44  best closure 0.000 A (penalty 0.00) at k=3
leucine13 -> phenylalanine4  d_CA 10.77  best closure 0.000 A (penalty 0.00) at k=2
serine31 -> arginine3  d_CA 5.72  best closure 0.000 A (penalty 0.00) at k=2
serine31 -> lysine5  d_CA 7.56  best closure 0.000 A (penalty 0.00) at k=3
serine31 -> aspartic21  d_CA 6.68  best closure 0.000 A (penalty 0.00) at k=2
serine31 -> glutamic22  d_CA 6.19  best closure 0.000 A (penalty 0.00) at k=1
serine31 -> isoleucine3  d_CA 11.42  best closure 0.000 A (penalty 0.00) at k=3
serine31 -> leucine13  d_CA 16.61  best closure 0.000 A (penalty 0.00) at k=4
serine31 -> tryptophan5  d_CA 9.63  best closure 0.000 A (penalty 0.00) at k=3
serine31 -> tyrosine1  d_CA 11.63  best closure 0.000 A (penalty 0.00) at k=3
serine31 -> phenylalanine4  d_CA 5.87  best closure 0.000 A (penalty 0.00) at k=3
tryptophan5 -> arginine3  d_CA 10.46  best closure 0.000 A (penalty 0.00) at k=2
tryptophan5 -> lysine5  d_CA 2.16  best closure 0.000 A (penalty 0.00) at k=3
tryptophan5 -> aspartic21  d_CA 9.79  best closure 0.000 A (penalty 0.00) at k=2
tryptophan5 -> glutamic22  d_CA 11.07  best closure 0.000 A (penalty 0.00) at k=4
tryptophan5 -> isoleucine3  d_CA 7.06  best closure 0.000 A (penalty 0.00) at k=2
tryptophan5 -> leucine13  d_CA 17.65  best closure 0.000 A (penalty 0.00) at k=4
tryptophan5 -> serine31  d_CA 9.63  best closure 0.000 A (penalty 0.00) at k=3
tryptophan5 -> tyrosine1  d_CA 15.43  best closure 0.000 A (penalty 0.00) at k=4
tryptophan5 -> phenylalanine4  d_CA 10.14  best closure 0.000 A (penalty 0.00) at k=2
tyrosine1 -> arginine3  d_CA 7.20  best closure 0.000 A (penalty 0.00) at k=2
tyrosine1 -> lysine5  d_CA 15.92  best closure 0.000 A (penalty 0.00) at k=4
tyrosine1 -> aspartic21  d_CA 12.28  best closure 0.000 A (penalty 0.00) at k=3
tyrosine1 -> glutamic22  d_CA 9.70  best closure 0.000 A (penalty 0.00) at k=3
tyrosine1 -> isoleucine3  d_CA 14.65  best closure 0.000 A (penalty 0.00) at k=4
tyrosine1 -> leucine13  d_CA 10.44  best closure 0.000 A (penalty 0.00) at k=3
tyrosine1 -> serine31  d_CA 11.63  best closure 0.000 A (penalty 0.00) at k=3
tyrosine1 -> tryptophan5  d_CA 17.41  best closure 0.000 A (penalty 0.00) at k=4
tyrosine1 -> phenylalanine4  d_CA 8.31  best closure 0.000 A (penalty 0.00) at k=3
phenylalanine4 -> arginine3  d_CA 2.55  best closure 0.000 A (penalty 0.00) at k=3
phenylalanine4 -> lysine5  d_CA 8.31  best closure 0.000 A (penalty 0.00) at k=2
phenylalanine4 -> aspartic21  d_CA 9.07  best closure 0.000 A (penalty 0.00) at k=3
phenylalanine4 -> glutamic22  d_CA 2.73  best closure 0.000 A (penalty 0.00) at k=3
phenylalanine4 -> isoleucine3  d_CA 7.89  best closure 0.000 A (penalty 0.00) at k=2
phenylalanine4 -> leucine13  d_CA 10.77  best closure 0.000 A (penalty 0.00) at k=2
phenylalanine4 -> serine31  d_CA 5.87  best closure 0.000 A (penalty 0.00) at k=3
phenylalanine4 -> tryptophan5  d_CA 10.14  best closure 0.000 A (penalty 0.00) at k=2
phenylalanine4 -> tyrosine1  d_CA 8.31  best closure 0.000 A (penalty 0.00) at k=3

4050 rows -> runs/octinoxate/condense_pairs_geom.csv
=== finished Fri 25 Sep 2026 02:08:14 BST ===
