ligand SMILES: CCCC[C@H](CC)OC(=O)/C=C/c1ccc(OC)cc1
44 ligand atoms named by Boltz's own code path

sequence: RGEGGEGGKGGFGGDGGIGLGGSGWGGGGLGGS  (33 residues)
no contact hints (control run)

wrote runs/octinoxate/boltz/s2_orig_control.yaml
folding s2_orig_control -> runs/octinoxate/boltz/s2_orig_control.log
  Boltz via wrapper /Users/cafierom/python_mac/boltz_local/code/boltz_mps.py
  wrote runs/octinoxate/boltz/boltz_results_s2_orig_control/predictions/s2_orig_control/s2_orig_control_model_0.cif
usage: boltz_hints.py [-h] [--sequence SEQUENCE] [--cutoff CUTOFF]
                      [--margin MARGIN] [--force] [--name NAME] [--no-hints]
                      [--top TOP] [--residues RESIDUES] [--run]
                      [--boltz-args BOLTZ_ARGS] [--affinity]
                      [--boltz-venv BOLTZ_VENV] [--boltz-cmd BOLTZ_CMD]
                      outdir design
boltz_hints.py: error: argument --boltz-args: expected one argument
usage: boltz_hints.py [-h] [--sequence SEQUENCE] [--cutoff CUTOFF]
                      [--margin MARGIN] [--force] [--name NAME] [--no-hints]
                      [--top TOP] [--residues RESIDUES] [--run]
                      [--boltz-args BOLTZ_ARGS] [--affinity]
                      [--boltz-venv BOLTZ_VENV] [--boltz-cmd BOLTZ_CMD]
                      outdir design
boltz_hints.py: error: argument --boltz-args: expected one argument
usage: boltz_hints.py [-h] [--sequence SEQUENCE] [--cutoff CUTOFF]
                      [--margin MARGIN] [--force] [--name NAME] [--no-hints]
                      [--top TOP] [--residues RESIDUES] [--run]
                      [--boltz-args BOLTZ_ARGS] [--affinity]
                      [--boltz-venv BOLTZ_VENV] [--boltz-cmd BOLTZ_CMD]
                      outdir design
boltz_hints.py: error: argument --boltz-args: expected one argument
ligand SMILES: CCCC[C@H](CC)OC(=O)/C=C/c1ccc(OC)cc1
44 ligand atoms named by Boltz's own code path

sequence: RSELAEAAKRGFLTDGGIDLVSSGWLTLRLAPS  (33 residues)
no contact hints (control run)

wrote runs/octinoxate/boltz/s2_esm1_control.yaml
folding s2_esm1_control -> runs/octinoxate/boltz/s2_esm1_control.log
  Boltz via wrapper /Users/cafierom/python_mac/boltz_local/code/boltz_mps.py
  wrote runs/octinoxate/boltz/boltz_results_s2_esm1_control/predictions/s2_esm1_control/s2_esm1_control_model_0.cif
usage: boltz_hints.py [-h] [--sequence SEQUENCE] [--cutoff CUTOFF]
                      [--margin MARGIN] [--force] [--name NAME] [--no-hints]
                      [--top TOP] [--residues RESIDUES] [--run]
                      [--boltz-args BOLTZ_ARGS] [--affinity]
                      [--boltz-venv BOLTZ_VENV] [--boltz-cmd BOLTZ_CMD]
                      outdir design
boltz_hints.py: error: argument --boltz-args: expected one argument
usage: boltz_hints.py [-h] [--sequence SEQUENCE] [--cutoff CUTOFF]
                      [--margin MARGIN] [--force] [--name NAME] [--no-hints]
                      [--top TOP] [--residues RESIDUES] [--run]
                      [--boltz-args BOLTZ_ARGS] [--affinity]
                      [--boltz-venv BOLTZ_VENV] [--boltz-cmd BOLTZ_CMD]
                      outdir design
boltz_hints.py: error: argument --boltz-args: expected one argument
usage: boltz_hints.py [-h] [--sequence SEQUENCE] [--cutoff CUTOFF]
                      [--margin MARGIN] [--force] [--name NAME] [--no-hints]
                      [--top TOP] [--residues RESIDUES] [--run]
                      [--boltz-args BOLTZ_ARGS] [--affinity]
                      [--boltz-venv BOLTZ_VENV] [--boltz-cmd BOLTZ_CMD]
                      outdir design
boltz_hints.py: error: argument --boltz-args: expected one argument
ligand SMILES: CCCC[C@H](CC)OC(=O)/C=C/c1ccc(OC)cc1
44 ligand atoms named by Boltz's own code path

sequence: RGERKEKSKLIFIIDSKIFLSFSIWRFLILLRS  (33 residues)
no contact hints (control run)

wrote runs/octinoxate/boltz/s2_esm2_control.yaml
folding s2_esm2_control -> runs/octinoxate/boltz/s2_esm2_control.log
  Boltz via wrapper /Users/cafierom/python_mac/boltz_local/code/boltz_mps.py
  wrote runs/octinoxate/boltz/boltz_results_s2_esm2_control/predictions/s2_esm2_control/s2_esm2_control_model_0.cif
usage: boltz_hints.py [-h] [--sequence SEQUENCE] [--cutoff CUTOFF]
                      [--margin MARGIN] [--force] [--name NAME] [--no-hints]
                      [--top TOP] [--residues RESIDUES] [--run]
                      [--boltz-args BOLTZ_ARGS] [--affinity]
                      [--boltz-venv BOLTZ_VENV] [--boltz-cmd BOLTZ_CMD]
                      outdir design
boltz_hints.py: error: argument --boltz-args: expected one argument
usage: boltz_hints.py [-h] [--sequence SEQUENCE] [--cutoff CUTOFF]
                      [--margin MARGIN] [--force] [--name NAME] [--no-hints]
                      [--top TOP] [--residues RESIDUES] [--run]
                      [--boltz-args BOLTZ_ARGS] [--affinity]
                      [--boltz-venv BOLTZ_VENV] [--boltz-cmd BOLTZ_CMD]
                      outdir design
boltz_hints.py: error: argument --boltz-args: expected one argument
usage: boltz_hints.py [-h] [--sequence SEQUENCE] [--cutoff CUTOFF]
                      [--margin MARGIN] [--force] [--name NAME] [--no-hints]
                      [--top TOP] [--residues RESIDUES] [--run]
                      [--boltz-args BOLTZ_ARGS] [--affinity]
                      [--boltz-venv BOLTZ_VENV] [--boltz-cmd BOLTZ_CMD]
                      outdir design
boltz_hints.py: error: argument --boltz-args: expected one argument
ligand SMILES: CCCC[C@H](CC)OC(=O)/C=C/c1ccc(OC)cc1
44 ligand atoms named by Boltz's own code path

sequence: RGEGGEGGKGGFGGDGGIGLGGSGWGGGGLGGS  (33 residues)
4 contact hints (closest ligand atom per designed residue):
  residue   1 R  (arginine3     ) -> ligand O25  at 2.77 A -> max_distance 3.8
  residue   6 E  (glutamic10    ) -> ligand C34  at 3.06 A -> max_distance 4.1
  residue  15 D  (aspartic21    ) -> ligand C37  at 3.13 A -> max_distance 4.1
  residue  23 S  (serine32      ) -> ligand O26  at 2.95 A -> max_distance 4.0

wrote runs/octinoxate/boltz/s2_orig_f4.yaml
folding s2_orig_f4 -> runs/octinoxate/boltz/s2_orig_f4.log
  Boltz via wrapper /Users/cafierom/python_mac/boltz_local/code/boltz_mps.py
  wrote runs/octinoxate/boltz/boltz_results_s2_orig_f4/predictions/s2_orig_f4/s2_orig_f4_model_0.cif
ligand SMILES: CCCC[C@H](CC)OC(=O)/C=C/c1ccc(OC)cc1
44 ligand atoms named by Boltz's own code path

sequence: RGEGGEGGKGGFGGDGGIGLGGSGWGGGGLGGS  (33 residues)
8 contact hints (closest ligand atom per designed residue):
  residue   1 R  (arginine3     ) -> ligand O25  at 2.77 A -> max_distance 3.8
  residue   3 E  (glutamic15    ) -> ligand C33  at 3.15 A -> max_distance 4.2
  residue   6 E  (glutamic10    ) -> ligand C34  at 3.06 A -> max_distance 4.1
  residue   9 K  (lysine10      ) -> ligand C31  at 3.20 A -> max_distance 4.2
  residue  15 D  (aspartic21    ) -> ligand C37  at 3.13 A -> max_distance 4.1
  residue  23 S  (serine32      ) -> ligand O26  at 2.95 A -> max_distance 4.0
  residue  25 W  (tryptophan5   ) -> ligand C37  at 3.55 A -> max_distance 4.5
  residue  33 S  (serine2       ) -> ligand C29  at 3.24 A -> max_distance 4.2

wrote runs/octinoxate/boltz/s2_orig_f8.yaml
folding s2_orig_f8 -> runs/octinoxate/boltz/s2_orig_f8.log
  Boltz via wrapper /Users/cafierom/python_mac/boltz_local/code/boltz_mps.py
  wrote runs/octinoxate/boltz/boltz_results_s2_orig_f8/predictions/s2_orig_f8/s2_orig_f8_model_0.cif
ligand SMILES: CCCC[C@H](CC)OC(=O)/C=C/c1ccc(OC)cc1
44 ligand atoms named by Boltz's own code path

sequence: RGEGGEGGKGGFGGDGGIGLGGSGWGGGGLGGS  (33 residues)
12 contact hints (closest ligand atom per designed residue):
  residue   1 R  (arginine3     ) -> ligand O25  at 2.77 A -> max_distance 3.8
  residue   3 E  (glutamic15    ) -> ligand C33  at 3.15 A -> max_distance 4.2
  residue   6 E  (glutamic10    ) -> ligand C34  at 3.06 A -> max_distance 4.1
  residue   9 K  (lysine10      ) -> ligand C31  at 3.20 A -> max_distance 4.2
  residue  12 F  (phenylalanine2) -> ligand C33  at 3.60 A -> max_distance 4.6
  residue  15 D  (aspartic21    ) -> ligand C37  at 3.13 A -> max_distance 4.1
  residue  18 I  (isoleucine8   ) -> ligand C35  at 3.63 A -> max_distance 4.6
  residue  20 L  (leucine12     ) -> ligand O27  at 3.72 A -> max_distance 4.7
  residue  23 S  (serine32      ) -> ligand O26  at 2.95 A -> max_distance 4.0
  residue  25 W  (tryptophan5   ) -> ligand C37  at 3.55 A -> max_distance 4.5
  residue  30 L  (leucine13     ) -> ligand C41  at 4.14 A -> max_distance 5.1
  residue  33 S  (serine2       ) -> ligand C29  at 3.24 A -> max_distance 4.2

wrote runs/octinoxate/boltz/s2_orig_f12.yaml
folding s2_orig_f12 -> runs/octinoxate/boltz/s2_orig_f12.log
  Boltz via wrapper /Users/cafierom/python_mac/boltz_local/code/boltz_mps.py
  wrote runs/octinoxate/boltz/boltz_results_s2_orig_f12/predictions/s2_orig_f12/s2_orig_f12_model_0.cif
ligand SMILES: CCCC[C@H](CC)OC(=O)/C=C/c1ccc(OC)cc1
44 ligand atoms named by Boltz's own code path

sequence: RSELAEAAKRGFLTDGGIDLVSSGWLTLRLAPS  (33 residues)
4 contact hints (closest ligand atom per designed residue):
  residue   1 R  (arginine3     ) -> ligand O25  at 2.77 A -> max_distance 3.8
  residue   6 E  (glutamic10    ) -> ligand C34  at 3.06 A -> max_distance 4.1
  residue  15 D  (aspartic21    ) -> ligand C37  at 3.13 A -> max_distance 4.1
  residue  23 S  (serine32      ) -> ligand O26  at 2.95 A -> max_distance 4.0

wrote runs/octinoxate/boltz/s2_esm1_f4.yaml
folding s2_esm1_f4 -> runs/octinoxate/boltz/s2_esm1_f4.log
  Boltz via wrapper /Users/cafierom/python_mac/boltz_local/code/boltz_mps.py
  wrote runs/octinoxate/boltz/boltz_results_s2_esm1_f4/predictions/s2_esm1_f4/s2_esm1_f4_model_0.cif
ligand SMILES: CCCC[C@H](CC)OC(=O)/C=C/c1ccc(OC)cc1
44 ligand atoms named by Boltz's own code path

sequence: RSELAEAAKRGFLTDGGIDLVSSGWLTLRLAPS  (33 residues)
8 contact hints (closest ligand atom per designed residue):
  residue   1 R  (arginine3     ) -> ligand O25  at 2.77 A -> max_distance 3.8
  residue   3 E  (glutamic15    ) -> ligand C33  at 3.15 A -> max_distance 4.2
  residue   6 E  (glutamic10    ) -> ligand C34  at 3.06 A -> max_distance 4.1
  residue   9 K  (lysine10      ) -> ligand C31  at 3.20 A -> max_distance 4.2
  residue  15 D  (aspartic21    ) -> ligand C37  at 3.13 A -> max_distance 4.1
  residue  23 S  (serine32      ) -> ligand O26  at 2.95 A -> max_distance 4.0
  residue  25 W  (tryptophan5   ) -> ligand C37  at 3.55 A -> max_distance 4.5
  residue  33 S  (serine2       ) -> ligand C29  at 3.24 A -> max_distance 4.2

wrote runs/octinoxate/boltz/s2_esm1_f8.yaml
folding s2_esm1_f8 -> runs/octinoxate/boltz/s2_esm1_f8.log
  Boltz via wrapper /Users/cafierom/python_mac/boltz_local/code/boltz_mps.py
  wrote runs/octinoxate/boltz/boltz_results_s2_esm1_f8/predictions/s2_esm1_f8/s2_esm1_f8_model_0.cif
ligand SMILES: CCCC[C@H](CC)OC(=O)/C=C/c1ccc(OC)cc1
44 ligand atoms named by Boltz's own code path

sequence: RSELAEAAKRGFLTDGGIDLVSSGWLTLRLAPS  (33 residues)
12 contact hints (closest ligand atom per designed residue):
  residue   1 R  (arginine3     ) -> ligand O25  at 2.77 A -> max_distance 3.8
  residue   3 E  (glutamic15    ) -> ligand C33  at 3.15 A -> max_distance 4.2
  residue   6 E  (glutamic10    ) -> ligand C34  at 3.06 A -> max_distance 4.1
  residue   9 K  (lysine10      ) -> ligand C31  at 3.20 A -> max_distance 4.2
  residue  12 F  (phenylalanine2) -> ligand C33  at 3.60 A -> max_distance 4.6
  residue  15 D  (aspartic21    ) -> ligand C37  at 3.13 A -> max_distance 4.1
  residue  18 I  (isoleucine8   ) -> ligand C35  at 3.63 A -> max_distance 4.6
  residue  20 L  (leucine12     ) -> ligand O27  at 3.72 A -> max_distance 4.7
  residue  23 S  (serine32      ) -> ligand O26  at 2.95 A -> max_distance 4.0
  residue  25 W  (tryptophan5   ) -> ligand C37  at 3.55 A -> max_distance 4.5
  residue  30 L  (leucine13     ) -> ligand C41  at 4.14 A -> max_distance 5.1
  residue  33 S  (serine2       ) -> ligand C29  at 3.24 A -> max_distance 4.2

wrote runs/octinoxate/boltz/s2_esm1_f12.yaml
folding s2_esm1_f12 -> runs/octinoxate/boltz/s2_esm1_f12.log
  Boltz via wrapper /Users/cafierom/python_mac/boltz_local/code/boltz_mps.py
  wrote runs/octinoxate/boltz/boltz_results_s2_esm1_f12/predictions/s2_esm1_f12/s2_esm1_f12_model_0.cif
ligand SMILES: CCCC[C@H](CC)OC(=O)/C=C/c1ccc(OC)cc1
44 ligand atoms named by Boltz's own code path

sequence: RGERKEKSKLIFIIDSKIFLSFSIWRFLILLRS  (33 residues)
4 contact hints (closest ligand atom per designed residue):
  residue   1 R  (arginine3     ) -> ligand O25  at 2.77 A -> max_distance 3.8
  residue   6 E  (glutamic10    ) -> ligand C34  at 3.06 A -> max_distance 4.1
  residue  15 D  (aspartic21    ) -> ligand C37  at 3.13 A -> max_distance 4.1
  residue  23 S  (serine32      ) -> ligand O26  at 2.95 A -> max_distance 4.0

wrote runs/octinoxate/boltz/s2_esm2_f4.yaml
folding s2_esm2_f4 -> runs/octinoxate/boltz/s2_esm2_f4.log
  Boltz via wrapper /Users/cafierom/python_mac/boltz_local/code/boltz_mps.py
  wrote runs/octinoxate/boltz/boltz_results_s2_esm2_f4/predictions/s2_esm2_f4/s2_esm2_f4_model_0.cif
ligand SMILES: CCCC[C@H](CC)OC(=O)/C=C/c1ccc(OC)cc1
44 ligand atoms named by Boltz's own code path

sequence: RGERKEKSKLIFIIDSKIFLSFSIWRFLILLRS  (33 residues)
8 contact hints (closest ligand atom per designed residue):
  residue   1 R  (arginine3     ) -> ligand O25  at 2.77 A -> max_distance 3.8
  residue   3 E  (glutamic15    ) -> ligand C33  at 3.15 A -> max_distance 4.2
  residue   6 E  (glutamic10    ) -> ligand C34  at 3.06 A -> max_distance 4.1
  residue   9 K  (lysine10      ) -> ligand C31  at 3.20 A -> max_distance 4.2
  residue  15 D  (aspartic21    ) -> ligand C37  at 3.13 A -> max_distance 4.1
  residue  23 S  (serine32      ) -> ligand O26  at 2.95 A -> max_distance 4.0
  residue  25 W  (tryptophan5   ) -> ligand C37  at 3.55 A -> max_distance 4.5
  residue  33 S  (serine2       ) -> ligand C29  at 3.24 A -> max_distance 4.2

wrote runs/octinoxate/boltz/s2_esm2_f8.yaml
folding s2_esm2_f8 -> runs/octinoxate/boltz/s2_esm2_f8.log
  Boltz via wrapper /Users/cafierom/python_mac/boltz_local/code/boltz_mps.py
  wrote runs/octinoxate/boltz/boltz_results_s2_esm2_f8/predictions/s2_esm2_f8/s2_esm2_f8_model_0.cif
ligand SMILES: CCCC[C@H](CC)OC(=O)/C=C/c1ccc(OC)cc1
44 ligand atoms named by Boltz's own code path

sequence: RGERKEKSKLIFIIDSKIFLSFSIWRFLILLRS  (33 residues)
12 contact hints (closest ligand atom per designed residue):
  residue   1 R  (arginine3     ) -> ligand O25  at 2.77 A -> max_distance 3.8
  residue   3 E  (glutamic15    ) -> ligand C33  at 3.15 A -> max_distance 4.2
  residue   6 E  (glutamic10    ) -> ligand C34  at 3.06 A -> max_distance 4.1
  residue   9 K  (lysine10      ) -> ligand C31  at 3.20 A -> max_distance 4.2
  residue  12 F  (phenylalanine2) -> ligand C33  at 3.60 A -> max_distance 4.6
  residue  15 D  (aspartic21    ) -> ligand C37  at 3.13 A -> max_distance 4.1
  residue  18 I  (isoleucine8   ) -> ligand C35  at 3.63 A -> max_distance 4.6
  residue  20 L  (leucine12     ) -> ligand O27  at 3.72 A -> max_distance 4.7
  residue  23 S  (serine32      ) -> ligand O26  at 2.95 A -> max_distance 4.0
  residue  25 W  (tryptophan5   ) -> ligand C37  at 3.55 A -> max_distance 4.5
  residue  30 L  (leucine13     ) -> ligand C41  at 4.14 A -> max_distance 5.1
  residue  33 S  (serine2       ) -> ligand C29  at 3.24 A -> max_distance 4.2

wrote runs/octinoxate/boltz/s2_esm2_f12.yaml
folding s2_esm2_f12 -> runs/octinoxate/boltz/s2_esm2_f12.log
  Boltz via wrapper /Users/cafierom/python_mac/boltz_local/code/boltz_mps.py
  wrote runs/octinoxate/boltz/boltz_results_s2_esm2_f12/predictions/s2_esm2_f12/s2_esm2_f12_model_0.cif
