ligand SMILES: CCCC[C@H](CC)OC(=O)/C=C/c1ccc(OC)cc1
44 ligand atoms named by Boltz's own code path

sequence: YGGDGFGKGGGLGGGKGGGGLGGWGGEGSGGWGS  (34 residues)
no contact hints (control run)

wrote runs/octinoxate/boltz/s3_orig_control.yaml
folding s3_orig_control -> runs/octinoxate/boltz/s3_orig_control.log
  Boltz via wrapper /Users/cafierom/python_mac/boltz_local/code/boltz_mps.py
  wrote runs/octinoxate/boltz/boltz_results_s3_orig_control/predictions/s3_orig_control/s3_orig_control_model_0.cif
ligand SMILES: CCCC[C@H](CC)OC(=O)/C=C/c1ccc(OC)cc1
44 ligand atoms named by Boltz's own code path

sequence: YGGDGFGKGGGLGGGKGGGGLGGWGGEGSGGWGS  (34 residues)
4 contact hints (closest ligand atom per designed residue):
  residue   4 D  (aspartic21    ) -> ligand C37  at 3.13 A -> max_distance 4.1
  residue  24 W  (tryptophan2   ) -> ligand O25  at 2.93 A -> max_distance 3.9
  residue  29 S  (serine4       ) -> ligand O27  at 3.19 A -> max_distance 4.2
  residue  34 S  (serine32      ) -> ligand O26  at 2.95 A -> max_distance 4.0

wrote runs/octinoxate/boltz/s3_orig_f4.yaml
folding s3_orig_f4 -> runs/octinoxate/boltz/s3_orig_f4.log
  Boltz via wrapper /Users/cafierom/python_mac/boltz_local/code/boltz_mps.py
  wrote runs/octinoxate/boltz/boltz_results_s3_orig_f4/predictions/s3_orig_f4/s3_orig_f4_model_0.cif
ligand SMILES: CCCC[C@H](CC)OC(=O)/C=C/c1ccc(OC)cc1
44 ligand atoms named by Boltz's own code path

sequence: YGGDGFGKGGGLGGGKGGGGLGGWGGEGSGGWGS  (34 residues)
8 contact hints (closest ligand atom per designed residue):
  residue   1 Y  (tyrosine0     ) -> ligand C33  at 3.43 A -> max_distance 4.4
  residue   4 D  (aspartic21    ) -> ligand C37  at 3.13 A -> max_distance 4.1
  residue   8 K  (lysine1       ) -> ligand C31  at 3.49 A -> max_distance 4.5
  residue  24 W  (tryptophan2   ) -> ligand O25  at 2.93 A -> max_distance 3.9
  residue  27 E  (glutamic8     ) -> ligand C35  at 3.57 A -> max_distance 4.6
  residue  29 S  (serine4       ) -> ligand O27  at 3.19 A -> max_distance 4.2
  residue  32 W  (tryptophan5   ) -> ligand C37  at 3.55 A -> max_distance 4.5
  residue  34 S  (serine32      ) -> ligand O26  at 2.95 A -> max_distance 4.0

wrote runs/octinoxate/boltz/s3_orig_f8.yaml
folding s3_orig_f8 -> runs/octinoxate/boltz/s3_orig_f8.log
  Boltz via wrapper /Users/cafierom/python_mac/boltz_local/code/boltz_mps.py
  wrote runs/octinoxate/boltz/boltz_results_s3_orig_f8/predictions/s3_orig_f8/s3_orig_f8_model_0.cif
ligand SMILES: CCCC[C@H](CC)OC(=O)/C=C/c1ccc(OC)cc1
44 ligand atoms named by Boltz's own code path

sequence: YGGDGFGKGGGLGGGKGGGGLGGWGGEGSGGWGS  (34 residues)
12 contact hints (closest ligand atom per designed residue):
  residue   1 Y  (tyrosine0     ) -> ligand C33  at 3.43 A -> max_distance 4.4
  residue   4 D  (aspartic21    ) -> ligand C37  at 3.13 A -> max_distance 4.1
  residue   6 F  (phenylalanine4) -> ligand C33  at 3.64 A -> max_distance 4.6
  residue   8 K  (lysine1       ) -> ligand C31  at 3.49 A -> max_distance 4.5
  residue  12 L  (leucine5      ) -> ligand C42  at 3.85 A -> max_distance 4.8
  residue  16 K  (lysine8       ) -> ligand C37  at 4.20 A -> max_distance 5.2
  residue  21 L  (leucine13     ) -> ligand C41  at 4.14 A -> max_distance 5.1
  residue  24 W  (tryptophan2   ) -> ligand O25  at 2.93 A -> max_distance 3.9
  residue  27 E  (glutamic8     ) -> ligand C35  at 3.57 A -> max_distance 4.6
  residue  29 S  (serine4       ) -> ligand O27  at 3.19 A -> max_distance 4.2
  residue  32 W  (tryptophan5   ) -> ligand C37  at 3.55 A -> max_distance 4.5
  residue  34 S  (serine32      ) -> ligand O26  at 2.95 A -> max_distance 4.0

wrote runs/octinoxate/boltz/s3_orig_f12.yaml
folding s3_orig_f12 -> runs/octinoxate/boltz/s3_orig_f12.log
  Boltz via wrapper /Users/cafierom/python_mac/boltz_local/code/boltz_mps.py
  wrote runs/octinoxate/boltz/boltz_results_s3_orig_f12/predictions/s3_orig_f12/s3_orig_f12_model_0.cif
ligand SMILES: CCCC[C@H](CC)OC(=O)/C=C/c1ccc(OC)cc1
44 ligand atoms named by Boltz's own code path

sequence: YLSDAFGKSSKLADLKDGSTLPSWASETSSLWKS  (34 residues)
no contact hints (control run)

wrote runs/octinoxate/boltz/s3_esm1_control.yaml
folding s3_esm1_control -> runs/octinoxate/boltz/s3_esm1_control.log
  Boltz via wrapper /Users/cafierom/python_mac/boltz_local/code/boltz_mps.py
  wrote runs/octinoxate/boltz/boltz_results_s3_esm1_control/predictions/s3_esm1_control/s3_esm1_control_model_0.cif
ligand SMILES: CCCC[C@H](CC)OC(=O)/C=C/c1ccc(OC)cc1
44 ligand atoms named by Boltz's own code path

sequence: YLSDAFGKSSKLADLKDGSTLPSWASETSSLWKS  (34 residues)
4 contact hints (closest ligand atom per designed residue):
  residue   4 D  (aspartic21    ) -> ligand C37  at 3.13 A -> max_distance 4.1
  residue  24 W  (tryptophan2   ) -> ligand O25  at 2.93 A -> max_distance 3.9
  residue  29 S  (serine4       ) -> ligand O27  at 3.19 A -> max_distance 4.2
  residue  34 S  (serine32      ) -> ligand O26  at 2.95 A -> max_distance 4.0

wrote runs/octinoxate/boltz/s3_esm1_f4.yaml
folding s3_esm1_f4 -> runs/octinoxate/boltz/s3_esm1_f4.log
  Boltz via wrapper /Users/cafierom/python_mac/boltz_local/code/boltz_mps.py
  wrote runs/octinoxate/boltz/boltz_results_s3_esm1_f4/predictions/s3_esm1_f4/s3_esm1_f4_model_0.cif
ligand SMILES: CCCC[C@H](CC)OC(=O)/C=C/c1ccc(OC)cc1
44 ligand atoms named by Boltz's own code path

sequence: YLSDAFGKSSKLADLKDGSTLPSWASETSSLWKS  (34 residues)
8 contact hints (closest ligand atom per designed residue):
  residue   1 Y  (tyrosine0     ) -> ligand C33  at 3.43 A -> max_distance 4.4
  residue   4 D  (aspartic21    ) -> ligand C37  at 3.13 A -> max_distance 4.1
  residue   8 K  (lysine1       ) -> ligand C31  at 3.49 A -> max_distance 4.5
  residue  24 W  (tryptophan2   ) -> ligand O25  at 2.93 A -> max_distance 3.9
  residue  27 E  (glutamic8     ) -> ligand C35  at 3.57 A -> max_distance 4.6
  residue  29 S  (serine4       ) -> ligand O27  at 3.19 A -> max_distance 4.2
  residue  32 W  (tryptophan5   ) -> ligand C37  at 3.55 A -> max_distance 4.5
  residue  34 S  (serine32      ) -> ligand O26  at 2.95 A -> max_distance 4.0

wrote runs/octinoxate/boltz/s3_esm1_f8.yaml
folding s3_esm1_f8 -> runs/octinoxate/boltz/s3_esm1_f8.log
  Boltz via wrapper /Users/cafierom/python_mac/boltz_local/code/boltz_mps.py
  wrote runs/octinoxate/boltz/boltz_results_s3_esm1_f8/predictions/s3_esm1_f8/s3_esm1_f8_model_0.cif
ligand SMILES: CCCC[C@H](CC)OC(=O)/C=C/c1ccc(OC)cc1
44 ligand atoms named by Boltz's own code path

sequence: YLSDAFGKSSKLADLKDGSTLPSWASETSSLWKS  (34 residues)
12 contact hints (closest ligand atom per designed residue):
  residue   1 Y  (tyrosine0     ) -> ligand C33  at 3.43 A -> max_distance 4.4
  residue   4 D  (aspartic21    ) -> ligand C37  at 3.13 A -> max_distance 4.1
  residue   6 F  (phenylalanine4) -> ligand C33  at 3.64 A -> max_distance 4.6
  residue   8 K  (lysine1       ) -> ligand C31  at 3.49 A -> max_distance 4.5
  residue  12 L  (leucine5      ) -> ligand C42  at 3.85 A -> max_distance 4.8
  residue  16 K  (lysine8       ) -> ligand C37  at 4.20 A -> max_distance 5.2
  residue  21 L  (leucine13     ) -> ligand C41  at 4.14 A -> max_distance 5.1
  residue  24 W  (tryptophan2   ) -> ligand O25  at 2.93 A -> max_distance 3.9
  residue  27 E  (glutamic8     ) -> ligand C35  at 3.57 A -> max_distance 4.6
  residue  29 S  (serine4       ) -> ligand O27  at 3.19 A -> max_distance 4.2
  residue  32 W  (tryptophan5   ) -> ligand C37  at 3.55 A -> max_distance 4.5
  residue  34 S  (serine32      ) -> ligand O26  at 2.95 A -> max_distance 4.0

wrote runs/octinoxate/boltz/s3_esm1_f12.yaml
folding s3_esm1_f12 -> runs/octinoxate/boltz/s3_esm1_f12.log
  Boltz via wrapper /Users/cafierom/python_mac/boltz_local/code/boltz_mps.py
  wrote runs/octinoxate/boltz/boltz_results_s3_esm1_f12/predictions/s3_esm1_f12/s3_esm1_f12_model_0.cif
ligand SMILES: CCCC[C@H](CC)OC(=O)/C=C/c1ccc(OC)cc1
44 ligand atoms named by Boltz's own code path

sequence: YINDSFIKINYLINKKKFKILKIWLLEISFLWSS  (34 residues)
no contact hints (control run)

wrote runs/octinoxate/boltz/s3_esm2_control.yaml
folding s3_esm2_control -> runs/octinoxate/boltz/s3_esm2_control.log
  Boltz via wrapper /Users/cafierom/python_mac/boltz_local/code/boltz_mps.py
  wrote runs/octinoxate/boltz/boltz_results_s3_esm2_control/predictions/s3_esm2_control/s3_esm2_control_model_0.cif
ligand SMILES: CCCC[C@H](CC)OC(=O)/C=C/c1ccc(OC)cc1
44 ligand atoms named by Boltz's own code path

sequence: YINDSFIKINYLINKKKFKILKIWLLEISFLWSS  (34 residues)
4 contact hints (closest ligand atom per designed residue):
  residue   4 D  (aspartic21    ) -> ligand C37  at 3.13 A -> max_distance 4.1
  residue  24 W  (tryptophan2   ) -> ligand O25  at 2.93 A -> max_distance 3.9
  residue  29 S  (serine4       ) -> ligand O27  at 3.19 A -> max_distance 4.2
  residue  34 S  (serine32      ) -> ligand O26  at 2.95 A -> max_distance 4.0

wrote runs/octinoxate/boltz/s3_esm2_f4.yaml
folding s3_esm2_f4 -> runs/octinoxate/boltz/s3_esm2_f4.log
  Boltz via wrapper /Users/cafierom/python_mac/boltz_local/code/boltz_mps.py
  wrote runs/octinoxate/boltz/boltz_results_s3_esm2_f4/predictions/s3_esm2_f4/s3_esm2_f4_model_0.cif
ligand SMILES: CCCC[C@H](CC)OC(=O)/C=C/c1ccc(OC)cc1
44 ligand atoms named by Boltz's own code path

sequence: YINDSFIKINYLINKKKFKILKIWLLEISFLWSS  (34 residues)
8 contact hints (closest ligand atom per designed residue):
  residue   1 Y  (tyrosine0     ) -> ligand C33  at 3.43 A -> max_distance 4.4
  residue   4 D  (aspartic21    ) -> ligand C37  at 3.13 A -> max_distance 4.1
  residue   8 K  (lysine1       ) -> ligand C31  at 3.49 A -> max_distance 4.5
  residue  24 W  (tryptophan2   ) -> ligand O25  at 2.93 A -> max_distance 3.9
  residue  27 E  (glutamic8     ) -> ligand C35  at 3.57 A -> max_distance 4.6
  residue  29 S  (serine4       ) -> ligand O27  at 3.19 A -> max_distance 4.2
  residue  32 W  (tryptophan5   ) -> ligand C37  at 3.55 A -> max_distance 4.5
  residue  34 S  (serine32      ) -> ligand O26  at 2.95 A -> max_distance 4.0

wrote runs/octinoxate/boltz/s3_esm2_f8.yaml
folding s3_esm2_f8 -> runs/octinoxate/boltz/s3_esm2_f8.log
  Boltz via wrapper /Users/cafierom/python_mac/boltz_local/code/boltz_mps.py
  wrote runs/octinoxate/boltz/boltz_results_s3_esm2_f8/predictions/s3_esm2_f8/s3_esm2_f8_model_0.cif
ligand SMILES: CCCC[C@H](CC)OC(=O)/C=C/c1ccc(OC)cc1
44 ligand atoms named by Boltz's own code path

sequence: YINDSFIKINYLINKKKFKILKIWLLEISFLWSS  (34 residues)
12 contact hints (closest ligand atom per designed residue):
  residue   1 Y  (tyrosine0     ) -> ligand C33  at 3.43 A -> max_distance 4.4
  residue   4 D  (aspartic21    ) -> ligand C37  at 3.13 A -> max_distance 4.1
  residue   6 F  (phenylalanine4) -> ligand C33  at 3.64 A -> max_distance 4.6
  residue   8 K  (lysine1       ) -> ligand C31  at 3.49 A -> max_distance 4.5
  residue  12 L  (leucine5      ) -> ligand C42  at 3.85 A -> max_distance 4.8
  residue  16 K  (lysine8       ) -> ligand C37  at 4.20 A -> max_distance 5.2
  residue  21 L  (leucine13     ) -> ligand C41  at 4.14 A -> max_distance 5.1
  residue  24 W  (tryptophan2   ) -> ligand O25  at 2.93 A -> max_distance 3.9
  residue  27 E  (glutamic8     ) -> ligand C35  at 3.57 A -> max_distance 4.6
  residue  29 S  (serine4       ) -> ligand O27  at 3.19 A -> max_distance 4.2
  residue  32 W  (tryptophan5   ) -> ligand C37  at 3.55 A -> max_distance 4.5
  residue  34 S  (serine32      ) -> ligand O26  at 2.95 A -> max_distance 4.0

wrote runs/octinoxate/boltz/s3_esm2_f12.yaml
folding s3_esm2_f12 -> runs/octinoxate/boltz/s3_esm2_f12.log
  Boltz via wrapper /Users/cafierom/python_mac/boltz_local/code/boltz_mps.py
  wrote runs/octinoxate/boltz/boltz_results_s3_esm2_f12/predictions/s3_esm2_f12/s3_esm2_f12_model_0.cif
