[5 ns] already done
[10 ns] kept 1000/2000 frames
[10 ns] DELTA TOTAL                -25.1589                3.8261              0.1210
[15 ns] kept 1500/2000 frames
[15 ns] DELTA TOTAL                -25.0156                3.6472              0.0942
WINDOW_MODAL_DONE[s3_orig_f12]
[5 ns] kept 500/2000 frames
[5 ns] DELTA TOTAL                -18.9873                3.0851              0.1380
[10 ns] kept 1000/2000 frames
[10 ns] DELTA TOTAL                -20.6604                3.3778              0.1068
[15 ns] kept 1500/2000 frames
[15 ns] DELTA TOTAL                -20.8048                3.2612              0.0842
WINDOW_MODAL_DONE[s3_esm2_f4]
[5 ns] kept 500/2000 frames
[5 ns] DELTA TOTAL                -14.5970                3.8710              0.1731
[10 ns] kept 1000/2000 frames
[10 ns] DELTA TOTAL                -15.8158                3.8592              0.1220
[15 ns] kept 1500/2000 frames
[15 ns] DELTA TOTAL                -16.3311                3.5193              0.0909
WINDOW_MODAL_DONE[s2_esm2_control]
[5 ns] kept 500/2000 frames
[5 ns] DELTA TOTAL                -21.7838                2.5171              0.1126
[10 ns] kept 1000/2000 frames
[10 ns] DELTA TOTAL                -19.0601                3.9241              0.1241
[15 ns] kept 1500/2000 frames
[15 ns] DELTA TOTAL                -17.2476                4.8080              0.1241
WINDOW_MODAL_DONE[shuffle_control]
[5 ns] kept 500/2000 frames
[5 ns] DELTA TOTAL                -11.7582                2.2119              0.0989
[10 ns] kept 1000/2000 frames
[10 ns] DELTA TOTAL                -12.1792                3.1314              0.0990
[15 ns] kept 1500/2000 frames
[15 ns] DELTA TOTAL                -14.0977                3.9674              0.1024
WINDOW_MODAL_DONE[shuffle_control_esm0]
[5 ns] kept 500/2000 frames
[5 ns] DELTA TOTAL                -17.6881                3.1415              0.1405
[10 ns] kept 1000/2000 frames
[10 ns] DELTA TOTAL                -15.1753                4.0489              0.1280
[15 ns] kept 1500/2000 frames
[15 ns] DELTA TOTAL                -12.9667                4.8396              0.1250
WINDOW_MODAL_DONE[s3_orig_f12_dock9]
[5 ns] kept 500/2000 frames
[5 ns] DELTA TOTAL                -23.4142                3.6745              0.1643
[10 ns] kept 1000/2000 frames
[10 ns] DELTA TOTAL                -22.6713                3.2144              0.1016
[15 ns] kept 1500/2000 frames
[15 ns] DELTA TOTAL                -22.7423                3.0967              0.0800
WINDOW_MODAL_DONE[s3_esm2_f4_dock1]
[5 ns] kept 500/2000 frames
[5 ns] DELTA TOTAL                -14.7149                4.4110              0.1973
[10 ns] kept 1000/2000 frames
[10 ns] DELTA TOTAL                -17.4964                4.5230              0.1430
[15 ns] kept 1500/2000 frames
[15 ns] DELTA TOTAL                -18.7926                4.3244              0.1117
WINDOW_MODAL_DONE[s3_esm2_f4_dock6]
[5 ns] kept 500/2000 frames
[5 ns] DELTA TOTAL                -13.7595                3.6239              0.1621
[10 ns] kept 1000/2000 frames
[10 ns] DELTA TOTAL                -14.7812                3.3752              0.1067
[15 ns] kept 1500/2000 frames
[15 ns] DELTA TOTAL                -14.9927                3.1555              0.0815
WINDOW_MODAL_DONE[s2_esm2_control_dock1]
[5 ns] kept 500/2000 frames
[5 ns] DELTA TOTAL                -16.8291                2.9414              0.1315
[10 ns] kept 1000/2000 frames
[10 ns] DELTA TOTAL                -16.7803                2.7388              0.0866
[15 ns] kept 1500/2000 frames
[15 ns] DELTA TOTAL                -17.1211                2.6521              0.0685
WINDOW_MODAL_DONE[s2_esm2_control_dock6]
[5 ns] kept 500/2000 frames
[5 ns] DELTA TOTAL                -12.6358                2.2913              0.1025
[10 ns] kept 1000/2000 frames
[10 ns] DELTA TOTAL                -11.6592                2.4180              0.0765
[15 ns] kept 1500/2000 frames
[15 ns] DELTA TOTAL                -11.4298                2.4837              0.0641
WINDOW_MODAL_DONE[bg33_3_dock1]
[5 ns] kept 500/2000 frames
[5 ns] DELTA TOTAL                -14.4398                2.3752              0.1062
[10 ns] kept 1000/2000 frames
[10 ns] DELTA TOTAL                -14.5455                2.2995              0.0727
[15 ns] kept 1500/2000 frames
[15 ns] DELTA TOTAL                -13.6372                2.6495              0.0684
WINDOW_MODAL_DONE[bg33_3_dock6]
[5 ns] kept 500/2000 frames
[5 ns] DELTA TOTAL                -17.1182                2.7283              0.1220
[10 ns] kept 1000/2000 frames
[10 ns] DELTA TOTAL                -17.9481                3.0243              0.0956
[15 ns] kept 1500/2000 frames
[15 ns] DELTA TOTAL                -16.2123                3.8651              0.0998
WINDOW_MODAL_DONE[bg33_4_dock1]
