✓ Initialized. View run at 
https://modal.com/apps/mauriciocafiero/main/ap-LedtKBW5nQDTo2SZBgRlzn
✓ Created objects.
├── 🔨 Created mount /Users/cafierom/python_mac/peptidebuilder/code/modal_md.py
├── 🔨 Created mount /Users/cafierom/python_mac/openmm/src
├── 🔨 Created function _push.
├── 🔨 Created function _fetch.
├── 🔨 Created function _ls.
├── 🔨 Created function _probe.
├── 🔨 Created function _produce.
└── 🔨 Created function _strip.
minimised 14105 particles, warming up 2000 steps
{
  "gpu": "A10G",
  "openmm": "8.4.0.dev-4768436",
  "n_particles": 14105,
  "ms_per_step": 0.2384,
  "ns_per_day": 724.9,
  "warmup_steps": 2000,
  "timed_steps": 4000,
  "est_20ns_hours": 0.66,
  "est_20ns_usd": 0.73
}

20 ns would be about 0.66 h and $0.73 on A10G
Stopping app - local entrypoint completed.
✓ App completed. View run at 
https://modal.com/apps/mauriciocafiero/main/ap-LedtKBW5nQDTo2SZBgRlzn
PROBE_EXIT=0
