=== nine forced folds (3 sequences x 4/8/12 contacts), guidance on, started Fri 25 Sep 2026 10:19:17 BST ===
--- orig, 4 forced contacts ---
ligand SMILES: CCCC[C@H](CC)OC(=O)/C=C/c1ccc(OC)cc1
44 ligand atoms named by Boltz's own code path

sequence: RGGDGGKGGGGLGGGGKGIGEGWGGDGSGGEGS  (33 residues)
4 contact hints (closest ligand atom per designed residue):
  residue   1 R  (arginine3     ) -> ligand O25  at 2.77 A -> max_distance 3.8
  residue   4 D  (aspartic8     ) -> ligand C31  at 3.03 A -> max_distance 4.0
  residue  28 S  (serine31      ) -> ligand O26  at 2.94 A -> max_distance 3.9
  residue  31 E  (glutamic10    ) -> ligand C34  at 3.06 A -> max_distance 4.1

wrote runs/octinoxate/boltz/orig_f4.yaml
folding orig_f4 -> runs/octinoxate/boltz/orig_f4.log
  wrote runs/octinoxate/boltz/boltz_results_orig_f4/predictions/orig_f4/orig_f4_model_0.cif
--- esm1, 4 forced contacts ---
ligand SMILES: CCCC[C@H](CC)OC(=O)/C=C/c1ccc(OC)cc1
44 ligand atoms named by Boltz's own code path

sequence: RLVDALKNKTPLSAAEKSILEDWLADKSKSESS  (33 residues)
4 contact hints (closest ligand atom per designed residue):
  residue   1 R  (arginine3     ) -> ligand O25  at 2.77 A -> max_distance 3.8
  residue   4 D  (aspartic8     ) -> ligand C31  at 3.03 A -> max_distance 4.0
  residue  28 S  (serine31      ) -> ligand O26  at 2.94 A -> max_distance 3.9
  residue  31 E  (glutamic10    ) -> ligand C34  at 3.06 A -> max_distance 4.1

wrote runs/octinoxate/boltz/esm1_f4.yaml
folding esm1_f4 -> runs/octinoxate/boltz/esm1_f4.log
  wrote runs/octinoxate/boltz/boltz_results_esm1_f4/predictions/esm1_f4/esm1_f4_model_0.cif
--- esm2, 4 forced contacts ---
ligand SMILES: CCCC[C@H](CC)OC(=O)/C=C/c1ccc(OC)cc1
44 ligand atoms named by Boltz's own code path

sequence: RKKDAKKRIRDLESIQKLILEKWGVDSSSNEDS  (33 residues)
4 contact hints (closest ligand atom per designed residue):
  residue   1 R  (arginine3     ) -> ligand O25  at 2.77 A -> max_distance 3.8
  residue   4 D  (aspartic8     ) -> ligand C31  at 3.03 A -> max_distance 4.0
  residue  28 S  (serine31      ) -> ligand O26  at 2.94 A -> max_distance 3.9
  residue  31 E  (glutamic10    ) -> ligand C34  at 3.06 A -> max_distance 4.1

wrote runs/octinoxate/boltz/esm2_f4.yaml
folding esm2_f4 -> runs/octinoxate/boltz/esm2_f4.log
  wrote runs/octinoxate/boltz/boltz_results_esm2_f4/predictions/esm2_f4/esm2_f4_model_0.cif
--- orig, 8 forced contacts ---
ligand SMILES: CCCC[C@H](CC)OC(=O)/C=C/c1ccc(OC)cc1
44 ligand atoms named by Boltz's own code path

sequence: RGGDGGKGGGGLGGGGKGIGEGWGGDGSGGEGS  (33 residues)
8 contact hints (closest ligand atom per designed residue):
  residue   1 R  (arginine3     ) -> ligand O25  at 2.77 A -> max_distance 3.8
  residue   4 D  (aspartic8     ) -> ligand C31  at 3.03 A -> max_distance 4.0
  residue  17 K  (lysine5       ) -> ligand C36  at 3.09 A -> max_distance 4.1
  residue  21 E  (glutamic9     ) -> ligand C30  at 3.18 A -> max_distance 4.2
  residue  23 W  (tryptophan5   ) -> ligand C37  at 3.55 A -> max_distance 4.5
  residue  26 D  (aspartic21    ) -> ligand C37  at 3.13 A -> max_distance 4.1
  residue  28 S  (serine31      ) -> ligand O26  at 2.94 A -> max_distance 3.9
  residue  31 E  (glutamic10    ) -> ligand C34  at 3.06 A -> max_distance 4.1

wrote runs/octinoxate/boltz/orig_f8.yaml
folding orig_f8 -> runs/octinoxate/boltz/orig_f8.log
  wrote runs/octinoxate/boltz/boltz_results_orig_f8/predictions/orig_f8/orig_f8_model_0.cif
--- esm1, 8 forced contacts ---
ligand SMILES: CCCC[C@H](CC)OC(=O)/C=C/c1ccc(OC)cc1
44 ligand atoms named by Boltz's own code path

sequence: RLVDALKNKTPLSAAEKSILEDWLADKSKSESS  (33 residues)
8 contact hints (closest ligand atom per designed residue):
  residue   1 R  (arginine3     ) -> ligand O25  at 2.77 A -> max_distance 3.8
  residue   4 D  (aspartic8     ) -> ligand C31  at 3.03 A -> max_distance 4.0
  residue  17 K  (lysine5       ) -> ligand C36  at 3.09 A -> max_distance 4.1
  residue  21 E  (glutamic9     ) -> ligand C30  at 3.18 A -> max_distance 4.2
  residue  23 W  (tryptophan5   ) -> ligand C37  at 3.55 A -> max_distance 4.5
  residue  26 D  (aspartic21    ) -> ligand C37  at 3.13 A -> max_distance 4.1
  residue  28 S  (serine31      ) -> ligand O26  at 2.94 A -> max_distance 3.9
  residue  31 E  (glutamic10    ) -> ligand C34  at 3.06 A -> max_distance 4.1

wrote runs/octinoxate/boltz/esm1_f8.yaml
folding esm1_f8 -> runs/octinoxate/boltz/esm1_f8.log
  wrote runs/octinoxate/boltz/boltz_results_esm1_f8/predictions/esm1_f8/esm1_f8_model_0.cif
--- esm2, 8 forced contacts ---
ligand SMILES: CCCC[C@H](CC)OC(=O)/C=C/c1ccc(OC)cc1
44 ligand atoms named by Boltz's own code path

sequence: RKKDAKKRIRDLESIQKLILEKWGVDSSSNEDS  (33 residues)
8 contact hints (closest ligand atom per designed residue):
  residue   1 R  (arginine3     ) -> ligand O25  at 2.77 A -> max_distance 3.8
  residue   4 D  (aspartic8     ) -> ligand C31  at 3.03 A -> max_distance 4.0
  residue  17 K  (lysine5       ) -> ligand C36  at 3.09 A -> max_distance 4.1
  residue  21 E  (glutamic9     ) -> ligand C30  at 3.18 A -> max_distance 4.2
  residue  23 W  (tryptophan5   ) -> ligand C37  at 3.55 A -> max_distance 4.5
  residue  26 D  (aspartic21    ) -> ligand C37  at 3.13 A -> max_distance 4.1
  residue  28 S  (serine31      ) -> ligand O26  at 2.94 A -> max_distance 3.9
  residue  31 E  (glutamic10    ) -> ligand C34  at 3.06 A -> max_distance 4.1

wrote runs/octinoxate/boltz/esm2_f8.yaml
folding esm2_f8 -> runs/octinoxate/boltz/esm2_f8.log
  wrote runs/octinoxate/boltz/boltz_results_esm2_f8/predictions/esm2_f8/esm2_f8_model_0.cif
--- orig, 12 forced contacts ---
ligand SMILES: CCCC[C@H](CC)OC(=O)/C=C/c1ccc(OC)cc1
44 ligand atoms named by Boltz's own code path

sequence: RGGDGGKGGGGLGGGGKGIGEGWGGDGSGGEGS  (33 residues)
12 contact hints (closest ligand atom per designed residue):
  residue   1 R  (arginine3     ) -> ligand O25  at 2.77 A -> max_distance 3.8
  residue   4 D  (aspartic8     ) -> ligand C31  at 3.03 A -> max_distance 4.0
  residue   7 K  (lysine8       ) -> ligand C37  at 4.20 A -> max_distance 5.2
  residue  12 L  (leucine13     ) -> ligand C41  at 4.14 A -> max_distance 5.1
  residue  17 K  (lysine5       ) -> ligand C36  at 3.09 A -> max_distance 4.1
  residue  19 I  (isoleucine4   ) -> ligand C33  at 3.75 A -> max_distance 4.8
  residue  21 E  (glutamic9     ) -> ligand C30  at 3.18 A -> max_distance 4.2
  residue  23 W  (tryptophan5   ) -> ligand C37  at 3.55 A -> max_distance 4.5
  residue  26 D  (aspartic21    ) -> ligand C37  at 3.13 A -> max_distance 4.1
  residue  28 S  (serine31      ) -> ligand O26  at 2.94 A -> max_distance 3.9
  residue  31 E  (glutamic10    ) -> ligand C34  at 3.06 A -> max_distance 4.1
  residue  33 S  (serine20      ) -> ligand O27  at 3.77 A -> max_distance 4.8

wrote runs/octinoxate/boltz/orig_f12.yaml
folding orig_f12 -> runs/octinoxate/boltz/orig_f12.log
  wrote runs/octinoxate/boltz/boltz_results_orig_f12/predictions/orig_f12/orig_f12_model_0.cif
--- esm1, 12 forced contacts ---
ligand SMILES: CCCC[C@H](CC)OC(=O)/C=C/c1ccc(OC)cc1
44 ligand atoms named by Boltz's own code path

sequence: RLVDALKNKTPLSAAEKSILEDWLADKSKSESS  (33 residues)
12 contact hints (closest ligand atom per designed residue):
  residue   1 R  (arginine3     ) -> ligand O25  at 2.77 A -> max_distance 3.8
  residue   4 D  (aspartic8     ) -> ligand C31  at 3.03 A -> max_distance 4.0
  residue   7 K  (lysine8       ) -> ligand C37  at 4.20 A -> max_distance 5.2
  residue  12 L  (leucine13     ) -> ligand C41  at 4.14 A -> max_distance 5.1
  residue  17 K  (lysine5       ) -> ligand C36  at 3.09 A -> max_distance 4.1
  residue  19 I  (isoleucine4   ) -> ligand C33  at 3.75 A -> max_distance 4.8
  residue  21 E  (glutamic9     ) -> ligand C30  at 3.18 A -> max_distance 4.2
  residue  23 W  (tryptophan5   ) -> ligand C37  at 3.55 A -> max_distance 4.5
  residue  26 D  (aspartic21    ) -> ligand C37  at 3.13 A -> max_distance 4.1
  residue  28 S  (serine31      ) -> ligand O26  at 2.94 A -> max_distance 3.9
  residue  31 E  (glutamic10    ) -> ligand C34  at 3.06 A -> max_distance 4.1
  residue  33 S  (serine20      ) -> ligand O27  at 3.77 A -> max_distance 4.8

wrote runs/octinoxate/boltz/esm1_f12.yaml
folding esm1_f12 -> runs/octinoxate/boltz/esm1_f12.log
  wrote runs/octinoxate/boltz/boltz_results_esm1_f12/predictions/esm1_f12/esm1_f12_model_0.cif
--- esm2, 12 forced contacts ---
ligand SMILES: CCCC[C@H](CC)OC(=O)/C=C/c1ccc(OC)cc1
44 ligand atoms named by Boltz's own code path

sequence: RKKDAKKRIRDLESIQKLILEKWGVDSSSNEDS  (33 residues)
12 contact hints (closest ligand atom per designed residue):
  residue   1 R  (arginine3     ) -> ligand O25  at 2.77 A -> max_distance 3.8
  residue   4 D  (aspartic8     ) -> ligand C31  at 3.03 A -> max_distance 4.0
  residue   7 K  (lysine8       ) -> ligand C37  at 4.20 A -> max_distance 5.2
  residue  12 L  (leucine13     ) -> ligand C41  at 4.14 A -> max_distance 5.1
  residue  17 K  (lysine5       ) -> ligand C36  at 3.09 A -> max_distance 4.1
  residue  19 I  (isoleucine4   ) -> ligand C33  at 3.75 A -> max_distance 4.8
  residue  21 E  (glutamic9     ) -> ligand C30  at 3.18 A -> max_distance 4.2
  residue  23 W  (tryptophan5   ) -> ligand C37  at 3.55 A -> max_distance 4.5
  residue  26 D  (aspartic21    ) -> ligand C37  at 3.13 A -> max_distance 4.1
  residue  28 S  (serine31      ) -> ligand O26  at 2.94 A -> max_distance 3.9
  residue  31 E  (glutamic10    ) -> ligand C34  at 3.06 A -> max_distance 4.1
  residue  33 S  (serine20      ) -> ligand O27  at 3.77 A -> max_distance 4.8

wrote runs/octinoxate/boltz/esm2_f12.yaml
folding esm2_f12 -> runs/octinoxate/boltz/esm2_f12.log
  wrote runs/octinoxate/boltz/boltz_results_esm2_f12/predictions/esm2_f12/esm2_f12_model_0.cif
=== all folds done Fri 25 Sep 2026 10:43:34 BST ===

structure                                       closest  contacts  bound      hints
RGGDGGKGGGGLGGGGKGIGEGWGGDGSGGEGS_control          2.80        27    yes none applied
RGGDGGKGGGGLGGGGKGIGEGWGGDGSGGEGS_esm1             2.55        13    yes none applied
RGGDGGKGGGGLGGGGKGIGEGWGGDGSGGEGS_esm2             3.60         5    yes none applied
esm1_f12                                           3.12        26    yes       1/12
esm1_f4                                            3.29        23    yes        0/4
esm1_f8                                            3.45        29    yes        1/8
esm2_f12                                           2.65        32    yes       0/12
esm2_f4                                            3.14         8    yes        0/4
esm2_f8                                            2.88        14    yes        0/8
orig_f12                                           2.44        47    yes       0/12
orig_f4                                            2.66        23    yes        3/4
orig_f8                                            2.56        20    yes        1/8

results in runs/octinoxate/boltz/fold_check.csv

5 fold(s) with enforced contacts satisfied none of them. Check the fold log says
'--use_potentials': without it a forced contact is conditioning only, and the model may decline.

3 fold(s) carried hints that Boltz discarded (force:false) -- treat these as unconstrained controls, not as failures.
=== finished Fri 25 Sep 2026 10:43:34 BST — scoring deliberately NOT run ===
