Fri  2 Oct 2026 16:36:05 BST
### orig_f12_dock1: 20 ns on pose 1 of orig_f12 (box=dodecahedron)
[run] restraining 190 protein heavy atoms
[run] OpenCL(single) can't run restrained equilibration; equilibrating on CPU, producing on OpenCL
[run] minimizing ...
[run] equilibrating 5000 steps (restraints on) on CPU ...
[run] production 10000000 steps (restraints off) on OpenCL ...
[run] done. trajectory: runs/octinoxate/md/orig_f12_dock1/prod_20ns/traj.dcd  final: runs/octinoxate/md/orig_f12_dock1/prod_20ns/final.pdb
RUN_EXIT=0
Fri  2 Oct 2026 20:35:11 BST
[analyze] wrote wrapped/centered solute trajectory (400 atoms, 20000 frames) -> runs/octinoxate/md/orig_f12_dock1/prod_20ns/traj_wrapped.xtc (+ traj_wrapped.pdb topology)
[analyze] 20000 frames. protein CA RMSD 0.508 nm, ligand RMSD 0.893 nm (vs frame 0). -> runs/octinoxate/md/orig_f12_dock1/prod_20ns/analysis.png
dcdplugin) detected standard 32-bit DCD file of native endianness
dcdplugin) CHARMM format DCD file (also NAMD 2.1 and later)
ANALYZE_EXIT=0
/Users/cafierom/miniforge3/envs/openmm-md/lib/python3.11/site-packages/mdtraj/formats/netcdf.py:154: UserWarning: Warning: The 'netCDF4' Python package is not installed. MDTraj is using the 'scipy' implementation to read and write netCDF files,which can be significantly slower.
For improved performance, consider installing netCDF4. See installation instructions at:
https://unidata.github.io/netcdf4-python/#quick-install
  warnings.warn(warning_message)
[build] hetero discovery (resname | HETNAM | min dist to ligand | action):
[mmgbsa] cofactor residues to re-add: 0 ([])
[mmgbsa] solute modeller: 400 atoms
[mmgbsa] prmtop + inpcrd -> mmgbsa/complex.prmtop (400 atoms, radii=['H(N)-modified Bondi radii (mbondi2)'])
[mmgbsa] receptor + ligand prmtops -> mmgbsa/receptor.prmtop, mmgbsa/ligand.prmtop
[mmgbsa] trajectory -> mmgbsa/traj.nc (400 atoms, 20000 frames)
[mmgbsa] MMPBSA.py input -> mmgbsa/mmgbsa.in
[mmgbsa] prmtop atoms: 400; ligand residue present: True
[mmgbsa] MMPBSA.py done -> mmgbsa/FINAL_RESULTS_MMPBSA.dat
MMGBSA_EXIT=0
Fri  2 Oct 2026 20:39:46 BST

=== runs/octinoxate/md/orig_f12_dock1/prod_20ns
20000 frames, 190 peptide / 20 ligand heavy atoms
     ns  contacts   sep A  pep Rg
    2.0      54.7    4.67    8.91
    4.0      46.3    5.36    8.79
    6.0      39.5    6.66    8.31
    8.0      42.0    6.93    8.48
   10.0      34.0    6.79    8.68
   12.0      30.6    6.24    8.84
   14.0      35.7    6.94    8.70
   16.0      32.0    7.70    8.50
   18.0      34.8    7.55    8.46
   20.0      34.6    7.77    8.37
whole run: contacts 54.7 -> 34.6 (mean 38.4), separation 4.67 -> 7.77 A (max 9.64), closest heavy-atom approach 2.59 A
  residence within 10 A: 100.0% of the run
  release (at 10.0 ps spacing): 0 frames (0.0%) in 0 episodes, longest 0.0 ps, 0.0 ns detached, 0% of it in the second half

wrote runs/octinoxate/md/orig_f12_dock1/md_contacts.csv

=== runs/octinoxate/md/orig_f12_dock1/prod_20ns
  20000 frames total; window 18.0-20.0 ns
  runs/octinoxate/md/orig_f12_dock1/prod_20ns/frames_last.pdb  (10 models)
  runs/octinoxate/md/orig_f12_dock1/prod_20ns/frame_medoid.pdb  (frame at 19.28 ns, 0.53 A from the window mean; window spread 0.85 A)

in PyMOL, for the ensemble:
  load frames_last.pdb, ens
  set all_states, on
  hide everything; show cartoon, polymer; show sticks, not polymer
  color grey70, polymer; color red, not polymer

or for a single clean frame:
  load frame_medoid.pdb, best
DONE orig_f12_dock1
Fri  2 Oct 2026 20:39:50 BST
Fri  2 Oct 2026 20:39:50 BST
### orig_f12_dock5: 20 ns on pose 5 of orig_f12 (box=dodecahedron)
--- building orig_f12_dock5 (dodecahedron) ---
wrote runs/octinoxate/md/orig_f12_dock5/orig_f12_dock5_ligand.sdf
  SMILES    CCCC[C@H](CC)OC(=O)C=Cc1ccc(OC)cc1
  reference CCCC[C@H](CC)OC(=O)C=Cc1ccc(OC)cc1
  match     True
[prep-ligand] SDF passthrough -> runs/octinoxate/md/orig_f12_dock5/ligand_prepped.sdf
[build] hetero discovery (resname | HETNAM | min dist to ligand | action):
[build] 5991 particles, 1860 waters -> runs/octinoxate/md/orig_f12_dock5/system/system.xml, runs/octinoxate/md/orig_f12_dock5/system/complex.pdb
BUILD_EXIT=0
particles: 5991
CRYST1   45.377   45.377   45.377  60.00  60.00  90.00 P 1           1 
Fri  2 Oct 2026 20:43:00 BST
[run] restraining 190 protein heavy atoms
[run] OpenCL(single) can't run restrained equilibration; equilibrating on CPU, producing on OpenCL
[run] minimizing ...
[run] equilibrating 5000 steps (restraints on) on CPU ...
[run] production 10000000 steps (restraints off) on OpenCL ...
[run] done. trajectory: runs/octinoxate/md/orig_f12_dock5/prod_20ns/traj.dcd  final: runs/octinoxate/md/orig_f12_dock5/prod_20ns/final.pdb
RUN_EXIT=0
Sat  3 Oct 2026 01:00:42 BST
[analyze] wrote wrapped/centered solute trajectory (400 atoms, 20000 frames) -> runs/octinoxate/md/orig_f12_dock5/prod_20ns/traj_wrapped.xtc (+ traj_wrapped.pdb topology)
[analyze] 20000 frames. protein CA RMSD 0.368 nm, ligand RMSD 3.874 nm (vs frame 0). -> runs/octinoxate/md/orig_f12_dock5/prod_20ns/analysis.png
dcdplugin) detected standard 32-bit DCD file of native endianness
dcdplugin) CHARMM format DCD file (also NAMD 2.1 and later)
ANALYZE_EXIT=0
/Users/cafierom/miniforge3/envs/openmm-md/lib/python3.11/site-packages/mdtraj/formats/netcdf.py:154: UserWarning: Warning: The 'netCDF4' Python package is not installed. MDTraj is using the 'scipy' implementation to read and write netCDF files,which can be significantly slower.
For improved performance, consider installing netCDF4. See installation instructions at:
https://unidata.github.io/netcdf4-python/#quick-install
  warnings.warn(warning_message)
[build] hetero discovery (resname | HETNAM | min dist to ligand | action):
[mmgbsa] cofactor residues to re-add: 0 ([])
[mmgbsa] solute modeller: 400 atoms
[mmgbsa] prmtop + inpcrd -> mmgbsa/complex.prmtop (400 atoms, radii=['H(N)-modified Bondi radii (mbondi2)'])
[mmgbsa] receptor + ligand prmtops -> mmgbsa/receptor.prmtop, mmgbsa/ligand.prmtop
[mmgbsa] trajectory -> mmgbsa/traj.nc (400 atoms, 20000 frames)
[mmgbsa] MMPBSA.py input -> mmgbsa/mmgbsa.in
[mmgbsa] prmtop atoms: 400; ligand residue present: True
[mmgbsa] MMPBSA.py done -> mmgbsa/FINAL_RESULTS_MMPBSA.dat
MMGBSA_EXIT=0
Sat  3 Oct 2026 01:05:18 BST

=== runs/octinoxate/md/orig_f12_dock5/prod_20ns
20000 frames, 190 peptide / 20 ligand heavy atoms
     ns  contacts   sep A  pep Rg
    2.0      58.3    4.37    8.85
    4.0      60.1    4.88    8.73
    6.0      63.3    4.97    8.60
    8.0      69.8    4.38    8.46
   10.0      54.1    5.33    8.77
   12.0      54.4    6.49    8.90
   14.0      54.5    8.05    8.98
   16.0      50.2    6.36    8.72
   18.0      11.7   12.82    8.76
   20.0       6.2   16.65    8.59
whole run: contacts 58.3 -> 6.2 (mean 48.3), separation 4.37 -> 16.65 A (max 29.54), closest heavy-atom approach 2.59 A
  residence within 10 A: 83.3% of the run
  release (at 10.0 ps spacing): 134 frames (6.7%) in 21 episodes, longest 560.0 ps, 1.34 ns detached, 100% of it in the second half

wrote runs/octinoxate/md/orig_f12_dock5/md_contacts.csv

=== runs/octinoxate/md/orig_f12_dock5/prod_20ns
  20000 frames total; window 18.0-20.0 ns
  runs/octinoxate/md/orig_f12_dock5/prod_20ns/frames_last.pdb  (10 models)
  runs/octinoxate/md/orig_f12_dock5/prod_20ns/frame_medoid.pdb  (frame at 19.0 ns, 0.92 A from the window mean; window spread 1.53 A)

in PyMOL, for the ensemble:
  load frames_last.pdb, ens
  set all_states, on
  hide everything; show cartoon, polymer; show sticks, not polymer
  color grey70, polymer; color red, not polymer

or for a single clean frame:
  load frame_medoid.pdb, best
DONE orig_f12_dock5
Sat  3 Oct 2026 01:05:23 BST
