[16:22:41] WARNING: More than one matching pattern found - picking one

s3_esm1_control              ligand RMSD  0.56 A   1/12 fragments within 3.0 A   median 11.27 A (any type  3.76 A)
[16:22:41] WARNING: More than one matching pattern found - picking one

                             per fragment: Y:13.6 D:15.2 F:13.6 K:8.1 L:2.1 K:15.3 L:7.6 W:11.5 E:11.0 S:8.1 W:12.3 S:6.4
s3_esm1_f12                  ligand RMSD  0.57 A   1/12 fragments within 3.0 A   median  5.78 A (any type  2.81 A)
[16:22:41] WARNING: More than one matching pattern found - picking one

                             per fragment: Y:4.3 D:12.9 F:8.7 K:4.0 L:1.9 K:7.0 L:7.9 W:3.8 E:14.6 S:4.1 W:6.9 S:4.6
s3_esm1_f4                   ligand RMSD  0.82 A   1/12 fragments within 3.0 A   median  9.46 A (any type  3.33 A)
[16:22:41] WARNING: More than one matching pattern found - picking one

                             per fragment: Y:9.7 D:7.0 F:9.9 K:10.4 L:9.7 K:16.9 L:5.1 W:8.6 E:12.1 S:1.3 W:7.6 S:9.2
s3_esm1_f8                   ligand RMSD  0.63 A   1/12 fragments within 3.0 A   median  7.12 A (any type  4.13 A)
[16:22:41] WARNING: More than one matching pattern found - picking one

                             per fragment: Y:5.2 D:9.5 F:2.3 K:12.7 L:4.3 K:12.6 L:5.9 W:7.0 E:16.8 S:8.1 W:3.8 S:7.2
s3_esm2_control              ligand RMSD  0.54 A   1/12 fragments within 3.0 A   median 12.89 A (any type  6.68 A)
[16:22:41] WARNING: More than one matching pattern found - picking one

                             per fragment: Y:20.7 D:38.9 F:14.7 K:13.9 L:7.3 K:18.3 L:12.2 W:13.6 E:8.2 S:7.6 W:5.3 S:2.9
s3_esm2_f12                  ligand RMSD  0.56 A   0/12 fragments within 3.0 A   median  8.45 A (any type  3.97 A)
[16:22:41] WARNING: More than one matching pattern found - picking one

                             per fragment: Y:9.2 D:11.1 F:13.4 K:5.3 L:5.5 K:8.8 L:8.3 W:4.7 E:14.4 S:8.6 W:8.3 S:4.3
s3_esm2_f4                   ligand RMSD  0.58 A   0/12 fragments within 3.0 A   median  9.33 A (any type  3.73 A)
[16:22:42] WARNING: More than one matching pattern found - picking one

                             per fragment: Y:7.6 D:13.7 F:8.7 K:17.0 L:10.3 K:18.6 L:8.5 W:7.6 E:17.7 S:8.6 W:9.9 S:8.0
s3_esm2_f8                   ligand RMSD  0.58 A   0/12 fragments within 3.0 A   median  8.40 A (any type  3.15 A)
[16:22:42] WARNING: More than one matching pattern found - picking one

                             per fragment: Y:13.0 D:12.9 F:8.0 K:11.2 L:6.6 K:17.6 L:8.8 W:3.7 E:8.9 S:4.7 W:5.8 S:4.6
s3_orig_control              ligand RMSD  0.74 A   2/12 fragments within 3.0 A   median 11.07 A (any type  4.79 A)
[16:22:42] WARNING: More than one matching pattern found - picking one

                             per fragment: Y:16.4 D:20.6 F:18.6 K:15.3 L:2.6 K:15.2 L:9.8 W:8.4 E:1.3 S:11.3 W:10.8 S:4.5
s3_orig_f12                  ligand RMSD  0.58 A   0/12 fragments within 3.0 A   median  7.36 A (any type  4.24 A)
[16:22:42] WARNING: More than one matching pattern found - picking one

                             per fragment: Y:7.0 D:12.4 F:9.8 K:5.3 L:9.5 K:7.4 L:7.3 W:7.3 E:15.8 S:7.3 W:6.4 S:9.9
s3_orig_f4                   ligand RMSD  0.65 A   1/12 fragments within 3.0 A   median  9.31 A (any type  4.78 A)
[16:22:42] WARNING: More than one matching pattern found - picking one

                             per fragment: Y:8.4 D:6.9 F:9.8 K:19.6 L:6.3 K:20.0 L:8.8 W:2.0 E:14.9 S:14.1 W:8.7 S:18.0
s3_orig_f8                   ligand RMSD  0.55 A   0/12 fragments within 3.0 A   median  8.52 A (any type  4.53 A)
                             per fragment: Y:5.3 D:7.2 F:7.4 K:12.7 L:13.4 K:9.2 L:19.8 W:4.4 E:20.0 S:7.9 W:7.3 S:14.3

Results in runs/octinoxate/boltz/overlay_shell3.csv
