Thu  1 Oct 2026 08:21:30 BST
=== s3_esm2_f4_dock1  (s3_esm2_f4 pose 1) ===
wrote runs/octinoxate/md/s3_esm2_f4_dock1/s3_esm2_f4_dock1_ligand.sdf
  SMILES    CCCC[C@H](CC)OC(=O)C=Cc1ccc(OC)cc1
  reference CCCC[C@H](CC)OC(=O)C=Cc1ccc(OC)cc1
  match     True
[prep-ligand] SDF passthrough -> runs/octinoxate/md/s3_esm2_f4_dock1/ligand_prepped.sdf
[build] hetero discovery (resname | HETNAM | min dist to ligand | action):
[build] 14105 particles, 4469 waters -> runs/octinoxate/md/s3_esm2_f4_dock1/system/system.xml, runs/octinoxate/md/s3_esm2_f4_dock1/system/complex.pdb
Thu  1 Oct 2026 08:22:01 BST
=== bg33_4_dock1  (bg33_4 pose 1) ===
wrote runs/octinoxate/md/bg33_4_dock1/bg33_4_dock1_ligand.sdf
  SMILES    CCCC[C@@H](CC)OC(=O)C=Cc1ccc(OC)cc1
  reference CCCC[C@@H](CC)OC(=O)C=Cc1ccc(OC)cc1
  match     True
[prep-ligand] SDF passthrough -> runs/octinoxate/md/bg33_4_dock1/ligand_prepped.sdf
[build] hetero discovery (resname | HETNAM | min dist to ligand | action):
[build] 10438 particles, 3315 waters -> runs/octinoxate/md/bg33_4_dock1/system/system.xml, runs/octinoxate/md/bg33_4_dock1/system/complex.pdb
Thu  1 Oct 2026 08:22:32 BST
=== s3_esm2_f4_dock6  (s3_esm2_f4 pose 6) ===
wrote runs/octinoxate/md/s3_esm2_f4_dock6/s3_esm2_f4_dock6_ligand.sdf
  SMILES    CCCC[C@H](CC)OC(=O)C=Cc1ccc(OC)cc1
  reference CCCC[C@H](CC)OC(=O)C=Cc1ccc(OC)cc1
  match     True
[prep-ligand] SDF passthrough -> runs/octinoxate/md/s3_esm2_f4_dock6/ligand_prepped.sdf
[build] hetero discovery (resname | HETNAM | min dist to ligand | action):
[build] 14099 particles, 4467 waters -> runs/octinoxate/md/s3_esm2_f4_dock6/system/system.xml, runs/octinoxate/md/s3_esm2_f4_dock6/system/complex.pdb
Thu  1 Oct 2026 08:23:03 BST
=== s3_orig_f12_dock9  (s3_orig_f12 pose 9) ===
wrote runs/octinoxate/md/s3_orig_f12_dock9/s3_orig_f12_dock9_ligand.sdf
  SMILES    CCCC[C@H](CC)OC(=O)C=Cc1ccc(OC)cc1
  reference CCCC[C@H](CC)OC(=O)C=Cc1ccc(OC)cc1
  match     True
[prep-ligand] SDF passthrough -> runs/octinoxate/md/s3_orig_f12_dock9/ligand_prepped.sdf
[build] hetero discovery (resname | HETNAM | min dist to ligand | action):
[build] 8193 particles, 2586 waters -> runs/octinoxate/md/s3_orig_f12_dock9/system/system.xml, runs/octinoxate/md/s3_orig_f12_dock9/system/complex.pdb
Thu  1 Oct 2026 08:23:33 BST
=== bg33_4_dock6  (bg33_4 pose 6) ===
wrote runs/octinoxate/md/bg33_4_dock6/bg33_4_dock6_ligand.sdf
  SMILES    CCCC[C@@H](CC)OC(=O)C=Cc1ccc(OC)cc1
  reference CCCC[C@@H](CC)OC(=O)C=Cc1ccc(OC)cc1
  match     True
[prep-ligand] SDF passthrough -> runs/octinoxate/md/bg33_4_dock6/ligand_prepped.sdf
[build] hetero discovery (resname | HETNAM | min dist to ligand | action):
[build] 10432 particles, 3313 waters -> runs/octinoxate/md/bg33_4_dock6/system/system.xml, runs/octinoxate/md/bg33_4_dock6/system/complex.pdb
Thu  1 Oct 2026 08:24:09 BST
PREP_DONE
Thu  1 Oct 2026 08:24:09 BST
