=== waiting for run_shell2.sh to exit : 01:41:48 ===
=== first driver exited, starting corrected forced folds : 03:33:56 ===
design: RGEGGEGGKGGFGGDGGIGLGGSGWGGGGLGGS
esm1:   RSELAEAAKRGFLTDGGIDLVSSGWLTLRLAPS
esm2:   RGERKEKSKLIFIIDSKIFLSFSIWRFLILLRS

=== the nine forced folds : 03:33:56 ===
  folding s2_orig_f4
  folding s2_orig_f8
  folding s2_orig_f12
  folding s2_esm1_f4
  folding s2_esm1_f8
  folding s2_esm1_f12
  folding s2_esm2_f4
  folding s2_esm2_f8
  folding s2_esm2_f12
9 of 9 forced folds present; 12 s2_ fold directories in total

=== geometry check : 03:57:04 ===

esm1_f12
  residue   1 -> O25  asked <=  3.8 A, got  11.79 A  MISSED  (forced)
  residue   4 -> C31  asked <=  4.0 A, got   9.07 A  MISSED  (forced)
  residue   7 -> C37  asked <=  5.2 A, got  12.26 A  MISSED  (forced)
  residue  12 -> C41  asked <=  5.1 A, got   6.70 A  MISSED  (forced)
  residue  17 -> C36  asked <=  4.1 A, got   9.87 A  MISSED  (forced)
  residue  19 -> C33  asked <=  4.8 A, got   6.46 A  MISSED  (forced)
  residue  21 -> C30  asked <=  4.2 A, got   8.35 A  MISSED  (forced)
  residue  23 -> C37  asked <=  4.5 A, got   3.66 A  ok  (forced)
  residue  26 -> C37  asked <=  4.1 A, got   9.42 A  MISSED  (forced)
  residue  28 -> O26  asked <=  3.9 A, got  12.12 A  MISSED  (forced)
  residue  31 -> C34  asked <=  4.1 A, got  10.57 A  MISSED  (forced)
  residue  33 -> O27  asked <=  4.8 A, got  18.58 A  MISSED  (forced)

esm1_f4
  residue   1 -> O25  asked <=  3.8 A, got  10.30 A  MISSED  (forced)
  residue   4 -> C31  asked <=  4.0 A, got   7.25 A  MISSED  (forced)
  residue  28 -> O26  asked <=  3.9 A, got  11.55 A  MISSED  (forced)
  residue  31 -> C34  asked <=  4.1 A, got  11.70 A  MISSED  (forced)

esm1_f8
  residue   1 -> O25  asked <=  3.8 A, got   9.22 A  MISSED  (forced)
  residue   4 -> C31  asked <=  4.0 A, got   9.42 A  MISSED  (forced)
  residue  17 -> C36  asked <=  4.1 A, got   9.24 A  MISSED  (forced)
  residue  21 -> C30  asked <=  4.2 A, got   8.38 A  MISSED  (forced)
  residue  23 -> C37  asked <=  4.5 A, got   4.41 A  ok  (forced)
  residue  26 -> C37  asked <=  4.1 A, got   8.35 A  MISSED  (forced)
  residue  28 -> O26  asked <=  3.9 A, got  13.13 A  MISSED  (forced)
  residue  31 -> C34  asked <=  4.1 A, got  14.18 A  MISSED  (forced)

esm2_f12
  residue   1 -> O25  asked <=  3.8 A, got  23.35 A  MISSED  (forced)
  residue   4 -> C31  asked <=  4.0 A, got  18.46 A  MISSED  (forced)
  residue   7 -> C37  asked <=  5.2 A, got  14.50 A  MISSED  (forced)
  residue  12 -> C41  asked <=  5.1 A, got   8.47 A  MISSED  (forced)
  residue  17 -> C36  asked <=  4.1 A, got   6.37 A  MISSED  (forced)
  residue  19 -> C33  asked <=  4.8 A, got   8.72 A  MISSED  (forced)
  residue  21 -> C30  asked <=  4.2 A, got   8.94 A  MISSED  (forced)
  residue  23 -> C37  asked <=  4.5 A, got  13.86 A  MISSED  (forced)
  residue  26 -> C37  asked <=  4.1 A, got   7.31 A  MISSED  (forced)
  residue  28 -> O26  asked <=  3.9 A, got   4.75 A  MISSED  (forced)
  residue  31 -> C34  asked <=  4.1 A, got   6.58 A  MISSED  (forced)
  residue  33 -> O27  asked <=  4.8 A, got   8.33 A  MISSED  (forced)

esm2_f4
  residue   1 -> O25  asked <=  3.8 A, got   4.07 A  MISSED  (forced)
  residue   4 -> C31  asked <=  4.0 A, got   9.04 A  MISSED  (forced)
  residue  28 -> O26  asked <=  3.9 A, got  14.32 A  MISSED  (forced)
  residue  31 -> C34  asked <=  4.1 A, got   5.27 A  MISSED  (forced)

esm2_f8
  residue   1 -> O25  asked <=  3.8 A, got  27.29 A  MISSED  (forced)
  residue   4 -> C31  asked <=  4.0 A, got  20.07 A  MISSED  (forced)
  residue  17 -> C36  asked <=  4.1 A, got   7.13 A  MISSED  (forced)
  residue  21 -> C30  asked <=  4.2 A, got   9.09 A  MISSED  (forced)
  residue  23 -> C37  asked <=  4.5 A, got  12.03 A  MISSED  (forced)
  residue  26 -> C37  asked <=  4.1 A, got   5.59 A  MISSED  (forced)
  residue  28 -> O26  asked <=  3.9 A, got   6.00 A  MISSED  (forced)
  residue  31 -> C34  asked <=  4.1 A, got   6.00 A  MISSED  (forced)

orig_f12
  residue   1 -> O25  asked <=  3.8 A, got   6.87 A  MISSED  (forced)
  residue   4 -> C31  asked <=  4.0 A, got   5.75 A  MISSED  (forced)
  residue   7 -> C37  asked <=  5.2 A, got   6.38 A  MISSED  (forced)
  residue  12 -> C41  asked <=  5.1 A, got   5.54 A  MISSED  (forced)
  residue  17 -> C36  asked <=  4.1 A, got   4.88 A  MISSED  (forced)
  residue  19 -> C33  asked <=  4.8 A, got   5.68 A  MISSED  (forced)
  residue  21 -> C30  asked <=  4.2 A, got   5.06 A  MISSED  (forced)
  residue  23 -> C37  asked <=  4.5 A, got   7.52 A  MISSED  (forced)
  residue  26 -> C37  asked <=  4.1 A, got   6.54 A  MISSED  (forced)
  residue  28 -> O26  asked <=  3.9 A, got   4.21 A  MISSED  (forced)
  residue  31 -> C34  asked <=  4.1 A, got   5.58 A  MISSED  (forced)
  residue  33 -> O27  asked <=  4.8 A, got   7.89 A  MISSED  (forced)

orig_f4
  residue   1 -> O25  asked <=  3.8 A, got   2.66 A  ok  (forced)
  residue   4 -> C31  asked <=  4.0 A, got   4.29 A  MISSED  (forced)
  residue  28 -> O26  asked <=  3.9 A, got   3.44 A  ok  (forced)
  residue  31 -> C34  asked <=  4.1 A, got   3.80 A  ok  (forced)

orig_f8
  residue   1 -> O25  asked <=  3.8 A, got   2.56 A  ok  (forced)
  residue   4 -> C31  asked <=  4.0 A, got   6.01 A  MISSED  (forced)
  residue  17 -> C36  asked <=  4.1 A, got   8.20 A  MISSED  (forced)
  residue  21 -> C30  asked <=  4.2 A, got  10.14 A  MISSED  (forced)
  residue  23 -> C37  asked <=  4.5 A, got   6.97 A  MISSED  (forced)
  residue  26 -> C37  asked <=  4.1 A, got  16.55 A  MISSED  (forced)
  residue  28 -> O26  asked <=  3.9 A, got  13.62 A  MISSED  (forced)
  residue  31 -> C34  asked <=  4.1 A, got  10.43 A  MISSED  (forced)

s2_esm1_f12
  residue   1 -> O25  asked <=  3.8 A, got   3.52 A  ok  (forced)
  residue   3 -> C33  asked <=  4.2 A, got   9.99 A  MISSED  (forced)
  residue   6 -> C34  asked <=  4.1 A, got   6.92 A  MISSED  (forced)
  residue   9 -> C31  asked <=  4.2 A, got   3.71 A  ok  (forced)
  residue  12 -> C33  asked <=  4.6 A, got   6.67 A  MISSED  (forced)
  residue  15 -> C37  asked <=  4.1 A, got  11.11 A  MISSED  (forced)
  residue  18 -> C35  asked <=  4.6 A, got   9.73 A  MISSED  (forced)
  residue  20 -> O27  asked <=  4.7 A, got  10.96 A  MISSED  (forced)
  residue  23 -> O26  asked <=  4.0 A, got  16.44 A  MISSED  (forced)
  residue  25 -> C37  asked <=  4.5 A, got  16.35 A  MISSED  (forced)
  residue  30 -> C41  asked <=  5.1 A, got   4.37 A  ok  (forced)
  residue  33 -> C29  asked <=  4.2 A, got  12.02 A  MISSED  (forced)

s2_esm1_f4
  residue   1 -> O25  asked <=  3.8 A, got   3.44 A  ok  (forced)
  residue   6 -> C34  asked <=  4.1 A, got   6.82 A  MISSED  (forced)
  residue  15 -> C37  asked <=  4.1 A, got  10.12 A  MISSED  (forced)
  residue  23 -> O26  asked <=  4.0 A, got  16.68 A  MISSED  (forced)

s2_esm1_f8
  residue   1 -> O25  asked <=  3.8 A, got   6.29 A  MISSED  (forced)
  residue   3 -> C33  asked <=  4.2 A, got   8.24 A  MISSED  (forced)
  residue   6 -> C34  asked <=  4.1 A, got   6.70 A  MISSED  (forced)
  residue   9 -> C31  asked <=  4.2 A, got   9.12 A  MISSED  (forced)
  residue  15 -> C37  asked <=  4.1 A, got  17.16 A  MISSED  (forced)
  residue  23 -> O26  asked <=  4.0 A, got   5.72 A  MISSED  (forced)
  residue  25 -> C37  asked <=  4.5 A, got   3.21 A  ok  (forced)
  residue  33 -> C29  asked <=  4.2 A, got  11.40 A  MISSED  (forced)

s2_esm2_f12
  residue   1 -> O25  asked <=  3.8 A, got  22.38 A  MISSED  (forced)
  residue   3 -> C33  asked <=  4.2 A, got  15.86 A  MISSED  (forced)
  residue   6 -> C34  asked <=  4.1 A, got  13.60 A  MISSED  (forced)
  residue   9 -> C31  asked <=  4.2 A, got   7.94 A  MISSED  (forced)
  residue  12 -> C33  asked <=  4.6 A, got   3.82 A  ok  (forced)
  residue  15 -> C37  asked <=  4.1 A, got   3.64 A  ok  (forced)
  residue  18 -> C35  asked <=  4.6 A, got  10.01 A  MISSED  (forced)
  residue  20 -> O27  asked <=  4.7 A, got   6.62 A  MISSED  (forced)
  residue  23 -> O26  asked <=  4.0 A, got  14.44 A  MISSED  (forced)
  residue  25 -> C37  asked <=  4.5 A, got  18.96 A  MISSED  (forced)
  residue  30 -> C41  asked <=  5.1 A, got  18.21 A  MISSED  (forced)
  residue  33 -> C29  asked <=  4.2 A, got  25.63 A  MISSED  (forced)

s2_esm2_f4
  residue   1 -> O25  asked <=  3.8 A, got   6.92 A  MISSED  (forced)
  residue   6 -> C34  asked <=  4.1 A, got   7.16 A  MISSED  (forced)
  residue  15 -> C37  asked <=  4.1 A, got   6.72 A  MISSED  (forced)
  residue  23 -> O26  asked <=  4.0 A, got  16.67 A  MISSED  (forced)

s2_esm2_f8
  residue   1 -> O25  asked <=  3.8 A, got   4.08 A  MISSED  (forced)
  residue   3 -> C33  asked <=  4.2 A, got   8.99 A  MISSED  (forced)
  residue   6 -> C34  asked <=  4.1 A, got   8.33 A  MISSED  (forced)
  residue   9 -> C31  asked <=  4.2 A, got   6.76 A  MISSED  (forced)
  residue  15 -> C37  asked <=  4.1 A, got   6.97 A  MISSED  (forced)
  residue  23 -> O26  asked <=  4.0 A, got   8.31 A  MISSED  (forced)
  residue  25 -> C37  asked <=  4.5 A, got   4.60 A  MISSED  (forced)
  residue  33 -> C29  asked <=  4.2 A, got   7.56 A  MISSED  (forced)

s2_orig_f12
  residue   1 -> O25  asked <=  3.8 A, got   6.44 A  MISSED  (forced)
  residue   3 -> C33  asked <=  4.2 A, got   7.91 A  MISSED  (forced)
  residue   6 -> C34  asked <=  4.1 A, got  13.05 A  MISSED  (forced)
  residue   9 -> C31  asked <=  4.2 A, got  11.68 A  MISSED  (forced)
  residue  12 -> C33  asked <=  4.6 A, got   9.11 A  MISSED  (forced)
  residue  15 -> C37  asked <=  4.1 A, got  11.55 A  MISSED  (forced)
  residue  18 -> C35  asked <=  4.6 A, got   2.90 A  ok  (forced)
  residue  20 -> O27  asked <=  4.7 A, got   4.97 A  MISSED  (forced)
  residue  23 -> O26  asked <=  4.0 A, got  14.48 A  MISSED  (forced)
  residue  25 -> C37  asked <=  4.5 A, got   5.35 A  MISSED  (forced)
  residue  30 -> C41  asked <=  5.1 A, got   7.58 A  MISSED  (forced)
  residue  33 -> C29  asked <=  4.2 A, got   5.36 A  MISSED  (forced)

s2_orig_f4
  residue   1 -> O25  asked <=  3.8 A, got  10.53 A  MISSED  (forced)
  residue   6 -> C34  asked <=  4.1 A, got   7.60 A  MISSED  (forced)
  residue  15 -> C37  asked <=  4.1 A, got  10.36 A  MISSED  (forced)
  residue  23 -> O26  asked <=  4.0 A, got   4.04 A  MISSED  (forced)

s2_orig_f8
  residue   1 -> O25  asked <=  3.8 A, got   6.69 A  MISSED  (forced)
  residue   3 -> C33  asked <=  4.2 A, got   8.64 A  MISSED  (forced)
  residue   6 -> C34  asked <=  4.1 A, got   3.43 A  ok  (forced)
  residue   9 -> C31  asked <=  4.2 A, got   9.46 A  MISSED  (forced)
  residue  15 -> C37  asked <=  4.1 A, got  13.37 A  MISSED  (forced)
  residue  23 -> O26  asked <=  4.0 A, got  13.55 A  MISSED  (forced)
  residue  25 -> C37  asked <=  4.5 A, got   8.97 A  MISSED  (forced)
  residue  33 -> C29  asked <=  4.2 A, got   9.33 A  MISSED  (forced)

structure                           enclosed  wrapped  engaged  cent sep  closest         hints
orig_f12                                0.96     1.00    20/20       4.2     2.44          0/12
esm2_f12                                0.91     1.00    20/20       7.1     2.65          0/12
s2_esm2_f8                              0.86     0.95    19/20       9.5     2.97           0/8
esm1_f12                                0.76     0.80    16/20       3.4     3.12          1/12
esm1_f8                                 0.75     0.90    18/20       4.1     3.45           1/8
s2_orig_f12                             0.70     0.85    17/20       7.2     2.66          1/12
s2_esm1_f12                             0.68     0.90    18/20       5.9     3.30          3/12
s2_esm1_f8                              0.67     0.80    16/20       5.5     3.07           1/8
s2_esm1_f4                              0.64     0.80    16/20       6.8     3.31           1/4
esm2_f8                                 0.62     0.75    15/20      10.4     2.88           0/8
s2_orig_f4                              0.62     0.85    17/20       2.9     2.82           0/4
s2_esm2_f12                             0.61     0.75    15/20       5.9     3.08          2/12
esm1_f4                                 0.60     0.65    13/20       6.6     3.29           0/4
s2_orig_control                         0.60     1.00    20/20       7.7     3.14  none applied
orig_f4                                 0.59     0.85    17/20       7.1     2.66           3/4
RGGDGGKGGGGLGGGGKGIGEGWGGDGSGGEGS_      0.53     0.40     8/20       7.7     3.60  none applied
orig_f8                                 0.52     0.65    13/20       8.4     2.56           1/8
s2_esm2_control                         0.51     0.85    17/20       6.7     3.42  none applied
s2_esm2_f4                              0.50     0.55    11/20      16.0     3.07           0/4
RGGDGGKGGGGLGGGGKGIGEGWGGDGSGGEGS_      0.49     0.75    15/20      20.9     2.80  none applied
esm2_f4                                 0.46     0.50    10/20      11.0     3.14           0/4
RGGDGGKGGGGLGGGGKGIGEGWGGDGSGGEGS_      0.46     0.60    12/20       8.4     2.55  none applied
s2_orig_f8                              0.43     0.85    17/20       9.6     2.44           1/8
s2_esm1_control                         0.38     0.55    11/20      11.2     3.66  none applied

'enclosed' = fraction of directions out of the ligand that run into peptide: is it in a
shell or against one face. 'wrapped' = fraction of ligand atoms with peptide within 4.5 A.
They disagree usefully -- a fold can contact three quarters of the ligand while leaving it
outside, which the centroid separation shows.

results in runs/octinoxate/boltz/fold_check_shell2.csv

8 fold(s) with enforced contacts satisfied none of them. Check the fold log says
'--use_potentials': without it a forced contact is conditioning only, and the model may decline.

6 fold(s) carried hints that Boltz discarded (force:false) -- treat these as unconstrained controls, not as failures.

=== score every fold -- 30-70 min each on CPU : 03:57:05 ===
W0926 03:57:08.119000 88487 torch/distributed/elastic/multiprocessing/redirects.py:35] NOTE: Redirects are currently not supported in MacOs.
[03:57:15] WARNING: More than one matching pattern found - picking one

9 complexes; terms: ['interaction', 'strain_ligand']

s2_esm1_f12
    relaxing 276 hydrogens of complex (266 heavy atoms fixed)
WARNING:root:Model is being compiled this might take a while for the first time
W0926 03:57:17.044000 88487 torch/_logging/_internal.py:1345] [0/0] Profiler record function <class 'torch.autograd.profiler.record_function'> will be ignored
      Step     Time          Energy          fmax
BFGS:    0 03:57:48  -351716.931609        5.791103
BFGS:    1 03:58:08  -351749.989441        4.757430
BFGS:    2 03:58:24  -351781.079315        3.467731
BFGS:    3 03:58:40  -351784.444727        2.358630
BFGS:    4 03:58:59  -351789.127092        1.960500
BFGS:    5 03:59:17  -351795.253800        2.322135
BFGS:    6 03:59:42  -351797.893694        1.929778
BFGS:    7 04:00:04  -351799.388754        1.272904
BFGS:    8 04:00:24  -351800.447262        1.014681
BFGS:    9 04:00:45  -351801.341150        1.408134
BFGS:   10 04:01:09  -351803.347022        1.588696
BFGS:   11 04:01:29  -351804.622675        1.378409
BFGS:   12 04:01:52  -351805.171851        1.068003
BFGS:   13 04:02:29  -351805.494762        0.763374
BFGS:   14 04:02:51  -351805.710586        0.765666
BFGS:   15 04:03:13  -351806.068425        0.856096
BFGS:   16 04:03:34  -351806.388673        0.700648
BFGS:   17 04:03:53  -351806.567449        0.633360
BFGS:   18 04:04:14  -351806.667419        0.571677
BFGS:   19 04:04:30  -351806.764083        0.564751
BFGS:   20 04:04:47  -351806.934700        0.727873
BFGS:   21 04:05:07  -351807.141850        0.736423
BFGS:   22 04:05:25  -351807.288941        0.548285
BFGS:   23 04:05:53  -351807.370350        0.486756
BFGS:   24 04:06:20  -351807.429426        0.369414
BFGS:   25 04:06:39  -351807.495466        0.351787
BFGS:   26 04:06:59  -351807.584915        0.366079
BFGS:   27 04:07:22  -351807.652943        0.367718
BFGS:   28 04:07:52  -351807.695075        0.301518
BFGS:   29 04:08:15  -351807.725386        0.257193
BFGS:   30 04:08:40  -351807.763481        0.254155
BFGS:   31 04:09:01  -351807.809529        0.274726
BFGS:   32 04:09:22  -351807.850560        0.289648
BFGS:   33 04:09:40  -351807.880552        0.294476
BFGS:   34 04:09:59  -351807.909670        0.253149
BFGS:   35 04:10:26  -351807.941970        0.266968
BFGS:   36 04:10:47  -351807.978781        0.294639
BFGS:   37 04:11:08  -351808.012792        0.439367
BFGS:   38 04:11:23  -351808.048291        0.848878
BFGS:   39 04:11:40  -351808.087744        0.523345
BFGS:   40 04:12:01  -351808.150819        0.300473
BFGS:   41 04:12:22  -351808.203736        0.597830
BFGS:   42 04:12:45  -351808.234777        0.655401
BFGS:   43 04:13:07  -351808.263971        0.542670
BFGS:   44 04:13:35  -351808.292036        0.393893
BFGS:   45 04:13:58  -351808.335529        0.230136
BFGS:   46 04:14:19  -351808.366930        0.216792
BFGS:   47 04:14:38  -351808.387782        0.264534
BFGS:   48 04:15:01  -351808.399593        0.263786
BFGS:   49 04:15:19  -351808.413531        0.327521
BFGS:   50 04:15:42  -351808.428445        0.292893
BFGS:   51 04:16:03  -351808.445983        0.331038
BFGS:   52 04:16:28  -351808.464922        0.210033
BFGS:   53 04:16:49  -351808.482252        0.228321
BFGS:   54 04:17:12  -351808.493522        0.208913
BFGS:   55 04:17:37  -351808.516083        0.275954
BFGS:   56 04:17:56  -351808.534270        0.310316
BFGS:   57 04:18:23  -351808.550028        0.272543
BFGS:   58 04:18:43  -351808.562546        0.286538
BFGS:   59 04:19:05  -351808.577367        0.220634
BFGS:   60 04:19:23  -351808.596252        0.265131
BFGS:   61 04:19:40  -351808.616743        0.256957
BFGS:   62 04:20:00  -351808.634582        0.179910
BFGS:   63 04:20:19  -351808.646425        0.172576
BFGS:   64 04:20:40  -351808.643334        0.484828
BFGS:   65 04:20:56  -351808.664356        0.301274
BFGS:   66 04:21:16  -351808.674909        0.224835
BFGS:   67 04:21:30  -351808.703154        0.232314
BFGS:   68 04:21:47  -351808.713108        0.254764
BFGS:   69 04:22:05  -351808.722216        0.265855
BFGS:   70 04:22:29  -351808.732405        0.227214
BFGS:   71 04:22:47  -351808.743151        0.224958
BFGS:   72 04:23:04  -351808.757167        0.302142
BFGS:   73 04:23:26  -351808.771265        0.274854
BFGS:   74 04:23:48  -351808.780650        0.167416
BFGS:   75 04:24:07  -351808.788307        0.188573
    -> 75 steps
WARNING:root:The UMA fast path (merge_mole + compile) is only available for fixed composition, task, charge, and spin. This is optimized for MD applications. Falling back to a less optimized version for subsequent evaluations. Reason: 'Compositions differ from merged model'.
Use inference_settings='batch' for heterogeneous batched evaluations.
  interaction    -42.39 kcal/mol
    relaxing free ligand: 44 atoms, fmax 0.1, max 75 steps
      Step     Time          Energy          fmax
BFGS:    0 04:24:55   -24160.041066        2.793785
BFGS:    1 04:24:55   -24160.218263        1.353629
BFGS:    2 04:24:56   -24160.286300        0.728303
BFGS:    3 04:24:56   -24160.336005        0.584355
BFGS:    4 04:24:56   -24160.357903        0.714317
BFGS:    5 04:24:56   -24160.409889        0.514244
BFGS:    6 04:24:56   -24160.446781        0.763597
BFGS:    7 04:24:57   -24160.483164        0.455682
BFGS:    8 04:24:57   -24160.508047        0.383318
BFGS:    9 04:24:57   -24160.525682        0.307778
BFGS:   10 04:24:57   -24160.541581        0.294703
BFGS:   11 04:24:58   -24160.563373        0.276153
BFGS:   12 04:24:58   -24160.582831        0.343573
BFGS:   13 04:24:58   -24160.603275        0.347748
BFGS:   14 04:24:58   -24160.624627        0.339714
BFGS:   15 04:24:59   -24160.646821        0.296725
BFGS:   16 04:24:59   -24160.665736        0.245450
BFGS:   17 04:24:59   -24160.680607        0.213300
BFGS:   18 04:24:59   -24160.693177        0.218201
BFGS:   19 04:24:59   -24160.705149        0.231996
BFGS:   20 04:25:00   -24160.716457        0.225294
BFGS:   21 04:25:00   -24160.726066        0.200714
BFGS:   22 04:25:00   -24160.734297        0.212325
BFGS:   23 04:25:00   -24160.742465        0.167751
BFGS:   24 04:25:01   -24160.750855        0.159532
BFGS:   25 04:25:01   -24160.758733        0.154533
BFGS:   26 04:25:01   -24160.765669        0.166284
BFGS:   27 04:25:01   -24160.772123        0.154299
BFGS:   28 04:25:01   -24160.778682        0.179461
BFGS:   29 04:25:02   -24160.785343        0.153152
BFGS:   30 04:25:02   -24160.791887        0.138309
BFGS:   31 04:25:02   -24160.798595        0.143114
BFGS:   32 04:25:02   -24160.805943        0.145537
BFGS:   33 04:25:03   -24160.813936        0.180278
BFGS:   34 04:25:03   -24160.821684        0.167663
BFGS:   35 04:25:03   -24160.828079        0.149045
BFGS:   36 04:25:03   -24160.832908        0.116808
BFGS:   37 04:25:03   -24160.836764        0.104115
BFGS:   38 04:25:04   -24160.839969        0.101183
BFGS:   39 04:25:04   -24160.843250        0.135541
BFGS:   40 04:25:04   -24160.846696        0.100755
BFGS:   41 04:25:04   -24160.851259        0.136232
BFGS:   42 04:25:04   -24160.854212        0.128838
BFGS:   43 04:25:05   -24160.858156        0.104732
BFGS:   44 04:25:05   -24160.861366        0.097601
    -> 44 steps, converged=True
[04:25:05] WARNING: More than one matching pattern found - picking one

  strain ligand     18.92 kcal/mol (44 steps, converged=True)
  binding        -23.48 kcal/mol   (no desolvation term)
s2_esm1_f4
    relaxing 276 hydrogens of complex (266 heavy atoms fixed)
      Step     Time          Energy          fmax
BFGS:    0 04:25:43  -351714.375712        5.834287
BFGS:    1 04:26:16  -351746.655229        4.789239
BFGS:    2 04:26:49  -351776.666200        3.387184
BFGS:    3 04:27:25  -351779.731172        3.505808
BFGS:    4 04:28:03  -351784.052092        4.484461
BFGS:    5 04:28:41  -351789.132370        4.239693
BFGS:    6 04:29:15  -351792.520080        3.731649
BFGS:    7 04:30:02  -351794.847178        3.341921
BFGS:    8 04:30:32  -351796.494290        2.995787
BFGS:    9 04:31:09  -351797.554040        2.300872
BFGS:   10 04:31:53  -351798.621435        1.468941
BFGS:   11 04:32:26  -351799.672432        1.559544
BFGS:   12 04:32:53  -351800.322906        1.458578
BFGS:   13 04:33:22  -351800.578869        1.485443
BFGS:   14 04:33:55  -351800.785063        1.132999
BFGS:   15 04:34:32  -351800.995364        0.877549
BFGS:   16 04:35:16  -351801.262843        1.154746
BFGS:   17 04:36:04  -351801.501116        1.276714
BFGS:   18 04:36:41  -351801.669798        1.041907
BFGS:   19 04:37:31  -351801.776732        0.528130
BFGS:   20 04:38:08  -351801.854358        0.545117
BFGS:   21 04:38:41  -351801.933820        0.752675
BFGS:   22 04:39:18  -351802.017611        0.901913
BFGS:   23 04:39:57  -351802.119062        0.838572
BFGS:   24 04:40:40  -351802.230084        0.556584
BFGS:   25 04:41:34  -351802.327372        0.583449
BFGS:   26 04:42:06  -351802.389329        0.717708
BFGS:   27 04:42:45  -351802.450748        0.653114
BFGS:   28 04:43:16  -351802.530160        0.472320
BFGS:   29 04:43:52  -351802.633690        0.499819
BFGS:   30 04:44:37  -351802.697453        0.363328
BFGS:   31 04:45:16  -351802.731645        0.342781
BFGS:   32 04:45:59  -351802.751649        0.304498
BFGS:   33 04:46:41  -351802.776705        0.364012
BFGS:   34 04:47:22  -351802.814427        0.385998
BFGS:   35 04:48:11  -351802.898938        0.363842
BFGS:   36 04:48:41  -351802.922230        0.254971
BFGS:   37 04:49:18  -351802.953232        0.270008
BFGS:   38 04:49:55  -351802.979122        0.328591
BFGS:   39 04:50:42  -351803.014132        0.346099
BFGS:   40 04:51:18  -351803.062416        0.307870
BFGS:   41 04:52:01  -351803.110027        0.269106
BFGS:   42 04:52:47  -351803.133989        0.318457
BFGS:   43 04:53:23  -351803.165618        0.362905
BFGS:   44 04:53:55  -351803.209715        0.428472
BFGS:   45 04:54:34  -351803.260237        0.820761
BFGS:   46 04:55:11  -351803.335909        0.509675
BFGS:   47 04:55:58  -351803.390591        0.458254
BFGS:   48 04:56:36  -351803.407268        0.254783
BFGS:   49 04:57:16  -351803.428968        0.311533
BFGS:   50 04:58:05  -351803.453196        0.341422
BFGS:   51 04:58:40  -351803.488216        0.331167
BFGS:   52 04:59:31  -351803.521686        0.345701
BFGS:   53 05:00:02  -351803.543120        0.593389
BFGS:   54 05:00:42  -351803.564717        0.350647
BFGS:   55 05:01:22  -351803.580484        0.239854
BFGS:   56 05:02:10  -351803.615055        0.273977
BFGS:   57 05:02:46  -351803.637271        0.314799
BFGS:   58 05:03:23  -351803.664281        0.308357
BFGS:   59 05:04:10  -351803.674613        0.290879
BFGS:   60 05:04:48  -351803.680457        0.215763
BFGS:   61 05:05:42  -351803.685578        0.127994
BFGS:   62 05:06:25  -351803.699517        0.255264
BFGS:   63 05:07:07  -351803.709794        0.276142
BFGS:   64 05:07:44  -351803.718109        0.135699
BFGS:   65 05:08:25  -351803.723023        0.121881
BFGS:   66 05:09:03  -351803.727609        0.227703
BFGS:   67 05:09:43  -351803.734021        0.295352
BFGS:   68 05:10:27  -351803.743246        0.288530
BFGS:   69 05:11:17  -351803.752587        0.188942
BFGS:   70 05:11:58  -351803.759012        0.130381
BFGS:   71 05:12:42  -351803.763795        0.122488
BFGS:   72 05:13:28  -351803.769175        0.119570
BFGS:   73 05:14:11  -351803.776215        0.208869
BFGS:   74 05:14:57  -351803.783857        0.216855
BFGS:   75 05:15:36  -351803.789815        0.118109
    -> 75 steps
  interaction    -29.55 kcal/mol
    relaxing free ligand: 44 atoms, fmax 0.1, max 75 steps
      Step     Time          Energy          fmax
BFGS:    0 05:16:24   -24160.125268        2.863141
BFGS:    1 05:16:24   -24160.308552        1.350755
BFGS:    2 05:16:25   -24160.379546        0.868667
BFGS:    3 05:16:25   -24160.415967        0.600111
BFGS:    4 05:16:25   -24160.437304        0.453363
BFGS:    5 05:16:25   -24160.464036        0.394922
BFGS:    6 05:16:25   -24160.487601        0.587991
BFGS:    7 05:16:26   -24160.513888        0.456638
BFGS:    8 05:16:26   -24160.531862        0.336903
BFGS:    9 05:16:26   -24160.544569        0.284470
BFGS:   10 05:16:26   -24160.555916        0.260186
BFGS:   11 05:16:27   -24160.568460        0.221167
BFGS:   12 05:16:27   -24160.580683        0.226034
BFGS:   13 05:16:27   -24160.591591        0.227543
BFGS:   14 05:16:27   -24160.603693        0.275370
BFGS:   15 05:16:27   -24160.617425        0.277859
BFGS:   16 05:16:28   -24160.632978        0.252654
BFGS:   17 05:16:28   -24160.649639        0.236620
BFGS:   18 05:16:28   -24160.666499        0.310605
BFGS:   19 05:16:28   -24160.682674        0.279526
BFGS:   20 05:16:28   -24160.698093        0.237632
BFGS:   21 05:16:29   -24160.713014        0.228098
BFGS:   22 05:16:29   -24160.727303        0.296261
BFGS:   23 05:16:29   -24160.740704        0.325725
BFGS:   24 05:16:29   -24160.753203        0.307041
BFGS:   25 05:16:29   -24160.764826        0.249155
BFGS:   26 05:16:30   -24160.775975        0.227547
BFGS:   27 05:16:30   -24160.787568        0.264927
BFGS:   28 05:16:30   -24160.799704        0.240248
BFGS:   29 05:16:30   -24160.810401        0.213053
BFGS:   30 05:16:30   -24160.817898        0.145727
BFGS:   31 05:16:31   -24160.822175        0.168697
BFGS:   32 05:16:31   -24160.826856        0.139874
BFGS:   33 05:16:31   -24160.831545        0.128112
BFGS:   34 05:16:31   -24160.839623        0.110132
BFGS:   35 05:16:31   -24160.842818        0.115500
BFGS:   36 05:16:32   -24160.846707        0.111459
BFGS:   37 05:16:32   -24160.849821        0.095255
    -> 37 steps, converged=True
[05:16:33] WARNING: More than one matching pattern found - picking one

  strain ligand     16.71 kcal/mol (37 steps, converged=True)
  binding        -12.84 kcal/mol   (no desolvation term)
s2_esm1_f8
    relaxing 276 hydrogens of complex (266 heavy atoms fixed)
      Step     Time          Energy          fmax
BFGS:    0 05:17:05  -351711.149616        5.842988
BFGS:    1 05:17:45  -351743.996553        4.850934
BFGS:    2 05:18:20  -351776.151926        3.253512
BFGS:    3 05:18:57  -351779.317348        2.389033
BFGS:    4 05:19:37  -351785.932902        2.020144
BFGS:    5 05:20:17  -351791.000189        2.848813
BFGS:    6 05:20:58  -351793.179896        2.224651
BFGS:    7 05:21:37  -351794.859694        1.179890
BFGS:    8 05:22:26  -351795.593357        1.014638
BFGS:    9 05:23:03  -351796.797720        1.934670
BFGS:   10 05:23:38  -351798.531997        1.798957
BFGS:   11 05:24:19  -351799.452382        1.287508
BFGS:   12 05:25:02  -351799.830769        0.699346
BFGS:   13 05:25:51  -351800.030313        0.766702
BFGS:   14 05:26:37  -351800.191130        0.785494
BFGS:   15 05:27:06  -351800.485378        1.040534
BFGS:   16 05:27:38  -351800.747351        0.872308
BFGS:   17 05:28:19  -351800.871939        0.496426
BFGS:   18 05:29:07  -351800.955300        0.475879
BFGS:   19 05:29:54  -351801.066504        0.541406
BFGS:   20 05:30:29  -351801.244286        0.976141
BFGS:   21 05:31:05  -351801.430465        1.177945
BFGS:   22 05:31:54  -351801.585437        1.027941
BFGS:   23 05:32:35  -351801.691314        0.624902
BFGS:   24 05:33:21  -351801.750767        0.440948
BFGS:   25 05:34:12  -351801.808686        0.606183
BFGS:   26 05:35:01  -351801.920156        0.975595
BFGS:   27 05:35:52  -351801.995624        0.771186
BFGS:   28 05:36:42  -351802.056503        0.319931
BFGS:   29 05:37:25  -351802.091645        0.253462
BFGS:   30 05:38:02  -351802.124009        0.361704
BFGS:   31 05:38:52  -351802.162447        0.630906
BFGS:   32 05:39:22  -351802.202383        0.743709
BFGS:   33 05:39:59  -351802.245284        0.548095
BFGS:   34 05:40:41  -351802.276443        0.163160
BFGS:   35 05:41:36  -351802.288996        0.223334
BFGS:   36 05:42:13  -351802.319262        0.553662
BFGS:   37 05:42:48  -351802.353183        0.642937
BFGS:   38 05:43:23  -351802.393955        0.429877
BFGS:   39 05:44:11  -351802.424662        0.308292
BFGS:   40 05:44:51  -351802.451449        0.231629
BFGS:   41 05:45:32  -351802.478220        0.523705
BFGS:   42 05:46:19  -351802.510072        0.712151
BFGS:   43 05:46:56  -351802.555671        0.571481
BFGS:   44 05:47:35  -351802.611994        0.343488
BFGS:   45 05:48:11  -351802.629814        0.298489
BFGS:   46 05:48:57  -351802.649589        0.362704
BFGS:   47 05:49:34  -351802.671678        0.237906
BFGS:   48 05:50:11  -351802.688729        0.215198
BFGS:   49 05:50:48  -351802.701164        0.218645
BFGS:   50 05:51:33  -351802.715260        0.236158
BFGS:   51 05:52:11  -351802.733434        0.297371
BFGS:   52 05:52:51  -351802.750142        0.585162
BFGS:   53 05:53:33  -351802.768305        0.180260
BFGS:   54 05:54:10  -351802.779320        0.133325
BFGS:   55 05:54:46  -351802.790972        0.181176
BFGS:   56 05:55:24  -351802.801662        0.199560
BFGS:   57 05:56:16  -351802.818292        0.221131
BFGS:   58 05:56:53  -351802.831071        0.157931
BFGS:   59 05:57:28  -351802.839901        0.332818
BFGS:   60 05:58:07  -351802.844379        0.392991
BFGS:   61 05:58:59  -351802.853621        0.173727
BFGS:   62 05:59:33  -351802.866848        0.129403
BFGS:   63 06:00:06  -351802.880720        0.138169
BFGS:   64 06:00:46  -351802.893535        0.106267
BFGS:   65 06:01:21  -351802.904587        0.382115
BFGS:   66 06:02:10  -351802.914209        0.413373
BFGS:   67 06:02:46  -351802.932431        0.197613
BFGS:   68 06:03:20  -351802.941908        0.144153
BFGS:   69 06:04:01  -351802.955954        0.170298
BFGS:   70 06:04:38  -351802.966175        0.166106
BFGS:   71 06:05:24  -351802.974541        0.444168
BFGS:   72 06:06:02  -351802.983950        0.175607
BFGS:   73 06:06:41  -351802.995112        0.273452
BFGS:   74 06:07:25  -351803.006050        0.350135
BFGS:   75 06:08:03  -351803.015657        0.300050
    -> 75 steps
  interaction    -19.91 kcal/mol
    relaxing free ligand: 44 atoms, fmax 0.1, max 75 steps
      Step     Time          Energy          fmax
BFGS:    0 06:08:52   -24159.591305        3.925462
BFGS:    1 06:08:52   -24159.997089        2.140011
BFGS:    2 06:08:52   -24160.142938        0.780069
BFGS:    3 06:08:53   -24160.191536        1.034933
BFGS:    4 06:08:53   -24160.216201        0.719108
BFGS:    5 06:08:53   -24160.243165        0.443431
BFGS:    6 06:08:53   -24160.268453        0.518102
BFGS:    7 06:08:53   -24160.287779        0.390438
BFGS:    8 06:08:54   -24160.304416        0.336754
BFGS:    9 06:08:54   -24160.315864        0.248083
BFGS:   10 06:08:54   -24160.328015        0.297782
BFGS:   11 06:08:54   -24160.343440        0.265441
BFGS:   12 06:08:55   -24160.358933        0.342822
BFGS:   13 06:08:55   -24160.373213        0.287486
BFGS:   14 06:08:55   -24160.388784        0.302307
BFGS:   15 06:08:55   -24160.407219        0.261486
BFGS:   16 06:08:55   -24160.429076        0.316167
BFGS:   17 06:08:56   -24160.452172        0.269018
BFGS:   18 06:08:56   -24160.473049        0.289688
BFGS:   19 06:08:56   -24160.491986        0.296463
BFGS:   20 06:08:56   -24160.511491        0.281337
BFGS:   21 06:08:56   -24160.532785        0.304087
BFGS:   22 06:08:57   -24160.553680        0.281033
BFGS:   23 06:08:57   -24160.572242        0.281568
BFGS:   24 06:08:57   -24160.584531        0.319759
BFGS:   25 06:08:57   -24160.598334        0.232419
BFGS:   26 06:08:58   -24160.609220        0.210923
BFGS:   27 06:08:58   -24160.621127        0.209137
BFGS:   28 06:08:58   -24160.629726        0.194658
BFGS:   29 06:08:58   -24160.641397        0.198149
BFGS:   30 06:08:58   -24160.651076        0.164216
BFGS:   31 06:08:59   -24160.659779        0.156324
BFGS:   32 06:08:59   -24160.666672        0.147117
BFGS:   33 06:08:59   -24160.673728        0.167494
BFGS:   34 06:08:59   -24160.680826        0.150558
BFGS:   35 06:08:59   -24160.687363        0.141050
BFGS:   36 06:09:00   -24160.692450        0.139295
BFGS:   37 06:09:00   -24160.696504        0.118818
BFGS:   38 06:09:00   -24160.700062        0.095625
    -> 38 steps, converged=True
[06:09:01] WARNING: More than one matching pattern found - picking one

  strain ligand     25.57 kcal/mol (38 steps, converged=True)
  binding          5.66 kcal/mol   (no desolvation term)
s2_esm2_f12
    relaxing 341 hydrogens of complex (307 heavy atoms fixed)
      Step     Time          Energy          fmax
BFGS:    0 06:09:38  -394904.353579        5.717494
BFGS:    1 06:10:24  -394946.195317        4.713597
BFGS:    2 06:11:12  -394988.730434        3.852523
BFGS:    3 06:12:01  -394994.063003        3.728889
BFGS:    4 06:12:47  -395005.234069        3.236923
BFGS:    5 06:13:38  -395012.476593        2.730190
BFGS:    6 06:14:31  -395017.206260        2.518585
BFGS:    7 06:15:19  -395020.229617        2.490393
BFGS:    8 06:16:09  -395021.855800        1.760114
BFGS:    9 06:17:15  -395023.126689        1.322873
BFGS:   10 06:17:54  -395024.178455        1.674089
BFGS:   11 06:18:52  -395026.125340        2.795437
BFGS:   12 06:19:32  -395027.040226        2.052416
BFGS:   13 06:20:11  -395027.614674        1.309796
BFGS:   14 06:20:58  -395027.949961        1.088280
BFGS:   15 06:21:46  -395028.355041        1.301093
BFGS:   16 06:22:37  -395028.743183        1.585324
BFGS:   17 06:23:25  -395029.092578        1.356692
BFGS:   18 06:24:11  -395029.337013        0.640933
BFGS:   19 06:25:04  -395029.448321        0.435256
BFGS:   20 06:26:02  -395029.533032        0.716261
BFGS:   21 06:26:53  -395029.679998        0.899223
BFGS:   22 06:27:43  -395029.878646        0.669009
BFGS:   23 06:28:41  -395030.080248        0.701567
BFGS:   24 06:29:39  -395030.307908        0.662587
BFGS:   25 06:30:21  -395030.499917        0.562387
BFGS:   26 06:31:15  -395030.665052        0.637696
BFGS:   27 06:32:14  -395030.827870        1.496248
BFGS:   28 06:32:53  -395030.921516        1.207996
BFGS:   29 06:33:27  -395031.166994        0.615838
BFGS:   30 06:34:11  -395031.334126        0.480212
BFGS:   31 06:35:14  -395031.512451        0.548079
BFGS:   32 06:35:57  -395031.588206        0.486531
BFGS:   33 06:36:52  -395031.716392        0.480556
BFGS:   34 06:37:33  -395031.805368        0.434527
BFGS:   35 06:38:20  -395031.930063        0.610557
BFGS:   36 06:39:04  -395031.998361        0.821305
BFGS:   37 06:39:50  -395032.053302        0.332685
BFGS:   38 06:40:36  -395032.095191        0.248320
BFGS:   39 06:41:28  -395032.135842        0.384328
BFGS:   40 06:42:26  -395032.175266        0.475718
BFGS:   41 06:43:02  -395032.216635        0.439599
BFGS:   42 06:43:39  -395032.248587        0.299929
BFGS:   43 06:44:23  -395032.273691        0.243878
BFGS:   44 06:45:11  -395032.299424        0.216882
BFGS:   45 06:46:13  -395032.332265        0.215888
BFGS:   46 06:46:55  -395032.362761        0.860544
BFGS:   47 06:47:37  -395032.382989        0.446934
BFGS:   48 06:48:21  -395032.418548        0.311201
BFGS:   49 06:49:11  -395032.449498        0.187717
BFGS:   50 06:50:05  -395032.472862        0.228069
BFGS:   51 06:50:54  -395032.504702        0.283472
BFGS:   52 06:51:38  -395032.537090        0.308509
BFGS:   53 06:52:29  -395032.568642        0.348772
BFGS:   54 06:53:21  -395032.602648        0.297815
BFGS:   55 06:54:07  -395032.635731        0.437329
BFGS:   56 06:54:50  -395032.673461        0.428136
BFGS:   57 06:55:42  -395032.707111        0.286379
BFGS:   58 06:56:29  -395032.725609        0.467956
BFGS:   59 06:57:11  -395032.747434        0.373237
BFGS:   60 06:57:52  -395032.769459        0.307625
BFGS:   61 06:58:53  -395032.806471        0.294742
BFGS:   62 06:59:36  -395032.839058        0.259735
BFGS:   63 07:00:29  -395032.871039        0.539376
BFGS:   64 07:01:10  -395032.893501        0.411162
BFGS:   65 07:01:55  -395032.919608        0.504511
BFGS:   66 07:03:01  -395032.952632        0.344262
BFGS:   67 07:03:45  -395032.984934        0.987502
BFGS:   68 07:04:26  -395033.046996        0.398629
BFGS:   69 07:05:09  -395033.097825        0.564137
BFGS:   70 07:06:16  -395033.126847        0.374717
BFGS:   71 07:06:52  -395033.150664        0.684944
BFGS:   72 07:07:31  -395033.187575        0.551459
BFGS:   73 07:08:09  -395033.242976        0.332318
BFGS:   74 07:09:04  -395033.268523        0.349927
BFGS:   75 07:10:05  -395033.291575        0.267025
    -> 75 steps
  interaction    -72.72 kcal/mol
    relaxing free ligand: 44 atoms, fmax 0.1, max 75 steps
      Step     Time          Energy          fmax
BFGS:    0 07:10:46   -24160.500191        2.072637
BFGS:    1 07:10:47   -24160.643469        1.001781
BFGS:    2 07:10:47   -24160.686587        0.518597
BFGS:    3 07:10:47   -24160.708644        0.383826
BFGS:    4 07:10:47   -24160.724729        0.389874
BFGS:    5 07:10:48   -24160.739374        0.200091
BFGS:    6 07:10:48   -24160.747787        0.187850
BFGS:    7 07:10:48   -24160.757216        0.247486
BFGS:    8 07:10:48   -24160.767905        0.232967
BFGS:    9 07:10:48   -24160.775717        0.236544
BFGS:   10 07:10:48   -24160.781922        0.196423
BFGS:   11 07:10:49   -24160.786916        0.161630
BFGS:   12 07:10:49   -24160.791347        0.142013
BFGS:   13 07:10:49   -24160.795121        0.153647
BFGS:   14 07:10:49   -24160.799275        0.139077
BFGS:   15 07:10:49   -24160.803809        0.113716
BFGS:   16 07:10:50   -24160.808649        0.137361
BFGS:   17 07:10:50   -24160.813588        0.167975
BFGS:   18 07:10:50   -24160.818499        0.158712
BFGS:   19 07:10:50   -24160.823158        0.122156
BFGS:   20 07:10:50   -24160.827191        0.104718
BFGS:   21 07:10:51   -24160.830736        0.109531
BFGS:   22 07:10:51   -24160.834370        0.118144
BFGS:   23 07:10:51   -24160.838496        0.115578
BFGS:   24 07:10:51   -24160.842560        0.112782
BFGS:   25 07:10:51   -24160.846010        0.102237
BFGS:   26 07:10:52   -24160.849033        0.112417
BFGS:   27 07:10:52   -24160.852223        0.101562
BFGS:   28 07:10:52   -24160.855698        0.128458
BFGS:   29 07:10:52   -24160.858941        0.103142
BFGS:   30 07:10:52   -24160.861678        0.092314
    -> 30 steps, converged=True
[07:10:53] WARNING: More than one matching pattern found - picking one

  strain ligand      8.34 kcal/mol (30 steps, converged=True)
  binding        -64.38 kcal/mol   (no desolvation term)
s2_esm2_f4
    relaxing 341 hydrogens of complex (307 heavy atoms fixed)
      Step     Time          Energy          fmax
BFGS:    0 07:11:39  -394915.504841        5.833796
BFGS:    1 07:12:22  -394955.771425        4.809413
BFGS:    2 07:13:03  -394994.590600        3.460215
BFGS:    3 07:13:54  -394998.519120        1.941243
BFGS:    4 07:14:44  -395005.482690        1.840057
BFGS:    5 07:15:31  -395013.245389        3.022166
BFGS:    6 07:16:21  -395015.800755        2.406178
BFGS:    7 07:17:10  -395018.115256        0.960839
BFGS:    8 07:18:11  -395018.924402        1.002835
BFGS:    9 07:18:54  -395020.890151        2.244447
BFGS:   10 07:19:36  -395023.093757        1.939034
BFGS:   11 07:20:27  -395024.293175        1.012899
BFGS:   12 07:21:15  -395024.992007        0.783888
BFGS:   13 07:22:07  -395025.272655        0.768680
BFGS:   14 07:23:02  -395025.544313        0.716251
BFGS:   15 07:23:53  -395025.956580        0.696548
BFGS:   16 07:24:44  -395026.308588        0.619195
BFGS:   17 07:25:39  -395026.496413        0.582775
BFGS:   18 07:26:39  -395026.612119        0.500025
BFGS:   19 07:27:22  -395026.734524        0.458791
BFGS:   20 07:28:05  -395026.972781        0.685765
BFGS:   21 07:29:02  -395027.187057        0.593433
BFGS:   22 07:29:55  -395027.345410        0.519235
BFGS:   23 07:30:45  -395027.423979        0.565089
BFGS:   24 07:31:34  -395027.481350        0.434678
BFGS:   25 07:32:25  -395027.556006        0.444150
BFGS:   26 07:33:21  -395027.689297        0.450431
BFGS:   27 07:34:07  -395027.778910        0.403369
BFGS:   28 07:35:07  -395027.841601        0.483850
BFGS:   29 07:35:59  -395027.898384        0.392000
BFGS:   30 07:36:49  -395027.957148        0.580454
BFGS:   31 07:37:35  -395028.050007        0.249869
BFGS:   32 07:38:20  -395028.152833        0.305800
BFGS:   33 07:39:12  -395028.206579        0.343601
BFGS:   34 07:39:59  -395028.234636        0.367698
BFGS:   35 07:40:49  -395028.281496        0.358992
BFGS:   36 07:41:45  -395028.355122        0.336869
BFGS:   37 07:42:29  -395028.414846        0.462417
BFGS:   38 07:43:14  -395028.468356        0.609391
BFGS:   39 07:44:09  -395028.520654        0.466761
BFGS:   40 07:44:59  -395028.579131        0.774487
BFGS:   41 07:45:59  -395028.633984        1.047216
BFGS:   42 07:46:48  -395028.695016        0.877668
BFGS:   43 07:47:43  -395028.776137        0.363005
BFGS:   44 07:48:29  -395028.852087        0.371908
BFGS:   45 07:49:19  -395028.921171        0.326764
BFGS:   46 07:50:07  -395028.990233        0.380877
BFGS:   47 07:51:04  -395029.051262        0.394775
BFGS:   48 07:52:07  -395029.097108        0.579625
BFGS:   49 07:53:08  -395029.130182        0.573924
BFGS:   50 07:53:58  -395029.162146        0.311962
BFGS:   51 07:54:57  -395029.219958        0.374769
BFGS:   52 07:55:57  -395029.250657        0.390381
BFGS:   53 07:56:56  -395029.301656        0.397196
BFGS:   54 07:57:45  -395029.338257        0.253032
BFGS:   55 07:58:29  -395029.368729        0.237195
BFGS:   56 07:59:19  -395029.388846        0.177831
BFGS:   57 08:00:14  -395029.404129        0.203123
BFGS:   58 08:01:01  -395029.417713        0.265619
BFGS:   59 08:01:57  -395029.432551        0.231460
BFGS:   60 08:02:47  -395029.451709        0.162607
BFGS:   61 08:03:44  -395029.460042        0.119115
BFGS:   62 08:04:27  -395029.468420        0.096176
    -> 62 steps
  interaction     -7.53 kcal/mol
    relaxing free ligand: 44 atoms, fmax 0.1, max 75 steps
      Step     Time          Energy          fmax
BFGS:    0 08:05:18   -24159.782913        2.767896
BFGS:    1 08:05:19   -24160.003369        1.452136
BFGS:    2 08:05:19   -24160.076025        0.744016
BFGS:    3 08:05:19   -24160.120674        0.659340
BFGS:    4 08:05:19   -24160.149439        0.655371
BFGS:    5 08:05:20   -24160.177578        0.353444
BFGS:    6 08:05:20   -24160.199709        0.343088
BFGS:    7 08:05:20   -24160.220070        0.315961
BFGS:    8 08:05:20   -24160.239990        0.381768
BFGS:    9 08:05:20   -24160.259639        0.505076
BFGS:   10 08:05:21   -24160.280068        0.427703
BFGS:   11 08:05:21   -24160.299086        0.223174
BFGS:   12 08:05:21   -24160.311670        0.202108
BFGS:   13 08:05:21   -24160.321873        0.221372
BFGS:   14 08:05:22   -24160.332858        0.193910
BFGS:   15 08:05:22   -24160.345463        0.237455
BFGS:   16 08:05:22   -24160.357168        0.212317
BFGS:   17 08:05:22   -24160.366660        0.203913
BFGS:   18 08:05:22   -24160.375301        0.207198
BFGS:   19 08:05:23   -24160.385625        0.234361
BFGS:   20 08:05:23   -24160.398590        0.254769
BFGS:   21 08:05:23   -24160.411471        0.202302
BFGS:   22 08:05:23   -24160.423150        0.246300
BFGS:   23 08:05:24   -24160.435903        0.231660
BFGS:   24 08:05:24   -24160.450893        0.278546
BFGS:   25 08:05:24   -24160.466708        0.300546
BFGS:   26 08:05:24   -24160.481699        0.215338
BFGS:   27 08:05:24   -24160.494347        0.191128
BFGS:   28 08:05:25   -24160.504241        0.170073
BFGS:   29 08:05:25   -24160.512388        0.142834
BFGS:   30 08:05:25   -24160.519660        0.166008
BFGS:   31 08:05:25   -24160.526633        0.164198
BFGS:   32 08:05:26   -24160.533247        0.122405
BFGS:   33 08:05:26   -24160.539003        0.137239
BFGS:   34 08:05:26   -24160.543958        0.127877
BFGS:   35 08:05:26   -24160.548461        0.126913
BFGS:   36 08:05:27   -24160.552363        0.128855
BFGS:   37 08:05:27   -24160.555771        0.118841
BFGS:   38 08:05:27   -24160.559098        0.117567
BFGS:   39 08:05:27   -24160.563483        0.144941
BFGS:   40 08:05:29   -24160.567223        0.122210
BFGS:   41 08:05:29   -24160.572174        0.123786
BFGS:   42 08:05:30   -24160.576660        0.113958
BFGS:   43 08:05:30   -24160.581161        0.147490
BFGS:   44 08:05:30   -24160.585577        0.130947
BFGS:   45 08:05:30   -24160.590068        0.107466
BFGS:   46 08:05:31   -24160.594047        0.106094
BFGS:   47 08:05:31   -24160.597335        0.121598
BFGS:   48 08:05:31   -24160.600058        0.107494
BFGS:   49 08:05:32   -24160.602964        0.124098
BFGS:   50 08:05:32   -24160.606413        0.107352
BFGS:   51 08:05:32   -24160.609362        0.144245
BFGS:   52 08:05:32   -24160.612555        0.175410
BFGS:   53 08:05:32   -24160.615873        0.171368
BFGS:   54 08:05:33   -24160.619189        0.120722
BFGS:   55 08:05:33   -24160.622543        0.108092
BFGS:   56 08:05:33   -24160.626204        0.147461
BFGS:   57 08:05:33   -24160.630085        0.162209
BFGS:   58 08:05:34   -24160.633133        0.438003
BFGS:   59 08:05:34   -24160.638279        0.128885
BFGS:   60 08:05:34   -24160.643931        0.298692
BFGS:   61 08:05:34   -24160.649015        0.353985
BFGS:   62 08:05:34   -24160.653978        0.333402
BFGS:   63 08:05:35   -24160.660130        0.286215
BFGS:   64 08:05:35   -24160.666643        0.194187
BFGS:   65 08:05:35   -24160.671422        0.210135
BFGS:   66 08:05:35   -24160.658922        1.273235
BFGS:   67 08:05:36   -24160.677270        0.198631
BFGS:   68 08:05:36   -24160.680286        0.097049
    -> 68 steps, converged=True
[08:05:36] WARNING: More than one matching pattern found - picking one

  strain ligand     20.69 kcal/mol (68 steps, converged=True)
  binding         13.17 kcal/mol   (no desolvation term)
s2_esm2_f8
    relaxing 341 hydrogens of complex (307 heavy atoms fixed)
      Step     Time          Energy          fmax
BFGS:    0 08:06:16  -394916.722568        5.739130
BFGS:    1 08:07:04  -394957.787945        4.736373
BFGS:    2 08:08:02  -394997.175962        3.535607
BFGS:    3 08:09:06  -395001.428430        2.461287
BFGS:    4 08:09:51  -395007.884526        1.944852
BFGS:    5 08:10:54  -395015.304138        2.488534
BFGS:    6 08:11:47  -395018.381128        2.048995
BFGS:    7 08:12:47  -395019.944708        1.256190
BFGS:    8 08:13:34  -395021.047475        1.126487
BFGS:    9 08:14:31  -395022.023257        1.600773
BFGS:   10 08:15:28  -395024.193342        1.655695
BFGS:   11 08:16:26  -395025.442482        1.362638
BFGS:   12 08:17:22  -395026.028999        0.779069
BFGS:   13 08:18:09  -395026.358927        0.614877
BFGS:   14 08:19:02  -395026.568130        0.583520
BFGS:   15 08:20:01  -395026.967779        0.965500
BFGS:   16 08:20:56  -395027.329801        0.962435
BFGS:   17 08:21:50  -395027.561801        0.586546
BFGS:   18 08:22:51  -395027.690008        0.537297
BFGS:   19 08:23:48  -395027.810160        0.614556
BFGS:   20 08:24:46  -395028.033652        1.041235
BFGS:   21 08:25:32  -395028.368695        1.222943
BFGS:   22 08:26:21  -395028.594015        0.990803
BFGS:   23 08:27:06  -395028.781305        1.079383
BFGS:   24 08:28:02  -395028.900807        0.833114
BFGS:   25 08:29:01  -395029.033436        0.810794
BFGS:   26 08:29:53  -395029.232317        1.302498
BFGS:   27 08:30:49  -395029.468582        1.149321
BFGS:   28 08:31:43  -395029.652084        1.089700
BFGS:   29 08:32:46  -395029.812654        0.641649
BFGS:   30 08:33:43  -395029.830072        1.638409
BFGS:   31 08:34:50  -395029.956045        0.408599
BFGS:   32 08:35:47  -395030.009989        0.447312
BFGS:   33 08:36:36  -395030.156058        0.345421
BFGS:   34 08:37:36  -395030.189157        0.318084
BFGS:   35 08:38:19  -395030.229009        0.285427
BFGS:   36 08:39:19  -395030.251605        0.269976
BFGS:   37 08:40:05  -395030.290635        0.328492
BFGS:   38 08:41:07  -395030.331363        0.376812
BFGS:   39 08:42:04  -395030.368383        0.606899
BFGS:   40 08:42:54  -395030.391075        0.470378
BFGS:   41 08:43:52  -395030.410888        0.294578
BFGS:   42 08:44:37  -395030.430115        0.197224
BFGS:   43 08:45:28  -395030.464715        0.226252
BFGS:   44 08:46:34  -395030.493105        0.297668
BFGS:   45 08:47:28  -395030.519889        0.295784
BFGS:   46 08:48:44  -395030.535674        0.238769
BFGS:   47 08:49:35  -395030.550013        0.224595
BFGS:   48 08:50:29  -395030.566999        0.217138
BFGS:   49 08:51:22  -395030.583824        0.656369
BFGS:   50 08:52:17  -395030.597757        0.333084
BFGS:   51 08:53:13  -395030.612977        0.265849
BFGS:   52 08:53:56  -395030.635231        0.312369
BFGS:   53 08:54:42  -395030.648087        0.263651
BFGS:   54 08:55:42  -395030.669041        0.235563
BFGS:   55 08:56:41  -395030.683186        0.254330
BFGS:   56 08:57:32  -395030.697701        0.246307
BFGS:   57 08:58:32  -395030.711625        0.223675
BFGS:   58 08:59:22  -395030.725883        0.203576
BFGS:   59 09:00:21  -395030.737685        0.401696
BFGS:   60 09:01:14  -395030.748908        0.263778
BFGS:   61 09:02:10  -395030.763734        0.138354
BFGS:   62 09:03:11  -395030.771045        0.147775
BFGS:   63 09:03:59  -395030.777725        0.152399
BFGS:   64 09:04:56  -395030.783968        0.148156
BFGS:   65 09:06:01  -395030.789996        0.084844
    -> 65 steps
  interaction    -28.29 kcal/mol
    relaxing free ligand: 44 atoms, fmax 0.1, max 75 steps
      Step     Time          Energy          fmax
BFGS:    0 09:06:57   -24160.044074        2.699934
BFGS:    1 09:06:57   -24160.223916        1.247328
BFGS:    2 09:06:58   -24160.285497        0.493809
BFGS:    3 09:06:58   -24160.316832        0.488636
BFGS:    4 09:06:58   -24160.338583        0.557887
BFGS:    5 09:06:58   -24160.359012        0.369556
BFGS:    6 09:06:58   -24160.374851        0.313480
BFGS:    7 09:06:59   -24160.387902        0.266656
BFGS:    8 09:06:59   -24160.397663        0.231499
BFGS:    9 09:06:59   -24160.405316        0.167336
BFGS:   10 09:06:59   -24160.412414        0.179186
BFGS:   11 09:06:59   -24160.420476        0.204733
BFGS:   12 09:07:00   -24160.427759        0.196198
BFGS:   13 09:07:00   -24160.433097        0.103791
BFGS:   14 09:07:00   -24160.436945        0.111774
BFGS:   15 09:07:00   -24160.440441        0.137184
BFGS:   16 09:07:00   -24160.443998        0.151305
BFGS:   17 09:07:01   -24160.447612        0.141665
BFGS:   18 09:07:01   -24160.451376        0.140612
BFGS:   19 09:07:01   -24160.455688        0.137299
BFGS:   20 09:07:01   -24160.460648        0.193294
BFGS:   21 09:07:01   -24160.465732        0.159830
BFGS:   22 09:07:02   -24160.470803        0.127476
BFGS:   23 09:07:02   -24160.476700        0.163846
BFGS:   24 09:07:02   -24160.484566        0.222478
BFGS:   25 09:07:02   -24160.494946        0.242338
BFGS:   26 09:07:03   -24160.507016        0.242156
BFGS:   27 09:07:03   -24160.520080        0.233263
BFGS:   28 09:07:03   -24160.534292        0.244022
BFGS:   29 09:07:03   -24160.548840        0.267568
BFGS:   30 09:07:03   -24160.561037        0.170038
BFGS:   31 09:07:04   -24160.570162        0.152309
BFGS:   32 09:07:04   -24160.578090        0.160807
BFGS:   33 09:07:04   -24160.580975        0.480158
BFGS:   34 09:07:04   -24160.592852        0.232646
BFGS:   35 09:07:04   -24160.599613        0.164667
BFGS:   36 09:07:05   -24160.608973        0.117608
BFGS:   37 09:07:05   -24160.612567        0.146873
BFGS:   38 09:07:05   -24160.621317        0.134930
BFGS:   39 09:07:05   -24160.628251        0.146069
BFGS:   40 09:07:05   -24160.635932        0.162458
BFGS:   41 09:07:06   -24160.643591        0.165311
BFGS:   42 09:07:06   -24160.653618        0.174259
BFGS:   43 09:07:06   -24160.664243        0.171399
BFGS:   44 09:07:06   -24160.674058        0.157267
BFGS:   45 09:07:07   -24160.682370        0.166933
BFGS:   46 09:07:07   -24160.688593        0.237333
BFGS:   47 09:07:07   -24160.696206        0.150719
BFGS:   48 09:07:07   -24160.702654        0.139448
BFGS:   49 09:07:07   -24160.708089        0.118218
BFGS:   50 09:07:08   -24160.711388        0.105638
BFGS:   51 09:07:08   -24160.715470        0.095502
    -> 51 steps, converged=True
[09:07:11] WARNING: More than one matching pattern found - picking one

  strain ligand     15.48 kcal/mol (51 steps, converged=True)
  binding        -12.81 kcal/mol   (no desolvation term)
s2_orig_f12
    relaxing 193 hydrogens of complex (212 heavy atoms fixed)
      Step     Time          Energy          fmax
BFGS:    0 09:07:34  -285605.820418        5.797939
BFGS:    1 09:08:00  -285629.893337        4.737956
BFGS:    2 09:08:42  -285652.983347        3.461473
BFGS:    3 09:09:09  -285655.820909        2.772276
BFGS:    4 09:09:37  -285660.380107        2.257133
BFGS:    5 09:10:15  -285664.818169        2.265363
BFGS:    6 09:10:52  -285667.135493        1.899873
BFGS:    7 09:11:23  -285668.239065        1.223233
BFGS:    8 09:11:58  -285669.085672        0.931814
BFGS:    9 09:12:26  -285669.650390        1.229361
BFGS:   10 09:12:51  -285671.233654        1.747738
BFGS:   11 09:13:19  -285672.061163        1.823794
BFGS:   12 09:13:47  -285672.539600        1.236219
BFGS:   13 09:14:15  -285672.759084        0.774208
BFGS:   14 09:14:48  -285672.923948        0.895266
BFGS:   15 09:15:12  -285673.164013        1.230220
BFGS:   16 09:15:39  -285673.365857        1.040063
BFGS:   17 09:16:06  -285673.473477        0.497163
BFGS:   18 09:16:32  -285673.524199        0.438093
BFGS:   19 09:17:01  -285673.566541        0.499974
BFGS:   20 09:17:28  -285673.650997        0.716333
BFGS:   21 09:17:52  -285673.719968        0.519586
BFGS:   22 09:18:22  -285673.776564        0.341326
BFGS:   23 09:18:43  -285673.812892        0.370807
BFGS:   24 09:19:07  -285673.842558        0.342066
BFGS:   25 09:19:32  -285673.881341        0.324772
BFGS:   26 09:20:01  -285673.930788        0.253665
BFGS:   27 09:20:35  -285673.970548        0.254121
BFGS:   28 09:21:02  -285673.996182        0.262824
BFGS:   29 09:21:29  -285674.016858        0.265914
BFGS:   30 09:21:56  -285674.041843        0.291626
BFGS:   31 09:22:20  -285674.078934        0.293050
BFGS:   32 09:22:45  -285674.115288        0.752787
BFGS:   33 09:23:13  -285674.154786        0.429833
BFGS:   34 09:23:46  -285674.183864        0.423205
BFGS:   35 09:24:14  -285674.209437        0.266945
BFGS:   36 09:24:48  -285674.243531        0.558788
BFGS:   37 09:25:15  -285674.289254        0.515167
BFGS:   38 09:25:42  -285674.314106        0.970134
BFGS:   39 09:26:14  -285674.354982        0.299509
BFGS:   40 09:26:41  -285674.368997        0.161575
BFGS:   41 09:27:06  -285674.391889        0.174948
BFGS:   42 09:27:32  -285674.404305        0.172075
BFGS:   43 09:28:01  -285674.429293        0.221099
BFGS:   44 09:28:19  -285674.442588        0.474779
BFGS:   45 09:28:45  -285674.453114        0.188853
BFGS:   46 09:29:13  -285674.460321        0.202560
BFGS:   47 09:29:46  -285674.469650        0.203196
BFGS:   48 09:30:04  -285674.478504        0.212882
BFGS:   49 09:30:26  -285674.491322        0.241448
BFGS:   50 09:30:52  -285674.501856        0.244409
BFGS:   51 09:31:21  -285674.510931        0.179263
BFGS:   52 09:31:48  -285674.518321        0.134348
BFGS:   53 09:32:16  -285674.525982        0.128803
BFGS:   54 09:32:43  -285674.535222        0.141665
BFGS:   55 09:33:12  -285674.545385        0.559020
BFGS:   56 09:33:44  -285674.548645        0.370145
BFGS:   57 09:34:09  -285674.563668        0.217644
BFGS:   58 09:34:29  -285674.573395        0.272294
BFGS:   59 09:35:02  -285674.584217        0.187617
BFGS:   60 09:35:30  -285674.592295        0.222317
BFGS:   61 09:36:04  -285674.604090        0.231251
BFGS:   62 09:36:28  -285674.614603        0.333292
BFGS:   63 09:37:03  -285674.626653        0.242125
BFGS:   64 09:37:24  -285674.635978        0.246117
BFGS:   65 09:37:48  -285674.646382        0.278897
BFGS:   66 09:38:15  -285674.658789        0.349730
BFGS:   67 09:38:36  -285674.672113        0.343351
BFGS:   68 09:39:07  -285674.687136        0.177578
BFGS:   69 09:39:38  -285674.694985        0.130314
BFGS:   70 09:40:08  -285674.702131        0.129453
BFGS:   71 09:40:32  -285674.709467        0.134663
BFGS:   72 09:40:58  -285674.718449        0.170842
BFGS:   73 09:41:35  -285674.725863        0.224435
BFGS:   74 09:42:10  -285674.733708        0.124375
BFGS:   75 09:42:41  -285674.739319        0.108108
    -> 75 steps
  interaction    -17.56 kcal/mol
    relaxing free ligand: 44 atoms, fmax 0.1, max 75 steps
      Step     Time          Energy          fmax
BFGS:    0 09:43:22   -24160.357740        1.743050
BFGS:    1 09:43:22   -24160.462913        1.014380
BFGS:    2 09:43:22   -24160.504990        0.403935
BFGS:    3 09:43:22   -24160.524383        0.366210
BFGS:    4 09:43:23   -24160.537726        0.408261
BFGS:    5 09:43:23   -24160.551345        0.476123
BFGS:    6 09:43:23   -24160.563941        0.353329
BFGS:    7 09:43:23   -24160.578284        0.294445
BFGS:    8 09:43:24   -24160.592921        0.359279
BFGS:    9 09:43:24   -24160.608098        0.397534
BFGS:   10 09:43:24   -24160.627133        0.407824
BFGS:   11 09:43:24   -24160.646274        0.389882
BFGS:   12 09:43:24   -24160.661420        0.284887
BFGS:   13 09:43:25   -24160.673938        0.258341
BFGS:   14 09:43:25   -24160.686238        0.345431
BFGS:   15 09:43:25   -24160.700270        0.304769
BFGS:   16 09:43:25   -24160.713070        0.181455
BFGS:   17 09:43:26   -24160.723046        0.181789
BFGS:   18 09:43:26   -24160.732411        0.185171
BFGS:   19 09:43:26   -24160.742142        0.211168
BFGS:   20 09:43:26   -24160.750463        0.152231
BFGS:   21 09:43:26   -24160.755087        0.578648
BFGS:   22 09:43:27   -24160.759681        0.135077
BFGS:   23 09:43:27   -24160.762849        0.105718
BFGS:   24 09:43:27   -24160.766444        0.081233
    -> 24 steps, converged=True
[09:43:28] WARNING: More than one matching pattern found - picking one

  strain ligand      9.43 kcal/mol (24 steps, converged=True)
  binding         -8.13 kcal/mol   (no desolvation term)
s2_orig_f4
    relaxing 193 hydrogens of complex (212 heavy atoms fixed)
      Step     Time          Energy          fmax
BFGS:    0 09:43:42  -285622.852018        5.701003
BFGS:    1 09:43:58  -285646.785670        4.644243
BFGS:    2 09:44:15  -285667.452532        3.705267
BFGS:    3 09:44:33  -285670.008953        1.582169
BFGS:    4 09:44:53  -285671.678514        1.451406
BFGS:    5 09:45:11  -285676.998046        1.376810
BFGS:    6 09:45:26  -285677.896869        1.250097
BFGS:    7 09:45:47  -285678.432121        1.010230
BFGS:    8 09:46:10  -285678.901772        0.927734
BFGS:    9 09:46:41  -285679.513746        1.035498
BFGS:   10 09:47:03  -285680.391992        0.947622
BFGS:   11 09:47:24  -285680.964068        0.884902
BFGS:   12 09:47:42  -285681.303314        0.638689
BFGS:   13 09:48:01  -285681.424262        0.656522
BFGS:   14 09:48:24  -285681.528607        0.651247
BFGS:   15 09:48:45  -285681.723992        0.713201
BFGS:   16 09:49:03  -285681.957209        0.880249
BFGS:   17 09:49:19  -285682.119986        0.991516
BFGS:   18 09:49:40  -285682.250322        0.990578
BFGS:   19 09:49:57  -285682.387951        1.000446
BFGS:   20 09:50:20  -285682.652558        0.898832
BFGS:   21 09:50:41  -285682.955191        1.080693
BFGS:   22 09:51:02  -285683.185148        1.378354
BFGS:   23 09:51:24  -285683.312473        1.203241
BFGS:   24 09:51:42  -285683.396392        0.874316
BFGS:   25 09:52:07  -285683.444597        0.775950
BFGS:   26 09:52:25  -285683.618091        0.595361
BFGS:   27 09:52:51  -285683.671683        0.485619
BFGS:   28 09:53:13  -285683.725762        0.407586
BFGS:   29 09:53:28  -285683.742491        0.348050
BFGS:   30 09:53:50  -285683.762416        0.299966
BFGS:   31 09:54:11  -285683.785835        0.402197
BFGS:   32 09:54:33  -285683.802369        0.406625
BFGS:   33 09:54:57  -285683.817293        0.257178
BFGS:   34 09:55:20  -285683.825709        0.291299
BFGS:   35 09:55:47  -285683.837364        0.281172
BFGS:   36 09:56:16  -285683.853590        0.253614
BFGS:   37 09:56:34  -285683.873100        0.403546
BFGS:   38 09:56:52  -285683.889029        0.377099
BFGS:   39 09:57:10  -285683.902915        0.221829
BFGS:   40 09:57:29  -285683.916373        0.279604
BFGS:   41 09:57:41  -285683.932254        0.287106
BFGS:   42 09:57:55  -285683.948069        0.331841
BFGS:   43 09:58:13  -285683.960279        0.351719
BFGS:   44 09:58:33  -285683.971224        0.228818
BFGS:   45 09:58:53  -285683.982606        0.249996
BFGS:   46 09:59:12  -285683.995160        0.399837
BFGS:   47 09:59:32  -285684.008265        0.406564
BFGS:   48 09:59:50  -285684.020236        0.224741
BFGS:   49 10:00:09  -285684.026984        0.172167
BFGS:   50 10:00:29  -285684.040198        0.231694
BFGS:   51 10:00:50  -285684.051395        0.269482
BFGS:   52 10:01:06  -285684.059610        0.244685
BFGS:   53 10:01:29  -285684.066174        0.223380
BFGS:   54 10:01:53  -285684.072351        0.177879
BFGS:   55 10:02:06  -285684.081633        0.221151
BFGS:   56 10:02:23  -285684.087463        0.204257
BFGS:   57 10:02:40  -285684.094192        0.150503
BFGS:   58 10:02:59  -285684.098508        0.153576
BFGS:   59 10:03:22  -285684.102435        0.121841
BFGS:   60 10:03:43  -285684.106424        0.174503
BFGS:   61 10:04:04  -285684.111629        0.169017
BFGS:   62 10:04:25  -285684.117457        0.169905
BFGS:   63 10:04:45  -285684.123316        0.203813
BFGS:   64 10:05:00  -285684.129089        0.162459
BFGS:   65 10:05:23  -285684.134704        0.209377
BFGS:   66 10:05:47  -285684.140768        0.203313
BFGS:   67 10:06:08  -285684.151402        0.206190
BFGS:   68 10:06:37  -285684.163655        0.259363
BFGS:   69 10:06:56  -285684.175921        0.223755
BFGS:   70 10:07:11  -285684.185163        0.138459
BFGS:   71 10:07:26  -285684.190237        0.234765
BFGS:   72 10:07:42  -285684.196656        0.313740
BFGS:   73 10:08:01  -285684.206796        0.201007
BFGS:   74 10:08:19  -285684.227006        0.451850
BFGS:   75 10:08:35  -285684.238442        0.154987
    -> 75 steps
  interaction    -17.48 kcal/mol
    relaxing free ligand: 44 atoms, fmax 0.1, max 75 steps
      Step     Time          Energy          fmax
BFGS:    0 10:08:57   -24160.366124        2.044682
BFGS:    1 10:08:57   -24160.478773        1.039237
BFGS:    2 10:08:57   -24160.515144        0.480075
BFGS:    3 10:08:57   -24160.530139        0.321828
BFGS:    4 10:08:58   -24160.545457        0.294955
BFGS:    5 10:08:58   -24160.558382        0.329728
BFGS:    6 10:08:58   -24160.571157        0.234095
BFGS:    7 10:08:58   -24160.585747        0.243128
BFGS:    8 10:08:58   -24160.600634        0.270256
BFGS:    9 10:08:59   -24160.615200        0.253823
BFGS:   10 10:08:59   -24160.626131        0.265873
BFGS:   11 10:08:59   -24160.634518        0.236266
BFGS:   12 10:08:59   -24160.642036        0.178285
BFGS:   13 10:09:00   -24160.651123        0.248551
BFGS:   14 10:09:00   -24160.661291        0.304950
BFGS:   15 10:09:00   -24160.672592        0.244593
BFGS:   16 10:09:00   -24160.683940        0.181314
BFGS:   17 10:09:00   -24160.695441        0.182738
BFGS:   18 10:09:01   -24160.707639        0.258955
BFGS:   19 10:09:01   -24160.719377        0.231176
BFGS:   20 10:09:01   -24160.730258        0.195642
BFGS:   21 10:09:01   -24160.741234        0.168954
BFGS:   22 10:09:02   -24160.752010        0.316249
BFGS:   23 10:09:02   -24160.762359        0.407539
BFGS:   24 10:09:02   -24160.769424        0.443035
BFGS:   25 10:09:02   -24160.778965        0.346084
BFGS:   26 10:09:03   -24160.786408        0.200061
BFGS:   27 10:09:03   -24160.797912        0.196323
BFGS:   28 10:09:03   -24160.802522        0.221326
BFGS:   29 10:09:03   -24160.812071        0.175501
BFGS:   30 10:09:04   -24160.817616        0.126014
BFGS:   31 10:09:04   -24160.823720        0.144654
BFGS:   32 10:09:04   -24160.830523        0.225168
BFGS:   33 10:09:04   -24160.838757        0.184449
BFGS:   34 10:09:04   -24160.846947        0.237310
BFGS:   35 10:09:05   -24160.853899        0.134705
BFGS:   36 10:09:05   -24160.859523        0.184953
BFGS:   37 10:09:05   -24160.863189        0.168659
BFGS:   38 10:09:05   -24160.868199        0.114001
BFGS:   39 10:09:06   -24160.872042        0.118672
BFGS:   40 10:09:06   -24160.875820        0.139057
BFGS:   41 10:09:06   -24160.879346        0.130514
BFGS:   42 10:09:06   -24160.882656        0.095892
    -> 42 steps, converged=True
[10:09:07] WARNING: More than one matching pattern found - picking one

  strain ligand     11.91 kcal/mol (42 steps, converged=True)
  binding         -5.57 kcal/mol   (no desolvation term)
s2_orig_f8
    relaxing 193 hydrogens of complex (212 heavy atoms fixed)
      Step     Time          Energy          fmax
BFGS:    0 10:09:21  -285621.114322        5.858495
BFGS:    1 10:09:36  -285645.311826        4.757141
BFGS:    2 10:09:51  -285665.886536        3.625190
BFGS:    3 10:10:01  -285668.153593        2.516569
BFGS:    4 10:10:15  -285669.592251        2.312431
BFGS:    5 10:10:29  -285673.151344        1.541273
BFGS:    6 10:10:41  -285674.743878        1.426802
BFGS:    7 10:10:54  -285675.111431        1.183963
BFGS:    8 10:11:12  -285675.554278        0.866539
BFGS:    9 10:11:24  -285675.878210        0.851353
BFGS:   10 10:11:41  -285676.439315        2.220243
BFGS:   11 10:11:57  -285676.901701        2.125957
BFGS:   12 10:12:12  -285677.180512        1.072929
BFGS:   13 10:12:26  -285677.282390        0.578968
BFGS:   14 10:12:46  -285677.360748        0.667496
BFGS:   15 10:12:56  -285677.491390        1.181396
BFGS:   16 10:13:06  -285677.625344        1.280674
BFGS:   17 10:13:15  -285677.715413        0.931194
BFGS:   18 10:13:26  -285677.761236        0.547519
BFGS:   19 10:13:33  -285677.790279        0.500505
BFGS:   20 10:13:49  -285677.827000        0.544764
BFGS:   21 10:14:03  -285677.909890        0.714031
BFGS:   22 10:14:17  -285677.961619        0.647305
BFGS:   23 10:14:31  -285678.008940        0.636448
BFGS:   24 10:14:46  -285678.045041        0.449375
BFGS:   25 10:15:03  -285678.084114        0.455201
BFGS:   26 10:15:17  -285678.135592        0.585519
BFGS:   27 10:15:30  -285678.187885        0.524282
BFGS:   28 10:15:45  -285678.220130        0.397237
BFGS:   29 10:15:59  -285678.230523        1.139264
BFGS:   30 10:16:12  -285678.237745        0.799915
BFGS:   31 10:16:24  -285678.268225        0.257120
BFGS:   32 10:16:33  -285678.282330        0.160341
BFGS:   33 10:16:46  -285678.308631        0.147444
BFGS:   34 10:17:02  -285678.317373        0.215642
BFGS:   35 10:17:18  -285678.330414        0.443791
BFGS:   36 10:17:33  -285678.344385        0.522914
BFGS:   37 10:17:45  -285678.371686        0.390063
BFGS:   38 10:17:58  -285678.389761        0.284144
BFGS:   39 10:18:07  -285678.401838        0.229919
BFGS:   40 10:18:18  -285678.414810        0.441150
BFGS:   41 10:18:33  -285678.428846        0.299612
BFGS:   42 10:18:45  -285678.446594        0.496765
BFGS:   43 10:18:57  -285678.462658        0.405832
BFGS:   44 10:19:12  -285678.478577        0.295957
BFGS:   45 10:19:24  -285678.489222        0.342840
BFGS:   46 10:19:42  -285678.506936        0.338054
BFGS:   47 10:19:58  -285678.518930        0.371573
BFGS:   48 10:20:15  -285678.530652        0.294650
BFGS:   49 10:20:27  -285678.540937        0.304155
BFGS:   50 10:20:38  -285678.553315        0.246103
BFGS:   51 10:20:47  -285678.564270        0.243187
BFGS:   52 10:20:58  -285678.573154        0.208614
BFGS:   53 10:21:12  -285678.578599        0.127712
BFGS:   54 10:21:24  -285678.583628        0.146913
BFGS:   55 10:21:38  -285678.588352        0.165410
BFGS:   56 10:21:53  -285678.594115        0.231608
BFGS:   57 10:22:05  -285678.600466        0.189967
BFGS:   58 10:22:22  -285678.606491        0.104569
BFGS:   59 10:22:34  -285678.609365        0.088960
    -> 59 steps
  interaction    -11.07 kcal/mol
    relaxing free ligand: 44 atoms, fmax 0.1, max 75 steps
      Step     Time          Energy          fmax
BFGS:    0 10:22:41   -24159.458440        3.531499
BFGS:    1 10:22:41   -24159.780919        2.784847
BFGS:    2 10:22:41   -24159.918945        0.993982
BFGS:    3 10:22:42   -24159.972620        0.568891
BFGS:    4 10:22:42   -24160.000661        0.516101
BFGS:    5 10:22:42   -24160.038859        0.361794
BFGS:    6 10:22:42   -24160.068607        0.425881
BFGS:    7 10:22:42   -24160.106806        0.342376
BFGS:    8 10:22:43   -24160.132385        0.387608
BFGS:    9 10:22:43   -24160.149740        0.355422
BFGS:   10 10:22:43   -24160.164390        0.219421
BFGS:   11 10:22:43   -24160.180835        0.268143
BFGS:   12 10:22:44   -24160.195131        0.268976
BFGS:   13 10:22:44   -24160.210246        0.201197
BFGS:   14 10:22:44   -24160.224383        0.229920
BFGS:   15 10:22:44   -24160.240171        0.254909
BFGS:   16 10:22:44   -24160.259477        0.302706
BFGS:   17 10:22:45   -24160.282987        0.283812
BFGS:   18 10:22:45   -24160.308835        0.287928
BFGS:   19 10:22:45   -24160.335919        0.349364
BFGS:   20 10:22:45   -24160.364128        0.332690
BFGS:   21 10:22:45   -24160.391548        0.344847
BFGS:   22 10:22:46   -24160.414143        0.625522
BFGS:   23 10:22:46   -24160.419777        0.979021
BFGS:   24 10:22:46   -24160.452463        0.264098
BFGS:   25 10:22:46   -24160.470065        0.222768
BFGS:   26 10:22:46   -24160.499077        0.247349
BFGS:   27 10:22:47   -24160.516454        0.246495
BFGS:   28 10:22:47   -24160.534706        0.258442
BFGS:   29 10:22:47   -24160.550923        0.187509
BFGS:   30 10:22:47   -24160.563272        0.170913
BFGS:   31 10:22:48   -24160.574894        0.205514
BFGS:   32 10:22:48   -24160.585304        0.197790
BFGS:   33 10:22:48   -24160.594344        0.154262
BFGS:   34 10:22:48   -24160.602993        0.164599
BFGS:   35 10:22:48   -24160.612055        0.167837
BFGS:   36 10:22:49   -24160.621083        0.176619
BFGS:   37 10:22:49   -24160.630300        0.150422
BFGS:   38 10:22:49   -24160.638916        0.181426
BFGS:   39 10:22:49   -24160.647106        0.147619
BFGS:   40 10:22:50   -24160.655159        0.156175
BFGS:   41 10:22:50   -24160.662876        0.142800
BFGS:   42 10:22:50   -24160.670633        0.177817
BFGS:   43 10:22:50   -24160.679094        0.187783
BFGS:   44 10:22:50   -24160.687330        0.146833
BFGS:   45 10:22:51   -24160.694471        0.134761
BFGS:   46 10:22:51   -24160.700550        0.143946
BFGS:   47 10:22:51   -24160.706798        0.163709
BFGS:   48 10:22:51   -24160.713771        0.164970
BFGS:   49 10:22:52   -24160.721732        0.172082
BFGS:   50 10:22:52   -24160.729348        0.183763
BFGS:   51 10:22:52   -24160.736716        0.160688
BFGS:   52 10:22:52   -24160.744430        0.190910
BFGS:   53 10:22:53   -24160.752230        0.151012
BFGS:   54 10:22:53   -24160.758775        0.169561
BFGS:   55 10:22:53   -24160.764101        0.153165
BFGS:   56 10:22:53   -24160.768495        0.119625
BFGS:   57 10:22:53   -24160.772472        0.125670
BFGS:   58 10:22:54   -24160.775826        0.096773
    -> 58 steps, converged=True
  strain ligand     30.38 kcal/mol (58 steps, converged=True)
  binding         19.31 kcal/mol   (no desolvation term)

results in runs/octinoxate/boltz/binding_shell2_forced.csv

=== figures, into their own directory : 10:22:58 ===
shell will be superposed onto s2_orig_control using 20 ligand atoms
included the designed shell as designed_shell.xyz

12 structures copied to runs/octinoxate/figures_shell2
manifest -> runs/octinoxate/figures_shell2/manifest.csv
pymol    -> runs/octinoxate/figures_shell2/load_folds.pml

figure name       enclosed  wrapped    inter   strain      sum         hints
s2_orig_control        0.6      1.0  -25.182    6.960   -18.22           0/0
s2_orig_f4           0.625     0.85  -17.479   11.911    -5.57           0/4
s2_orig_f8            0.43     0.85  -11.072   30.379    19.31           1/8
s2_orig_f12            0.7     0.85  -17.558    9.425    -8.13          1/12
s2_esm1_control      0.375     0.55   -9.701    6.017    -3.68           0/0
s2_esm1_f4            0.64      0.8  -29.547   16.708   -12.84           1/4
s2_esm1_f8            0.67      0.8  -19.908   25.568     5.66           1/8
s2_esm1_f12          0.675      0.9  -42.394   18.916   -23.48          3/12
s2_esm2_control       0.51     0.85  -74.888    4.643   -70.25           0/0
s2_esm2_f4             0.5     0.55   -7.526   20.694    13.17           0/4
s2_esm2_f8            0.86     0.95  -28.292   15.483   -12.81           0/8
s2_esm2_f12           0.61     0.75  -72.717    8.336   -64.38          2/12

=== shell 2 complete : 10:22:59 ===
