\n=== stage 1: wait for the reachability sweep : 01:07:23 ===
sweep finished with 132/132 ordered pairs
\n=== stage 2: ordering and spacer counts : 01:51:24 ===
loaded 165 poses from runs/octinoxate
132 of 132 ordered pairs are connectable (closure < 0.2 A)

poses  residues  sum k  budget  pad   total IE  IE/residue  sequence
    1         1      0       0    0     -23.29      -23.29  R
    2         3      1       1    0     -40.07      -13.36  RGD
    3         7      4       3    0     -56.60       -8.09  RGGKGGD
    4        10      6       4    0     -70.31       -7.03  RGGKGGDGGE
    5        12      7       6    0     -83.06       -6.92  RGGKGGDGEGGE
    6        15      9       7    0     -89.17       -5.94  RGEGGEGGKGGFGGD
    7        18     11       9    0     -94.45       -5.25  RGEGGEGGKGGFGGDGGW
    8        20     12      10    0     -98.51       -4.93  RGEGGEGGKGGFGGDGGSGW
    9        22     13      12    0    -102.31       -4.65  RGEGGEGGKGGFGGDGGIGSGW
   10        25     15      13    0    -105.59       -4.22  RGEGGEGGKGGFGGDGGIGLGGSGW
   11        27     16      15    0    -107.48       -3.98  RGEGGEGGKGGFGGDGGIGLGGSGWGS
   12        33     21      16    0    -109.15       -3.31  RGEGGEGGKGGFGGDGGIGLGGSGWGGGGLGGS

'budget' is the glycine count the whole-path parameter count demands; 'pad' is how many
more are needed than the per-edge minimums supply. A path short of budget cannot close
as spelled, however connectable each step looks on its own.

saved 12-pose design to runs/octinoxate/design_shell2.json: RGEGGEGGKGGFGGDGGIGLGGSGWGGGGLGGS

longest traversable path uses 12 of 12 poses (sum k = 21, budget = 16, budget met):
  arginine3 -> glutamic15   1 linker(s), closure 0.032 A, steric penalty 0.00
  glutamic15 -> glutamic10   2 linker(s), closure 0.000 A, steric penalty 0.00
  glutamic10 -> lysine10   2 linker(s), closure 0.000 A, steric penalty 0.00
  lysine10 -> phenylalanine2   2 linker(s), closure 0.000 A, steric penalty 0.00
  phenylalanine2 -> aspartic21   2 linker(s), closure 0.000 A, steric penalty 0.00
  aspartic21 -> isoleucine8   2 linker(s), closure 0.000 A, steric penalty 0.00
  isoleucine8 -> leucine12   1 linker(s), closure 0.000 A, steric penalty 0.00
  leucine12 -> serine32   2 linker(s), closure 0.015 A, steric penalty 0.00
  serine32 -> tryptophan5   1 linker(s), closure 0.120 A, steric penalty 0.00
  tryptophan5 -> leucine13   4 linker(s), closure 0.000 A, steric penalty 0.00
  leucine13 -> serine2   2 linker(s), closure 0.000 A, steric penalty 0.00
shell 2 design: RGEGGEGGKGGFGGDGGIGLGGSGWGGGGLGGS
\n=== stage 3: two ESM2 linker variants : 01:51:25 ===
Loading weights:   0%|          | 0/203 [00:00<?, ?it/s]Loading weights: 100%|██████████| 203/203 [00:00<00:00, 7207.32it/s]
RSELAEAAKRGFLTDGGIDLVSSGWLTLRLAPS
RGERKEKSKLIFIIDSKIFLSFSIWRFLILLRS
esm1: RSELAEAAKRGFLTDGGIDLVSSGWLTLRLAPS
esm2: RGERKEKSKLIFIIDSKIFLSFSIWRFLILLRS
\n=== stage 4: twelve folds : 01:51:30 ===
  folding s2_orig_control
  folding s2_orig_f4
  s2_orig_f4: FAILED, see folds_shell2.log
  folding s2_orig_f8
  s2_orig_f8: FAILED, see folds_shell2.log
  folding s2_orig_f12
  s2_orig_f12: FAILED, see folds_shell2.log
  folding s2_esm1_control
  folding s2_esm1_f4
  s2_esm1_f4: FAILED, see folds_shell2.log
  folding s2_esm1_f8
  s2_esm1_f8: FAILED, see folds_shell2.log
  folding s2_esm1_f12
  s2_esm1_f12: FAILED, see folds_shell2.log
  folding s2_esm2_control
  folding s2_esm2_f4
  s2_esm2_f4: FAILED, see folds_shell2.log
  folding s2_esm2_f8
  s2_esm2_f8: FAILED, see folds_shell2.log
  folding s2_esm2_f12
  s2_esm2_f12: FAILED, see folds_shell2.log
3 of 12 folds present
\n=== stage 5: geometry check (free, and the primary measure) : 01:54:02 ===

esm1_f12
  residue   1 -> O25  asked <=  3.8 A, got  11.79 A  MISSED  (forced)
  residue   4 -> C31  asked <=  4.0 A, got   9.07 A  MISSED  (forced)
  residue   7 -> C37  asked <=  5.2 A, got  12.26 A  MISSED  (forced)
  residue  12 -> C41  asked <=  5.1 A, got   6.70 A  MISSED  (forced)
  residue  17 -> C36  asked <=  4.1 A, got   9.87 A  MISSED  (forced)
  residue  19 -> C33  asked <=  4.8 A, got   6.46 A  MISSED  (forced)
  residue  21 -> C30  asked <=  4.2 A, got   8.35 A  MISSED  (forced)
  residue  23 -> C37  asked <=  4.5 A, got   3.66 A  ok  (forced)
  residue  26 -> C37  asked <=  4.1 A, got   9.42 A  MISSED  (forced)
  residue  28 -> O26  asked <=  3.9 A, got  12.12 A  MISSED  (forced)
  residue  31 -> C34  asked <=  4.1 A, got  10.57 A  MISSED  (forced)
  residue  33 -> O27  asked <=  4.8 A, got  18.58 A  MISSED  (forced)

esm1_f4
  residue   1 -> O25  asked <=  3.8 A, got  10.30 A  MISSED  (forced)
  residue   4 -> C31  asked <=  4.0 A, got   7.25 A  MISSED  (forced)
  residue  28 -> O26  asked <=  3.9 A, got  11.55 A  MISSED  (forced)
  residue  31 -> C34  asked <=  4.1 A, got  11.70 A  MISSED  (forced)

esm1_f8
  residue   1 -> O25  asked <=  3.8 A, got   9.22 A  MISSED  (forced)
  residue   4 -> C31  asked <=  4.0 A, got   9.42 A  MISSED  (forced)
  residue  17 -> C36  asked <=  4.1 A, got   9.24 A  MISSED  (forced)
  residue  21 -> C30  asked <=  4.2 A, got   8.38 A  MISSED  (forced)
  residue  23 -> C37  asked <=  4.5 A, got   4.41 A  ok  (forced)
  residue  26 -> C37  asked <=  4.1 A, got   8.35 A  MISSED  (forced)
  residue  28 -> O26  asked <=  3.9 A, got  13.13 A  MISSED  (forced)
  residue  31 -> C34  asked <=  4.1 A, got  14.18 A  MISSED  (forced)

esm2_f12
  residue   1 -> O25  asked <=  3.8 A, got  23.35 A  MISSED  (forced)
  residue   4 -> C31  asked <=  4.0 A, got  18.46 A  MISSED  (forced)
  residue   7 -> C37  asked <=  5.2 A, got  14.50 A  MISSED  (forced)
  residue  12 -> C41  asked <=  5.1 A, got   8.47 A  MISSED  (forced)
  residue  17 -> C36  asked <=  4.1 A, got   6.37 A  MISSED  (forced)
  residue  19 -> C33  asked <=  4.8 A, got   8.72 A  MISSED  (forced)
  residue  21 -> C30  asked <=  4.2 A, got   8.94 A  MISSED  (forced)
  residue  23 -> C37  asked <=  4.5 A, got  13.86 A  MISSED  (forced)
  residue  26 -> C37  asked <=  4.1 A, got   7.31 A  MISSED  (forced)
  residue  28 -> O26  asked <=  3.9 A, got   4.75 A  MISSED  (forced)
  residue  31 -> C34  asked <=  4.1 A, got   6.58 A  MISSED  (forced)
  residue  33 -> O27  asked <=  4.8 A, got   8.33 A  MISSED  (forced)

esm2_f4
  residue   1 -> O25  asked <=  3.8 A, got   4.07 A  MISSED  (forced)
  residue   4 -> C31  asked <=  4.0 A, got   9.04 A  MISSED  (forced)
  residue  28 -> O26  asked <=  3.9 A, got  14.32 A  MISSED  (forced)
  residue  31 -> C34  asked <=  4.1 A, got   5.27 A  MISSED  (forced)

esm2_f8
  residue   1 -> O25  asked <=  3.8 A, got  27.29 A  MISSED  (forced)
  residue   4 -> C31  asked <=  4.0 A, got  20.07 A  MISSED  (forced)
  residue  17 -> C36  asked <=  4.1 A, got   7.13 A  MISSED  (forced)
  residue  21 -> C30  asked <=  4.2 A, got   9.09 A  MISSED  (forced)
  residue  23 -> C37  asked <=  4.5 A, got  12.03 A  MISSED  (forced)
  residue  26 -> C37  asked <=  4.1 A, got   5.59 A  MISSED  (forced)
  residue  28 -> O26  asked <=  3.9 A, got   6.00 A  MISSED  (forced)
  residue  31 -> C34  asked <=  4.1 A, got   6.00 A  MISSED  (forced)

orig_f12
  residue   1 -> O25  asked <=  3.8 A, got   6.87 A  MISSED  (forced)
  residue   4 -> C31  asked <=  4.0 A, got   5.75 A  MISSED  (forced)
  residue   7 -> C37  asked <=  5.2 A, got   6.38 A  MISSED  (forced)
  residue  12 -> C41  asked <=  5.1 A, got   5.54 A  MISSED  (forced)
  residue  17 -> C36  asked <=  4.1 A, got   4.88 A  MISSED  (forced)
  residue  19 -> C33  asked <=  4.8 A, got   5.68 A  MISSED  (forced)
  residue  21 -> C30  asked <=  4.2 A, got   5.06 A  MISSED  (forced)
  residue  23 -> C37  asked <=  4.5 A, got   7.52 A  MISSED  (forced)
  residue  26 -> C37  asked <=  4.1 A, got   6.54 A  MISSED  (forced)
  residue  28 -> O26  asked <=  3.9 A, got   4.21 A  MISSED  (forced)
  residue  31 -> C34  asked <=  4.1 A, got   5.58 A  MISSED  (forced)
  residue  33 -> O27  asked <=  4.8 A, got   7.89 A  MISSED  (forced)

orig_f4
  residue   1 -> O25  asked <=  3.8 A, got   2.66 A  ok  (forced)
  residue   4 -> C31  asked <=  4.0 A, got   4.29 A  MISSED  (forced)
  residue  28 -> O26  asked <=  3.9 A, got   3.44 A  ok  (forced)
  residue  31 -> C34  asked <=  4.1 A, got   3.80 A  ok  (forced)

orig_f8
  residue   1 -> O25  asked <=  3.8 A, got   2.56 A  ok  (forced)
  residue   4 -> C31  asked <=  4.0 A, got   6.01 A  MISSED  (forced)
  residue  17 -> C36  asked <=  4.1 A, got   8.20 A  MISSED  (forced)
  residue  21 -> C30  asked <=  4.2 A, got  10.14 A  MISSED  (forced)
  residue  23 -> C37  asked <=  4.5 A, got   6.97 A  MISSED  (forced)
  residue  26 -> C37  asked <=  4.1 A, got  16.55 A  MISSED  (forced)
  residue  28 -> O26  asked <=  3.9 A, got  13.62 A  MISSED  (forced)
  residue  31 -> C34  asked <=  4.1 A, got  10.43 A  MISSED  (forced)

structure                           enclosed  wrapped  engaged  cent sep  closest         hints
orig_f12                                0.96     1.00    20/20       4.2     2.44          0/12
esm2_f12                                0.91     1.00    20/20       7.1     2.65          0/12
esm1_f12                                0.76     0.80    16/20       3.4     3.12          1/12
esm1_f8                                 0.75     0.90    18/20       4.1     3.45           1/8
esm2_f8                                 0.62     0.75    15/20      10.4     2.88           0/8
esm1_f4                                 0.60     0.65    13/20       6.6     3.29           0/4
s2_orig_control                         0.60     1.00    20/20       7.7     3.14  none applied
orig_f4                                 0.59     0.85    17/20       7.1     2.66           3/4
RGGDGGKGGGGLGGGGKGIGEGWGGDGSGGEGS_      0.53     0.40     8/20       7.7     3.60  none applied
orig_f8                                 0.52     0.65    13/20       8.4     2.56           1/8
s2_esm2_control                         0.51     0.85    17/20       6.7     3.42  none applied
RGGDGGKGGGGLGGGGKGIGEGWGGDGSGGEGS_      0.49     0.75    15/20      20.9     2.80  none applied
esm2_f4                                 0.46     0.50    10/20      11.0     3.14           0/4
RGGDGGKGGGGLGGGGKGIGEGWGGDGSGGEGS_      0.46     0.60    12/20       8.4     2.55  none applied
s2_esm1_control                         0.38     0.55    11/20      11.2     3.66  none applied

'enclosed' = fraction of directions out of the ligand that run into peptide: is it in a
shell or against one face. 'wrapped' = fraction of ligand atoms with peptide within 4.5 A.
They disagree usefully -- a fold can contact three quarters of the ligand while leaving it
outside, which the centroid separation shows.

results in runs/octinoxate/boltz/fold_check_shell2.csv

5 fold(s) with enforced contacts satisfied none of them. Check the fold log says
'--use_potentials': without it a forced contact is conditioning only, and the model may decline.

6 fold(s) carried hints that Boltz discarded (force:false) -- treat these as unconstrained controls, not as failures.
\n=== stage 6: score every fold -- THE BOTTLENECK, 30-70 min each on CPU : 01:54:02 ===
W0926 01:54:05.272000 81237 torch/distributed/elastic/multiprocessing/redirects.py:35] NOTE: Redirects are currently not supported in MacOs.
[01:54:13] WARNING: More than one matching pattern found - picking one

3 complexes; terms: ['interaction', 'strain_ligand']

s2_esm1_control
    relaxing 276 hydrogens of complex (266 heavy atoms fixed)
WARNING:root:Model is being compiled this might take a while for the first time
W0926 01:54:14.883000 81237 torch/_logging/_internal.py:1345] [0/0] Profiler record function <class 'torch.autograd.profiler.record_function'> will be ignored
      Step     Time          Energy          fmax
BFGS:    0 01:54:44  -351722.285040        5.737574
BFGS:    1 01:55:01  -351755.077781        4.761180
BFGS:    2 01:55:15  -351786.260789        3.290209
BFGS:    3 01:55:30  -351789.722424        2.491257
BFGS:    4 01:55:46  -351794.983344        2.050139
BFGS:    5 01:56:03  -351800.821609        2.205604
BFGS:    6 01:56:18  -351803.185153        1.748450
BFGS:    7 01:56:40  -351804.344161        1.138209
BFGS:    8 01:57:01  -351805.061315        0.966327
BFGS:    9 01:57:20  -351805.700211        1.190250
BFGS:   10 01:57:36  -351807.275731        1.526776
BFGS:   11 01:57:49  -351808.252726        1.549084
BFGS:   12 01:58:05  -351808.847602        1.107673
BFGS:   13 01:58:23  -351809.186985        0.926753
BFGS:   14 01:58:43  -351809.422680        0.851922
BFGS:   15 01:59:04  -351809.830176        1.090115
BFGS:   16 01:59:21  -351810.155943        1.045441
BFGS:   17 01:59:38  -351810.353623        0.814933
BFGS:   18 01:59:57  -351810.450601        0.575191
BFGS:   19 02:00:15  -351810.513860        0.644438
BFGS:   20 02:00:35  -351810.618745        0.803337
BFGS:   21 02:01:01  -351810.822844        0.779005
BFGS:   22 02:01:19  -351810.924444        0.434518
BFGS:   23 02:01:40  -351810.982999        0.445197
BFGS:   24 02:01:56  -351811.047213        0.450696
BFGS:   25 02:02:14  -351811.117765        0.549973
BFGS:   26 02:02:30  -351811.203686        0.532615
BFGS:   27 02:02:52  -351811.296899        0.584708
BFGS:   28 02:03:11  -351811.360405        0.348466
BFGS:   29 02:03:32  -351811.409864        0.350523
BFGS:   30 02:03:51  -351811.457205        0.387187
BFGS:   31 02:04:17  -351811.540756        0.648318
BFGS:   32 02:04:35  -351811.630254        0.636193
BFGS:   33 02:04:53  -351811.709335        0.424750
BFGS:   34 02:05:10  -351811.758501        0.882234
BFGS:   35 02:05:31  -351811.821284        0.416514
BFGS:   36 02:05:45  -351811.880158        0.361707
BFGS:   37 02:06:04  -351811.941151        0.403860
BFGS:   38 02:06:21  -351811.992872        0.347483
BFGS:   39 02:06:38  -351812.052915        0.400913
BFGS:   40 02:06:55  -351812.096445        0.480384
BFGS:   41 02:07:13  -351812.016834        1.786110
BFGS:   42 02:07:32  -351812.139907        0.244739
BFGS:   43 02:07:48  -351812.156381        0.238363
BFGS:   44 02:08:12  -351812.235469        0.688862
BFGS:   45 02:08:33  -351812.265386        0.344609
BFGS:   46 02:08:51  -351812.310203        0.354528
BFGS:   47 02:09:09  -351812.331935        0.240539
BFGS:   48 02:09:27  -351812.350954        0.192971
BFGS:   49 02:09:43  -351812.372643        0.251509
BFGS:   50 02:09:58  -351812.399393        0.399088
BFGS:   51 02:10:18  -351812.422981        0.454207
BFGS:   52 02:10:37  -351812.444914        0.398219
BFGS:   53 02:10:53  -351812.466714        0.405655
BFGS:   54 02:11:12  -351812.490225        0.308470
BFGS:   55 02:11:29  -351812.513507        0.342998
BFGS:   56 02:11:48  -351812.536238        0.320620
BFGS:   57 02:12:05  -351812.556070        0.403622
BFGS:   58 02:12:27  -351812.575825        0.479541
BFGS:   59 02:12:50  -351812.593711        0.289510
BFGS:   60 02:13:11  -351812.600923        0.506789
BFGS:   61 02:13:30  -351812.620094        0.207106
BFGS:   62 02:13:53  -351812.631127        0.207130
BFGS:   63 02:14:12  -351812.646497        0.288246
BFGS:   64 02:14:26  -351812.656073        0.272239
BFGS:   65 02:14:42  -351812.670028        0.195151
BFGS:   66 02:15:05  -351812.682115        0.165826
BFGS:   67 02:15:30  -351812.695682        0.222555
BFGS:   68 02:15:51  -351812.709951        0.252248
BFGS:   69 02:16:11  -351812.724246        0.214785
BFGS:   70 02:16:30  -351812.735676        0.199439
BFGS:   71 02:16:50  -351812.742581        0.236373
BFGS:   72 02:17:08  -351812.751997        0.196875
BFGS:   73 02:17:24  -351812.763042        0.196104
BFGS:   74 02:17:40  -351812.776966        0.168076
BFGS:   75 02:18:00  -351812.789263        0.155426
    -> 75 steps
WARNING:root:The UMA fast path (merge_mole + compile) is only available for fixed composition, task, charge, and spin. This is optimized for MD applications. Falling back to a less optimized version for subsequent evaluations. Reason: 'Compositions differ from merged model'.
Use inference_settings='batch' for heterogeneous batched evaluations.
  interaction     -9.70 kcal/mol
    relaxing free ligand: 44 atoms, fmax 0.1, max 75 steps
      Step     Time          Energy          fmax
BFGS:    0 02:18:34   -24160.549827        1.803542
BFGS:    1 02:18:34   -24160.642921        1.715963
BFGS:    2 02:18:34   -24160.681629        0.624795
BFGS:    3 02:18:34   -24160.699994        0.339149
BFGS:    4 02:18:35   -24160.717608        0.310252
BFGS:    5 02:18:35   -24160.728132        0.234115
BFGS:    6 02:18:35   -24160.736170        0.244768
BFGS:    7 02:18:35   -24160.745467        0.221583
BFGS:    8 02:18:36   -24160.752891        0.253301
BFGS:    9 02:18:36   -24160.758844        0.175635
BFGS:   10 02:18:36   -24160.763213        0.170763
BFGS:   11 02:18:36   -24160.766886        0.154830
BFGS:   12 02:18:36   -24160.770578        0.158024
BFGS:   13 02:18:37   -24160.774869        0.179068
BFGS:   14 02:18:37   -24160.779155        0.157885
BFGS:   15 02:18:37   -24160.783018        0.123654
BFGS:   16 02:18:37   -24160.786583        0.126421
BFGS:   17 02:18:38   -24160.790441        0.146400
BFGS:   18 02:18:38   -24160.794872        0.158713
BFGS:   19 02:18:38   -24160.799556        0.172737
BFGS:   20 02:18:38   -24160.803925        0.131456
BFGS:   21 02:18:39   -24160.807605        0.109669
BFGS:   22 02:18:39   -24160.810760        0.093883
    -> 22 steps, converged=True
[02:18:40] WARNING: More than one matching pattern found - picking one

  strain ligand      6.02 kcal/mol (22 steps, converged=True)
  binding         -3.68 kcal/mol   (no desolvation term)
s2_esm2_control
    relaxing 341 hydrogens of complex (307 heavy atoms fixed)
      Step     Time          Energy          fmax
BFGS:    0 02:19:10  -394926.573517        5.761658
BFGS:    1 02:19:49  -394967.274898        4.737029
BFGS:    2 02:20:30  -395005.347600        3.445641
BFGS:    3 02:21:04  -395009.319815        1.590401
BFGS:    4 02:21:38  -395014.150284        1.501235
BFGS:    5 02:22:16  -395022.897704        2.401483
BFGS:    6 02:22:59  -395024.984894        1.742311
BFGS:    7 02:23:39  -395026.946958        1.009366
BFGS:    8 02:24:20  -395027.626983        0.951039
BFGS:    9 02:25:06  -395029.983097        1.412186
BFGS:   10 02:25:53  -395031.631864        0.992134
BFGS:   11 02:26:31  -395032.578553        0.679583
BFGS:   12 02:27:09  -395033.055339        0.676750
BFGS:   13 02:27:54  -395033.247129        0.645911
BFGS:   14 02:28:34  -395033.486983        0.615174
BFGS:   15 02:29:24  -395033.788410        0.557911
BFGS:   16 02:30:04  -395033.986898        0.654004
BFGS:   17 02:30:41  -395034.097091        0.425561
BFGS:   18 02:31:23  -395034.161749        0.414465
BFGS:   19 02:32:02  -395034.275170        0.385836
BFGS:   20 02:32:41  -395034.402356        0.453230
BFGS:   21 02:33:36  -395034.555807        0.595613
BFGS:   22 02:34:21  -395034.672404        0.553281
BFGS:   23 02:34:55  -395034.764425        0.519816
BFGS:   24 02:35:38  -395034.833242        0.408963
BFGS:   25 02:36:18  -395034.935535        0.485859
BFGS:   26 02:37:03  -395035.055297        1.057391
BFGS:   27 02:38:03  -395035.122273        1.060766
BFGS:   28 02:38:42  -395035.236858        0.497467
BFGS:   29 02:39:18  -395035.314217        0.478724
BFGS:   30 02:39:59  -395035.464731        0.468679
BFGS:   31 02:40:49  -395035.605375        0.583607
BFGS:   32 02:41:37  -395035.719722        0.621795
BFGS:   33 02:42:26  -395035.790459        0.909748
BFGS:   34 02:43:20  -395035.837195        0.787275
BFGS:   35 02:44:15  -395035.928998        0.591864
BFGS:   36 02:44:54  -395036.077319        0.992200
BFGS:   37 02:45:35  -395036.159044        0.757801
BFGS:   38 02:46:11  -395036.245514        0.759116
BFGS:   39 02:46:57  -395036.320410        0.574733
BFGS:   40 02:47:41  -395036.416901        0.876080
BFGS:   41 02:48:29  -395036.567974        0.584705
BFGS:   42 02:49:13  -395036.703695        0.810755
BFGS:   43 02:50:01  -395036.771629        1.509873
BFGS:   44 02:50:44  -395036.839065        0.750818
BFGS:   45 02:51:34  -395036.908116        0.388218
BFGS:   46 02:52:21  -395037.015971        0.621837
BFGS:   47 02:53:04  -395037.108725        0.657033
BFGS:   48 02:53:47  -395037.158760        0.491991
BFGS:   49 02:54:31  -395037.195369        0.432019
BFGS:   50 02:55:14  -395037.251617        0.516459
BFGS:   51 02:55:59  -395037.314396        0.543708
BFGS:   52 02:56:41  -395037.378110        0.575023
BFGS:   53 02:57:41  -395037.430983        0.683323
BFGS:   54 02:58:19  -395037.469682        0.481459
BFGS:   55 02:58:55  -395037.511272        0.318433
BFGS:   56 02:59:34  -395037.558999        0.361390
BFGS:   57 03:00:17  -395037.591661        0.382226
BFGS:   58 03:01:07  -395037.623469        0.350395
BFGS:   59 03:02:01  -395037.654858        0.324129
BFGS:   60 03:02:48  -395037.687121        0.296613
BFGS:   61 03:03:42  -395037.711394        0.244974
BFGS:   62 03:04:21  -395037.718906        0.611854
BFGS:   63 03:05:04  -395037.738347        0.224088
BFGS:   64 03:05:52  -395037.750691        0.250757
BFGS:   65 03:06:32  -395037.774681        0.199277
BFGS:   66 03:07:14  -395037.785556        0.234379
BFGS:   67 03:08:03  -395037.795060        0.245281
BFGS:   68 03:08:51  -395037.802953        0.271913
BFGS:   69 03:09:39  -395037.812383        0.202198
BFGS:   70 03:10:17  -395037.821144        0.151686
BFGS:   71 03:10:56  -395037.830125        0.160576
BFGS:   72 03:11:48  -395037.837555        0.159911
BFGS:   73 03:12:29  -395037.844378        0.177244
BFGS:   74 03:13:09  -395037.851390        0.181539
BFGS:   75 03:14:08  -395037.859204        0.149058
    -> 75 steps
  interaction    -74.89 kcal/mol
    relaxing free ligand: 44 atoms, fmax 0.1, max 75 steps
      Step     Time          Energy          fmax
BFGS:    0 03:14:56   -24160.661825        1.897610
BFGS:    1 03:14:56   -24160.756002        1.416803
BFGS:    2 03:14:56   -24160.797731        0.403865
BFGS:    3 03:14:57   -24160.811661        0.292673
BFGS:    4 03:14:57   -24160.821619        0.259989
BFGS:    5 03:14:57   -24160.830466        0.269393
BFGS:    6 03:14:57   -24160.837804        0.213011
BFGS:    7 03:14:58   -24160.845087        0.185775
BFGS:    8 03:14:58   -24160.850817        0.189223
BFGS:    9 03:14:58   -24160.855612        0.161952
BFGS:   10 03:14:58   -24160.860020        0.142027
BFGS:   11 03:14:58   -24160.863180        0.095607
    -> 11 steps, converged=True
[03:15:00] WARNING: More than one matching pattern found - picking one

  strain ligand      4.64 kcal/mol (11 steps, converged=True)
  binding        -70.25 kcal/mol   (no desolvation term)
s2_orig_control
    relaxing 193 hydrogens of complex (212 heavy atoms fixed)
      Step     Time          Energy          fmax
BFGS:    0 03:15:10  -285619.420883        5.865013
BFGS:    1 03:15:21  -285644.358879        4.826795
BFGS:    2 03:15:35  -285666.789104        3.471407
BFGS:    3 03:15:50  -285669.027926        3.392426
BFGS:    4 03:16:10  -285671.292892        3.057078
BFGS:    5 03:16:28  -285674.622754        2.219926
BFGS:    6 03:16:41  -285676.667498        1.760978
BFGS:    7 03:16:57  -285677.675587        1.856114
BFGS:    8 03:17:15  -285678.117278        1.386834
BFGS:    9 03:17:29  -285678.605236        0.837038
BFGS:   10 03:17:44  -285678.990523        1.521481
BFGS:   11 03:17:56  -285679.762291        2.792349
BFGS:   12 03:18:13  -285680.245985        2.342303
BFGS:   13 03:18:31  -285680.575000        1.153429
BFGS:   14 03:18:39  -285680.700325        0.850199
BFGS:   15 03:18:51  -285680.866533        1.214776
BFGS:   16 03:19:05  -285681.046694        1.613102
BFGS:   17 03:19:21  -285681.211263        1.553625
BFGS:   18 03:19:37  -285681.330078        0.917923
BFGS:   19 03:19:50  -285681.399748        0.581481
BFGS:   20 03:20:06  -285681.440512        0.620005
BFGS:   21 03:20:25  -285681.564948        0.898413
BFGS:   22 03:20:38  -285681.679593        0.926022
BFGS:   23 03:20:53  -285681.818172        1.188456
BFGS:   24 03:21:10  -285681.953257        0.936155
BFGS:   25 03:21:26  -285682.066192        0.884268
BFGS:   26 03:21:40  -285682.137670        0.732954
BFGS:   27 03:21:59  -285682.206823        1.277186
BFGS:   28 03:22:11  -285682.316510        0.484627
BFGS:   29 03:22:25  -285682.438111        0.502126
BFGS:   30 03:22:37  -285682.482032        0.502654
BFGS:   31 03:22:51  -285682.514037        0.421680
BFGS:   32 03:23:04  -285682.552539        0.460057
BFGS:   33 03:23:19  -285682.586209        0.433871
BFGS:   34 03:23:31  -285682.615004        0.424468
BFGS:   35 03:23:44  -285682.637038        0.280885
BFGS:   36 03:24:02  -285682.651311        0.414855
BFGS:   37 03:24:19  -285682.664372        0.312852
BFGS:   38 03:24:38  -285682.682999        0.193460
BFGS:   39 03:24:54  -285682.696291        0.165693
BFGS:   40 03:25:10  -285682.707982        0.248805
BFGS:   41 03:25:26  -285682.718590        0.300815
BFGS:   42 03:25:42  -285682.733199        0.311553
BFGS:   43 03:25:54  -285682.753644        0.335762
BFGS:   44 03:26:07  -285682.778033        0.275186
BFGS:   45 03:26:22  -285682.800321        0.707130
BFGS:   46 03:26:35  -285682.822810        0.298812
BFGS:   47 03:26:53  -285682.845639        0.376547
BFGS:   48 03:27:05  -285682.871411        0.522152
BFGS:   49 03:27:17  -285682.902082        0.608921
BFGS:   50 03:27:34  -285682.931121        0.482530
BFGS:   51 03:27:48  -285682.953694        0.299474
BFGS:   52 03:28:03  -285682.971291        0.485316
BFGS:   53 03:28:20  -285682.993862        0.510679
BFGS:   54 03:28:31  -285683.024200        0.483320
BFGS:   55 03:28:43  -285683.066400        0.513638
BFGS:   56 03:28:54  -285683.106148        0.708871
BFGS:   57 03:29:06  -285683.140859        0.654158
BFGS:   58 03:29:18  -285683.166819        0.583987
BFGS:   59 03:29:35  -285683.189085        1.162969
BFGS:   60 03:29:49  -285683.232468        0.606400
BFGS:   61 03:30:06  -285683.272342        0.341938
BFGS:   62 03:30:25  -285683.311626        0.415011
BFGS:   63 03:30:37  -285683.351488        0.412050
BFGS:   64 03:30:49  -285683.384540        0.398621
BFGS:   65 03:30:58  -285683.404099        0.224551
BFGS:   66 03:31:10  -285683.418689        0.679289
BFGS:   67 03:31:27  -285683.437179        0.384339
BFGS:   68 03:31:41  -285683.465958        0.249769
BFGS:   69 03:32:05  -285683.485103        0.258703
BFGS:   70 03:32:16  -285683.500273        0.189258
BFGS:   71 03:32:29  -285683.509831        0.149230
BFGS:   72 03:32:39  -285683.518526        0.123856
BFGS:   73 03:32:48  -285683.526988        0.117455
BFGS:   74 03:32:58  -285683.535628        0.128358
BFGS:   75 03:33:09  -285683.543769        0.139136
    -> 75 steps
  interaction    -25.18 kcal/mol
    relaxing free ligand: 44 atoms, fmax 0.1, max 75 steps
      Step     Time          Energy          fmax
BFGS:    0 03:33:18   -24160.654249        1.670747
BFGS:    1 03:33:18   -24160.769650        1.536629
BFGS:    2 03:33:19   -24160.811971        0.540148
BFGS:    3 03:33:19   -24160.828844        0.345879
BFGS:    4 03:33:19   -24160.843932        0.220535
BFGS:    5 03:33:19   -24160.854618        0.211942
BFGS:    6 03:33:19   -24160.861946        0.167276
BFGS:    7 03:33:20   -24160.872152        0.241595
BFGS:    8 03:33:20   -24160.880726        0.334451
BFGS:    9 03:33:20   -24160.889377        0.275857
BFGS:   10 03:33:20   -24160.896230        0.140968
BFGS:   11 03:33:20   -24160.902347        0.142686
BFGS:   12 03:33:21   -24160.907795        0.186219
BFGS:   13 03:33:21   -24160.912565        0.173300
BFGS:   14 03:33:21   -24160.916390        0.123856
BFGS:   15 03:33:21   -24160.919482        0.121911
BFGS:   16 03:33:21   -24160.922452        0.125578
BFGS:   17 03:33:22   -24160.925906        0.146488
BFGS:   18 03:33:22   -24160.930308        0.146321
BFGS:   19 03:33:22   -24160.935315        0.147769
BFGS:   20 03:33:22   -24160.940190        0.154363
BFGS:   21 03:33:22   -24160.944047        0.122780
BFGS:   22 03:33:23   -24160.947204        0.110036
BFGS:   23 03:33:23   -24160.950203        0.100127
BFGS:   24 03:33:23   -24160.953241        0.104397
BFGS:   25 03:33:23   -24160.956052        0.077056
    -> 25 steps, converged=True
  strain ligand      6.96 kcal/mol (25 steps, converged=True)
  binding        -18.22 kcal/mol   (no desolvation term)

results in runs/octinoxate/boltz/binding_shell2.csv
\n=== stage 7: figures, into their own directory : 03:33:28 ===
shell will be superposed onto s2_orig_control using 20 ligand atoms
included the designed shell as designed_shell.xyz

3 structures copied to runs/octinoxate/figures_shell2
manifest -> runs/octinoxate/figures_shell2/manifest.csv
pymol    -> runs/octinoxate/figures_shell2/load_folds.pml

figure name       enclosed  wrapped    inter   strain      sum         hints
s2_orig_control        0.6      1.0  -25.182    6.960   -18.22           0/0
s2_esm1_control      0.375     0.55   -9.701    6.017    -3.68           0/0
s2_esm2_control       0.51     0.85  -74.888    4.643   -70.25           0/0
\n=== shell 2 complete : 03:33:29 ===
