    relaxing 252 hydrogens of apo_s3_esm1 apo (259 heavy atoms fixed)
      Step     Time          Energy          fmax
BFGS:    0 17:38:23  -346298.132316        5.862500
BFGS:    1 17:38:24  -346332.290073        4.901963
BFGS:    2 17:38:25  -346364.506891        3.091496
BFGS:    3 17:38:26  -346367.487506        2.412637
BFGS:    4 17:38:26  -346371.839935        1.903141
BFGS:    5 17:38:27  -346377.477293        2.199473
BFGS:    6 17:38:28  -346379.836430        1.785841
BFGS:    7 17:38:28  -346380.908330        1.152247
BFGS:    8 17:38:29  -346381.668315        0.921009
BFGS:    9 17:38:30  -346382.253510        1.219077
BFGS:   10 17:38:30  -346383.653990        1.386559
BFGS:   11 17:38:31  -346384.410672        1.088002
BFGS:   12 17:38:32  -346384.812294        0.633429
BFGS:   13 17:38:32  -346384.983307        0.549167
BFGS:   14 17:38:33  -346385.128474        0.532369
BFGS:   15 17:38:34  -346385.353791        0.587314
BFGS:   16 17:38:35  -346385.566580        0.564640
BFGS:   17 17:38:35  -346385.678801        0.364092
BFGS:   18 17:38:36  -346385.732175        0.350650
BFGS:   19 17:38:37  -346385.780359        0.298509
BFGS:   20 17:38:37  -346385.873849        0.459096
BFGS:   21 17:38:38  -346385.994710        0.467189
BFGS:   22 17:38:39  -346386.075421        0.400278
BFGS:   23 17:38:39  -346386.132630        0.316944
BFGS:   24 17:38:40  -346386.174072        0.280231
BFGS:   25 17:38:41  -346386.237452        0.342998
BFGS:   26 17:38:41  -346386.341642        0.466144
BFGS:   27 17:38:42  -346386.455495        0.504203
BFGS:   28 17:38:43  -346386.536711        0.386719
BFGS:   29 17:38:43  -346386.610082        0.380902
BFGS:   30 17:38:44  -346386.635496        0.847446
BFGS:   31 17:38:45  -346386.728705        0.518673
BFGS:   32 17:38:45  -346386.814188        0.380606
BFGS:   33 17:38:46  -346386.942688        0.476228
BFGS:   34 17:38:47  -346386.969815        0.318881
BFGS:   35 17:38:47  -346387.046632        0.549919
BFGS:   36 17:38:48  -346387.120410        0.468890
BFGS:   37 17:38:49  -346387.185358        0.425707
BFGS:   38 17:38:49  -346387.226567        0.578070
BFGS:   39 17:38:50  -346387.265862        0.523939
BFGS:   40 17:38:51  -346387.309404        0.387791
BFGS:   41 17:38:51  -346387.361855        0.309812
BFGS:   42 17:38:52  -346387.405440        0.328411
BFGS:   43 17:38:53  -346387.447057        0.451894
BFGS:   44 17:38:53  -346387.482954        0.491545
BFGS:   45 17:38:54  -346387.499649        1.085585
BFGS:   46 17:38:55  -346387.552277        0.382109
BFGS:   47 17:38:56  -346387.580659        0.320162
BFGS:   48 17:38:56  -346387.627093        0.603926
BFGS:   49 17:38:57  -346387.645878        0.344349
BFGS:   50 17:38:58  -346387.687896        0.386426
BFGS:   51 17:38:58  -346387.757159        1.122551
BFGS:   52 17:38:59  -346387.787594        0.498598
BFGS:   53 17:39:00  -346387.819651        0.379803
BFGS:   54 17:39:00  -346387.865094        1.214043
BFGS:   55 17:39:01  -346387.890182        0.591587
BFGS:   56 17:39:02  -346387.926220        0.373119
BFGS:   57 17:39:02  -346387.971561        0.534048
BFGS:   58 17:39:03  -346387.991216        0.348913
BFGS:   59 17:39:04  -346388.017637        0.392177
BFGS:   60 17:39:04  -346388.037696        0.349187
BFGS:   61 17:39:05  -346388.050340        0.348160
BFGS:   62 17:39:06  -346388.061855        0.202391
BFGS:   63 17:39:06  -346388.071305        0.182976
BFGS:   64 17:39:07  -346388.079914        0.189294
BFGS:   65 17:39:08  -346388.091385        0.168265
BFGS:   66 17:39:09  -346388.098882        0.172991
BFGS:   67 17:39:09  -346388.103725        0.130106
BFGS:   68 17:39:10  -346388.107690        0.101766
BFGS:   69 17:39:11  -346388.112502        0.110270
BFGS:   70 17:39:11  -346388.118173        0.141184
BFGS:   71 17:39:12  -346388.123308        0.158887
BFGS:   72 17:39:13  -346388.127172        0.129617
BFGS:   73 17:39:13  -346388.130688        0.100460
BFGS:   74 17:39:14  -346388.134884        0.104617
BFGS:   75 17:39:15  -346388.139449        0.130090
    -> 75 steps
[1/3] apo_s3_esm1            E_apo   -7987831.732  (511 atoms, charge +0)
    relaxing 325 hydrogens of apo_s3_esm2 apo (301 heavy atoms fixed)
      Step     Time          Energy          fmax
BFGS:    0 17:39:20  -386189.835723        5.851875
BFGS:    1 17:39:21  -386229.759104        4.790828
BFGS:    2 17:39:22  -386267.988812        3.410836
BFGS:    3 17:39:23  -386271.705598        1.856935
BFGS:    4 17:39:24  -386278.009973        1.748909
BFGS:    5 17:39:26  -386285.217581        2.912296
BFGS:    6 17:39:27  -386287.378759        2.293221
BFGS:    7 17:39:28  -386289.296834        1.049737
BFGS:    8 17:39:29  -386289.866785        1.063579
BFGS:    9 17:39:31  -386291.617660        1.869589
BFGS:   10 17:39:32  -386293.066917        1.413349
BFGS:   11 17:39:33  -386293.809651        0.751058
BFGS:   12 17:39:34  -386294.190203        0.721735
BFGS:   13 17:39:35  -386294.348675        0.757036
BFGS:   14 17:39:37  -386294.545080        0.697936
BFGS:   15 17:39:38  -386294.801177        0.742594
BFGS:   16 17:39:39  -386294.997780        0.573261
BFGS:   17 17:39:40  -386295.093444        0.596853
BFGS:   18 17:39:42  -386295.153653        0.501901
BFGS:   19 17:39:43  -386295.213215        0.482297
BFGS:   20 17:39:44  -386295.369442        0.445571
BFGS:   21 17:39:45  -386295.473619        0.593331
BFGS:   22 17:39:47  -386295.563978        0.560320
BFGS:   23 17:39:48  -386295.615068        0.499414
BFGS:   24 17:39:49  -386295.655879        0.336828
BFGS:   25 17:39:50  -386295.711210        0.407138
BFGS:   26 17:39:51  -386295.792545        0.882082
BFGS:   27 17:39:53  -386295.835445        1.188472
BFGS:   28 17:39:54  -386295.913035        0.619101
BFGS:   29 17:39:55  -386295.950318        0.568073
BFGS:   30 17:39:56  -386296.004283        0.369751
BFGS:   31 17:39:57  -386296.068275        0.527753
BFGS:   32 17:39:59  -386296.129571        0.729900
BFGS:   33 17:40:00  -386296.180180        0.780329
BFGS:   34 17:40:01  -386296.228251        0.616384
BFGS:   35 17:40:02  -386296.273485        0.925360
BFGS:   36 17:40:04  -386296.338357        0.510413
BFGS:   37 17:40:05  -386296.421249        0.384909
BFGS:   38 17:40:06  -386296.487499        0.527771
BFGS:   39 17:40:07  -386296.540755        0.535000
BFGS:   40 17:40:08  -386296.629585        0.593952
BFGS:   41 17:40:10  -386296.703660        0.444324
BFGS:   42 17:40:11  -386296.629347        2.089754
BFGS:   43 17:40:12  -386296.787942        0.477807
BFGS:   44 17:40:14  -386296.816258        0.509215
BFGS:   45 17:40:15  -386296.886901        0.797592
BFGS:   46 17:40:16  -386296.913579        0.231113
BFGS:   47 17:40:18  -386296.943026        0.232830
BFGS:   48 17:40:19  -386296.965462        0.342534
BFGS:   49 17:40:20  -386296.982290        0.276448
BFGS:   50 17:40:22  -386297.000838        0.199853
BFGS:   51 17:40:23  -386297.023055        0.207394
BFGS:   52 17:40:24  -386297.043961        0.324351
BFGS:   53 17:40:26  -386297.063331        0.482367
BFGS:   54 17:40:27  -386297.081601        0.308053
BFGS:   55 17:40:28  -386297.098611        0.288990
BFGS:   56 17:40:30  -386297.116243        0.268041
BFGS:   57 17:40:31  -386297.128907        0.245704
BFGS:   58 17:40:32  -386297.145809        0.201188
BFGS:   59 17:40:33  -386297.161510        0.314957
BFGS:   60 17:40:35  -386297.168802        0.448639
BFGS:   61 17:40:36  -386297.178625        0.311624
BFGS:   62 17:40:37  -386297.184861        0.206308
BFGS:   63 17:40:39  -386297.205975        0.188927
BFGS:   64 17:40:40  -386297.218912        0.243411
BFGS:   65 17:40:41  -386297.236725        0.210275
BFGS:   66 17:40:43  -386297.247063        0.214959
BFGS:   67 17:40:44  -386297.255569        0.238648
BFGS:   68 17:40:45  -386297.265281        0.314116
BFGS:   69 17:40:46  -386297.277964        0.184392
BFGS:   70 17:40:48  -386297.305078        0.294154
BFGS:   71 17:40:49  -386297.312754        0.174937
BFGS:   72 17:40:50  -386297.321841        0.172113
BFGS:   73 17:40:51  -386297.336924        0.232263
BFGS:   74 17:40:53  -386297.351500        0.233487
BFGS:   75 17:40:54  -386297.369223        0.296882
    -> 75 steps
[2/3] apo_s3_esm2            E_apo   -8908152.538  (626 atoms, charge +4)
    relaxing 174 hydrogens of apo_s3_orig apo (203 heavy atoms fixed)
      Step     Time          Energy          fmax
BFGS:    0 17:40:54  -272934.476907        5.702966
BFGS:    1 17:40:55  -272959.564021        4.823709
BFGS:    2 17:40:55  -272984.383824        3.369517
BFGS:    3 17:40:56  -272987.322596        3.272910
BFGS:    4 17:40:56  -272993.993665        2.727996
BFGS:    5 17:40:57  -272997.909788        2.238986
BFGS:    6 17:40:57  -273000.316297        2.239213
BFGS:    7 17:40:58  -273001.586036        1.829480
BFGS:    8 17:40:58  -273002.366742        1.088587
BFGS:    9 17:40:59  -273002.836396        1.022736
BFGS:   10 17:40:59  -273004.092667        2.479177
BFGS:   11 17:41:00  -273004.924748        2.585745
BFGS:   12 17:41:00  -273005.375398        1.508145
BFGS:   13 17:41:01  -273005.575636        0.890525
BFGS:   14 17:41:01  -273005.701649        0.902452
BFGS:   15 17:41:02  -273005.862546        1.105078
BFGS:   16 17:41:02  -273006.011366        1.085037
BFGS:   17 17:41:03  -273006.108743        0.708063
BFGS:   18 17:41:03  -273006.150712        0.325256
BFGS:   19 17:41:04  -273006.172241        0.383451
BFGS:   20 17:41:04  -273006.200859        0.479518
BFGS:   21 17:41:05  -273006.260787        0.449654
BFGS:   22 17:41:05  -273006.304471        0.482854
BFGS:   23 17:41:06  -273006.353139        0.488370
BFGS:   24 17:41:06  -273006.387656        0.369849
BFGS:   25 17:41:07  -273006.416632        0.341540
BFGS:   26 17:41:07  -273006.450533        0.329970
BFGS:   27 17:41:08  -273006.490343        0.383799
BFGS:   28 17:41:08  -273006.525131        0.446624
BFGS:   29 17:41:09  -273006.551161        0.584207
BFGS:   30 17:41:09  -273006.573823        0.606562
BFGS:   31 17:41:10  -273006.599979        0.330200
BFGS:   32 17:41:10  -273006.636654        0.631247
BFGS:   33 17:41:11  -273006.659099        0.714362
BFGS:   34 17:41:11  -273006.687052        0.631257
BFGS:   35 17:41:12  -273006.713829        0.363632
BFGS:   36 17:41:12  -273006.738369        0.342845
BFGS:   37 17:41:13  -273006.748316        0.707971
BFGS:   38 17:41:13  -273006.759174        0.382479
BFGS:   39 17:41:14  -273006.770069        0.252908
BFGS:   40 17:41:14  -273006.784339        0.293736
BFGS:   41 17:41:15  -273006.805452        0.260908
BFGS:   42 17:41:15  -273006.821318        0.395722
BFGS:   43 17:41:16  -273006.833336        0.443635
BFGS:   44 17:41:16  -273006.851493        0.256769
BFGS:   45 17:41:16  -273006.863803        0.307830
BFGS:   46 17:41:17  -273006.887579        0.382879
BFGS:   47 17:41:17  -273006.899107        0.613641
BFGS:   48 17:41:18  -273006.907861        0.503599
BFGS:   49 17:41:18  -273006.914622        0.195058
BFGS:   50 17:41:19  -273006.919262        0.188888
BFGS:   51 17:41:19  -273006.928714        0.382152
BFGS:   52 17:41:20  -273006.936535        0.374960
BFGS:   53 17:41:20  -273006.943043        0.250604
BFGS:   54 17:41:21  -273006.946645        0.172344
BFGS:   55 17:41:21  -273006.949416        0.146765
BFGS:   56 17:41:22  -273006.952787        0.132214
BFGS:   57 17:41:22  -273006.955617        0.207707
BFGS:   58 17:41:23  -273006.958149        0.205833
BFGS:   59 17:41:23  -273006.959593        0.073360
    -> 59 steps
[3/3] apo_s3_orig            E_apo   -6295636.041  (377 atoms, charge +0)

wrote /tmp/run/peptide_reference.json

--- stderr ---
WARNING:root:Model is being compiled this might take a while for the first time
W0926 17:36:02.583000 6 site-packages/torch/_logging/_internal.py:1345] [0/0] Profiler record function <class 'torch.autograd.profiler.record_function'> will be ignored
/usr/local/lib/python3.12/site-packages/torch/_inductor/compile_fx.py:321: UserWarning: TensorFloat32 tensor cores for float32 matrix multiplication available but not enabled. Consider setting `torch.set_float32_matmul_precision('high')` for better performance.
  warnings.warn(
W0926 17:36:12.407000 6 site-packages/torch/_inductor/utils.py:1953] [3/0_1] Not enough SMs to use max_autotune_gemm mode
/usr/local/lib/python3.12/site-packages/torch/_inductor/lowering.py:2352: FutureWarning: `torch._prims_common.check` is deprecated and will be removed in the future. Please use `torch._check*` functions instead.
  check(
WARNING:root:The UMA fast path (merge_mole + compile) is only available for fixed composition, task, charge, and spin. This is optimized for MD applications. Falling back to a less optimized version for subsequent evaluations. Reason: 'Compositions differ from merged model'.
Use inference_settings='batch' for heterogeneous batched evaluations.
[W926 17:39:28.785488025 CUDACachingAllocator.cpp:3933] memory allocation failed with OOM on device 0 while trying to allocate 327155712 bytes (free: 35454976, total: 23659151360).
