=== waiting for 15 ns (7500000 steps) : 22:30:35 ===
=== reached step 7548000 : 23:26:36 ===
kept 250 frames (stride 60, first 15 ns)
dcdplugin) detected standard 32-bit DCD file of native endianness
dcdplugin) CHARMM format DCD file (also NAMD 2.1 and later)
dcdplugin) Warning: DCD header claims 15096 frames, but 
dcdplugin) file size (1567732868) indicates there are actually 
15098 frames of size (103844)
[analyze] wrote wrapped/centered solute trajectory (400 atoms, 250 frames) -> runs/octinoxate/md/orig_f12/first_15ns/traj_wrapped.xtc (+ traj_wrapped.pdb topology)
[analyze] 250 frames. protein CA RMSD 0.758 nm, ligand RMSD 0.750 nm (vs frame 0). -> runs/octinoxate/md/orig_f12/first_15ns/analysis.png
dcdplugin) detected standard 32-bit DCD file of native endianness
dcdplugin) CHARMM format DCD file (also NAMD 2.1 and later)
=== analyze done : 23:26:50 ===
/Users/cafierom/miniforge3/envs/openmm-md/lib/python3.11/site-packages/mdtraj/formats/netcdf.py:154: UserWarning: Warning: The 'netCDF4' Python package is not installed. MDTraj is using the 'scipy' implementation to read and write netCDF files,which can be significantly slower.
For improved performance, consider installing netCDF4. See installation instructions at:
https://unidata.github.io/netcdf4-python/#quick-install
  warnings.warn(warning_message)
[build] hetero discovery (resname | HETNAM | min dist to ligand | action):
[mmgbsa] cofactor residues to re-add: 0 ([])
[mmgbsa] solute modeller: 400 atoms
[mmgbsa] prmtop + inpcrd -> runs/octinoxate/md/orig_f12/first_15ns/mmgbsa/complex.prmtop (400 atoms, radii=['H(N)-modified Bondi radii (mbondi2)'])
[mmgbsa] receptor + ligand prmtops -> runs/octinoxate/md/orig_f12/first_15ns/mmgbsa/receptor.prmtop, runs/octinoxate/md/orig_f12/first_15ns/mmgbsa/ligand.prmtop
[mmgbsa] trajectory -> runs/octinoxate/md/orig_f12/first_15ns/mmgbsa/traj.nc (400 atoms, 250 frames)
[mmgbsa] MMPBSA.py input -> runs/octinoxate/md/orig_f12/first_15ns/mmgbsa/mmgbsa.in
[mmgbsa] prmtop atoms: 400; ligand residue present: True
[mmgbsa] MMPBSA.py done -> runs/octinoxate/md/orig_f12/first_15ns/mmgbsa/FINAL_RESULTS_MMPBSA.dat
=== 15 ns mmgbsa done : 23:28:10 ===
DELTA TOTAL                -14.6080                6.0602              0.3833


-------------------------------------------------------------------------------
-------------------------------------------------------------------------------
