=== waiting for 10 ns (5000000 steps) : 22:20:27 ===
=== reached step 5462000 : 22:20:27 ===
kept 250 frames (stride 40, first 10 ns)
dcdplugin) detected standard 32-bit DCD file of native endianness
dcdplugin) CHARMM format DCD file (also NAMD 2.1 and later)
dcdplugin) Warning: DCD header claims 10924 frames, but 
dcdplugin) file size (1134495700) indicates there are actually 
10926 frames of size (103844)
[analyze] wrote wrapped/centered solute trajectory (400 atoms, 250 frames) -> runs/octinoxate/md/orig_f12/first_10ns/traj_wrapped.xtc (+ traj_wrapped.pdb topology)
[analyze] 250 frames. protein CA RMSD 0.704 nm, ligand RMSD 0.894 nm (vs frame 0). -> runs/octinoxate/md/orig_f12/first_10ns/analysis.png
dcdplugin) detected standard 32-bit DCD file of native endianness
dcdplugin) CHARMM format DCD file (also NAMD 2.1 and later)
=== analyze done : 22:20:42 ===
/Users/cafierom/miniforge3/envs/openmm-md/lib/python3.11/site-packages/mdtraj/formats/netcdf.py:154: UserWarning: Warning: The 'netCDF4' Python package is not installed. MDTraj is using the 'scipy' implementation to read and write netCDF files,which can be significantly slower.
For improved performance, consider installing netCDF4. See installation instructions at:
https://unidata.github.io/netcdf4-python/#quick-install
  warnings.warn(warning_message)
[build] hetero discovery (resname | HETNAM | min dist to ligand | action):
[mmgbsa] cofactor residues to re-add: 0 ([])
[mmgbsa] solute modeller: 400 atoms
[mmgbsa] prmtop + inpcrd -> runs/octinoxate/md/orig_f12/first_10ns/mmgbsa/complex.prmtop (400 atoms, radii=['H(N)-modified Bondi radii (mbondi2)'])
[mmgbsa] receptor + ligand prmtops -> runs/octinoxate/md/orig_f12/first_10ns/mmgbsa/receptor.prmtop, runs/octinoxate/md/orig_f12/first_10ns/mmgbsa/ligand.prmtop
[mmgbsa] trajectory -> runs/octinoxate/md/orig_f12/first_10ns/mmgbsa/traj.nc (400 atoms, 250 frames)
[mmgbsa] MMPBSA.py input -> runs/octinoxate/md/orig_f12/first_10ns/mmgbsa/mmgbsa.in
[mmgbsa] prmtop atoms: 400; ligand residue present: True
[mmgbsa] MMPBSA.py done -> runs/octinoxate/md/orig_f12/first_10ns/mmgbsa/FINAL_RESULTS_MMPBSA.dat
=== 10 ns mmgbsa done : 22:21:59 ===
DELTA TOTAL                -16.8632                5.7772              0.3654


-------------------------------------------------------------------------------
-------------------------------------------------------------------------------
