=== waiting for 5 ns (2500000 steps) : 19:38:49 ===
=== waiting for 5 ns (2500000 steps) : 19:40:02 ===
=== reached step 2536500 : 20:48:03 ===
kept 250 frames (stride 20, first 5 ns)
dcdplugin) detected standard 32-bit DCD file of native endianness
dcdplugin) CHARMM format DCD file (also NAMD 2.1 and later)
dcdplugin) Warning: DCD header claims 5073 frames, but 
dcdplugin) file size (526800612) indicates there are actually 
5074 frames of size (103844)
[analyze] wrote wrapped/centered solute trajectory (400 atoms, 250 frames) -> runs/octinoxate/md/orig_f12/first_5ns/traj_wrapped.xtc (+ traj_wrapped.pdb topology)
[analyze] 250 frames. protein CA RMSD 0.592 nm, ligand RMSD 0.812 nm (vs frame 0). -> runs/octinoxate/md/orig_f12/first_5ns/analysis.png
dcdplugin) detected standard 32-bit DCD file of native endianness
dcdplugin) CHARMM format DCD file (also NAMD 2.1 and later)
=== analyze done : 20:48:15 ===
/Users/cafierom/miniforge3/envs/openmm-md/lib/python3.11/site-packages/mdtraj/formats/netcdf.py:154: UserWarning: Warning: The 'netCDF4' Python package is not installed. MDTraj is using the 'scipy' implementation to read and write netCDF files,which can be significantly slower.
For improved performance, consider installing netCDF4. See installation instructions at:
https://unidata.github.io/netcdf4-python/#quick-install
  warnings.warn(warning_message)
[build] hetero discovery (resname | HETNAM | min dist to ligand | action):
[mmgbsa] cofactor residues to re-add: 0 ([])
[mmgbsa] solute modeller: 400 atoms
[mmgbsa] prmtop + inpcrd -> runs/octinoxate/md/orig_f12/first_5ns/mmgbsa/complex.prmtop (400 atoms, radii=['H(N)-modified Bondi radii (mbondi2)'])
[mmgbsa] receptor + ligand prmtops -> runs/octinoxate/md/orig_f12/first_5ns/mmgbsa/receptor.prmtop, runs/octinoxate/md/orig_f12/first_5ns/mmgbsa/ligand.prmtop
[mmgbsa] trajectory -> runs/octinoxate/md/orig_f12/first_5ns/mmgbsa/traj.nc (400 atoms, 250 frames)
[mmgbsa] MMPBSA.py input -> runs/octinoxate/md/orig_f12/first_5ns/mmgbsa/mmgbsa.in
[mmgbsa] prmtop atoms: 400; ligand residue present: True
[mmgbsa] MMPBSA.py done -> runs/octinoxate/md/orig_f12/first_5ns/mmgbsa/FINAL_RESULTS_MMPBSA.dat
=== 5 ns mmgbsa done : 20:49:38 ===
DELTA TOTAL                -21.5165                4.5567              0.2882


-------------------------------------------------------------------------------
-------------------------------------------------------------------------------
