=== 20 ns production, orig_f12, OpenCL : Sat 26 Sep 2026 19:25:28 BST ===
[run] restraining 190 protein heavy atoms
[run] OpenCL(single) can't run restrained equilibration; equilibrating on CPU, producing on OpenCL
[run] minimizing ...
[run] equilibrating 5000 steps (restraints on) on CPU ...
[run] production 10000000 steps (restraints off) on OpenCL ...
[run] done. trajectory: runs/octinoxate/md/orig_f12/prod_20ns/traj.dcd  final: runs/octinoxate/md/orig_f12/prod_20ns/final.pdb
=== run done : Sun 27 Sep 2026 00:45:00 BST rc=0 ===
[analyze] wrote wrapped/centered solute trajectory (400 atoms, 20000 frames) -> runs/octinoxate/md/orig_f12/prod_20ns/traj_wrapped.xtc (+ traj_wrapped.pdb topology)
[analyze] 20000 frames. protein CA RMSD 0.886 nm, ligand RMSD 0.841 nm (vs frame 0). -> runs/octinoxate/md/orig_f12/prod_20ns/analysis.png
dcdplugin) detected standard 32-bit DCD file of native endianness
dcdplugin) CHARMM format DCD file (also NAMD 2.1 and later)
=== analyze done : Sun 27 Sep 2026 00:45:23 BST ===
/Users/cafierom/miniforge3/envs/openmm-md/lib/python3.11/site-packages/mdtraj/formats/netcdf.py:154: UserWarning: Warning: The 'netCDF4' Python package is not installed. MDTraj is using the 'scipy' implementation to read and write netCDF files,which can be significantly slower.
For improved performance, consider installing netCDF4. See installation instructions at:
https://unidata.github.io/netcdf4-python/#quick-install
  warnings.warn(warning_message)
[build] hetero discovery (resname | HETNAM | min dist to ligand | action):
[mmgbsa] cofactor residues to re-add: 0 ([])
[mmgbsa] solute modeller: 400 atoms
[mmgbsa] prmtop + inpcrd -> runs/octinoxate/md/orig_f12/prod_20ns/mmgbsa/complex.prmtop (400 atoms, radii=['H(N)-modified Bondi radii (mbondi2)'])
[mmgbsa] receptor + ligand prmtops -> runs/octinoxate/md/orig_f12/prod_20ns/mmgbsa/receptor.prmtop, runs/octinoxate/md/orig_f12/prod_20ns/mmgbsa/ligand.prmtop
[mmgbsa] trajectory -> runs/octinoxate/md/orig_f12/prod_20ns/mmgbsa/traj.nc (400 atoms, 20000 frames)
[mmgbsa] MMPBSA.py input -> runs/octinoxate/md/orig_f12/prod_20ns/mmgbsa/mmgbsa.in
[mmgbsa] prmtop atoms: 400; ligand residue present: True
[mmgbsa] MMPBSA.py done -> runs/octinoxate/md/orig_f12/prod_20ns/mmgbsa/FINAL_RESULTS_MMPBSA.dat
=== mmgbsa done : Sun 27 Sep 2026 00:50:14 BST ===
