#################################################################
# If you used AutoDock Vina in your work, please cite:          #
#                                                               #
# O. Trott, A. J. Olson,                                        #
# AutoDock Vina: improving the speed and accuracy of docking    #
# with a new scoring function, efficient optimization and       #
# multithreading, Journal of Computational Chemistry 31 (2010)  #
# 455-461                                                       #
#                                                               #
# DOI 10.1002/jcc.21334                                         #
#                                                               #
# Please see http://vina.scripps.edu for more information.      #
#################################################################

Detected 6 CPUs
Reading input ... done.
Setting up the scoring function ... done.
Analyzing the binding site ... done.
Using random seed: 42
Performing search ... done.
Refining results ... done.

mode |   affinity | dist from best mode
     | (kcal/mol) | rmsd l.b.| rmsd u.b.
-----+------------+----------+----------
   1         -4.1      0.000      0.000
   2         -4.0      3.896      6.268
   3         -3.9     10.837     15.031
   4         -3.8     12.866     14.896
   5         -3.8      7.551     10.001
   6         -3.7      1.992      7.089
   7         -3.7     12.617     15.442
   8         -3.7      4.041      6.075
   9         -3.7     13.809     15.761
Writing output ... done.
