#################################################################
# If you used AutoDock Vina in your work, please cite:          #
#                                                               #
# O. Trott, A. J. Olson,                                        #
# AutoDock Vina: improving the speed and accuracy of docking    #
# with a new scoring function, efficient optimization and       #
# multithreading, Journal of Computational Chemistry 31 (2010)  #
# 455-461                                                       #
#                                                               #
# DOI 10.1002/jcc.21334                                         #
#                                                               #
# Please see http://vina.scripps.edu for more information.      #
#################################################################

Detected 6 CPUs
Reading input ... done.
Setting up the scoring function ... done.
Analyzing the binding site ... done.
Using random seed: 42
Performing search ... done.
Refining results ... done.

mode |   affinity | dist from best mode
     | (kcal/mol) | rmsd l.b.| rmsd u.b.
-----+------------+----------+----------
   1         -4.6      0.000      0.000
   2         -4.5      1.499      2.121
   3         -4.3      3.351      4.684
   4         -4.2      1.185      1.699
   5         -4.2      2.411      5.451
   6         -4.2      2.144      5.801
   7         -4.2      2.011      3.409
   8         -4.2      2.342      3.094
   9         -4.0      2.724      3.801
Writing output ... done.
