Checking input data.
Processing 1 inputs with 1 threads.
  0%|          | 0/1 [00:00<?, ?it/s]Found explicit empty MSA for some proteins, will run these in single sequence mode. Keep in mind that the model predictions will be suboptimal without an MSA.
100%|██████████| 1/1 [00:00<00:00,  7.65it/s]100%|██████████| 1/1 [00:00<00:00,  7.64it/s]
Using bfloat16 Automatic Mixed Precision (AMP)
GPU available: True (mps), used: True
TPU available: False, using: 0 TPU cores
HPU available: False, using: 0 HPUs
/Users/cafierom/python_mac/boltz_local/.venv/lib/python3.12/site-packages/pytorch_lightning/trainer/connectors/logger_connector/logger_connector.py:76: Starting from v1.9.0, `tensorboardX` has been removed as a dependency of the `pytorch_lightning` package, due to potential conflicts with other packages in the ML ecosystem. For this reason, `logger=True` will use `CSVLogger` as the default logger, unless the `tensorboard` or `tensorboardX` packages are found. Please `pip install lightning[extra]` or one of them to enable TensorBoard support by default
Running structure prediction for 1 input.
/Users/cafierom/python_mac/boltz_local/.venv/lib/python3.12/site-packages/pytorch_lightning/utilities/migration/utils.py:56: The loaded checkpoint was produced with Lightning v2.5.0.post0, which is newer than your current Lightning version: v2.5.0
/Users/cafierom/python_mac/boltz_local/.venv/lib/python3.12/site-packages/pytorch_lightning/utilities/_pytree.py:21: `isinstance(treespec, LeafSpec)` is deprecated, use `isinstance(treespec, TreeSpec) and treespec.is_leaf()` instead.
/Users/cafierom/python_mac/boltz_local/.venv/lib/python3.12/site-packages/pytorch_lightning/trainer/connectors/data_connector.py:425: The 'predict_dataloader' does not have many workers which may be a bottleneck. Consider increasing the value of the `num_workers` argument` to `num_workers=5` in the `DataLoader` to improve performance.
/Users/cafierom/python_mac/boltz_local/.venv/lib/python3.12/site-packages/torch/utils/data/dataloader.py:759: UserWarning: 'pin_memory' argument is set as true but not supported on MPS now, device pinned memory won't be used.
  super().__init__(loader)
Predicting: |          | 0/? [00:00<?, ?it/s]Predicting:   0%|          | 0/1 [00:00<?, ?it/s]Predicting DataLoader 0:   0%|          | 0/1 [00:00<?, ?it/s]/Users/cafierom/python_mac/boltz_local/.venv/lib/python3.12/site-packages/pytorch_lightning/plugins/precision/amp.py:115: CUDA is not available or torch_xla is imported. Disabling autocast.
Predicting DataLoader 0: 100%|██████████| 1/1 [00:10<00:00,  0.09it/s]Number of failed examples: 0
Predicting DataLoader 0: 100%|██████████| 1/1 [00:10<00:00,  0.09it/s]

Predicting property: affinity

Found existing affinity predictions for all inputs, skipping.
Checking input data.
All inputs are already processed.
Processing 0 inputs with 0 threads.
0it [00:00, ?it/s]0it [00:00, ?it/s]
Found some existing predictions (1), skipping and running only the missing ones, if any. If you wish to override these existing predictions, please set the --override flag.
Using bfloat16 Automatic Mixed Precision (AMP)
GPU available: True (mps), used: True
TPU available: False, using: 0 TPU cores
HPU available: False, using: 0 HPUs
/Users/cafierom/python_mac/boltz_local/.venv/lib/python3.12/site-packages/pytorch_lightning/trainer/connectors/logger_connector/logger_connector.py:76: Starting from v1.9.0, `tensorboardX` has been removed as a dependency of the `pytorch_lightning` package, due to potential conflicts with other packages in the ML ecosystem. For this reason, `logger=True` will use `CSVLogger` as the default logger, unless the `tensorboard` or `tensorboardX` packages are found. Please `pip install lightning[extra]` or one of them to enable TensorBoard support by default

Predicting property: affinity

Checking input data for affinity.
Running affinity prediction for 1 input.
/Users/cafierom/python_mac/boltz_local/.venv/lib/python3.12/site-packages/pytorch_lightning/utilities/migration/utils.py:56: The loaded checkpoint was produced with Lightning v2.5.0.post0, which is newer than your current Lightning version: v2.5.0
/Users/cafierom/python_mac/boltz_local/.venv/lib/python3.12/site-packages/pytorch_lightning/utilities/_pytree.py:21: `isinstance(treespec, LeafSpec)` is deprecated, use `isinstance(treespec, TreeSpec) and treespec.is_leaf()` instead.
/Users/cafierom/python_mac/boltz_local/.venv/lib/python3.12/site-packages/pytorch_lightning/trainer/connectors/data_connector.py:425: The 'predict_dataloader' does not have many workers which may be a bottleneck. Consider increasing the value of the `num_workers` argument` to `num_workers=5` in the `DataLoader` to improve performance.
/Users/cafierom/python_mac/boltz_local/.venv/lib/python3.12/site-packages/torch/utils/data/dataloader.py:759: UserWarning: 'pin_memory' argument is set as true but not supported on MPS now, device pinned memory won't be used.
  super().__init__(loader)
Predicting: |          | 0/? [00:00<?, ?it/s]Predicting:   0%|          | 0/1 [00:00<?, ?it/s]Predicting DataLoader 0:   0%|          | 0/1 [00:00<?, ?it/s]/Users/cafierom/python_mac/boltz_local/.venv/lib/python3.12/site-packages/pytorch_lightning/plugins/precision/amp.py:115: CUDA is not available or torch_xla is imported. Disabling autocast.
Predicting DataLoader 0: 100%|██████████| 1/1 [00:36<00:00,  0.03it/s]Number of failed examples: 0
Predicting DataLoader 0: 100%|██████████| 1/1 [00:36<00:00,  0.03it/s]
cyclo_LKSLFKIVIYSWLERRKGI: pIC50 6.66 | IC50 2.2e-07 M | dG -9.08 kcal/mol | binder probability 0.59
Affinity values recorded in runs/octinoxate/boltz/affinity_summary.csv
