ligand SMILES (from runs/octinoxate/ligand.xyz): CCCC[C@H](CC)OC(=O)/C=C/c1ccc(OC)cc1
33 sequences to co-fold

[1/33] RYGLSGIKWDKSFEGDGGE: already done, skipping
[2/33] FEGDSIWDKGRYGLEGS: already done, skipping
[3/33] KIDEFSIGDKGWGEGLGYGLS: already done, skipping
[4/33] DKSIFEDIKWGEGLGYGLS: already done, skipping
[5/33] FEGKDWISGGRYGL: already done, skipping
[6/33] cyclo-FGEGGKGDGWGIGSGGGRGYGGLGGG (26 residues) cyclic
  pIC50 6.01, dG -8.19 kcal/mol, binder probability 0.45
[7/33] RYGLGEFSDWKI: already done, skipping
[8/33] RGYGGLGGEGFGSGDGWGKGI: already done, skipping
[9/33] RGGYGGGLGGGEGGFGGSGGDGGWGGKGGI: already done, skipping
[10/33] RGGGYGGGGLGGGGEGGGFGGGSGGGDGGGWGGGKGGGI: already done, skipping
[11/33] cyclo-RGYGGLGGEGFGSGDGWGKGIGG (23 residues) cyclic
  pIC50 6.10, dG -8.32 kcal/mol, binder probability 0.53
[12/33] IDELGKGWKISGSLGYEGGF: already done, skipping
[13/33] YELFISWDKGRGGSGEY: already done, skipping
[14/33] EFIISLDEGFGWGLGKGGGGYS: already done, skipping
[15/33] KIGEFSDLGYGGGW: already done, skipping
[16/33] DLFEYGGIKWGS: already done, skipping
[17/33] cyclo-KGIGGEGFGSGDGLGGYGGGGWG (23 residues) cyclic
  pIC50 6.21, dG -8.47 kcal/mol, binder probability 0.46
[18/33] cyclo-DGLGFGEGYGGGIGKGWGGSG (21 residues) cyclic
  pIC50 6.38, dG -8.70 kcal/mol, binder probability 0.68
[19/33] IDELGSFKWGGGGY: already done, skipping
[20/33] cyclo-IGDGEGLGGSGFGKGWGGGGGYGG (24 residues) cyclic
  pIC50 6.12, dG -8.34 kcal/mol, binder probability 0.44
[21/33] LSFIKGYSWEEGKGGGL: already done, skipping
[22/33] YELFISWDKGR: already done, skipping
[23/33] cyclo-YGEGLGFGIGSGWGDGKGGRGG (22 residues) cyclic
  pIC50 6.41, dG -8.74 kcal/mol, binder probability 0.64
[24/33] WSDKGEGFGEYRLGGW: already done, skipping
[25/33] SLWYGKGDGFLGYSGEGGR: already done, skipping
[26/33] EGKGLISDGWGFGGGY: already done, skipping
[27/33] cyclo-EGGKGGLGIGSGDGGWGGFGGGGYGGGG (28 residues) cyclic
  pIC50 6.02, dG -8.22 kcal/mol, binder probability 0.35
[28/33] LSFIGYWEGK: already done, skipping
[29/33] cyclo-LGSGFGIGGYGWGEGGKGG (19 residues) cyclic
  pIC50 6.47, dG -8.82 kcal/mol, binder probability 0.70
[30/33] WSDKGEGFGYRL: already done, skipping
[31/33] cyclo-WGSGDGKGGEGGFGGYGRGLGG (22 residues) cyclic
  pIC50 6.20, dG -8.45 kcal/mol, binder probability 0.47
[32/33] SLWYGKGDGFGRGGE: already done, skipping
[33/33] cyclo-SGLGWGYGGKGGDGGFGGRGGGEGG (25 residues) cyclic
  pIC50 6.35, dG -8.66 kcal/mol, binder probability 0.33

33 sequences compared; Spearman rank correlation (fragment IE vs Boltz pIC50): -0.12
Results in runs/octinoxate/boltz/comparison.csv
