ligand SMILES (from runs/octinoxate/ligand.xyz): CCCC[C@H](CC)OC(=O)/C=C/c1ccc(OC)cc1
23 sequences to co-fold

[1/23] RYGLSGIKWDKSFEGDGGE: already done, skipping
[2/23] FEGDSIWDKGRYGLEGS: already done, skipping
[3/23] KIDEFSIGDKGWGEGLGYGLS: already done, skipping
[4/23] DKSIFEDIKWGEGLGYGLS: already done, skipping
[5/23] FEGKDWISGGRYGL: already done, skipping
[6/23] RYGLGEFSDWKI: already done, skipping
[7/23] RGYGGLGGEGFGSGDGWGKGI (21 residues)
  pIC50 6.23, dG -8.49 kcal/mol, binder probability 0.53
[8/23] RGGYGGGLGGGEGGFGGSGGDGGWGGKGGI (30 residues)
  pIC50 6.02, dG -8.21 kcal/mol, binder probability 0.17
[9/23] RGGGYGGGGLGGGGEGGGFGGGSGGGDGGGWGGGKGGGI (39 residues)
  pIC50 5.97, dG -8.14 kcal/mol, binder probability 0.16
[10/23] IDELGKGWKISGSLGYEGGF: already done, skipping
[11/23] YELFISWDKGRGGSGEY: already done, skipping
[12/23] EFIISLDEGFGWGLGKGGGGYS: already done, skipping
[13/23] KIGEFSDLGYGGGW: already done, skipping
[14/23] DLFEYGGIKWGS: already done, skipping
[15/23] IDELGSFKWGGGGY: already done, skipping
[16/23] LSFIKGYSWEEGKGGGL: already done, skipping
[17/23] YELFISWDKGR: already done, skipping
[18/23] WSDKGEGFGEYRLGGW: already done, skipping
[19/23] SLWYGKGDGFLGYSGEGGR: already done, skipping
[20/23] EGKGLISDGWGFGGGY: already done, skipping
[21/23] LSFIGYWEGK: already done, skipping
[22/23] WSDKGEGFGYRL: already done, skipping
[23/23] SLWYGKGDGFGRGGE: already done, skipping

23 sequences compared; Spearman rank correlation (fragment IE vs Boltz pIC50): -0.42
Results in runs/octinoxate/boltz/comparison.csv
