ligand SMILES (from runs/octinoxate/ligand.xyz): CCCC[C@H](CC)OC(=O)/C=C/c1ccc(OC)cc1
20 sequences to co-fold

[1/20] RYGLSGIKWDKSFEGDGGE (19 residues)
  pIC50 6.78, dG -9.25 kcal/mol, binder probability 0.63
[2/20] FEGDSIWDKGRYGLEGS (17 residues)
  pIC50 6.64, dG -9.06 kcal/mol, binder probability 0.67
[3/20] KIDEFSIGDKGWGEGLGYGLS (21 residues)
  pIC50 6.45, dG -8.80 kcal/mol, binder probability 0.50
[4/20] DKSIFEDIKWGEGLGYGLS (19 residues)
  pIC50 6.76, dG -9.23 kcal/mol, binder probability 0.68
[5/20] FEGKDWISGGRYGL (14 residues)
  pIC50 6.60, dG -9.00 kcal/mol, binder probability 0.68
[6/20] RYGLGEFSDWKI: already done, skipping
[7/20] IDELGKGWKISGSLGYEGGF (20 residues)
  pIC50 6.55, dG -8.94 kcal/mol, binder probability 0.60
[8/20] YELFISWDKGRGGSGEY (17 residues)
  pIC50 6.48, dG -8.84 kcal/mol, binder probability 0.49
[9/20] EFIISLDEGFGWGLGKGGGGYS (22 residues)
  pIC50 6.53, dG -8.90 kcal/mol, binder probability 0.47
[10/20] KIGEFSDLGYGGGW (14 residues)
  pIC50 6.77, dG -9.24 kcal/mol, binder probability 0.58
[11/20] DLFEYGGIKWGS (12 residues)
  pIC50 7.18, dG -9.79 kcal/mol, binder probability 0.78
[12/20] IDELGSFKWGGGGY (14 residues)
  pIC50 6.90, dG -9.41 kcal/mol, binder probability 0.56
[13/20] LSFIKGYSWEEGKGGGL (17 residues)
  pIC50 6.36, dG -8.68 kcal/mol, binder probability 0.39
[14/20] YELFISWDKGR (11 residues)
  pIC50 7.02, dG -9.57 kcal/mol, binder probability 0.74
[15/20] WSDKGEGFGEYRLGGW (16 residues)
  pIC50 6.61, dG -9.02 kcal/mol, binder probability 0.43
[16/20] SLWYGKGDGFLGYSGEGGR (19 residues)
  pIC50 6.75, dG -9.21 kcal/mol, binder probability 0.62
[17/20] EGKGLISDGWGFGGGY (16 residues)
  pIC50 6.64, dG -9.05 kcal/mol, binder probability 0.73
[18/20] LSFIGYWEGK (10 residues)
  pIC50 7.21, dG -9.84 kcal/mol, binder probability 0.83
[19/20] WSDKGEGFGYRL (12 residues)
  pIC50 6.79, dG -9.26 kcal/mol, binder probability 0.52
[20/20] SLWYGKGDGFGRGGE (15 residues)
  pIC50 6.82, dG -9.31 kcal/mol, binder probability 0.53

20 sequences compared; Spearman rank correlation (fragment IE vs Boltz pIC50): -0.31
Results in runs/octinoxate/boltz/comparison.csv
