START Mon 28 Sep 2026 10:46:31 BST
Seed set to 0
Preprocessing inputs...
YAML:   0%|          | 0/11 [00:00<?, ?it/s]YAML:   9%|▉         | 1/11 [00:06<01:03,  6.39s/it]YAML: 100%|██████████| 11/11 [00:06<00:00,  2.33it/s]YAML: 100%|██████████| 11/11 [00:06<00:00,  1.69it/s]
Generating ESM embeddings...
Loading weights:   0%|          | 0/539 [00:00<?, ?it/s]Loading weights: 100%|██████████| 539/539 [00:00<00:00, 6887.91it/s]
ESM:   0%|          | 0/1 [00:00<?, ?it/s]ESM: 100%|██████████| 1/1 [00:04<00:00,  4.42s/it]ESM: 100%|██████████| 1/1 [00:04<00:00,  4.42s/it]
Loading model weights from /Users/cafierom/python_mac/nesso/.cache/huggingface/models--recursionpharma--nesso/snapshots/1896c84c7186c506c7efd79051480809d51098bf/v1.0.0...
Using bfloat16 Automatic Mixed Precision (AMP)
GPU available: True (mps), used: True
TPU available: False, using: 0 TPU cores
💡 Tip: For seamless cloud logging and experiment tracking, try installing [litlogger](https://pypi.org/project/litlogger/) to enable LitLogger, which logs metrics and artifacts automatically to the Lightning Experiments platform.
Running predictions...
/Users/cafierom/python_mac/nesso/.venv/lib/python3.12/site-packages/lightning/pytorch/utilities/_pytree.py:21: `isinstance(treespec, LeafSpec)` is deprecated, use `isinstance(treespec, TreeSpec) and treespec.is_leaf()` instead.
/Users/cafierom/python_mac/nesso/.venv/lib/python3.12/site-packages/lightning/pytorch/trainer/connectors/data_connector.py:429: Consider setting `persistent_workers=True` in 'predict_dataloader' to speed up the dataloader worker initialization.
/Users/cafierom/python_mac/nesso/.venv/lib/python3.12/site-packages/torch/utils/data/dataloader.py:1102: UserWarning: 'pin_memory' argument is set as true but not supported on MPS now, device pinned memory won't be used.
  super().__init__(loader)
/Users/cafierom/python_mac/nesso/.venv/lib/python3.12/site-packages/lightning/pytorch/trainer/connectors/data_connector.py:378: You have overridden `transfer_batch_to_device` in `LightningModule` but have passed in a `LightningDataModule`. It will use the implementation from `LightningModule` instance.
Number of failed examples: 0
Predicting ━━━━━━━━━━━━━━━━━━━━━━━━━━━━━━━━━━━━ 1/1 0:00:02 • 0:00:00 0.00it/s 
Done! Predictions saved to /Users/cafierom/python_mac/peptidebuilder/runs/octinoxate/nesso/predictions
END Mon 28 Sep 2026 10:47:08 BST
