#################################################################
# If you used AutoDock Vina in your work, please cite:          #
#                                                               #
# O. Trott, A. J. Olson,                                        #
# AutoDock Vina: improving the speed and accuracy of docking    #
# with a new scoring function, efficient optimization and       #
# multithreading, Journal of Computational Chemistry 31 (2010)  #
# 455-461                                                       #
#                                                               #
# DOI 10.1002/jcc.21334                                         #
#                                                               #
# Please see http://vina.scripps.edu for more information.      #
#################################################################

Detected 6 CPUs
Reading input ... done.
Setting up the scoring function ... done.
Analyzing the binding site ... done.
Using random seed: 42
Performing search ... done.
Refining results ... done.

mode |   affinity | dist from best mode
     | (kcal/mol) | rmsd l.b.| rmsd u.b.
-----+------------+----------+----------
   1         -4.6      0.000      0.000
   2         -4.5      3.223      4.616
   3         -4.5      1.643      2.796
   4         -4.2      1.649      5.872
   5         -4.1      2.052      5.966
   6         -4.1      2.723      4.097
   7         -4.1      2.634      6.445
   8         -4.1      2.436      6.233
   9         -4.1      2.614      4.153
Writing output ... done.
