#################################################################
# If you used AutoDock Vina in your work, please cite:          #
#                                                               #
# O. Trott, A. J. Olson,                                        #
# AutoDock Vina: improving the speed and accuracy of docking    #
# with a new scoring function, efficient optimization and       #
# multithreading, Journal of Computational Chemistry 31 (2010)  #
# 455-461                                                       #
#                                                               #
# DOI 10.1002/jcc.21334                                         #
#                                                               #
# Please see http://vina.scripps.edu for more information.      #
#################################################################

Detected 6 CPUs
Reading input ... done.
Setting up the scoring function ... done.
Analyzing the binding site ... done.
Using random seed: 42
Performing search ... done.
Refining results ... done.

mode |   affinity | dist from best mode
     | (kcal/mol) | rmsd l.b.| rmsd u.b.
-----+------------+----------+----------
   1         -4.5      0.000      0.000
   2         -4.5     10.998     13.671
   3         -4.4      1.189      2.201
   4         -4.3     10.659     13.177
   5         -4.2      1.699      2.960
   6         -4.2     12.258     14.591
   7         -4.2      1.840      6.155
   8         -4.2      2.747      3.595
   9         -4.0      5.800      8.359
Writing output ... done.
