Wed 30 Sep 2026 17:06:57 BST
### s3_orig_f12_dock1: 20 ns on the docked pose
[run] restraining 203 protein heavy atoms
[run] OpenCL(single) can't run restrained equilibration; equilibrating on CPU, producing on OpenCL
[run] minimizing ...
[run] equilibrating 5000 steps (restraints on) on CPU ...
[run] production 10000000 steps (restraints off) on OpenCL ...
[run] done. trajectory: runs/octinoxate/md/s3_orig_f12_dock1/prod_20ns/traj.dcd  final: runs/octinoxate/md/s3_orig_f12_dock1/prod_20ns/final.pdb
RUN_EXIT=0
Wed 30 Sep 2026 21:20:13 BST
[analyze] wrote wrapped/centered solute trajectory (421 atoms, 20000 frames) -> runs/octinoxate/md/s3_orig_f12_dock1/prod_20ns/traj_wrapped.xtc (+ traj_wrapped.pdb topology)
[analyze] 20000 frames. protein CA RMSD 0.480 nm, ligand RMSD 4.163 nm (vs frame 0). -> runs/octinoxate/md/s3_orig_f12_dock1/prod_20ns/analysis.png
dcdplugin) detected standard 32-bit DCD file of native endianness
dcdplugin) CHARMM format DCD file (also NAMD 2.1 and later)
ANALYZE_EXIT=0
/Users/cafierom/miniforge3/envs/openmm-md/lib/python3.11/site-packages/mdtraj/formats/netcdf.py:154: UserWarning: Warning: The 'netCDF4' Python package is not installed. MDTraj is using the 'scipy' implementation to read and write netCDF files,which can be significantly slower.
For improved performance, consider installing netCDF4. See installation instructions at:
https://unidata.github.io/netcdf4-python/#quick-install
  warnings.warn(warning_message)
[build] hetero discovery (resname | HETNAM | min dist to ligand | action):
[mmgbsa] cofactor residues to re-add: 0 ([])
[mmgbsa] solute modeller: 421 atoms
[mmgbsa] prmtop + inpcrd -> mmgbsa/complex.prmtop (421 atoms, radii=['H(N)-modified Bondi radii (mbondi2)'])
[mmgbsa] receptor + ligand prmtops -> mmgbsa/receptor.prmtop, mmgbsa/ligand.prmtop
[mmgbsa] trajectory -> mmgbsa/traj.nc (421 atoms, 20000 frames)
[mmgbsa] MMPBSA.py input -> mmgbsa/mmgbsa.in
[mmgbsa] prmtop atoms: 421; ligand residue present: True
[mmgbsa] MMPBSA.py done -> mmgbsa/FINAL_RESULTS_MMPBSA.dat
MMGBSA_EXIT=0
Wed 30 Sep 2026 21:28:11 BST

=== runs/octinoxate/md/s3_orig_f12_dock1/prod_20ns
20000 frames, 203 peptide / 20 ligand heavy atoms
     ns  contacts   sep A  pep Rg
    2.0      42.6    5.60    9.08
    4.0      49.2    5.28    8.88
    6.0      46.4    5.62    8.78
    8.0      38.7    6.66    8.98
   10.0      30.6    7.05    9.73
   12.0      36.2    8.37    9.20
   14.0      38.3    7.43    8.91
   16.0      31.9    8.06    9.36
   18.0      34.0    7.55    9.41
   20.0      41.5    6.49    9.34
whole run: contacts 42.6 -> 41.5 (mean 38.9), separation 5.6 -> 6.49 A (max 11.35), closest heavy-atom approach 2.46 A
  residence within 10 A: 98.7% of the run
  release (at 10.0 ps spacing): 0 frames (0.0%) in 0 episodes, longest 0.0 ps, 0.0 ns detached, 0% of it in the second half

wrote runs/octinoxate/md/s3_orig_f12_dock1/md_contacts.csv

=== runs/octinoxate/md/s3_orig_f12_dock1/prod_20ns
  20000 frames total; window 18.0-20.0 ns
  runs/octinoxate/md/s3_orig_f12_dock1/prod_20ns/frames_last.pdb  (10 models)
  runs/octinoxate/md/s3_orig_f12_dock1/prod_20ns/frame_medoid.pdb  (frame at 18.79 ns, 1.15 A from the window mean; window spread 1.92 A)

in PyMOL, for the ensemble:
  load frames_last.pdb, ens
  set all_states, on
  hide everything; show cartoon, polymer; show sticks, not polymer
  color grey70, polymer; color red, not polymer

or for a single clean frame:
  load frame_medoid.pdb, best
DONE s3_orig_f12_dock1
Wed 30 Sep 2026 21:28:19 BST
./code/run_dock_pose_md.sh:93: parse error near `)'
