[5 ns] waiting for the run to pass 6 ns
[5 ns] starting Wed 30 Sep 2026 18:27:37 BST, step 3075000, System-wide memory free percentage: 30%
6151 frames on disk over 6.15 ns written (1000.0 frames/ns)
5.0 ns window: kept 5000 frames = 5.00 ns -> runs/octinoxate/md/s3_orig_f12_dock1/first_5ns/traj.dcd
dcdplugin) detected standard 32-bit DCD file of native endianness
dcdplugin) CHARMM format DCD file (also NAMD 2.1 and later)
dcdplugin) detected standard 32-bit DCD file of native endianness
dcdplugin) CHARMM format DCD file (also NAMD 2.1 and later)
[analyze] wrote wrapped/centered solute trajectory (421 atoms, 5000 frames) -> runs/octinoxate/md/s3_orig_f12_dock1/first_5ns/traj_wrapped.xtc (+ traj_wrapped.pdb topology)
[analyze] 5000 frames. protein CA RMSD 0.395 nm, ligand RMSD 4.297 nm (vs frame 0). -> runs/octinoxate/md/s3_orig_f12_dock1/first_5ns/analysis.png
dcdplugin) detected standard 32-bit DCD file of native endianness
dcdplugin) CHARMM format DCD file (also NAMD 2.1 and later)
/Users/cafierom/miniforge3/envs/openmm-md/lib/python3.11/site-packages/mdtraj/formats/netcdf.py:154: UserWarning: Warning: The 'netCDF4' Python package is not installed. MDTraj is using the 'scipy' implementation to read and write netCDF files,which can be significantly slower.
For improved performance, consider installing netCDF4. See installation instructions at:
https://unidata.github.io/netcdf4-python/#quick-install
  warnings.warn(warning_message)
[build] hetero discovery (resname | HETNAM | min dist to ligand | action):
[mmgbsa] cofactor residues to re-add: 0 ([])
[mmgbsa] solute modeller: 421 atoms
[mmgbsa] prmtop + inpcrd -> mmgbsa/complex.prmtop (421 atoms, radii=['H(N)-modified Bondi radii (mbondi2)'])
[mmgbsa] receptor + ligand prmtops -> mmgbsa/receptor.prmtop, mmgbsa/ligand.prmtop
[mmgbsa] trajectory -> mmgbsa/traj.nc (421 atoms, 5000 frames)
[mmgbsa] MMPBSA.py input -> mmgbsa/mmgbsa.in
[mmgbsa] prmtop atoms: 421; ligand residue present: True
[mmgbsa] MMPBSA.py done -> mmgbsa/FINAL_RESULTS_MMPBSA.dat
[5 ns] done Wed 30 Sep 2026 18:32:58 BST, System-wide memory free percentage: 34%
DELTA G solv                15.5676                4.7718              0.0675

DELTA TOTAL                -27.0048                3.7384              0.0529


-------------------------------------------------------------------------------
[10 ns] waiting for the run to pass 11 ns
[10 ns] starting Wed 30 Sep 2026 19:28:59 BST, step 5566500, System-wide memory free percentage: 31%
11134 frames on disk over 11.13 ns written (1000.0 frames/ns)
10.0 ns window: kept 10000 frames = 10.00 ns -> runs/octinoxate/md/s3_orig_f12_dock1/first_10ns/traj.dcd
dcdplugin) detected standard 32-bit DCD file of native endianness
dcdplugin) CHARMM format DCD file (also NAMD 2.1 and later)
dcdplugin) detected standard 32-bit DCD file of native endianness
dcdplugin) CHARMM format DCD file (also NAMD 2.1 and later)
[analyze] wrote wrapped/centered solute trajectory (421 atoms, 10000 frames) -> runs/octinoxate/md/s3_orig_f12_dock1/first_10ns/traj_wrapped.xtc (+ traj_wrapped.pdb topology)
[analyze] 10000 frames. protein CA RMSD 0.437 nm, ligand RMSD 4.493 nm (vs frame 0). -> runs/octinoxate/md/s3_orig_f12_dock1/first_10ns/analysis.png
dcdplugin) detected standard 32-bit DCD file of native endianness
dcdplugin) CHARMM format DCD file (also NAMD 2.1 and later)
/Users/cafierom/miniforge3/envs/openmm-md/lib/python3.11/site-packages/mdtraj/formats/netcdf.py:154: UserWarning: Warning: The 'netCDF4' Python package is not installed. MDTraj is using the 'scipy' implementation to read and write netCDF files,which can be significantly slower.
For improved performance, consider installing netCDF4. See installation instructions at:
https://unidata.github.io/netcdf4-python/#quick-install
  warnings.warn(warning_message)
[build] hetero discovery (resname | HETNAM | min dist to ligand | action):
[mmgbsa] cofactor residues to re-add: 0 ([])
[mmgbsa] solute modeller: 421 atoms
[mmgbsa] prmtop + inpcrd -> mmgbsa/complex.prmtop (421 atoms, radii=['H(N)-modified Bondi radii (mbondi2)'])
[mmgbsa] receptor + ligand prmtops -> mmgbsa/receptor.prmtop, mmgbsa/ligand.prmtop
[mmgbsa] trajectory -> mmgbsa/traj.nc (421 atoms, 10000 frames)
[mmgbsa] MMPBSA.py input -> mmgbsa/mmgbsa.in
[mmgbsa] prmtop atoms: 421; ligand residue present: True
[mmgbsa] MMPBSA.py done -> mmgbsa/FINAL_RESULTS_MMPBSA.dat
[10 ns] done Wed 30 Sep 2026 19:37:33 BST, System-wide memory free percentage: 44%
DELTA G solv                13.2924                4.9468              0.0495

DELTA TOTAL                -24.0401                5.0098              0.0501


-------------------------------------------------------------------------------
[15 ns] waiting for the run to pass 16 ns
[15 ns] starting Wed 30 Sep 2026 20:29:34 BST, step 8015000, System-wide memory free percentage: 32%
16030 frames on disk over 16.03 ns written (1000.0 frames/ns)
15.0 ns window: kept 15000 frames = 15.00 ns -> runs/octinoxate/md/s3_orig_f12_dock1/first_15ns/traj.dcd
dcdplugin) detected standard 32-bit DCD file of native endianness
dcdplugin) CHARMM format DCD file (also NAMD 2.1 and later)
dcdplugin) detected standard 32-bit DCD file of native endianness
dcdplugin) CHARMM format DCD file (also NAMD 2.1 and later)
[analyze] wrote wrapped/centered solute trajectory (421 atoms, 15000 frames) -> runs/octinoxate/md/s3_orig_f12_dock1/first_15ns/traj_wrapped.xtc (+ traj_wrapped.pdb topology)
[analyze] 15000 frames. protein CA RMSD 0.479 nm, ligand RMSD 4.642 nm (vs frame 0). -> runs/octinoxate/md/s3_orig_f12_dock1/first_15ns/analysis.png
dcdplugin) detected standard 32-bit DCD file of native endianness
dcdplugin) CHARMM format DCD file (also NAMD 2.1 and later)
/Users/cafierom/miniforge3/envs/openmm-md/lib/python3.11/site-packages/mdtraj/formats/netcdf.py:154: UserWarning: Warning: The 'netCDF4' Python package is not installed. MDTraj is using the 'scipy' implementation to read and write netCDF files,which can be significantly slower.
For improved performance, consider installing netCDF4. See installation instructions at:
https://unidata.github.io/netcdf4-python/#quick-install
  warnings.warn(warning_message)
[build] hetero discovery (resname | HETNAM | min dist to ligand | action):
[mmgbsa] cofactor residues to re-add: 0 ([])
[mmgbsa] solute modeller: 421 atoms
[mmgbsa] prmtop + inpcrd -> mmgbsa/complex.prmtop (421 atoms, radii=['H(N)-modified Bondi radii (mbondi2)'])
[mmgbsa] receptor + ligand prmtops -> mmgbsa/receptor.prmtop, mmgbsa/ligand.prmtop
[mmgbsa] trajectory -> mmgbsa/traj.nc (421 atoms, 15000 frames)
[mmgbsa] MMPBSA.py input -> mmgbsa/mmgbsa.in
[mmgbsa] prmtop atoms: 421; ligand residue present: True
[mmgbsa] MMPBSA.py done -> mmgbsa/FINAL_RESULTS_MMPBSA.dat
[15 ns] done Wed 30 Sep 2026 20:41:13 BST, System-wide memory free percentage: 52%
DELTA G solv                12.6198                4.5626              0.0373

DELTA TOTAL                -21.7571                5.5796              0.0456


-------------------------------------------------------------------------------
WINDOWS_LIVE_DONE[s3_orig_f12_dock1]
