=== esmfold octinoxate/bg33_1 (12:44:25)
✓ Initialized. View run at 
https://modal.com/apps/mauriciocafiero/main/ap-XVjmQUGmXtw4UUAuvfiFua
✓ Created objects.
├── 🔨 Created mount /Users/cafierom/python_mac/fold/src/fold/esmfold_app.py
├── 🔨 Created mount PythonPackage:fold
└── 🔨 Created function fold_sequence.
folding 33-residue sequence on Modal (A10G) ...
Warning: You are sending unauthenticated requests to the HF Hub. Please set a HF_TOKEN to enable higher rate limits and faster downloads.

[1ALoading weights:   0%|          | 0/4498 [00:00<?, ?it/s]
[1ALoading weights:   0%|          | 18/4498 [00:01<05:32, 13.47it/s]
[1ALoading weights:  19%|█▊        | 838/4498 [00:01<00:04, 804.25it/s]
[1ALoading weights:  37%|███▋      | 1668/4498 [00:01<00:01, 1713.14it/s]
[1ALoading weights: 100%|██████████| 4498/4498 [00:01<00:00, 2787.45it/s]
[transformers] [1mEsmForProteinFolding LOAD REPORT[0m from: facebook/esmfold_v1
Key                                | Status  | 
-----------------------------------+---------+-
esm.contact_head.regression.weight | MISSING | 
esm.contact_head.regression.bias   | MISSING | 

Notes:
- MISSING:      those params were newly initialized because missing from the checkpoint. Consider training on your downstream task.
wrote /Users/cafierom/python_mac/peptidebuilder/runs/octinoxate/folds/esmfold/bg33_1.pdb
Stopping app - local entrypoint completed.
✓ App completed. View run at 
https://modal.com/apps/mauriciocafiero/main/ap-XVjmQUGmXtw4UUAuvfiFua
--- esmfold octinoxate/bg33_1 exit 0 (12:44:53)
=== esmfold octinoxate/bg33_2 (12:44:58)
✓ Initialized. View run at 
https://modal.com/apps/mauriciocafiero/main/ap-ZfDvBwEAFme6nZ14XsVBvZ
✓ Created objects.
├── 🔨 Created mount /Users/cafierom/python_mac/fold/src/fold/esmfold_app.py
├── 🔨 Created mount PythonPackage:fold
└── 🔨 Created function fold_sequence.
folding 33-residue sequence on Modal (A10G) ...
Warning: You are sending unauthenticated requests to the HF Hub. Please set a HF_TOKEN to enable higher rate limits and faster downloads.

[1ALoading weights:   0%|          | 0/4498 [00:00<?, ?it/s]
[1ALoading weights:   0%|          | 18/4498 [00:01<05:30, 13.55it/s]
[1ALoading weights:  17%|█▋        | 786/4498 [00:01<00:04, 758.09it/s]
[1ALoading weights:  85%|████████▍ | 3808/4498 [00:01<00:00, 4347.54it/s]Loading weights: 100%|██████████| 4498/4498 [00:01<00:00, 2905.81it/s]
[transformers] [1mEsmForProteinFolding LOAD REPORT[0m from: facebook/esmfold_v1
Key                                | Status  | 
-----------------------------------+---------+-
esm.contact_head.regression.weight | MISSING | 
esm.contact_head.regression.bias   | MISSING | 

Notes:
- MISSING:      those params were newly initialized because missing from the checkpoint. Consider training on your downstream task.
wrote /Users/cafierom/python_mac/peptidebuilder/runs/octinoxate/folds/esmfold/bg33_2.pdb
Stopping app - local entrypoint completed.
✓ App completed. View run at 
https://modal.com/apps/mauriciocafiero/main/ap-ZfDvBwEAFme6nZ14XsVBvZ
--- esmfold octinoxate/bg33_2 exit 0 (12:45:23)
=== esmfold octinoxate/bg33_3 (12:45:28)
✓ Initialized. View run at 
https://modal.com/apps/mauriciocafiero/main/ap-d3ZovcQdgpgzFKATNwsF6i
✓ Created objects.
├── 🔨 Created mount /Users/cafierom/python_mac/fold/src/fold/esmfold_app.py
├── 🔨 Created mount PythonPackage:fold
└── 🔨 Created function fold_sequence.
folding 33-residue sequence on Modal (A10G) ...
Warning: You are sending unauthenticated requests to the HF Hub. Please set a HF_TOKEN to enable higher rate limits and faster downloads.

[1ALoading weights:   0%|          | 0/4498 [00:00<?, ?it/s]
[1ALoading weights:   0%|          | 18/4498 [00:01<06:03, 12.33it/s]
[1ALoading weights:  17%|█▋        | 762/4498 [00:01<00:05, 674.22it/s]
[1ALoading weights:  27%|██▋       | 1200/4498 [00:01<00:03, 1088.75it/s]
[1ALoading weights: 100%|██████████| 4498/4498 [00:01<00:00, 2557.94it/s]
[transformers] [1mEsmForProteinFolding LOAD REPORT[0m from: facebook/esmfold_v1
Key                                | Status  | 
-----------------------------------+---------+-
esm.contact_head.regression.bias   | MISSING | 
esm.contact_head.regression.weight | MISSING | 

Notes:
- MISSING:      those params were newly initialized because missing from the checkpoint. Consider training on your downstream task.
wrote /Users/cafierom/python_mac/peptidebuilder/runs/octinoxate/folds/esmfold/bg33_3.pdb
Stopping app - local entrypoint completed.
✓ App completed. View run at 
https://modal.com/apps/mauriciocafiero/main/ap-d3ZovcQdgpgzFKATNwsF6i
--- esmfold octinoxate/bg33_3 exit 0 (12:45:53)
=== esmfold octinoxate/bg33_4 (12:45:58)
✓ Initialized. View run at 
https://modal.com/apps/mauriciocafiero/main/ap-2AffKZDdDxT6RhhUVqK5vN
✓ Created objects.
├── 🔨 Created mount /Users/cafierom/python_mac/fold/src/fold/esmfold_app.py
├── 🔨 Created mount PythonPackage:fold
└── 🔨 Created function fold_sequence.
folding 33-residue sequence on Modal (A10G) ...
Warning: You are sending unauthenticated requests to the HF Hub. Please set a HF_TOKEN to enable higher rate limits and faster downloads.

[1ALoading weights:   0%|          | 0/4498 [00:00<?, ?it/s]
[1ALoading weights:   0%|          | 18/4498 [00:02<09:57,  7.49it/s]
[1ALoading weights:  14%|█▎        | 613/4498 [00:02<00:11, 341.02it/s]
[1ALoading weights:  21%|██▏       | 963/4498 [00:02<00:06, 553.30it/s]
[1ALoading weights:  81%|████████▏ | 3665/4498 [00:02<00:00, 3001.81it/s]
[1ALoading weights: 100%|██████████| 4498/4498 [00:02<00:00, 1613.64it/s]
[transformers] [1mEsmForProteinFolding LOAD REPORT[0m from: facebook/esmfold_v1
Key                                | Status  | 
-----------------------------------+---------+-
esm.contact_head.regression.bias   | MISSING | 
esm.contact_head.regression.weight | MISSING | 

Notes:
- MISSING:      those params were newly initialized because missing from the checkpoint. Consider training on your downstream task.
wrote /Users/cafierom/python_mac/peptidebuilder/runs/octinoxate/folds/esmfold/bg33_4.pdb
Stopping app - local entrypoint completed.
✓ App completed. View run at 
https://modal.com/apps/mauriciocafiero/main/ap-2AffKZDdDxT6RhhUVqK5vN
--- esmfold octinoxate/bg33_4 exit 0 (12:46:32)
=== esmfold octinoxate/orig_f12 (12:46:37)
✓ Initialized. View run at 
https://modal.com/apps/mauriciocafiero/main/ap-B3vsjt4w0wSF9QUi0102iC
✓ Created objects.
├── 🔨 Created mount /Users/cafierom/python_mac/fold/src/fold/esmfold_app.py
├── 🔨 Created mount PythonPackage:fold
└── 🔨 Created function fold_sequence.
folding 33-residue sequence on Modal (A10G) ...
Warning: You are sending unauthenticated requests to the HF Hub. Please set a HF_TOKEN to enable higher rate limits and faster downloads.

[1ALoading weights:   0%|          | 0/4498 [00:00<?, ?it/s]
[1ALoading weights:   0%|          | 18/4498 [00:01<05:37, 13.28it/s]
[1ALoading weights:  17%|█▋        | 760/4498 [00:01<00:05, 719.26it/s]
[1ALoading weights:  67%|██████▋   | 3006/4498 [00:01<00:00, 3324.78it/s]
[1ALoading weights: 100%|██████████| 4498/4498 [00:01<00:00, 2820.34it/s]
[transformers] [1mEsmForProteinFolding LOAD REPORT[0m from: facebook/esmfold_v1
Key                                | Status  | 
-----------------------------------+---------+-
esm.contact_head.regression.bias   | MISSING | 
esm.contact_head.regression.weight | MISSING | 

Notes:
- MISSING:      those params were newly initialized because missing from the checkpoint. Consider training on your downstream task.
wrote /Users/cafierom/python_mac/peptidebuilder/runs/octinoxate/folds/esmfold/orig_f12.pdb
Stopping app - local entrypoint completed.
✓ App completed. View run at 
https://modal.com/apps/mauriciocafiero/main/ap-B3vsjt4w0wSF9QUi0102iC
--- esmfold octinoxate/orig_f12 exit 0 (12:47:05)
=== esmfold octinoxate/s2_esm2_control (12:47:10)
✓ Initialized. View run at 
https://modal.com/apps/mauriciocafiero/main/ap-8dcShwx2IVWq45lCA8tWg7
✓ Created objects.
├── 🔨 Created mount /Users/cafierom/python_mac/fold/src/fold/esmfold_app.py
├── 🔨 Created mount PythonPackage:fold
└── 🔨 Created function fold_sequence.
folding 33-residue sequence on Modal (A10G) ...
Warning: You are sending unauthenticated requests to the HF Hub. Please set a HF_TOKEN to enable higher rate limits and faster downloads.

[1ALoading weights:   0%|          | 0/4498 [00:00<?, ?it/s]
[1ALoading weights:   0%|          | 18/4498 [00:01<06:04, 12.30it/s]
[1ALoading weights:  16%|█▋        | 736/4498 [00:01<00:05, 649.84it/s]
[1ALoading weights:  65%|██████▍   | 2917/4498 [00:01<00:00, 3035.41it/s]
[1ALoading weights: 100%|██████████| 4498/4498 [00:01<00:00, 2637.94it/s]
[transformers] [1mEsmForProteinFolding LOAD REPORT[0m from: facebook/esmfold_v1
Key                                | Status  | 
-----------------------------------+---------+-
esm.contact_head.regression.bias   | MISSING | 
esm.contact_head.regression.weight | MISSING | 

Notes:
- MISSING:      those params were newly initialized because missing from the checkpoint. Consider training on your downstream task.
wrote /Users/cafierom/python_mac/peptidebuilder/runs/octinoxate/folds/esmfold/s2_esm2_control.pdb
Stopping app - local entrypoint completed.
✓ App completed. View run at 
https://modal.com/apps/mauriciocafiero/main/ap-8dcShwx2IVWq45lCA8tWg7
--- esmfold octinoxate/s2_esm2_control exit 0 (12:47:33)
=== esmfold octinoxate/s3_esm2_f4 (12:47:38)
✓ Initialized. View run at 
https://modal.com/apps/mauriciocafiero/main/ap-W4zkjppxXO91STGPzoeVdx
✓ Created objects.
├── 🔨 Created mount /Users/cafierom/python_mac/fold/src/fold/esmfold_app.py
├── 🔨 Created mount PythonPackage:fold
└── 🔨 Created function fold_sequence.
folding 34-residue sequence on Modal (A10G) ...
Warning: You are sending unauthenticated requests to the HF Hub. Please set a HF_TOKEN to enable higher rate limits and faster downloads.

[1ALoading weights:   0%|          | 0/4498 [00:00<?, ?it/s]
[1ALoading weights:   0%|          | 18/4498 [00:01<05:33, 13.43it/s]
[1ALoading weights:  18%|█▊        | 791/4498 [00:01<00:04, 756.64it/s]
[1ALoading weights:  73%|███████▎  | 3304/4498 [00:01<00:00, 3704.48it/s]
[1ALoading weights: 100%|██████████| 4498/4498 [00:01<00:00, 2860.06it/s]
[transformers] [1mEsmForProteinFolding LOAD REPORT[0m from: facebook/esmfold_v1
Key                                | Status  | 
-----------------------------------+---------+-
esm.contact_head.regression.weight | MISSING | 
esm.contact_head.regression.bias   | MISSING | 

Notes:
- MISSING:      those params were newly initialized because missing from the checkpoint. Consider training on your downstream task.
wrote /Users/cafierom/python_mac/peptidebuilder/runs/octinoxate/folds/esmfold/s3_esm2_f4.pdb
Stopping app - local entrypoint completed.
✓ App completed. View run at 
https://modal.com/apps/mauriciocafiero/main/ap-W4zkjppxXO91STGPzoeVdx
--- esmfold octinoxate/s3_esm2_f4 exit 0 (12:48:04)
=== esmfold octinoxate/s3_orig_f12 (12:48:09)
✓ Initialized. View run at 
https://modal.com/apps/mauriciocafiero/main/ap-4VQJ7qduX0ZtT8j70qWD2e
✓ Created objects.
├── 🔨 Created mount /Users/cafierom/python_mac/fold/src/fold/esmfold_app.py
├── 🔨 Created mount PythonPackage:fold
└── 🔨 Created function fold_sequence.
folding 34-residue sequence on Modal (A10G) ...
Warning: You are sending unauthenticated requests to the HF Hub. Please set a HF_TOKEN to enable higher rate limits and faster downloads.

[1ALoading weights:   0%|          | 0/4498 [00:00<?, ?it/s]
[1ALoading weights:   0%|          | 18/4498 [00:01<05:44, 13.01it/s]
[1ALoading weights:  20%|██        | 901/4498 [00:01<00:04, 838.20it/s]
[1ALoading weights:  79%|███████▉  | 3547/4498 [00:01<00:00, 3859.80it/s]
[1ALoading weights: 100%|██████████| 4498/4498 [00:01<00:00, 2795.56it/s]
[transformers] [1mEsmForProteinFolding LOAD REPORT[0m from: facebook/esmfold_v1
Key                                | Status  | 
-----------------------------------+---------+-
esm.contact_head.regression.bias   | MISSING | 
esm.contact_head.regression.weight | MISSING | 

Notes:
- MISSING:      those params were newly initialized because missing from the checkpoint. Consider training on your downstream task.
wrote /Users/cafierom/python_mac/peptidebuilder/runs/octinoxate/folds/esmfold/s3_orig_f12.pdb
Stopping app - local entrypoint completed.
✓ App completed. View run at 
https://modal.com/apps/mauriciocafiero/main/ap-4VQJ7qduX0ZtT8j70qWD2e
--- esmfold octinoxate/s3_orig_f12 exit 0 (12:48:34)
=== esmfold octinoxate/shuffle_control_esm0 (12:48:39)
✓ Initialized. View run at 
https://modal.com/apps/mauriciocafiero/main/ap-UXCAZPTuChXlIusd35ZMxE
✓ Created objects.
├── 🔨 Created mount /Users/cafierom/python_mac/fold/src/fold/esmfold_app.py
├── 🔨 Created mount PythonPackage:fold
└── 🔨 Created function fold_sequence.
folding 34-residue sequence on Modal (A10G) ...
Warning: You are sending unauthenticated requests to the HF Hub. Please set a HF_TOKEN to enable higher rate limits and faster downloads.

[1ALoading weights:   0%|          | 0/4498 [00:00<?, ?it/s]
[1ALoading weights:   0%|          | 18/4498 [00:01<08:17,  9.00it/s]
[1ALoading weights:  13%|█▎        | 584/4498 [00:02<00:10, 384.62it/s]
[1ALoading weights:  20%|██        | 904/4498 [00:02<00:05, 610.55it/s]
[1ALoading weights:  81%|████████  | 3650/4498 [00:02<00:00, 3493.71it/s]
[1ALoading weights: 100%|██████████| 4498/4498 [00:02<00:00, 1898.03it/s]
[transformers] [1mEsmForProteinFolding LOAD REPORT[0m from: facebook/esmfold_v1
Key                                | Status  | 
-----------------------------------+---------+-
esm.contact_head.regression.bias   | MISSING | 
esm.contact_head.regression.weight | MISSING | 

Notes:
- MISSING:      those params were newly initialized because missing from the checkpoint. Consider training on your downstream task.
wrote /Users/cafierom/python_mac/peptidebuilder/runs/octinoxate/folds/esmfold/shuffle_control_esm0.pdb
Stopping app - local entrypoint completed.
✓ App completed. View run at 
https://modal.com/apps/mauriciocafiero/main/ap-UXCAZPTuChXlIusd35ZMxE
--- esmfold octinoxate/shuffle_control_esm0 exit 0 (12:49:09)
=== esmfold octinoxate/shuffle_control (12:49:14)
✓ Initialized. View run at 
https://modal.com/apps/mauriciocafiero/main/ap-i61agz9wbtz7QFBMkr8FgS
✓ Created objects.
├── 🔨 Created mount /Users/cafierom/python_mac/fold/src/fold/esmfold_app.py
├── 🔨 Created mount PythonPackage:fold
└── 🔨 Created function fold_sequence.
folding 34-residue sequence on Modal (A10G) ...
Warning: You are sending unauthenticated requests to the HF Hub. Please set a HF_TOKEN to enable higher rate limits and faster downloads.

[1ALoading weights:   0%|          | 0/4498 [00:00<?, ?it/s]
[1ALoading weights:   0%|          | 18/4498 [00:01<05:37, 13.27it/s]
[1ALoading weights:  17%|█▋        | 750/4498 [00:01<00:05, 709.66it/s]
[1ALoading weights:  60%|██████    | 2721/4498 [00:01<00:00, 2986.51it/s]
[1ALoading weights: 100%|██████████| 4498/4498 [00:01<00:00, 2805.85it/s]
[transformers] [1mEsmForProteinFolding LOAD REPORT[0m from: facebook/esmfold_v1
Key                                | Status  | 
-----------------------------------+---------+-
esm.contact_head.regression.bias   | MISSING | 
esm.contact_head.regression.weight | MISSING | 

Notes:
- MISSING:      those params were newly initialized because missing from the checkpoint. Consider training on your downstream task.
wrote /Users/cafierom/python_mac/peptidebuilder/runs/octinoxate/folds/esmfold/shuffle_control.pdb
Stopping app - local entrypoint completed.
✓ App completed. View run at 
https://modal.com/apps/mauriciocafiero/main/ap-i61agz9wbtz7QFBMkr8FgS
--- esmfold octinoxate/shuffle_control exit 0 (12:50:35)
