=== of3apo octinoxate/bg33_1 (17:00:51)
✓ Initialized. View run at 
https://modal.com/apps/mauriciocafiero/main/ap-FmuxFsbS7NAe3r5i5CYoi3
✓ Created objects.
├── 🔨 Created mount /Users/cafierom/python_mac/fold/src/fold/app.py
├── 🔨 Created mount PythonPackage:fold
└── 🔨 Created function predict.
submitting bg33_1_apo on A10G ...

==========
== CUDA ==
==========

CUDA Version 12.1.1

Container image Copyright (c) 2016-2023, NVIDIA CORPORATION & AFFILIATES. All rights reserved.

This container image and its contents are governed by the NVIDIA Deep Learning Container License.
By pulling and using the container, you accept the terms and conditions of this license:
https://developer.nvidia.com/ngc/nvidia-deep-learning-container-license

A copy of this license is made available in this container at /NGC-DL-CONTAINER-LICENSE for your convenience.

weights already cached at /cache/of3-ob-2025-06-30-174k.pt (2287872989 bytes)
running: run_openfold predict --query_json=/tmp/bg33_1_apo_query.json --output_dir=/outputs/bg33_1_apo --inference_ckpt_path=/cache/of3-ob-2025-06-30-174k.pt --use_msa_server=true --use_templates=false
[93m [WARNING] [0m Please pip install nvidia-cutlass
Submitting 1 sequences to the Colabfold MSA server for main MSAs...
No complexes found for paired MSA generation. Skipping...

Predicting: |          | 0/? [00:00<?, ?s/it]
Predicting: |          | 0/? [00:00<?, ?s/it]
Predicting DataLoader 0:   0%|          | 0/1 [00:00<?, ?s/it]
Predicting DataLoader 0: 100%|██████████| 1/1 [00:23<00:00, 23.57s/it]
Predicting DataLoader 0: 100%|██████████| 1/1 [00:23<00:00, 23.63s/it][93m [WARNING] [0m Please pip install nvidia-cutlass
[93m [WARNING] [0m Please pip install nvidia-cutlass
[93m [WARNING] [0m Please pip install nvidia-cutlass
[93m [WARNING] [0m Please pip install nvidia-cutlass
[93m [WARNING] [0m Please pip install nvidia-cutlass
[93m [WARNING] [0m Please pip install nvidia-cutlass
[93m [WARNING] [0m Please pip install nvidia-cutlass
[93m [WARNING] [0m Please pip install nvidia-cutlass
[93m [WARNING] [0m Please pip install nvidia-cutlass
[93m [WARNING] [0m Please pip install nvidia-cutlass


==================================================
    PREDICTION SUMMARY (COMPLETE)    
==================================================
Total Queries Processed: 1
  - Successful Queries:  1
  - Failed Queries:      0
==================================================

Removing empty log directory...

GPU available: True (cuda), used: True
TPU available: False, using: 0 TPU cores
💡 Tip: For seamless cloud logging and experiment tracking, try installing [litlogger](https://pypi.org/project/litlogger/) to enable LitLogger, which logs metrics and artifacts automatically to the Lightning Experiments platform.
💡 Tip: For seamless cloud uploads and versioning, try installing [litmodels](https://pypi.org/project/litmodels/) to enable LitModelCheckpoint, which syncs automatically with the Lightning model registry.
WARNING:openfold3.core.data.tools.colabfold_msa_server:Using output directory: /tmp/of3-of-root/msa-root-20261009T160110546522Z-8b6e5c10 for ColabFold MSAs.

  0%|          | 0/150 [elapsed: 00:00 remaining: ?]
SUBMIT:   0%|          | 0/150 [elapsed: 00:00 remaining: ?]
COMPLETE:   0%|          | 0/150 [elapsed: 00:00 remaining: ?]
COMPLETE: 100%|██████████| 150/150 [elapsed: 00:00 remaining: 00:00]
COMPLETE: 100%|██████████| 150/150 [elapsed: 00:01 remaining: 00:00]
/opt/openfold3/openfold3/core/data/tools/colabfold_msa_server.py:401: DeprecationWarning: Python 3.14 will, by default, filter extracted tar archives and reject files or modify their metadata. Use the filter argument to control this behavior.
  tar_gz.extractall(path)
WARNING:openfold3.core.data.tools.colabfold_msa_server:Colabfold returned no templates. Proceeding without template alignments for this batch.
LOCAL_RANK: 0 - CUDA_VISIBLE_DEVICES: [0]
Seed set to 42
/opt/conda/envs/openfold3/lib/python3.12/site-packages/torch/autograd/function.py:575: UserWarning: OpenFold3 Triton evoformer kernel is running on a non-HIP backend with default, untuned Triton config (AMD MFMA / waves_per_eu tunings disabled). Correctness holds; performance is not tuned for this backend.
  return super().apply(*args, **kwargs)  # type: ignore[misc]
/opt/conda/envs/openfold3/lib/python3.12/site-packages/torch/autograd/function.py:575: UserWarning: OpenFold3 Triton evoformer kernel is running on a non-HIP backend with default, untuned Triton config (AMD MFMA / waves_per_eu tunings disabled). Correctness holds; performance is not tuned for this backend.
  return super().apply(*args, **kwargs)  # type: ignore[misc]
/opt/conda/envs/openfold3/lib/python3.12/site-packages/torch/autograd/function.py:575: UserWarning: OpenFold3 Triton evoformer kernel is running on a non-HIP backend with default, untuned Triton config (AMD MFMA / waves_per_eu tunings disabled). Correctness holds; performance is not tuned for this backend.
  return super().apply(*args, **kwargs)  # type: ignore[misc]
/opt/conda/envs/openfold3/lib/python3.12/site-packages/torch/autograd/function.py:575: UserWarning: OpenFold3 Triton evoformer kernel is running on a non-HIP backend with default, untuned Triton config (AMD MFMA / waves_per_eu tunings disabled). Correctness holds; performance is not tuned for this backend.
  return super().apply(*args, **kwargs)  # type: ignore[misc]
/opt/conda/envs/openfold3/lib/python3.12/site-packages/torch/autograd/function.py:575: UserWarning: OpenFold3 Triton evoformer kernel is running on a non-HIP backend with default, untuned Triton config (AMD MFMA / waves_per_eu tunings disabled). Correctness holds; performance is not tuned for this backend.
  return super().apply(*args, **kwargs)  # type: ignore[misc]
/opt/conda/envs/openfold3/lib/python3.12/site-packages/torch/autograd/function.py:575: UserWarning: OpenFold3 Triton evoformer kernel is running on a non-HIP backend with default, untuned Triton config (AMD MFMA / waves_per_eu tunings disabled). Correctness holds; performance is not tuned for this backend.
  return super().apply(*args, **kwargs)  # type: ignore[misc]
/opt/conda/envs/openfold3/lib/python3.12/site-packages/torch/autograd/function.py:575: UserWarning: OpenFold3 Triton evoformer kernel is running on a non-HIP backend with default, untuned Triton config (AMD MFMA / waves_per_eu tunings disabled). Correctness holds; performance is not tuned for this backend.
  return super().apply(*args, **kwargs)  # type: ignore[misc]
/opt/conda/envs/openfold3/lib/python3.12/site-packages/torch/autograd/function.py:575: UserWarning: OpenFold3 Triton evoformer kernel is running on a non-HIP backend with default, untuned Triton config (AMD MFMA / waves_per_eu tunings disabled). Correctness holds; performance is not tuned for this backend.
  return super().apply(*args, **kwargs)  # type: ignore[misc]
/opt/conda/envs/openfold3/lib/python3.12/site-packages/biotite/structure/io/pdbx/convert.py:1024: DeprecationWarning: `include_bonds` parameter is deprecated, intra-residue are always written, if available
  warnings.warn(
/opt/conda/envs/openfold3/lib/python3.12/tempfile.py:940: ResourceWarning: Implicitly cleaning up <TemporaryDirectory '/tmp/tmpc4imesnv'>
  _warnings.warn(warn_message, ResourceWarning)

wrote outputs/bg33_1_apo/experiment_config.json
wrote outputs/bg33_1_apo/inference_query_set.json
wrote outputs/bg33_1_apo/model_config.json
wrote outputs/bg33_1_apo/summary.txt
wrote outputs/bg33_1_apo/bg33_1_apo/seed_42/bg33_1_apo_seed_42_sample_1_confidences.json
wrote outputs/bg33_1_apo/bg33_1_apo/seed_42/bg33_1_apo_seed_42_sample_1_confidences_aggregated.json
wrote outputs/bg33_1_apo/bg33_1_apo/seed_42/bg33_1_apo_seed_42_sample_1_model.cif
wrote outputs/bg33_1_apo/bg33_1_apo/seed_42/bg33_1_apo_seed_42_sample_2_confidences.json
wrote outputs/bg33_1_apo/bg33_1_apo/seed_42/bg33_1_apo_seed_42_sample_2_confidences_aggregated.json
wrote outputs/bg33_1_apo/bg33_1_apo/seed_42/bg33_1_apo_seed_42_sample_2_model.cif
wrote outputs/bg33_1_apo/bg33_1_apo/seed_42/bg33_1_apo_seed_42_sample_3_confidences.json
wrote outputs/bg33_1_apo/bg33_1_apo/seed_42/bg33_1_apo_seed_42_sample_3_confidences_aggregated.json
wrote outputs/bg33_1_apo/bg33_1_apo/seed_42/bg33_1_apo_seed_42_sample_3_model.cif
wrote outputs/bg33_1_apo/bg33_1_apo/seed_42/bg33_1_apo_seed_42_sample_4_confidences.json
wrote outputs/bg33_1_apo/bg33_1_apo/seed_42/bg33_1_apo_seed_42_sample_4_confidences_aggregated.json
wrote outputs/bg33_1_apo/bg33_1_apo/seed_42/bg33_1_apo_seed_42_sample_4_model.cif
wrote outputs/bg33_1_apo/bg33_1_apo/seed_42/bg33_1_apo_seed_42_sample_5_confidences.json
wrote outputs/bg33_1_apo/bg33_1_apo/seed_42/bg33_1_apo_seed_42_sample_5_confidences_aggregated.json
wrote outputs/bg33_1_apo/bg33_1_apo/seed_42/bg33_1_apo_seed_42_sample_5_model.cif
wrote outputs/bg33_1_apo/bg33_1_apo/seed_42/timing.json
wrote outputs/bg33_1_apo/msas/msa-root-20261009T160110546522Z-8b6e5c10/main/a1f54739b1f0d206e244d5284c481507912689ddc38049f5e0ce25c837ee2b03.npz
wrote outputs/bg33_1_apo/msas/msa-root-20261009T160110546522Z-8b6e5c10/mappings/README.md
wrote outputs/bg33_1_apo/msas/msa-root-20261009T160110546522Z-8b6e5c10/mappings/chain_id_to_rep_id.json
wrote outputs/bg33_1_apo/msas/msa-root-20261009T160110546522Z-8b6e5c10/mappings/query_name_to_complex_id.json
wrote outputs/bg33_1_apo/msas/msa-root-20261009T160110546522Z-8b6e5c10/mappings/rep_id_to_seq.json
wrote outputs/bg33_1_apo/msas/msa-root-20261009T160110546522Z-8b6e5c10/mappings/seq_to_rep_id.json
wrote outputs/bg33_1_apo/msas/raw/msa-root-20261009T160110546522Z-8b6e5c10/main/bfd.mgnify30.metaeuk30.smag30.a3m
wrote outputs/bg33_1_apo/msas/raw/msa-root-20261009T160110546522Z-8b6e5c10/main/msa.sh
wrote outputs/bg33_1_apo/msas/raw/msa-root-20261009T160110546522Z-8b6e5c10/main/out.tar.gz
wrote outputs/bg33_1_apo/msas/raw/msa-root-20261009T160110546522Z-8b6e5c10/main/pdb70.m8
wrote outputs/bg33_1_apo/msas/raw/msa-root-20261009T160110546522Z-8b6e5c10/main/uniref.a3m
interface scores unavailable (need at least two chains for interface scores)
Stopping app - local entrypoint completed.
✓ App completed. View run at 
https://modal.com/apps/mauriciocafiero/main/ap-FmuxFsbS7NAe3r5i5CYoi3
wrote /Users/cafierom/python_mac/peptidebuilder/runs/octinoxate/folds/of3apo/bg33_1.pdb
--- of3apo octinoxate/bg33_1 exit 0, converted (17:02:05)
=== of3apo octinoxate/bg33_2 (17:02:10)
✓ Initialized. View run at 
https://modal.com/apps/mauriciocafiero/main/ap-ULf0ScOtzunbCbOz8PPTJQ
✓ Created objects.
├── 🔨 Created mount /Users/cafierom/python_mac/fold/src/fold/app.py
├── 🔨 Created mount PythonPackage:fold
└── 🔨 Created function predict.
submitting bg33_2_apo on A10G ...

==========
== CUDA ==
==========

CUDA Version 12.1.1

Container image Copyright (c) 2016-2023, NVIDIA CORPORATION & AFFILIATES. All rights reserved.

This container image and its contents are governed by the NVIDIA Deep Learning Container License.
By pulling and using the container, you accept the terms and conditions of this license:
https://developer.nvidia.com/ngc/nvidia-deep-learning-container-license

A copy of this license is made available in this container at /NGC-DL-CONTAINER-LICENSE for your convenience.

weights already cached at /cache/of3-ob-2025-06-30-174k.pt (2287872989 bytes)
running: run_openfold predict --query_json=/tmp/bg33_2_apo_query.json --output_dir=/outputs/bg33_2_apo --inference_ckpt_path=/cache/of3-ob-2025-06-30-174k.pt --use_msa_server=true --use_templates=false
[93m [WARNING] [0m Please pip install nvidia-cutlass
Submitting 1 sequences to the Colabfold MSA server for main MSAs...
No complexes found for paired MSA generation. Skipping...

Predicting: |          | 0/? [00:00<?, ?s/it]
Predicting: |          | 0/? [00:00<?, ?s/it]
Predicting DataLoader 0:   0%|          | 0/1 [00:00<?, ?s/it]
Predicting DataLoader 0: 100%|██████████| 1/1 [00:30<00:00, 30.33s/it]
Predicting DataLoader 0: 100%|██████████| 1/1 [00:30<00:00, 30.42s/it][93m [WARNING] [0m Please pip install nvidia-cutlass
[93m [WARNING] [0m Please pip install nvidia-cutlass
[93m [WARNING] [0m Please pip install nvidia-cutlass
[93m [WARNING] [0m Please pip install nvidia-cutlass
[93m [WARNING] [0m Please pip install nvidia-cutlass
[93m [WARNING] [0m Please pip install nvidia-cutlass
[93m [WARNING] [0m Please pip install nvidia-cutlass
[93m [WARNING] [0m Please pip install nvidia-cutlass
[93m [WARNING] [0m Please pip install nvidia-cutlass
[93m [WARNING] [0m Please pip install nvidia-cutlass


==================================================
    PREDICTION SUMMARY (COMPLETE)    
==================================================
Total Queries Processed: 1
  - Successful Queries:  1
  - Failed Queries:      0
==================================================

Removing empty log directory...

GPU available: True (cuda), used: True
TPU available: False, using: 0 TPU cores
💡 Tip: For seamless cloud logging and experiment tracking, try installing [litlogger](https://pypi.org/project/litlogger/) to enable LitLogger, which logs metrics and artifacts automatically to the Lightning Experiments platform.
💡 Tip: For seamless cloud uploads and versioning, try installing [litmodels](https://pypi.org/project/litmodels/) to enable LitModelCheckpoint, which syncs automatically with the Lightning model registry.
WARNING:openfold3.core.data.tools.colabfold_msa_server:Using output directory: /tmp/of3-of-root/msa-root-20261009T160241495596Z-ce78430b for ColabFold MSAs.

  0%|          | 0/150 [elapsed: 00:00 remaining: ?]
SUBMIT:   0%|          | 0/150 [elapsed: 00:00 remaining: ?]
COMPLETE:   0%|          | 0/150 [elapsed: 00:00 remaining: ?]
COMPLETE: 100%|██████████| 150/150 [elapsed: 00:00 remaining: 00:00]
COMPLETE: 100%|██████████| 150/150 [elapsed: 00:00 remaining: 00:00]
/opt/openfold3/openfold3/core/data/tools/colabfold_msa_server.py:401: DeprecationWarning: Python 3.14 will, by default, filter extracted tar archives and reject files or modify their metadata. Use the filter argument to control this behavior.
  tar_gz.extractall(path)
WARNING:openfold3.core.data.tools.colabfold_msa_server:Colabfold returned no templates. Proceeding without template alignments for this batch.
LOCAL_RANK: 0 - CUDA_VISIBLE_DEVICES: [0]
Seed set to 42
/opt/conda/envs/openfold3/lib/python3.12/site-packages/torch/autograd/function.py:575: UserWarning: OpenFold3 Triton evoformer kernel is running on a non-HIP backend with default, untuned Triton config (AMD MFMA / waves_per_eu tunings disabled). Correctness holds; performance is not tuned for this backend.
  return super().apply(*args, **kwargs)  # type: ignore[misc]
/opt/conda/envs/openfold3/lib/python3.12/site-packages/torch/autograd/function.py:575: UserWarning: OpenFold3 Triton evoformer kernel is running on a non-HIP backend with default, untuned Triton config (AMD MFMA / waves_per_eu tunings disabled). Correctness holds; performance is not tuned for this backend.
  return super().apply(*args, **kwargs)  # type: ignore[misc]
/opt/conda/envs/openfold3/lib/python3.12/site-packages/torch/autograd/function.py:575: UserWarning: OpenFold3 Triton evoformer kernel is running on a non-HIP backend with default, untuned Triton config (AMD MFMA / waves_per_eu tunings disabled). Correctness holds; performance is not tuned for this backend.
  return super().apply(*args, **kwargs)  # type: ignore[misc]
/opt/conda/envs/openfold3/lib/python3.12/site-packages/torch/autograd/function.py:575: UserWarning: OpenFold3 Triton evoformer kernel is running on a non-HIP backend with default, untuned Triton config (AMD MFMA / waves_per_eu tunings disabled). Correctness holds; performance is not tuned for this backend.
  return super().apply(*args, **kwargs)  # type: ignore[misc]
/opt/conda/envs/openfold3/lib/python3.12/site-packages/torch/autograd/function.py:575: UserWarning: OpenFold3 Triton evoformer kernel is running on a non-HIP backend with default, untuned Triton config (AMD MFMA / waves_per_eu tunings disabled). Correctness holds; performance is not tuned for this backend.
  return super().apply(*args, **kwargs)  # type: ignore[misc]
/opt/conda/envs/openfold3/lib/python3.12/site-packages/torch/autograd/function.py:575: UserWarning: OpenFold3 Triton evoformer kernel is running on a non-HIP backend with default, untuned Triton config (AMD MFMA / waves_per_eu tunings disabled). Correctness holds; performance is not tuned for this backend.
  return super().apply(*args, **kwargs)  # type: ignore[misc]
/opt/conda/envs/openfold3/lib/python3.12/site-packages/torch/autograd/function.py:575: UserWarning: OpenFold3 Triton evoformer kernel is running on a non-HIP backend with default, untuned Triton config (AMD MFMA / waves_per_eu tunings disabled). Correctness holds; performance is not tuned for this backend.
  return super().apply(*args, **kwargs)  # type: ignore[misc]
/opt/conda/envs/openfold3/lib/python3.12/site-packages/torch/autograd/function.py:575: UserWarning: OpenFold3 Triton evoformer kernel is running on a non-HIP backend with default, untuned Triton config (AMD MFMA / waves_per_eu tunings disabled). Correctness holds; performance is not tuned for this backend.
  return super().apply(*args, **kwargs)  # type: ignore[misc]
/opt/conda/envs/openfold3/lib/python3.12/site-packages/biotite/structure/io/pdbx/convert.py:1024: DeprecationWarning: `include_bonds` parameter is deprecated, intra-residue are always written, if available
  warnings.warn(
/opt/conda/envs/openfold3/lib/python3.12/tempfile.py:940: ResourceWarning: Implicitly cleaning up <TemporaryDirectory '/tmp/tmp68y3jj6u'>
  _warnings.warn(warn_message, ResourceWarning)

wrote outputs/bg33_2_apo/experiment_config.json
wrote outputs/bg33_2_apo/inference_query_set.json
wrote outputs/bg33_2_apo/model_config.json
wrote outputs/bg33_2_apo/summary.txt
wrote outputs/bg33_2_apo/bg33_2_apo/seed_42/bg33_2_apo_seed_42_sample_1_confidences.json
wrote outputs/bg33_2_apo/bg33_2_apo/seed_42/bg33_2_apo_seed_42_sample_1_confidences_aggregated.json
wrote outputs/bg33_2_apo/bg33_2_apo/seed_42/bg33_2_apo_seed_42_sample_1_model.cif
wrote outputs/bg33_2_apo/bg33_2_apo/seed_42/bg33_2_apo_seed_42_sample_2_confidences.json
wrote outputs/bg33_2_apo/bg33_2_apo/seed_42/bg33_2_apo_seed_42_sample_2_confidences_aggregated.json
wrote outputs/bg33_2_apo/bg33_2_apo/seed_42/bg33_2_apo_seed_42_sample_2_model.cif
wrote outputs/bg33_2_apo/bg33_2_apo/seed_42/bg33_2_apo_seed_42_sample_3_confidences.json
wrote outputs/bg33_2_apo/bg33_2_apo/seed_42/bg33_2_apo_seed_42_sample_3_confidences_aggregated.json
wrote outputs/bg33_2_apo/bg33_2_apo/seed_42/bg33_2_apo_seed_42_sample_3_model.cif
wrote outputs/bg33_2_apo/bg33_2_apo/seed_42/bg33_2_apo_seed_42_sample_4_confidences.json
wrote outputs/bg33_2_apo/bg33_2_apo/seed_42/bg33_2_apo_seed_42_sample_4_confidences_aggregated.json
wrote outputs/bg33_2_apo/bg33_2_apo/seed_42/bg33_2_apo_seed_42_sample_4_model.cif
wrote outputs/bg33_2_apo/bg33_2_apo/seed_42/bg33_2_apo_seed_42_sample_5_confidences.json
wrote outputs/bg33_2_apo/bg33_2_apo/seed_42/bg33_2_apo_seed_42_sample_5_confidences_aggregated.json
wrote outputs/bg33_2_apo/bg33_2_apo/seed_42/bg33_2_apo_seed_42_sample_5_model.cif
wrote outputs/bg33_2_apo/bg33_2_apo/seed_42/timing.json
wrote outputs/bg33_2_apo/msas/msa-root-20261009T160241495596Z-ce78430b/main/07835f3318bdba983dfe7f11e10d33cb553c9d90685eb7f5b67175e18255aae7.npz
wrote outputs/bg33_2_apo/msas/msa-root-20261009T160241495596Z-ce78430b/mappings/README.md
wrote outputs/bg33_2_apo/msas/msa-root-20261009T160241495596Z-ce78430b/mappings/chain_id_to_rep_id.json
wrote outputs/bg33_2_apo/msas/msa-root-20261009T160241495596Z-ce78430b/mappings/query_name_to_complex_id.json
wrote outputs/bg33_2_apo/msas/msa-root-20261009T160241495596Z-ce78430b/mappings/rep_id_to_seq.json
wrote outputs/bg33_2_apo/msas/msa-root-20261009T160241495596Z-ce78430b/mappings/seq_to_rep_id.json
wrote outputs/bg33_2_apo/msas/raw/msa-root-20261009T160241495596Z-ce78430b/main/bfd.mgnify30.metaeuk30.smag30.a3m
wrote outputs/bg33_2_apo/msas/raw/msa-root-20261009T160241495596Z-ce78430b/main/msa.sh
wrote outputs/bg33_2_apo/msas/raw/msa-root-20261009T160241495596Z-ce78430b/main/out.tar.gz
wrote outputs/bg33_2_apo/msas/raw/msa-root-20261009T160241495596Z-ce78430b/main/pdb70.m8
wrote outputs/bg33_2_apo/msas/raw/msa-root-20261009T160241495596Z-ce78430b/main/uniref.a3m
interface scores unavailable (need at least two chains for interface scores)
Stopping app - local entrypoint completed.
✓ App completed. View run at 
https://modal.com/apps/mauriciocafiero/main/ap-ULf0ScOtzunbCbOz8PPTJQ
wrote /Users/cafierom/python_mac/peptidebuilder/runs/octinoxate/folds/of3apo/bg33_2.pdb
--- of3apo octinoxate/bg33_2 exit 0, converted (17:04:00)
=== of3apo octinoxate/bg33_3 (17:04:05)
✓ Initialized. View run at 
https://modal.com/apps/mauriciocafiero/main/ap-nkSSbQwWqJm5x3eH2pRITu
✓ Created objects.
├── 🔨 Created mount /Users/cafierom/python_mac/fold/src/fold/app.py
├── 🔨 Created mount PythonPackage:fold
└── 🔨 Created function predict.
submitting bg33_3_apo on A10G ...

==========
== CUDA ==
==========

CUDA Version 12.1.1

Container image Copyright (c) 2016-2023, NVIDIA CORPORATION & AFFILIATES. All rights reserved.

This container image and its contents are governed by the NVIDIA Deep Learning Container License.
By pulling and using the container, you accept the terms and conditions of this license:
https://developer.nvidia.com/ngc/nvidia-deep-learning-container-license

A copy of this license is made available in this container at /NGC-DL-CONTAINER-LICENSE for your convenience.

weights already cached at /cache/of3-ob-2025-06-30-174k.pt (2287872989 bytes)
running: run_openfold predict --query_json=/tmp/bg33_3_apo_query.json --output_dir=/outputs/bg33_3_apo --inference_ckpt_path=/cache/of3-ob-2025-06-30-174k.pt --use_msa_server=true --use_templates=false
[93m [WARNING] [0m Please pip install nvidia-cutlass
Submitting 1 sequences to the Colabfold MSA server for main MSAs...
No complexes found for paired MSA generation. Skipping...

Predicting: |          | 0/? [00:00<?, ?s/it]
Predicting: |          | 0/? [00:00<?, ?s/it]
Predicting DataLoader 0:   0%|          | 0/1 [00:00<?, ?s/it]
Predicting DataLoader 0: 100%|██████████| 1/1 [00:24<00:00, 24.83s/it]
Predicting DataLoader 0: 100%|██████████| 1/1 [00:24<00:00, 24.91s/it][93m [WARNING] [0m Please pip install nvidia-cutlass
[93m [WARNING] [0m Please pip install nvidia-cutlass
[93m [WARNING] [0m Please pip install nvidia-cutlass
[93m [WARNING] [0m Please pip install nvidia-cutlass
[93m [WARNING] [0m Please pip install nvidia-cutlass
[93m [WARNING] [0m Please pip install nvidia-cutlass
[93m [WARNING] [0m Please pip install nvidia-cutlass
[93m [WARNING] [0m Please pip install nvidia-cutlass
[93m [WARNING] [0m Please pip install nvidia-cutlass
[93m [WARNING] [0m Please pip install nvidia-cutlass


==================================================
    PREDICTION SUMMARY (COMPLETE)    
==================================================
Total Queries Processed: 1
  - Successful Queries:  1
  - Failed Queries:      0
==================================================

Removing empty log directory...

GPU available: True (cuda), used: True
TPU available: False, using: 0 TPU cores
💡 Tip: For seamless cloud logging and experiment tracking, try installing [litlogger](https://pypi.org/project/litlogger/) to enable LitLogger, which logs metrics and artifacts automatically to the Lightning Experiments platform.
💡 Tip: For seamless cloud uploads and versioning, try installing [litmodels](https://pypi.org/project/litmodels/) to enable LitModelCheckpoint, which syncs automatically with the Lightning model registry.
WARNING:openfold3.core.data.tools.colabfold_msa_server:Using output directory: /tmp/of3-of-root/msa-root-20261009T160425929920Z-2d4b06e1 for ColabFold MSAs.

  0%|          | 0/150 [elapsed: 00:00 remaining: ?]
SUBMIT:   0%|          | 0/150 [elapsed: 00:00 remaining: ?]
COMPLETE:   0%|          | 0/150 [elapsed: 00:00 remaining: ?]
COMPLETE: 100%|██████████| 150/150 [elapsed: 00:00 remaining: 00:00]
COMPLETE: 100%|██████████| 150/150 [elapsed: 00:00 remaining: 00:00]
/opt/openfold3/openfold3/core/data/tools/colabfold_msa_server.py:401: DeprecationWarning: Python 3.14 will, by default, filter extracted tar archives and reject files or modify their metadata. Use the filter argument to control this behavior.
  tar_gz.extractall(path)
WARNING:openfold3.core.data.tools.colabfold_msa_server:Colabfold returned no templates. Proceeding without template alignments for this batch.
LOCAL_RANK: 0 - CUDA_VISIBLE_DEVICES: [0]
Seed set to 42
/opt/conda/envs/openfold3/lib/python3.12/site-packages/torch/autograd/function.py:575: UserWarning: OpenFold3 Triton evoformer kernel is running on a non-HIP backend with default, untuned Triton config (AMD MFMA / waves_per_eu tunings disabled). Correctness holds; performance is not tuned for this backend.
  return super().apply(*args, **kwargs)  # type: ignore[misc]
/opt/conda/envs/openfold3/lib/python3.12/site-packages/torch/autograd/function.py:575: UserWarning: OpenFold3 Triton evoformer kernel is running on a non-HIP backend with default, untuned Triton config (AMD MFMA / waves_per_eu tunings disabled). Correctness holds; performance is not tuned for this backend.
  return super().apply(*args, **kwargs)  # type: ignore[misc]
/opt/conda/envs/openfold3/lib/python3.12/site-packages/torch/autograd/function.py:575: UserWarning: OpenFold3 Triton evoformer kernel is running on a non-HIP backend with default, untuned Triton config (AMD MFMA / waves_per_eu tunings disabled). Correctness holds; performance is not tuned for this backend.
  return super().apply(*args, **kwargs)  # type: ignore[misc]
/opt/conda/envs/openfold3/lib/python3.12/site-packages/torch/autograd/function.py:575: UserWarning: OpenFold3 Triton evoformer kernel is running on a non-HIP backend with default, untuned Triton config (AMD MFMA / waves_per_eu tunings disabled). Correctness holds; performance is not tuned for this backend.
  return super().apply(*args, **kwargs)  # type: ignore[misc]
/opt/conda/envs/openfold3/lib/python3.12/site-packages/torch/autograd/function.py:575: UserWarning: OpenFold3 Triton evoformer kernel is running on a non-HIP backend with default, untuned Triton config (AMD MFMA / waves_per_eu tunings disabled). Correctness holds; performance is not tuned for this backend.
  return super().apply(*args, **kwargs)  # type: ignore[misc]
/opt/conda/envs/openfold3/lib/python3.12/site-packages/torch/autograd/function.py:575: UserWarning: OpenFold3 Triton evoformer kernel is running on a non-HIP backend with default, untuned Triton config (AMD MFMA / waves_per_eu tunings disabled). Correctness holds; performance is not tuned for this backend.
  return super().apply(*args, **kwargs)  # type: ignore[misc]
/opt/conda/envs/openfold3/lib/python3.12/site-packages/torch/autograd/function.py:575: UserWarning: OpenFold3 Triton evoformer kernel is running on a non-HIP backend with default, untuned Triton config (AMD MFMA / waves_per_eu tunings disabled). Correctness holds; performance is not tuned for this backend.
  return super().apply(*args, **kwargs)  # type: ignore[misc]
/opt/conda/envs/openfold3/lib/python3.12/site-packages/torch/autograd/function.py:575: UserWarning: OpenFold3 Triton evoformer kernel is running on a non-HIP backend with default, untuned Triton config (AMD MFMA / waves_per_eu tunings disabled). Correctness holds; performance is not tuned for this backend.
  return super().apply(*args, **kwargs)  # type: ignore[misc]
/opt/conda/envs/openfold3/lib/python3.12/site-packages/biotite/structure/io/pdbx/convert.py:1024: DeprecationWarning: `include_bonds` parameter is deprecated, intra-residue are always written, if available
  warnings.warn(
/opt/conda/envs/openfold3/lib/python3.12/tempfile.py:940: ResourceWarning: Implicitly cleaning up <TemporaryDirectory '/tmp/tmp5tqp_xl_'>
  _warnings.warn(warn_message, ResourceWarning)

wrote outputs/bg33_3_apo/experiment_config.json
wrote outputs/bg33_3_apo/inference_query_set.json
wrote outputs/bg33_3_apo/model_config.json
wrote outputs/bg33_3_apo/summary.txt
wrote outputs/bg33_3_apo/bg33_3_apo/seed_42/bg33_3_apo_seed_42_sample_1_confidences.json
wrote outputs/bg33_3_apo/bg33_3_apo/seed_42/bg33_3_apo_seed_42_sample_1_confidences_aggregated.json
wrote outputs/bg33_3_apo/bg33_3_apo/seed_42/bg33_3_apo_seed_42_sample_1_model.cif
wrote outputs/bg33_3_apo/bg33_3_apo/seed_42/bg33_3_apo_seed_42_sample_2_confidences.json
wrote outputs/bg33_3_apo/bg33_3_apo/seed_42/bg33_3_apo_seed_42_sample_2_confidences_aggregated.json
wrote outputs/bg33_3_apo/bg33_3_apo/seed_42/bg33_3_apo_seed_42_sample_2_model.cif
wrote outputs/bg33_3_apo/bg33_3_apo/seed_42/bg33_3_apo_seed_42_sample_3_confidences.json
wrote outputs/bg33_3_apo/bg33_3_apo/seed_42/bg33_3_apo_seed_42_sample_3_confidences_aggregated.json
wrote outputs/bg33_3_apo/bg33_3_apo/seed_42/bg33_3_apo_seed_42_sample_3_model.cif
wrote outputs/bg33_3_apo/bg33_3_apo/seed_42/bg33_3_apo_seed_42_sample_4_confidences.json
wrote outputs/bg33_3_apo/bg33_3_apo/seed_42/bg33_3_apo_seed_42_sample_4_confidences_aggregated.json
wrote outputs/bg33_3_apo/bg33_3_apo/seed_42/bg33_3_apo_seed_42_sample_4_model.cif
wrote outputs/bg33_3_apo/bg33_3_apo/seed_42/bg33_3_apo_seed_42_sample_5_confidences.json
wrote outputs/bg33_3_apo/bg33_3_apo/seed_42/bg33_3_apo_seed_42_sample_5_confidences_aggregated.json
wrote outputs/bg33_3_apo/bg33_3_apo/seed_42/bg33_3_apo_seed_42_sample_5_model.cif
wrote outputs/bg33_3_apo/bg33_3_apo/seed_42/timing.json
wrote outputs/bg33_3_apo/msas/msa-root-20261009T160425929920Z-2d4b06e1/main/0bc9b869a84111dafd4b60b7d705b71d17d11d1972aecdd98cc3655684635425.npz
wrote outputs/bg33_3_apo/msas/msa-root-20261009T160425929920Z-2d4b06e1/mappings/README.md
wrote outputs/bg33_3_apo/msas/msa-root-20261009T160425929920Z-2d4b06e1/mappings/chain_id_to_rep_id.json
wrote outputs/bg33_3_apo/msas/msa-root-20261009T160425929920Z-2d4b06e1/mappings/query_name_to_complex_id.json
wrote outputs/bg33_3_apo/msas/msa-root-20261009T160425929920Z-2d4b06e1/mappings/rep_id_to_seq.json
wrote outputs/bg33_3_apo/msas/msa-root-20261009T160425929920Z-2d4b06e1/mappings/seq_to_rep_id.json
wrote outputs/bg33_3_apo/msas/raw/msa-root-20261009T160425929920Z-2d4b06e1/main/bfd.mgnify30.metaeuk30.smag30.a3m
wrote outputs/bg33_3_apo/msas/raw/msa-root-20261009T160425929920Z-2d4b06e1/main/msa.sh
wrote outputs/bg33_3_apo/msas/raw/msa-root-20261009T160425929920Z-2d4b06e1/main/out.tar.gz
wrote outputs/bg33_3_apo/msas/raw/msa-root-20261009T160425929920Z-2d4b06e1/main/pdb70.m8
wrote outputs/bg33_3_apo/msas/raw/msa-root-20261009T160425929920Z-2d4b06e1/main/uniref.a3m
interface scores unavailable (need at least two chains for interface scores)
Stopping app - local entrypoint completed.
✓ App completed. View run at 
https://modal.com/apps/mauriciocafiero/main/ap-nkSSbQwWqJm5x3eH2pRITu
wrote /Users/cafierom/python_mac/peptidebuilder/runs/octinoxate/folds/of3apo/bg33_3.pdb
--- of3apo octinoxate/bg33_3 exit 0, converted (17:05:23)
=== of3apo octinoxate/bg33_4 (17:05:28)
✓ Initialized. View run at 
https://modal.com/apps/mauriciocafiero/main/ap-Nfl4CXKreIG6vL8JNraunJ
✓ Created objects.
├── 🔨 Created mount /Users/cafierom/python_mac/fold/src/fold/app.py
├── 🔨 Created mount PythonPackage:fold
└── 🔨 Created function predict.
submitting bg33_4_apo on A10G ...

==========
== CUDA ==
==========

CUDA Version 12.1.1

Container image Copyright (c) 2016-2023, NVIDIA CORPORATION & AFFILIATES. All rights reserved.

This container image and its contents are governed by the NVIDIA Deep Learning Container License.
By pulling and using the container, you accept the terms and conditions of this license:
https://developer.nvidia.com/ngc/nvidia-deep-learning-container-license

A copy of this license is made available in this container at /NGC-DL-CONTAINER-LICENSE for your convenience.

weights already cached at /cache/of3-ob-2025-06-30-174k.pt (2287872989 bytes)
running: run_openfold predict --query_json=/tmp/bg33_4_apo_query.json --output_dir=/outputs/bg33_4_apo --inference_ckpt_path=/cache/of3-ob-2025-06-30-174k.pt --use_msa_server=true --use_templates=false
[93m [WARNING] [0m Please pip install nvidia-cutlass
Submitting 1 sequences to the Colabfold MSA server for main MSAs...
No complexes found for paired MSA generation. Skipping...

Predicting: |          | 0/? [00:00<?, ?s/it]
Predicting: |          | 0/? [00:00<?, ?s/it]
Predicting DataLoader 0:   0%|          | 0/1 [00:00<?, ?s/it]
Predicting DataLoader 0: 100%|██████████| 1/1 [00:23<00:00, 23.53s/it]
Predicting DataLoader 0: 100%|██████████| 1/1 [00:23<00:00, 23.60s/it][93m [WARNING] [0m Please pip install nvidia-cutlass
[93m [WARNING] [0m Please pip install nvidia-cutlass
[93m [WARNING] [0m Please pip install nvidia-cutlass
[93m [WARNING] [0m Please pip install nvidia-cutlass
[93m [WARNING] [0m Please pip install nvidia-cutlass
[93m [WARNING] [0m Please pip install nvidia-cutlass
[93m [WARNING] [0m Please pip install nvidia-cutlass
[93m [WARNING] [0m Please pip install nvidia-cutlass
[93m [WARNING] [0m Please pip install nvidia-cutlass
[93m [WARNING] [0m Please pip install nvidia-cutlass


==================================================
    PREDICTION SUMMARY (COMPLETE)    
==================================================
Total Queries Processed: 1
  - Successful Queries:  1
  - Failed Queries:      0
==================================================

Removing empty log directory...

GPU available: True (cuda), used: True
TPU available: False, using: 0 TPU cores
💡 Tip: For seamless cloud logging and experiment tracking, try installing [litlogger](https://pypi.org/project/litlogger/) to enable LitLogger, which logs metrics and artifacts automatically to the Lightning Experiments platform.
💡 Tip: For seamless cloud uploads and versioning, try installing [litmodels](https://pypi.org/project/litmodels/) to enable LitModelCheckpoint, which syncs automatically with the Lightning model registry.
WARNING:openfold3.core.data.tools.colabfold_msa_server:Using output directory: /tmp/of3-of-root/msa-root-20261009T160618460803Z-676ce8ad for ColabFold MSAs.

  0%|          | 0/150 [elapsed: 00:00 remaining: ?]
SUBMIT:   0%|          | 0/150 [elapsed: 00:00 remaining: ?]
COMPLETE:   0%|          | 0/150 [elapsed: 00:00 remaining: ?]
COMPLETE: 100%|██████████| 150/150 [elapsed: 00:00 remaining: 00:00]
COMPLETE: 100%|██████████| 150/150 [elapsed: 00:01 remaining: 00:00]
/opt/openfold3/openfold3/core/data/tools/colabfold_msa_server.py:401: DeprecationWarning: Python 3.14 will, by default, filter extracted tar archives and reject files or modify their metadata. Use the filter argument to control this behavior.
  tar_gz.extractall(path)
WARNING:openfold3.core.data.tools.colabfold_msa_server:Colabfold returned no templates. Proceeding without template alignments for this batch.
LOCAL_RANK: 0 - CUDA_VISIBLE_DEVICES: [0]
Seed set to 42
/opt/conda/envs/openfold3/lib/python3.12/site-packages/torch/autograd/function.py:575: UserWarning: OpenFold3 Triton evoformer kernel is running on a non-HIP backend with default, untuned Triton config (AMD MFMA / waves_per_eu tunings disabled). Correctness holds; performance is not tuned for this backend.
  return super().apply(*args, **kwargs)  # type: ignore[misc]
/opt/conda/envs/openfold3/lib/python3.12/site-packages/torch/autograd/function.py:575: UserWarning: OpenFold3 Triton evoformer kernel is running on a non-HIP backend with default, untuned Triton config (AMD MFMA / waves_per_eu tunings disabled). Correctness holds; performance is not tuned for this backend.
  return super().apply(*args, **kwargs)  # type: ignore[misc]
/opt/conda/envs/openfold3/lib/python3.12/site-packages/torch/autograd/function.py:575: UserWarning: OpenFold3 Triton evoformer kernel is running on a non-HIP backend with default, untuned Triton config (AMD MFMA / waves_per_eu tunings disabled). Correctness holds; performance is not tuned for this backend.
  return super().apply(*args, **kwargs)  # type: ignore[misc]
/opt/conda/envs/openfold3/lib/python3.12/site-packages/torch/autograd/function.py:575: UserWarning: OpenFold3 Triton evoformer kernel is running on a non-HIP backend with default, untuned Triton config (AMD MFMA / waves_per_eu tunings disabled). Correctness holds; performance is not tuned for this backend.
  return super().apply(*args, **kwargs)  # type: ignore[misc]
/opt/conda/envs/openfold3/lib/python3.12/site-packages/torch/autograd/function.py:575: UserWarning: OpenFold3 Triton evoformer kernel is running on a non-HIP backend with default, untuned Triton config (AMD MFMA / waves_per_eu tunings disabled). Correctness holds; performance is not tuned for this backend.
  return super().apply(*args, **kwargs)  # type: ignore[misc]
/opt/conda/envs/openfold3/lib/python3.12/site-packages/torch/autograd/function.py:575: UserWarning: OpenFold3 Triton evoformer kernel is running on a non-HIP backend with default, untuned Triton config (AMD MFMA / waves_per_eu tunings disabled). Correctness holds; performance is not tuned for this backend.
  return super().apply(*args, **kwargs)  # type: ignore[misc]
/opt/conda/envs/openfold3/lib/python3.12/site-packages/torch/autograd/function.py:575: UserWarning: OpenFold3 Triton evoformer kernel is running on a non-HIP backend with default, untuned Triton config (AMD MFMA / waves_per_eu tunings disabled). Correctness holds; performance is not tuned for this backend.
  return super().apply(*args, **kwargs)  # type: ignore[misc]
/opt/conda/envs/openfold3/lib/python3.12/site-packages/torch/autograd/function.py:575: UserWarning: OpenFold3 Triton evoformer kernel is running on a non-HIP backend with default, untuned Triton config (AMD MFMA / waves_per_eu tunings disabled). Correctness holds; performance is not tuned for this backend.
  return super().apply(*args, **kwargs)  # type: ignore[misc]
/opt/conda/envs/openfold3/lib/python3.12/site-packages/biotite/structure/io/pdbx/convert.py:1024: DeprecationWarning: `include_bonds` parameter is deprecated, intra-residue are always written, if available
  warnings.warn(
/opt/conda/envs/openfold3/lib/python3.12/tempfile.py:940: ResourceWarning: Implicitly cleaning up <TemporaryDirectory '/tmp/tmp6r4z7ud4'>
  _warnings.warn(warn_message, ResourceWarning)

wrote outputs/bg33_4_apo/experiment_config.json
wrote outputs/bg33_4_apo/inference_query_set.json
wrote outputs/bg33_4_apo/model_config.json
wrote outputs/bg33_4_apo/summary.txt
wrote outputs/bg33_4_apo/bg33_4_apo/seed_42/bg33_4_apo_seed_42_sample_1_confidences.json
wrote outputs/bg33_4_apo/bg33_4_apo/seed_42/bg33_4_apo_seed_42_sample_1_confidences_aggregated.json
wrote outputs/bg33_4_apo/bg33_4_apo/seed_42/bg33_4_apo_seed_42_sample_1_model.cif
wrote outputs/bg33_4_apo/bg33_4_apo/seed_42/bg33_4_apo_seed_42_sample_2_confidences.json
wrote outputs/bg33_4_apo/bg33_4_apo/seed_42/bg33_4_apo_seed_42_sample_2_confidences_aggregated.json
wrote outputs/bg33_4_apo/bg33_4_apo/seed_42/bg33_4_apo_seed_42_sample_2_model.cif
wrote outputs/bg33_4_apo/bg33_4_apo/seed_42/bg33_4_apo_seed_42_sample_3_confidences.json
wrote outputs/bg33_4_apo/bg33_4_apo/seed_42/bg33_4_apo_seed_42_sample_3_confidences_aggregated.json
wrote outputs/bg33_4_apo/bg33_4_apo/seed_42/bg33_4_apo_seed_42_sample_3_model.cif
wrote outputs/bg33_4_apo/bg33_4_apo/seed_42/bg33_4_apo_seed_42_sample_4_confidences.json
wrote outputs/bg33_4_apo/bg33_4_apo/seed_42/bg33_4_apo_seed_42_sample_4_confidences_aggregated.json
wrote outputs/bg33_4_apo/bg33_4_apo/seed_42/bg33_4_apo_seed_42_sample_4_model.cif
wrote outputs/bg33_4_apo/bg33_4_apo/seed_42/bg33_4_apo_seed_42_sample_5_confidences.json
wrote outputs/bg33_4_apo/bg33_4_apo/seed_42/bg33_4_apo_seed_42_sample_5_confidences_aggregated.json
wrote outputs/bg33_4_apo/bg33_4_apo/seed_42/bg33_4_apo_seed_42_sample_5_model.cif
wrote outputs/bg33_4_apo/bg33_4_apo/seed_42/timing.json
wrote outputs/bg33_4_apo/msas/msa-root-20261009T160618460803Z-676ce8ad/main/2cd7e904d28293f8484db16a02022adf16c6746c1eda49efb7f34165876fb902.npz
wrote outputs/bg33_4_apo/msas/msa-root-20261009T160618460803Z-676ce8ad/mappings/README.md
wrote outputs/bg33_4_apo/msas/msa-root-20261009T160618460803Z-676ce8ad/mappings/chain_id_to_rep_id.json
wrote outputs/bg33_4_apo/msas/msa-root-20261009T160618460803Z-676ce8ad/mappings/query_name_to_complex_id.json
wrote outputs/bg33_4_apo/msas/msa-root-20261009T160618460803Z-676ce8ad/mappings/rep_id_to_seq.json
wrote outputs/bg33_4_apo/msas/msa-root-20261009T160618460803Z-676ce8ad/mappings/seq_to_rep_id.json
wrote outputs/bg33_4_apo/msas/raw/msa-root-20261009T160618460803Z-676ce8ad/main/bfd.mgnify30.metaeuk30.smag30.a3m
wrote outputs/bg33_4_apo/msas/raw/msa-root-20261009T160618460803Z-676ce8ad/main/msa.sh
wrote outputs/bg33_4_apo/msas/raw/msa-root-20261009T160618460803Z-676ce8ad/main/out.tar.gz
wrote outputs/bg33_4_apo/msas/raw/msa-root-20261009T160618460803Z-676ce8ad/main/pdb70.m8
wrote outputs/bg33_4_apo/msas/raw/msa-root-20261009T160618460803Z-676ce8ad/main/uniref.a3m
interface scores unavailable (need at least two chains for interface scores)
Stopping app - local entrypoint completed.
✓ App completed. View run at 
https://modal.com/apps/mauriciocafiero/main/ap-Nfl4CXKreIG6vL8JNraunJ
wrote /Users/cafierom/python_mac/peptidebuilder/runs/octinoxate/folds/of3apo/bg33_4.pdb
--- of3apo octinoxate/bg33_4 exit 0, converted (17:07:14)
=== of3apo octinoxate/orig_f12 (17:07:20)
skip octinoxate/orig_f12 (exists)
=== of3apo octinoxate/s2_esm2_control (17:07:20)
✓ Initialized. View run at 
https://modal.com/apps/mauriciocafiero/main/ap-7O6V5YCHhJiBb9bmGCjlzD
✓ Created objects.
├── 🔨 Created mount /Users/cafierom/python_mac/fold/src/fold/app.py
├── 🔨 Created mount PythonPackage:fold
└── 🔨 Created function predict.
submitting s2_esm2_control_apo on A10G ...

==========
== CUDA ==
==========

CUDA Version 12.1.1

Container image Copyright (c) 2016-2023, NVIDIA CORPORATION & AFFILIATES. All rights reserved.

This container image and its contents are governed by the NVIDIA Deep Learning Container License.
By pulling and using the container, you accept the terms and conditions of this license:
https://developer.nvidia.com/ngc/nvidia-deep-learning-container-license

A copy of this license is made available in this container at /NGC-DL-CONTAINER-LICENSE for your convenience.

weights already cached at /cache/of3-ob-2025-06-30-174k.pt (2287872989 bytes)
running: run_openfold predict --query_json=/tmp/s2_esm2_control_apo_query.json --output_dir=/outputs/s2_esm2_control_apo --inference_ckpt_path=/cache/of3-ob-2025-06-30-174k.pt --use_msa_server=true --use_templates=false
[93m [WARNING] [0m Please pip install nvidia-cutlass
Submitting 1 sequences to the Colabfold MSA server for main MSAs...
No complexes found for paired MSA generation. Skipping...

Predicting: |          | 0/? [00:00<?, ?s/it]
Predicting: |          | 0/? [00:00<?, ?s/it]
Predicting DataLoader 0:   0%|          | 0/1 [00:00<?, ?s/it]
Predicting DataLoader 0: 100%|██████████| 1/1 [00:23<00:00, 23.78s/it]
Predicting DataLoader 0: 100%|██████████| 1/1 [00:23<00:00, 23.87s/it][93m [WARNING] [0m Please pip install nvidia-cutlass
[93m [WARNING] [0m Please pip install nvidia-cutlass
[93m [WARNING] [0m Please pip install nvidia-cutlass
[93m [WARNING] [0m Please pip install nvidia-cutlass
[93m [WARNING] [0m Please pip install nvidia-cutlass
[93m [WARNING] [0m Please pip install nvidia-cutlass
[93m [WARNING] [0m Please pip install nvidia-cutlass
[93m [WARNING] [0m Please pip install nvidia-cutlass
[93m [WARNING] [0m Please pip install nvidia-cutlass
[93m [WARNING] [0m Please pip install nvidia-cutlass


==================================================
    PREDICTION SUMMARY (COMPLETE)    
==================================================
Total Queries Processed: 1
  - Successful Queries:  1
  - Failed Queries:      0
==================================================

Removing empty log directory...

GPU available: True (cuda), used: True
TPU available: False, using: 0 TPU cores
💡 Tip: For seamless cloud logging and experiment tracking, try installing [litlogger](https://pypi.org/project/litlogger/) to enable LitLogger, which logs metrics and artifacts automatically to the Lightning Experiments platform.
💡 Tip: For seamless cloud uploads and versioning, try installing [litmodels](https://pypi.org/project/litmodels/) to enable LitModelCheckpoint, which syncs automatically with the Lightning model registry.
WARNING:openfold3.core.data.tools.colabfold_msa_server:Using output directory: /tmp/of3-of-root/msa-root-20261009T160740943545Z-2aa4f9b1 for ColabFold MSAs.

  0%|          | 0/150 [elapsed: 00:00 remaining: ?]
SUBMIT:   0%|          | 0/150 [elapsed: 00:00 remaining: ?]
COMPLETE:   0%|          | 0/150 [elapsed: 00:00 remaining: ?]
COMPLETE: 100%|██████████| 150/150 [elapsed: 00:00 remaining: 00:00]
COMPLETE: 100%|██████████| 150/150 [elapsed: 00:01 remaining: 00:00]
/opt/openfold3/openfold3/core/data/tools/colabfold_msa_server.py:401: DeprecationWarning: Python 3.14 will, by default, filter extracted tar archives and reject files or modify their metadata. Use the filter argument to control this behavior.
  tar_gz.extractall(path)
WARNING:openfold3.core.data.tools.colabfold_msa_server:Colabfold returned no templates. Proceeding without template alignments for this batch.
LOCAL_RANK: 0 - CUDA_VISIBLE_DEVICES: [0]
Seed set to 42
/opt/conda/envs/openfold3/lib/python3.12/site-packages/torch/autograd/function.py:575: UserWarning: OpenFold3 Triton evoformer kernel is running on a non-HIP backend with default, untuned Triton config (AMD MFMA / waves_per_eu tunings disabled). Correctness holds; performance is not tuned for this backend.
  return super().apply(*args, **kwargs)  # type: ignore[misc]
/opt/conda/envs/openfold3/lib/python3.12/site-packages/torch/autograd/function.py:575: UserWarning: OpenFold3 Triton evoformer kernel is running on a non-HIP backend with default, untuned Triton config (AMD MFMA / waves_per_eu tunings disabled). Correctness holds; performance is not tuned for this backend.
  return super().apply(*args, **kwargs)  # type: ignore[misc]
/opt/conda/envs/openfold3/lib/python3.12/site-packages/torch/autograd/function.py:575: UserWarning: OpenFold3 Triton evoformer kernel is running on a non-HIP backend with default, untuned Triton config (AMD MFMA / waves_per_eu tunings disabled). Correctness holds; performance is not tuned for this backend.
  return super().apply(*args, **kwargs)  # type: ignore[misc]
/opt/conda/envs/openfold3/lib/python3.12/site-packages/torch/autograd/function.py:575: UserWarning: OpenFold3 Triton evoformer kernel is running on a non-HIP backend with default, untuned Triton config (AMD MFMA / waves_per_eu tunings disabled). Correctness holds; performance is not tuned for this backend.
  return super().apply(*args, **kwargs)  # type: ignore[misc]
/opt/conda/envs/openfold3/lib/python3.12/site-packages/torch/autograd/function.py:575: UserWarning: OpenFold3 Triton evoformer kernel is running on a non-HIP backend with default, untuned Triton config (AMD MFMA / waves_per_eu tunings disabled). Correctness holds; performance is not tuned for this backend.
  return super().apply(*args, **kwargs)  # type: ignore[misc]
/opt/conda/envs/openfold3/lib/python3.12/site-packages/torch/autograd/function.py:575: UserWarning: OpenFold3 Triton evoformer kernel is running on a non-HIP backend with default, untuned Triton config (AMD MFMA / waves_per_eu tunings disabled). Correctness holds; performance is not tuned for this backend.
  return super().apply(*args, **kwargs)  # type: ignore[misc]
/opt/conda/envs/openfold3/lib/python3.12/site-packages/torch/autograd/function.py:575: UserWarning: OpenFold3 Triton evoformer kernel is running on a non-HIP backend with default, untuned Triton config (AMD MFMA / waves_per_eu tunings disabled). Correctness holds; performance is not tuned for this backend.
  return super().apply(*args, **kwargs)  # type: ignore[misc]
/opt/conda/envs/openfold3/lib/python3.12/site-packages/torch/autograd/function.py:575: UserWarning: OpenFold3 Triton evoformer kernel is running on a non-HIP backend with default, untuned Triton config (AMD MFMA / waves_per_eu tunings disabled). Correctness holds; performance is not tuned for this backend.
  return super().apply(*args, **kwargs)  # type: ignore[misc]
/opt/conda/envs/openfold3/lib/python3.12/site-packages/biotite/structure/io/pdbx/convert.py:1024: DeprecationWarning: `include_bonds` parameter is deprecated, intra-residue are always written, if available
  warnings.warn(
/opt/conda/envs/openfold3/lib/python3.12/tempfile.py:940: ResourceWarning: Implicitly cleaning up <TemporaryDirectory '/tmp/tmpwuy3x353'>
  _warnings.warn(warn_message, ResourceWarning)

wrote outputs/s2_esm2_control_apo/experiment_config.json
wrote outputs/s2_esm2_control_apo/inference_query_set.json
wrote outputs/s2_esm2_control_apo/model_config.json
wrote outputs/s2_esm2_control_apo/summary.txt
wrote outputs/s2_esm2_control_apo/msas/msa-root-20261009T160740943545Z-2aa4f9b1/main/33d4614e7247f9a462eb027bfae43bdc4a815fe54859bd2c0dae8327b885bf08.npz
wrote outputs/s2_esm2_control_apo/msas/msa-root-20261009T160740943545Z-2aa4f9b1/mappings/README.md
wrote outputs/s2_esm2_control_apo/msas/msa-root-20261009T160740943545Z-2aa4f9b1/mappings/chain_id_to_rep_id.json
wrote outputs/s2_esm2_control_apo/msas/msa-root-20261009T160740943545Z-2aa4f9b1/mappings/query_name_to_complex_id.json
wrote outputs/s2_esm2_control_apo/msas/msa-root-20261009T160740943545Z-2aa4f9b1/mappings/rep_id_to_seq.json
wrote outputs/s2_esm2_control_apo/msas/msa-root-20261009T160740943545Z-2aa4f9b1/mappings/seq_to_rep_id.json
wrote outputs/s2_esm2_control_apo/msas/raw/msa-root-20261009T160740943545Z-2aa4f9b1/main/bfd.mgnify30.metaeuk30.smag30.a3m
wrote outputs/s2_esm2_control_apo/msas/raw/msa-root-20261009T160740943545Z-2aa4f9b1/main/msa.sh
wrote outputs/s2_esm2_control_apo/msas/raw/msa-root-20261009T160740943545Z-2aa4f9b1/main/out.tar.gz
wrote outputs/s2_esm2_control_apo/msas/raw/msa-root-20261009T160740943545Z-2aa4f9b1/main/pdb70.m8
wrote outputs/s2_esm2_control_apo/msas/raw/msa-root-20261009T160740943545Z-2aa4f9b1/main/uniref.a3m
wrote outputs/s2_esm2_control_apo/s2_esm2_control_apo/seed_42/s2_esm2_control_apo_seed_42_sample_1_confidences.json
wrote outputs/s2_esm2_control_apo/s2_esm2_control_apo/seed_42/s2_esm2_control_apo_seed_42_sample_1_confidences_aggregated.json
wrote outputs/s2_esm2_control_apo/s2_esm2_control_apo/seed_42/s2_esm2_control_apo_seed_42_sample_1_model.cif
wrote outputs/s2_esm2_control_apo/s2_esm2_control_apo/seed_42/s2_esm2_control_apo_seed_42_sample_2_confidences.json
wrote outputs/s2_esm2_control_apo/s2_esm2_control_apo/seed_42/s2_esm2_control_apo_seed_42_sample_2_confidences_aggregated.json
wrote outputs/s2_esm2_control_apo/s2_esm2_control_apo/seed_42/s2_esm2_control_apo_seed_42_sample_2_model.cif
wrote outputs/s2_esm2_control_apo/s2_esm2_control_apo/seed_42/s2_esm2_control_apo_seed_42_sample_3_confidences.json
wrote outputs/s2_esm2_control_apo/s2_esm2_control_apo/seed_42/s2_esm2_control_apo_seed_42_sample_3_confidences_aggregated.json
wrote outputs/s2_esm2_control_apo/s2_esm2_control_apo/seed_42/s2_esm2_control_apo_seed_42_sample_3_model.cif
wrote outputs/s2_esm2_control_apo/s2_esm2_control_apo/seed_42/s2_esm2_control_apo_seed_42_sample_4_confidences.json
wrote outputs/s2_esm2_control_apo/s2_esm2_control_apo/seed_42/s2_esm2_control_apo_seed_42_sample_4_confidences_aggregated.json
wrote outputs/s2_esm2_control_apo/s2_esm2_control_apo/seed_42/s2_esm2_control_apo_seed_42_sample_4_model.cif
wrote outputs/s2_esm2_control_apo/s2_esm2_control_apo/seed_42/s2_esm2_control_apo_seed_42_sample_5_confidences.json
wrote outputs/s2_esm2_control_apo/s2_esm2_control_apo/seed_42/s2_esm2_control_apo_seed_42_sample_5_confidences_aggregated.json
wrote outputs/s2_esm2_control_apo/s2_esm2_control_apo/seed_42/s2_esm2_control_apo_seed_42_sample_5_model.cif
wrote outputs/s2_esm2_control_apo/s2_esm2_control_apo/seed_42/timing.json
interface scores unavailable (need at least two chains for interface scores)
Stopping app - local entrypoint completed.
✓ App completed. View run at 
https://modal.com/apps/mauriciocafiero/main/ap-7O6V5YCHhJiBb9bmGCjlzD
wrote /Users/cafierom/python_mac/peptidebuilder/runs/octinoxate/folds/of3apo/s2_esm2_control.pdb
--- of3apo octinoxate/s2_esm2_control exit 0, converted (17:08:36)
=== of3apo octinoxate/s3_esm2_f4 (17:08:41)
✓ Initialized. View run at 
https://modal.com/apps/mauriciocafiero/main/ap-wLI8wbrqEkMfnmhlNW355T
✓ Created objects.
├── 🔨 Created mount /Users/cafierom/python_mac/fold/src/fold/app.py
├── 🔨 Created mount PythonPackage:fold
└── 🔨 Created function predict.
submitting s3_esm2_f4_apo on A10G ...

==========
== CUDA ==
==========

CUDA Version 12.1.1

Container image Copyright (c) 2016-2023, NVIDIA CORPORATION & AFFILIATES. All rights reserved.

This container image and its contents are governed by the NVIDIA Deep Learning Container License.
By pulling and using the container, you accept the terms and conditions of this license:
https://developer.nvidia.com/ngc/nvidia-deep-learning-container-license

A copy of this license is made available in this container at /NGC-DL-CONTAINER-LICENSE for your convenience.

weights already cached at /cache/of3-ob-2025-06-30-174k.pt (2287872989 bytes)
running: run_openfold predict --query_json=/tmp/s3_esm2_f4_apo_query.json --output_dir=/outputs/s3_esm2_f4_apo --inference_ckpt_path=/cache/of3-ob-2025-06-30-174k.pt --use_msa_server=true --use_templates=false
[93m [WARNING] [0m Please pip install nvidia-cutlass
Submitting 1 sequences to the Colabfold MSA server for main MSAs...
No complexes found for paired MSA generation. Skipping...

Predicting: |          | 0/? [00:00<?, ?s/it]
Predicting: |          | 0/? [00:00<?, ?s/it]
Predicting DataLoader 0:   0%|          | 0/1 [00:00<?, ?s/it]
Predicting DataLoader 0: 100%|██████████| 1/1 [00:19<00:00, 20.00s/it]
Predicting DataLoader 0: 100%|██████████| 1/1 [00:20<00:00, 20.07s/it][93m [WARNING] [0m Please pip install nvidia-cutlass
[93m [WARNING] [0m Please pip install nvidia-cutlass
[93m [WARNING] [0m Please pip install nvidia-cutlass
[93m [WARNING] [0m Please pip install nvidia-cutlass
[93m [WARNING] [0m Please pip install nvidia-cutlass
[93m [WARNING] [0m Please pip install nvidia-cutlass
[93m [WARNING] [0m Please pip install nvidia-cutlass
[93m [WARNING] [0m Please pip install nvidia-cutlass
[93m [WARNING] [0m Please pip install nvidia-cutlass
[93m [WARNING] [0m Please pip install nvidia-cutlass


==================================================
    PREDICTION SUMMARY (COMPLETE)    
==================================================
Total Queries Processed: 1
  - Successful Queries:  1
  - Failed Queries:      0
==================================================

Removing empty log directory...

GPU available: True (cuda), used: True
TPU available: False, using: 0 TPU cores
💡 Tip: For seamless cloud logging and experiment tracking, try installing [litlogger](https://pypi.org/project/litlogger/) to enable LitLogger, which logs metrics and artifacts automatically to the Lightning Experiments platform.
💡 Tip: For seamless cloud uploads and versioning, try installing [litmodels](https://pypi.org/project/litmodels/) to enable LitModelCheckpoint, which syncs automatically with the Lightning model registry.
WARNING:openfold3.core.data.tools.colabfold_msa_server:Using output directory: /tmp/of3-of-root/msa-root-20261009T160903253097Z-0f28a20a for ColabFold MSAs.

  0%|          | 0/150 [elapsed: 00:00 remaining: ?]
SUBMIT:   0%|          | 0/150 [elapsed: 00:00 remaining: ?]
COMPLETE:   0%|          | 0/150 [elapsed: 00:00 remaining: ?]
COMPLETE: 100%|██████████| 150/150 [elapsed: 00:00 remaining: 00:00]
COMPLETE: 100%|██████████| 150/150 [elapsed: 00:01 remaining: 00:00]
/opt/openfold3/openfold3/core/data/tools/colabfold_msa_server.py:401: DeprecationWarning: Python 3.14 will, by default, filter extracted tar archives and reject files or modify their metadata. Use the filter argument to control this behavior.
  tar_gz.extractall(path)
WARNING:openfold3.core.data.tools.colabfold_msa_server:Colabfold returned no templates. Proceeding without template alignments for this batch.
LOCAL_RANK: 0 - CUDA_VISIBLE_DEVICES: [0]
Seed set to 42
/opt/conda/envs/openfold3/lib/python3.12/site-packages/torch/autograd/function.py:575: UserWarning: OpenFold3 Triton evoformer kernel is running on a non-HIP backend with default, untuned Triton config (AMD MFMA / waves_per_eu tunings disabled). Correctness holds; performance is not tuned for this backend.
  return super().apply(*args, **kwargs)  # type: ignore[misc]
/opt/conda/envs/openfold3/lib/python3.12/site-packages/torch/autograd/function.py:575: UserWarning: OpenFold3 Triton evoformer kernel is running on a non-HIP backend with default, untuned Triton config (AMD MFMA / waves_per_eu tunings disabled). Correctness holds; performance is not tuned for this backend.
  return super().apply(*args, **kwargs)  # type: ignore[misc]
/opt/conda/envs/openfold3/lib/python3.12/site-packages/torch/autograd/function.py:575: UserWarning: OpenFold3 Triton evoformer kernel is running on a non-HIP backend with default, untuned Triton config (AMD MFMA / waves_per_eu tunings disabled). Correctness holds; performance is not tuned for this backend.
  return super().apply(*args, **kwargs)  # type: ignore[misc]
/opt/conda/envs/openfold3/lib/python3.12/site-packages/torch/autograd/function.py:575: UserWarning: OpenFold3 Triton evoformer kernel is running on a non-HIP backend with default, untuned Triton config (AMD MFMA / waves_per_eu tunings disabled). Correctness holds; performance is not tuned for this backend.
  return super().apply(*args, **kwargs)  # type: ignore[misc]
/opt/conda/envs/openfold3/lib/python3.12/site-packages/torch/autograd/function.py:575: UserWarning: OpenFold3 Triton evoformer kernel is running on a non-HIP backend with default, untuned Triton config (AMD MFMA / waves_per_eu tunings disabled). Correctness holds; performance is not tuned for this backend.
  return super().apply(*args, **kwargs)  # type: ignore[misc]
/opt/conda/envs/openfold3/lib/python3.12/site-packages/torch/autograd/function.py:575: UserWarning: OpenFold3 Triton evoformer kernel is running on a non-HIP backend with default, untuned Triton config (AMD MFMA / waves_per_eu tunings disabled). Correctness holds; performance is not tuned for this backend.
  return super().apply(*args, **kwargs)  # type: ignore[misc]
/opt/conda/envs/openfold3/lib/python3.12/site-packages/torch/autograd/function.py:575: UserWarning: OpenFold3 Triton evoformer kernel is running on a non-HIP backend with default, untuned Triton config (AMD MFMA / waves_per_eu tunings disabled). Correctness holds; performance is not tuned for this backend.
  return super().apply(*args, **kwargs)  # type: ignore[misc]
/opt/conda/envs/openfold3/lib/python3.12/site-packages/torch/autograd/function.py:575: UserWarning: OpenFold3 Triton evoformer kernel is running on a non-HIP backend with default, untuned Triton config (AMD MFMA / waves_per_eu tunings disabled). Correctness holds; performance is not tuned for this backend.
  return super().apply(*args, **kwargs)  # type: ignore[misc]
/opt/conda/envs/openfold3/lib/python3.12/site-packages/biotite/structure/io/pdbx/convert.py:1024: DeprecationWarning: `include_bonds` parameter is deprecated, intra-residue are always written, if available
  warnings.warn(
/opt/conda/envs/openfold3/lib/python3.12/tempfile.py:940: ResourceWarning: Implicitly cleaning up <TemporaryDirectory '/tmp/tmpht6gfktn'>
  _warnings.warn(warn_message, ResourceWarning)

wrote outputs/s3_esm2_f4_apo/experiment_config.json
wrote outputs/s3_esm2_f4_apo/inference_query_set.json
wrote outputs/s3_esm2_f4_apo/model_config.json
wrote outputs/s3_esm2_f4_apo/summary.txt
wrote outputs/s3_esm2_f4_apo/msas/msa-root-20261009T160903253097Z-0f28a20a/main/b989f4737a6c4c79419321ee50eea08925f2f2de0530bd2cf0c207fe1cb79e38.npz
wrote outputs/s3_esm2_f4_apo/msas/msa-root-20261009T160903253097Z-0f28a20a/mappings/README.md
wrote outputs/s3_esm2_f4_apo/msas/msa-root-20261009T160903253097Z-0f28a20a/mappings/chain_id_to_rep_id.json
wrote outputs/s3_esm2_f4_apo/msas/msa-root-20261009T160903253097Z-0f28a20a/mappings/query_name_to_complex_id.json
wrote outputs/s3_esm2_f4_apo/msas/msa-root-20261009T160903253097Z-0f28a20a/mappings/rep_id_to_seq.json
wrote outputs/s3_esm2_f4_apo/msas/msa-root-20261009T160903253097Z-0f28a20a/mappings/seq_to_rep_id.json
wrote outputs/s3_esm2_f4_apo/msas/raw/msa-root-20261009T160903253097Z-0f28a20a/main/bfd.mgnify30.metaeuk30.smag30.a3m
wrote outputs/s3_esm2_f4_apo/msas/raw/msa-root-20261009T160903253097Z-0f28a20a/main/msa.sh
wrote outputs/s3_esm2_f4_apo/msas/raw/msa-root-20261009T160903253097Z-0f28a20a/main/out.tar.gz
wrote outputs/s3_esm2_f4_apo/msas/raw/msa-root-20261009T160903253097Z-0f28a20a/main/pdb70.m8
wrote outputs/s3_esm2_f4_apo/msas/raw/msa-root-20261009T160903253097Z-0f28a20a/main/uniref.a3m
wrote outputs/s3_esm2_f4_apo/s3_esm2_f4_apo/seed_42/s3_esm2_f4_apo_seed_42_sample_1_confidences.json
wrote outputs/s3_esm2_f4_apo/s3_esm2_f4_apo/seed_42/s3_esm2_f4_apo_seed_42_sample_1_confidences_aggregated.json
wrote outputs/s3_esm2_f4_apo/s3_esm2_f4_apo/seed_42/s3_esm2_f4_apo_seed_42_sample_1_model.cif
wrote outputs/s3_esm2_f4_apo/s3_esm2_f4_apo/seed_42/s3_esm2_f4_apo_seed_42_sample_2_confidences.json
wrote outputs/s3_esm2_f4_apo/s3_esm2_f4_apo/seed_42/s3_esm2_f4_apo_seed_42_sample_2_confidences_aggregated.json
wrote outputs/s3_esm2_f4_apo/s3_esm2_f4_apo/seed_42/s3_esm2_f4_apo_seed_42_sample_2_model.cif
wrote outputs/s3_esm2_f4_apo/s3_esm2_f4_apo/seed_42/s3_esm2_f4_apo_seed_42_sample_3_confidences.json
wrote outputs/s3_esm2_f4_apo/s3_esm2_f4_apo/seed_42/s3_esm2_f4_apo_seed_42_sample_3_confidences_aggregated.json
wrote outputs/s3_esm2_f4_apo/s3_esm2_f4_apo/seed_42/s3_esm2_f4_apo_seed_42_sample_3_model.cif
wrote outputs/s3_esm2_f4_apo/s3_esm2_f4_apo/seed_42/s3_esm2_f4_apo_seed_42_sample_4_confidences.json
wrote outputs/s3_esm2_f4_apo/s3_esm2_f4_apo/seed_42/s3_esm2_f4_apo_seed_42_sample_4_confidences_aggregated.json
wrote outputs/s3_esm2_f4_apo/s3_esm2_f4_apo/seed_42/s3_esm2_f4_apo_seed_42_sample_4_model.cif
wrote outputs/s3_esm2_f4_apo/s3_esm2_f4_apo/seed_42/s3_esm2_f4_apo_seed_42_sample_5_confidences.json
wrote outputs/s3_esm2_f4_apo/s3_esm2_f4_apo/seed_42/s3_esm2_f4_apo_seed_42_sample_5_confidences_aggregated.json
wrote outputs/s3_esm2_f4_apo/s3_esm2_f4_apo/seed_42/s3_esm2_f4_apo_seed_42_sample_5_model.cif
wrote outputs/s3_esm2_f4_apo/s3_esm2_f4_apo/seed_42/timing.json
interface scores unavailable (need at least two chains for interface scores)
Stopping app - local entrypoint completed.
✓ App completed. View run at 
https://modal.com/apps/mauriciocafiero/main/ap-wLI8wbrqEkMfnmhlNW355T
wrote /Users/cafierom/python_mac/peptidebuilder/runs/octinoxate/folds/of3apo/s3_esm2_f4.pdb
--- of3apo octinoxate/s3_esm2_f4 exit 0, converted (17:09:54)
=== of3apo octinoxate/s3_orig_f12 (17:09:59)
✓ Initialized. View run at 
https://modal.com/apps/mauriciocafiero/main/ap-mhnXtZ0MB0KQQSamnaQ7km
✓ Created objects.
├── 🔨 Created mount /Users/cafierom/python_mac/fold/src/fold/app.py
├── 🔨 Created mount PythonPackage:fold
└── 🔨 Created function predict.
submitting s3_orig_f12_apo on A10G ...

==========
== CUDA ==
==========

CUDA Version 12.1.1

Container image Copyright (c) 2016-2023, NVIDIA CORPORATION & AFFILIATES. All rights reserved.

This container image and its contents are governed by the NVIDIA Deep Learning Container License.
By pulling and using the container, you accept the terms and conditions of this license:
https://developer.nvidia.com/ngc/nvidia-deep-learning-container-license

A copy of this license is made available in this container at /NGC-DL-CONTAINER-LICENSE for your convenience.

weights already cached at /cache/of3-ob-2025-06-30-174k.pt (2287872989 bytes)
running: run_openfold predict --query_json=/tmp/s3_orig_f12_apo_query.json --output_dir=/outputs/s3_orig_f12_apo --inference_ckpt_path=/cache/of3-ob-2025-06-30-174k.pt --use_msa_server=true --use_templates=false
[93m [WARNING] [0m Please pip install nvidia-cutlass
Submitting 1 sequences to the Colabfold MSA server for main MSAs...
No complexes found for paired MSA generation. Skipping...

Predicting: |          | 0/? [00:00<?, ?s/it]
Predicting: |          | 0/? [00:00<?, ?s/it]
Predicting DataLoader 0:   0%|          | 0/1 [00:00<?, ?s/it]
Predicting DataLoader 0: 100%|██████████| 1/1 [00:19<00:00, 19.61s/it]
Predicting DataLoader 0: 100%|██████████| 1/1 [00:19<00:00, 19.67s/it][93m [WARNING] [0m Please pip install nvidia-cutlass
[93m [WARNING] [0m Please pip install nvidia-cutlass
[93m [WARNING] [0m Please pip install nvidia-cutlass
[93m [WARNING] [0m Please pip install nvidia-cutlass
[93m [WARNING] [0m Please pip install nvidia-cutlass
[93m [WARNING] [0m Please pip install nvidia-cutlass
[93m [WARNING] [0m Please pip install nvidia-cutlass
[93m [WARNING] [0m Please pip install nvidia-cutlass
[93m [WARNING] [0m Please pip install nvidia-cutlass
[93m [WARNING] [0m Please pip install nvidia-cutlass


==================================================
    PREDICTION SUMMARY (COMPLETE)    
==================================================
Total Queries Processed: 1
  - Successful Queries:  1
  - Failed Queries:      0
==================================================

Removing empty log directory...

GPU available: True (cuda), used: True
TPU available: False, using: 0 TPU cores
💡 Tip: For seamless cloud logging and experiment tracking, try installing [litlogger](https://pypi.org/project/litlogger/) to enable LitLogger, which logs metrics and artifacts automatically to the Lightning Experiments platform.
💡 Tip: For seamless cloud uploads and versioning, try installing [litmodels](https://pypi.org/project/litmodels/) to enable LitModelCheckpoint, which syncs automatically with the Lightning model registry.
WARNING:openfold3.core.data.tools.colabfold_msa_server:Using output directory: /tmp/of3-of-root/msa-root-20261009T161017999930Z-bd7ddb91 for ColabFold MSAs.

  0%|          | 0/150 [elapsed: 00:00 remaining: ?]
SUBMIT:   0%|          | 0/150 [elapsed: 00:00 remaining: ?]
COMPLETE:   0%|          | 0/150 [elapsed: 00:00 remaining: ?]
COMPLETE: 100%|██████████| 150/150 [elapsed: 00:00 remaining: 00:00]
COMPLETE: 100%|██████████| 150/150 [elapsed: 00:01 remaining: 00:00]
/opt/openfold3/openfold3/core/data/tools/colabfold_msa_server.py:401: DeprecationWarning: Python 3.14 will, by default, filter extracted tar archives and reject files or modify their metadata. Use the filter argument to control this behavior.
  tar_gz.extractall(path)
WARNING:openfold3.core.data.tools.colabfold_msa_server:Colabfold returned no templates. Proceeding without template alignments for this batch.
LOCAL_RANK: 0 - CUDA_VISIBLE_DEVICES: [0]
Seed set to 42
/opt/conda/envs/openfold3/lib/python3.12/site-packages/torch/autograd/function.py:575: UserWarning: OpenFold3 Triton evoformer kernel is running on a non-HIP backend with default, untuned Triton config (AMD MFMA / waves_per_eu tunings disabled). Correctness holds; performance is not tuned for this backend.
  return super().apply(*args, **kwargs)  # type: ignore[misc]
/opt/conda/envs/openfold3/lib/python3.12/site-packages/torch/autograd/function.py:575: UserWarning: OpenFold3 Triton evoformer kernel is running on a non-HIP backend with default, untuned Triton config (AMD MFMA / waves_per_eu tunings disabled). Correctness holds; performance is not tuned for this backend.
  return super().apply(*args, **kwargs)  # type: ignore[misc]
/opt/conda/envs/openfold3/lib/python3.12/site-packages/torch/autograd/function.py:575: UserWarning: OpenFold3 Triton evoformer kernel is running on a non-HIP backend with default, untuned Triton config (AMD MFMA / waves_per_eu tunings disabled). Correctness holds; performance is not tuned for this backend.
  return super().apply(*args, **kwargs)  # type: ignore[misc]
/opt/conda/envs/openfold3/lib/python3.12/site-packages/torch/autograd/function.py:575: UserWarning: OpenFold3 Triton evoformer kernel is running on a non-HIP backend with default, untuned Triton config (AMD MFMA / waves_per_eu tunings disabled). Correctness holds; performance is not tuned for this backend.
  return super().apply(*args, **kwargs)  # type: ignore[misc]
/opt/conda/envs/openfold3/lib/python3.12/site-packages/torch/autograd/function.py:575: UserWarning: OpenFold3 Triton evoformer kernel is running on a non-HIP backend with default, untuned Triton config (AMD MFMA / waves_per_eu tunings disabled). Correctness holds; performance is not tuned for this backend.
  return super().apply(*args, **kwargs)  # type: ignore[misc]
/opt/conda/envs/openfold3/lib/python3.12/site-packages/torch/autograd/function.py:575: UserWarning: OpenFold3 Triton evoformer kernel is running on a non-HIP backend with default, untuned Triton config (AMD MFMA / waves_per_eu tunings disabled). Correctness holds; performance is not tuned for this backend.
  return super().apply(*args, **kwargs)  # type: ignore[misc]
/opt/conda/envs/openfold3/lib/python3.12/site-packages/torch/autograd/function.py:575: UserWarning: OpenFold3 Triton evoformer kernel is running on a non-HIP backend with default, untuned Triton config (AMD MFMA / waves_per_eu tunings disabled). Correctness holds; performance is not tuned for this backend.
  return super().apply(*args, **kwargs)  # type: ignore[misc]
/opt/conda/envs/openfold3/lib/python3.12/site-packages/torch/autograd/function.py:575: UserWarning: OpenFold3 Triton evoformer kernel is running on a non-HIP backend with default, untuned Triton config (AMD MFMA / waves_per_eu tunings disabled). Correctness holds; performance is not tuned for this backend.
  return super().apply(*args, **kwargs)  # type: ignore[misc]
/opt/conda/envs/openfold3/lib/python3.12/site-packages/biotite/structure/io/pdbx/convert.py:1024: DeprecationWarning: `include_bonds` parameter is deprecated, intra-residue are always written, if available
  warnings.warn(
/opt/conda/envs/openfold3/lib/python3.12/tempfile.py:940: ResourceWarning: Implicitly cleaning up <TemporaryDirectory '/tmp/tmpk7z3volh'>
  _warnings.warn(warn_message, ResourceWarning)

wrote outputs/s3_orig_f12_apo/experiment_config.json
wrote outputs/s3_orig_f12_apo/inference_query_set.json
wrote outputs/s3_orig_f12_apo/model_config.json
wrote outputs/s3_orig_f12_apo/summary.txt
wrote outputs/s3_orig_f12_apo/msas/msa-root-20261009T161017999930Z-bd7ddb91/main/dec6826ae451ec17a491ada7e1822a20f1e1fbed74de4bc92a33d4f712c1b44e.npz
wrote outputs/s3_orig_f12_apo/msas/msa-root-20261009T161017999930Z-bd7ddb91/mappings/README.md
wrote outputs/s3_orig_f12_apo/msas/msa-root-20261009T161017999930Z-bd7ddb91/mappings/chain_id_to_rep_id.json
wrote outputs/s3_orig_f12_apo/msas/msa-root-20261009T161017999930Z-bd7ddb91/mappings/query_name_to_complex_id.json
wrote outputs/s3_orig_f12_apo/msas/msa-root-20261009T161017999930Z-bd7ddb91/mappings/rep_id_to_seq.json
wrote outputs/s3_orig_f12_apo/msas/msa-root-20261009T161017999930Z-bd7ddb91/mappings/seq_to_rep_id.json
wrote outputs/s3_orig_f12_apo/msas/raw/msa-root-20261009T161017999930Z-bd7ddb91/main/bfd.mgnify30.metaeuk30.smag30.a3m
wrote outputs/s3_orig_f12_apo/msas/raw/msa-root-20261009T161017999930Z-bd7ddb91/main/msa.sh
wrote outputs/s3_orig_f12_apo/msas/raw/msa-root-20261009T161017999930Z-bd7ddb91/main/out.tar.gz
wrote outputs/s3_orig_f12_apo/msas/raw/msa-root-20261009T161017999930Z-bd7ddb91/main/pdb70.m8
wrote outputs/s3_orig_f12_apo/msas/raw/msa-root-20261009T161017999930Z-bd7ddb91/main/uniref.a3m
wrote outputs/s3_orig_f12_apo/s3_orig_f12_apo/seed_42/s3_orig_f12_apo_seed_42_sample_1_confidences.json
wrote outputs/s3_orig_f12_apo/s3_orig_f12_apo/seed_42/s3_orig_f12_apo_seed_42_sample_1_confidences_aggregated.json
wrote outputs/s3_orig_f12_apo/s3_orig_f12_apo/seed_42/s3_orig_f12_apo_seed_42_sample_1_model.cif
wrote outputs/s3_orig_f12_apo/s3_orig_f12_apo/seed_42/s3_orig_f12_apo_seed_42_sample_2_confidences.json
wrote outputs/s3_orig_f12_apo/s3_orig_f12_apo/seed_42/s3_orig_f12_apo_seed_42_sample_2_confidences_aggregated.json
wrote outputs/s3_orig_f12_apo/s3_orig_f12_apo/seed_42/s3_orig_f12_apo_seed_42_sample_2_model.cif
wrote outputs/s3_orig_f12_apo/s3_orig_f12_apo/seed_42/s3_orig_f12_apo_seed_42_sample_3_confidences.json
wrote outputs/s3_orig_f12_apo/s3_orig_f12_apo/seed_42/s3_orig_f12_apo_seed_42_sample_3_confidences_aggregated.json
wrote outputs/s3_orig_f12_apo/s3_orig_f12_apo/seed_42/s3_orig_f12_apo_seed_42_sample_3_model.cif
wrote outputs/s3_orig_f12_apo/s3_orig_f12_apo/seed_42/s3_orig_f12_apo_seed_42_sample_4_confidences.json
wrote outputs/s3_orig_f12_apo/s3_orig_f12_apo/seed_42/s3_orig_f12_apo_seed_42_sample_4_confidences_aggregated.json
wrote outputs/s3_orig_f12_apo/s3_orig_f12_apo/seed_42/s3_orig_f12_apo_seed_42_sample_4_model.cif
wrote outputs/s3_orig_f12_apo/s3_orig_f12_apo/seed_42/s3_orig_f12_apo_seed_42_sample_5_confidences.json
wrote outputs/s3_orig_f12_apo/s3_orig_f12_apo/seed_42/s3_orig_f12_apo_seed_42_sample_5_confidences_aggregated.json
wrote outputs/s3_orig_f12_apo/s3_orig_f12_apo/seed_42/s3_orig_f12_apo_seed_42_sample_5_model.cif
wrote outputs/s3_orig_f12_apo/s3_orig_f12_apo/seed_42/timing.json
interface scores unavailable (need at least two chains for interface scores)
Stopping app - local entrypoint completed.
✓ App completed. View run at 
https://modal.com/apps/mauriciocafiero/main/ap-mhnXtZ0MB0KQQSamnaQ7km
wrote /Users/cafierom/python_mac/peptidebuilder/runs/octinoxate/folds/of3apo/s3_orig_f12.pdb
--- of3apo octinoxate/s3_orig_f12 exit 0, converted (17:11:09)
=== of3apo octinoxate/shuffle_control_esm0 (17:11:14)
✓ Initialized. View run at 
https://modal.com/apps/mauriciocafiero/main/ap-PwXNyK9KpT9HDF76HAZeS3
✓ Created objects.
├── 🔨 Created mount /Users/cafierom/python_mac/fold/src/fold/app.py
├── 🔨 Created mount PythonPackage:fold
└── 🔨 Created function predict.
submitting shuffle_control_esm0_apo on A10G ...

==========
== CUDA ==
==========

CUDA Version 12.1.1

Container image Copyright (c) 2016-2023, NVIDIA CORPORATION & AFFILIATES. All rights reserved.

This container image and its contents are governed by the NVIDIA Deep Learning Container License.
By pulling and using the container, you accept the terms and conditions of this license:
https://developer.nvidia.com/ngc/nvidia-deep-learning-container-license

A copy of this license is made available in this container at /NGC-DL-CONTAINER-LICENSE for your convenience.

weights already cached at /cache/of3-ob-2025-06-30-174k.pt (2287872989 bytes)
running: run_openfold predict --query_json=/tmp/shuffle_control_esm0_apo_query.json --output_dir=/outputs/shuffle_control_esm0_apo --inference_ckpt_path=/cache/of3-ob-2025-06-30-174k.pt --use_msa_server=true --use_templates=false
[93m [WARNING] [0m Please pip install nvidia-cutlass
Submitting 1 sequences to the Colabfold MSA server for main MSAs...
No complexes found for paired MSA generation. Skipping...

Predicting: |          | 0/? [00:00<?, ?s/it]
Predicting: |          | 0/? [00:00<?, ?s/it]
Predicting DataLoader 0:   0%|          | 0/1 [00:00<?, ?s/it]
Predicting DataLoader 0: 100%|██████████| 1/1 [00:19<00:00, 19.70s/it]
Predicting DataLoader 0: 100%|██████████| 1/1 [00:19<00:00, 19.78s/it][93m [WARNING] [0m Please pip install nvidia-cutlass
[93m [WARNING] [0m Please pip install nvidia-cutlass
[93m [WARNING] [0m Please pip install nvidia-cutlass
[93m [WARNING] [0m Please pip install nvidia-cutlass
[93m [WARNING] [0m Please pip install nvidia-cutlass
[93m [WARNING] [0m Please pip install nvidia-cutlass
[93m [WARNING] [0m Please pip install nvidia-cutlass
[93m [WARNING] [0m Please pip install nvidia-cutlass
[93m [WARNING] [0m Please pip install nvidia-cutlass
[93m [WARNING] [0m Please pip install nvidia-cutlass


==================================================
    PREDICTION SUMMARY (COMPLETE)    
==================================================
Total Queries Processed: 1
  - Successful Queries:  1
  - Failed Queries:      0
==================================================

Removing empty log directory...

GPU available: True (cuda), used: True
TPU available: False, using: 0 TPU cores
💡 Tip: For seamless cloud logging and experiment tracking, try installing [litlogger](https://pypi.org/project/litlogger/) to enable LitLogger, which logs metrics and artifacts automatically to the Lightning Experiments platform.
💡 Tip: For seamless cloud uploads and versioning, try installing [litmodels](https://pypi.org/project/litmodels/) to enable LitModelCheckpoint, which syncs automatically with the Lightning model registry.
WARNING:openfold3.core.data.tools.colabfold_msa_server:Using output directory: /tmp/of3-of-root/msa-root-20261009T161132638201Z-c1ee0b6e for ColabFold MSAs.

  0%|          | 0/150 [elapsed: 00:00 remaining: ?]
SUBMIT:   0%|          | 0/150 [elapsed: 00:00 remaining: ?]
COMPLETE:   0%|          | 0/150 [elapsed: 00:00 remaining: ?]
COMPLETE: 100%|██████████| 150/150 [elapsed: 00:00 remaining: 00:00]
COMPLETE: 100%|██████████| 150/150 [elapsed: 00:00 remaining: 00:00]
/opt/openfold3/openfold3/core/data/tools/colabfold_msa_server.py:401: DeprecationWarning: Python 3.14 will, by default, filter extracted tar archives and reject files or modify their metadata. Use the filter argument to control this behavior.
  tar_gz.extractall(path)
WARNING:openfold3.core.data.tools.colabfold_msa_server:Colabfold returned no templates. Proceeding without template alignments for this batch.
LOCAL_RANK: 0 - CUDA_VISIBLE_DEVICES: [0]
Seed set to 42
/opt/conda/envs/openfold3/lib/python3.12/site-packages/torch/autograd/function.py:575: UserWarning: OpenFold3 Triton evoformer kernel is running on a non-HIP backend with default, untuned Triton config (AMD MFMA / waves_per_eu tunings disabled). Correctness holds; performance is not tuned for this backend.
  return super().apply(*args, **kwargs)  # type: ignore[misc]
/opt/conda/envs/openfold3/lib/python3.12/site-packages/torch/autograd/function.py:575: UserWarning: OpenFold3 Triton evoformer kernel is running on a non-HIP backend with default, untuned Triton config (AMD MFMA / waves_per_eu tunings disabled). Correctness holds; performance is not tuned for this backend.
  return super().apply(*args, **kwargs)  # type: ignore[misc]
/opt/conda/envs/openfold3/lib/python3.12/site-packages/torch/autograd/function.py:575: UserWarning: OpenFold3 Triton evoformer kernel is running on a non-HIP backend with default, untuned Triton config (AMD MFMA / waves_per_eu tunings disabled). Correctness holds; performance is not tuned for this backend.
  return super().apply(*args, **kwargs)  # type: ignore[misc]
/opt/conda/envs/openfold3/lib/python3.12/site-packages/torch/autograd/function.py:575: UserWarning: OpenFold3 Triton evoformer kernel is running on a non-HIP backend with default, untuned Triton config (AMD MFMA / waves_per_eu tunings disabled). Correctness holds; performance is not tuned for this backend.
  return super().apply(*args, **kwargs)  # type: ignore[misc]
/opt/conda/envs/openfold3/lib/python3.12/site-packages/torch/autograd/function.py:575: UserWarning: OpenFold3 Triton evoformer kernel is running on a non-HIP backend with default, untuned Triton config (AMD MFMA / waves_per_eu tunings disabled). Correctness holds; performance is not tuned for this backend.
  return super().apply(*args, **kwargs)  # type: ignore[misc]
/opt/conda/envs/openfold3/lib/python3.12/site-packages/torch/autograd/function.py:575: UserWarning: OpenFold3 Triton evoformer kernel is running on a non-HIP backend with default, untuned Triton config (AMD MFMA / waves_per_eu tunings disabled). Correctness holds; performance is not tuned for this backend.
  return super().apply(*args, **kwargs)  # type: ignore[misc]
/opt/conda/envs/openfold3/lib/python3.12/site-packages/torch/autograd/function.py:575: UserWarning: OpenFold3 Triton evoformer kernel is running on a non-HIP backend with default, untuned Triton config (AMD MFMA / waves_per_eu tunings disabled). Correctness holds; performance is not tuned for this backend.
  return super().apply(*args, **kwargs)  # type: ignore[misc]
/opt/conda/envs/openfold3/lib/python3.12/site-packages/torch/autograd/function.py:575: UserWarning: OpenFold3 Triton evoformer kernel is running on a non-HIP backend with default, untuned Triton config (AMD MFMA / waves_per_eu tunings disabled). Correctness holds; performance is not tuned for this backend.
  return super().apply(*args, **kwargs)  # type: ignore[misc]
/opt/conda/envs/openfold3/lib/python3.12/site-packages/biotite/structure/io/pdbx/convert.py:1024: DeprecationWarning: `include_bonds` parameter is deprecated, intra-residue are always written, if available
  warnings.warn(
/opt/conda/envs/openfold3/lib/python3.12/tempfile.py:940: ResourceWarning: Implicitly cleaning up <TemporaryDirectory '/tmp/tmpk5owkw9f'>
  _warnings.warn(warn_message, ResourceWarning)

wrote outputs/shuffle_control_esm0_apo/experiment_config.json
wrote outputs/shuffle_control_esm0_apo/inference_query_set.json
wrote outputs/shuffle_control_esm0_apo/model_config.json
wrote outputs/shuffle_control_esm0_apo/summary.txt
wrote outputs/shuffle_control_esm0_apo/msas/msa-root-20261009T161132638201Z-c1ee0b6e/main/f1fb4db08c7bd8018b49e8525ea591fa577b3f109d32bcde0b4bea001e3793b6.npz
wrote outputs/shuffle_control_esm0_apo/msas/msa-root-20261009T161132638201Z-c1ee0b6e/mappings/README.md
wrote outputs/shuffle_control_esm0_apo/msas/msa-root-20261009T161132638201Z-c1ee0b6e/mappings/chain_id_to_rep_id.json
wrote outputs/shuffle_control_esm0_apo/msas/msa-root-20261009T161132638201Z-c1ee0b6e/mappings/query_name_to_complex_id.json
wrote outputs/shuffle_control_esm0_apo/msas/msa-root-20261009T161132638201Z-c1ee0b6e/mappings/rep_id_to_seq.json
wrote outputs/shuffle_control_esm0_apo/msas/msa-root-20261009T161132638201Z-c1ee0b6e/mappings/seq_to_rep_id.json
wrote outputs/shuffle_control_esm0_apo/msas/raw/msa-root-20261009T161132638201Z-c1ee0b6e/main/bfd.mgnify30.metaeuk30.smag30.a3m
wrote outputs/shuffle_control_esm0_apo/msas/raw/msa-root-20261009T161132638201Z-c1ee0b6e/main/msa.sh
wrote outputs/shuffle_control_esm0_apo/msas/raw/msa-root-20261009T161132638201Z-c1ee0b6e/main/out.tar.gz
wrote outputs/shuffle_control_esm0_apo/msas/raw/msa-root-20261009T161132638201Z-c1ee0b6e/main/pdb70.m8
wrote outputs/shuffle_control_esm0_apo/msas/raw/msa-root-20261009T161132638201Z-c1ee0b6e/main/uniref.a3m
wrote outputs/shuffle_control_esm0_apo/shuffle_control_esm0_apo/seed_42/shuffle_control_esm0_apo_seed_42_sample_1_confidences.json
wrote outputs/shuffle_control_esm0_apo/shuffle_control_esm0_apo/seed_42/shuffle_control_esm0_apo_seed_42_sample_1_confidences_aggregated.json
wrote outputs/shuffle_control_esm0_apo/shuffle_control_esm0_apo/seed_42/shuffle_control_esm0_apo_seed_42_sample_1_model.cif
wrote outputs/shuffle_control_esm0_apo/shuffle_control_esm0_apo/seed_42/shuffle_control_esm0_apo_seed_42_sample_2_confidences.json
wrote outputs/shuffle_control_esm0_apo/shuffle_control_esm0_apo/seed_42/shuffle_control_esm0_apo_seed_42_sample_2_confidences_aggregated.json
wrote outputs/shuffle_control_esm0_apo/shuffle_control_esm0_apo/seed_42/shuffle_control_esm0_apo_seed_42_sample_2_model.cif
wrote outputs/shuffle_control_esm0_apo/shuffle_control_esm0_apo/seed_42/shuffle_control_esm0_apo_seed_42_sample_3_confidences.json
wrote outputs/shuffle_control_esm0_apo/shuffle_control_esm0_apo/seed_42/shuffle_control_esm0_apo_seed_42_sample_3_confidences_aggregated.json
wrote outputs/shuffle_control_esm0_apo/shuffle_control_esm0_apo/seed_42/shuffle_control_esm0_apo_seed_42_sample_3_model.cif
wrote outputs/shuffle_control_esm0_apo/shuffle_control_esm0_apo/seed_42/shuffle_control_esm0_apo_seed_42_sample_4_confidences.json
wrote outputs/shuffle_control_esm0_apo/shuffle_control_esm0_apo/seed_42/shuffle_control_esm0_apo_seed_42_sample_4_confidences_aggregated.json
wrote outputs/shuffle_control_esm0_apo/shuffle_control_esm0_apo/seed_42/shuffle_control_esm0_apo_seed_42_sample_4_model.cif
wrote outputs/shuffle_control_esm0_apo/shuffle_control_esm0_apo/seed_42/shuffle_control_esm0_apo_seed_42_sample_5_confidences.json
wrote outputs/shuffle_control_esm0_apo/shuffle_control_esm0_apo/seed_42/shuffle_control_esm0_apo_seed_42_sample_5_confidences_aggregated.json
wrote outputs/shuffle_control_esm0_apo/shuffle_control_esm0_apo/seed_42/shuffle_control_esm0_apo_seed_42_sample_5_model.cif
wrote outputs/shuffle_control_esm0_apo/shuffle_control_esm0_apo/seed_42/timing.json
interface scores unavailable (need at least two chains for interface scores)
Stopping app - local entrypoint completed.
✓ App completed. View run at 
https://modal.com/apps/mauriciocafiero/main/ap-PwXNyK9KpT9HDF76HAZeS3
wrote /Users/cafierom/python_mac/peptidebuilder/runs/octinoxate/folds/of3apo/shuffle_control_esm0.pdb
--- of3apo octinoxate/shuffle_control_esm0 exit 0, converted (17:12:25)
=== of3apo octinoxate/shuffle_control (17:12:30)
✓ Initialized. View run at 
https://modal.com/apps/mauriciocafiero/main/ap-84wdEQAAiaspgNEE9rbvzp
✓ Created objects.
├── 🔨 Created mount /Users/cafierom/python_mac/fold/src/fold/app.py
├── 🔨 Created mount PythonPackage:fold
└── 🔨 Created function predict.
submitting shuffle_control_apo on A10G ...

==========
== CUDA ==
==========

CUDA Version 12.1.1

Container image Copyright (c) 2016-2023, NVIDIA CORPORATION & AFFILIATES. All rights reserved.

This container image and its contents are governed by the NVIDIA Deep Learning Container License.
By pulling and using the container, you accept the terms and conditions of this license:
https://developer.nvidia.com/ngc/nvidia-deep-learning-container-license

A copy of this license is made available in this container at /NGC-DL-CONTAINER-LICENSE for your convenience.

weights already cached at /cache/of3-ob-2025-06-30-174k.pt (2287872989 bytes)
running: run_openfold predict --query_json=/tmp/shuffle_control_apo_query.json --output_dir=/outputs/shuffle_control_apo --inference_ckpt_path=/cache/of3-ob-2025-06-30-174k.pt --use_msa_server=true --use_templates=false
[93m [WARNING] [0m Please pip install nvidia-cutlass
Submitting 1 sequences to the Colabfold MSA server for main MSAs...
No complexes found for paired MSA generation. Skipping...

Predicting: |          | 0/? [00:00<?, ?s/it]
Predicting: |          | 0/? [00:00<?, ?s/it]
Predicting DataLoader 0:   0%|          | 0/1 [00:00<?, ?s/it]
Predicting DataLoader 0: 100%|██████████| 1/1 [00:19<00:00, 19.83s/it]
Predicting DataLoader 0: 100%|██████████| 1/1 [00:19<00:00, 19.90s/it][93m [WARNING] [0m Please pip install nvidia-cutlass
[93m [WARNING] [0m Please pip install nvidia-cutlass
[93m [WARNING] [0m Please pip install nvidia-cutlass
[93m [WARNING] [0m Please pip install nvidia-cutlass
[93m [WARNING] [0m Please pip install nvidia-cutlass
[93m [WARNING] [0m Please pip install nvidia-cutlass
[93m [WARNING] [0m Please pip install nvidia-cutlass
[93m [WARNING] [0m Please pip install nvidia-cutlass
[93m [WARNING] [0m Please pip install nvidia-cutlass
[93m [WARNING] [0m Please pip install nvidia-cutlass


==================================================
    PREDICTION SUMMARY (COMPLETE)    
==================================================
Total Queries Processed: 1
  - Successful Queries:  1
  - Failed Queries:      0
==================================================

Removing empty log directory...

GPU available: True (cuda), used: True
TPU available: False, using: 0 TPU cores
💡 Tip: For seamless cloud logging and experiment tracking, try installing [litlogger](https://pypi.org/project/litlogger/) to enable LitLogger, which logs metrics and artifacts automatically to the Lightning Experiments platform.
💡 Tip: For seamless cloud uploads and versioning, try installing [litmodels](https://pypi.org/project/litmodels/) to enable LitModelCheckpoint, which syncs automatically with the Lightning model registry.
WARNING:openfold3.core.data.tools.colabfold_msa_server:Using output directory: /tmp/of3-of-root/msa-root-20261009T161248475293Z-5b229129 for ColabFold MSAs.

  0%|          | 0/150 [elapsed: 00:00 remaining: ?]
SUBMIT:   0%|          | 0/150 [elapsed: 00:00 remaining: ?]
COMPLETE:   0%|          | 0/150 [elapsed: 00:00 remaining: ?]
COMPLETE: 100%|██████████| 150/150 [elapsed: 00:00 remaining: 00:00]
COMPLETE: 100%|██████████| 150/150 [elapsed: 00:02 remaining: 00:00]
/opt/openfold3/openfold3/core/data/tools/colabfold_msa_server.py:401: DeprecationWarning: Python 3.14 will, by default, filter extracted tar archives and reject files or modify their metadata. Use the filter argument to control this behavior.
  tar_gz.extractall(path)
WARNING:openfold3.core.data.tools.colabfold_msa_server:Colabfold returned no templates. Proceeding without template alignments for this batch.
LOCAL_RANK: 0 - CUDA_VISIBLE_DEVICES: [0]
Seed set to 42
/opt/conda/envs/openfold3/lib/python3.12/site-packages/torch/autograd/function.py:575: UserWarning: OpenFold3 Triton evoformer kernel is running on a non-HIP backend with default, untuned Triton config (AMD MFMA / waves_per_eu tunings disabled). Correctness holds; performance is not tuned for this backend.
  return super().apply(*args, **kwargs)  # type: ignore[misc]
/opt/conda/envs/openfold3/lib/python3.12/site-packages/torch/autograd/function.py:575: UserWarning: OpenFold3 Triton evoformer kernel is running on a non-HIP backend with default, untuned Triton config (AMD MFMA / waves_per_eu tunings disabled). Correctness holds; performance is not tuned for this backend.
  return super().apply(*args, **kwargs)  # type: ignore[misc]
/opt/conda/envs/openfold3/lib/python3.12/site-packages/torch/autograd/function.py:575: UserWarning: OpenFold3 Triton evoformer kernel is running on a non-HIP backend with default, untuned Triton config (AMD MFMA / waves_per_eu tunings disabled). Correctness holds; performance is not tuned for this backend.
  return super().apply(*args, **kwargs)  # type: ignore[misc]
/opt/conda/envs/openfold3/lib/python3.12/site-packages/torch/autograd/function.py:575: UserWarning: OpenFold3 Triton evoformer kernel is running on a non-HIP backend with default, untuned Triton config (AMD MFMA / waves_per_eu tunings disabled). Correctness holds; performance is not tuned for this backend.
  return super().apply(*args, **kwargs)  # type: ignore[misc]
/opt/conda/envs/openfold3/lib/python3.12/site-packages/torch/autograd/function.py:575: UserWarning: OpenFold3 Triton evoformer kernel is running on a non-HIP backend with default, untuned Triton config (AMD MFMA / waves_per_eu tunings disabled). Correctness holds; performance is not tuned for this backend.
  return super().apply(*args, **kwargs)  # type: ignore[misc]
/opt/conda/envs/openfold3/lib/python3.12/site-packages/torch/autograd/function.py:575: UserWarning: OpenFold3 Triton evoformer kernel is running on a non-HIP backend with default, untuned Triton config (AMD MFMA / waves_per_eu tunings disabled). Correctness holds; performance is not tuned for this backend.
  return super().apply(*args, **kwargs)  # type: ignore[misc]
/opt/conda/envs/openfold3/lib/python3.12/site-packages/torch/autograd/function.py:575: UserWarning: OpenFold3 Triton evoformer kernel is running on a non-HIP backend with default, untuned Triton config (AMD MFMA / waves_per_eu tunings disabled). Correctness holds; performance is not tuned for this backend.
  return super().apply(*args, **kwargs)  # type: ignore[misc]
/opt/conda/envs/openfold3/lib/python3.12/site-packages/torch/autograd/function.py:575: UserWarning: OpenFold3 Triton evoformer kernel is running on a non-HIP backend with default, untuned Triton config (AMD MFMA / waves_per_eu tunings disabled). Correctness holds; performance is not tuned for this backend.
  return super().apply(*args, **kwargs)  # type: ignore[misc]
/opt/conda/envs/openfold3/lib/python3.12/site-packages/biotite/structure/io/pdbx/convert.py:1024: DeprecationWarning: `include_bonds` parameter is deprecated, intra-residue are always written, if available
  warnings.warn(
/opt/conda/envs/openfold3/lib/python3.12/tempfile.py:940: ResourceWarning: Implicitly cleaning up <TemporaryDirectory '/tmp/tmpuji1evpr'>
  _warnings.warn(warn_message, ResourceWarning)

wrote outputs/shuffle_control_apo/experiment_config.json
wrote outputs/shuffle_control_apo/inference_query_set.json
wrote outputs/shuffle_control_apo/model_config.json
wrote outputs/shuffle_control_apo/summary.txt
wrote outputs/shuffle_control_apo/msas/msa-root-20261009T161248475293Z-5b229129/main/aa302aeb6aece41b3293022f0238fbe8b737e12628e5873ceca30fce9f1ee546.npz
wrote outputs/shuffle_control_apo/msas/msa-root-20261009T161248475293Z-5b229129/mappings/README.md
wrote outputs/shuffle_control_apo/msas/msa-root-20261009T161248475293Z-5b229129/mappings/chain_id_to_rep_id.json
wrote outputs/shuffle_control_apo/msas/msa-root-20261009T161248475293Z-5b229129/mappings/query_name_to_complex_id.json
wrote outputs/shuffle_control_apo/msas/msa-root-20261009T161248475293Z-5b229129/mappings/rep_id_to_seq.json
wrote outputs/shuffle_control_apo/msas/msa-root-20261009T161248475293Z-5b229129/mappings/seq_to_rep_id.json
wrote outputs/shuffle_control_apo/msas/raw/msa-root-20261009T161248475293Z-5b229129/main/bfd.mgnify30.metaeuk30.smag30.a3m
wrote outputs/shuffle_control_apo/msas/raw/msa-root-20261009T161248475293Z-5b229129/main/msa.sh
wrote outputs/shuffle_control_apo/msas/raw/msa-root-20261009T161248475293Z-5b229129/main/out.tar.gz
wrote outputs/shuffle_control_apo/msas/raw/msa-root-20261009T161248475293Z-5b229129/main/pdb70.m8
wrote outputs/shuffle_control_apo/msas/raw/msa-root-20261009T161248475293Z-5b229129/main/uniref.a3m
wrote outputs/shuffle_control_apo/shuffle_control_apo/seed_42/shuffle_control_apo_seed_42_sample_1_confidences.json
wrote outputs/shuffle_control_apo/shuffle_control_apo/seed_42/shuffle_control_apo_seed_42_sample_1_confidences_aggregated.json
wrote outputs/shuffle_control_apo/shuffle_control_apo/seed_42/shuffle_control_apo_seed_42_sample_1_model.cif
wrote outputs/shuffle_control_apo/shuffle_control_apo/seed_42/shuffle_control_apo_seed_42_sample_2_confidences.json
wrote outputs/shuffle_control_apo/shuffle_control_apo/seed_42/shuffle_control_apo_seed_42_sample_2_confidences_aggregated.json
wrote outputs/shuffle_control_apo/shuffle_control_apo/seed_42/shuffle_control_apo_seed_42_sample_2_model.cif
wrote outputs/shuffle_control_apo/shuffle_control_apo/seed_42/shuffle_control_apo_seed_42_sample_3_confidences.json
wrote outputs/shuffle_control_apo/shuffle_control_apo/seed_42/shuffle_control_apo_seed_42_sample_3_confidences_aggregated.json
wrote outputs/shuffle_control_apo/shuffle_control_apo/seed_42/shuffle_control_apo_seed_42_sample_3_model.cif
wrote outputs/shuffle_control_apo/shuffle_control_apo/seed_42/shuffle_control_apo_seed_42_sample_4_confidences.json
wrote outputs/shuffle_control_apo/shuffle_control_apo/seed_42/shuffle_control_apo_seed_42_sample_4_confidences_aggregated.json
wrote outputs/shuffle_control_apo/shuffle_control_apo/seed_42/shuffle_control_apo_seed_42_sample_4_model.cif
wrote outputs/shuffle_control_apo/shuffle_control_apo/seed_42/shuffle_control_apo_seed_42_sample_5_confidences.json
wrote outputs/shuffle_control_apo/shuffle_control_apo/seed_42/shuffle_control_apo_seed_42_sample_5_confidences_aggregated.json
wrote outputs/shuffle_control_apo/shuffle_control_apo/seed_42/shuffle_control_apo_seed_42_sample_5_model.cif
wrote outputs/shuffle_control_apo/shuffle_control_apo/seed_42/timing.json
interface scores unavailable (need at least two chains for interface scores)
Stopping app - local entrypoint completed.
✓ App completed. View run at 
https://modal.com/apps/mauriciocafiero/main/ap-84wdEQAAiaspgNEE9rbvzp
wrote /Users/cafierom/python_mac/peptidebuilder/runs/octinoxate/folds/of3apo/shuffle_control.pdb
--- of3apo octinoxate/shuffle_control exit 0, converted (17:13:43)
