=== rf3 octinoxate/bg33_1 (13:40:24)
✓ Initialized. View run at 
https://modal.com/apps/mauriciocafiero/main/ap-5kJCw7vv67Ub7Sa2uCb49W
✓ Created objects.
├── 🔨 Created mount /Users/cafierom/python_mac/fold/src/fold/rf3_app.py
├── 🔨 Created mount PythonPackage:fold
└── 🔨 Created function predict.
submitting bg33_1 on A10G (use_msa=True) ...
weights already cached at /cache/rf3_foundry_01_24_latest_remapped.ckpt (3038876446 bytes)
fetching MSA for component 0 (33 aa)...
MSA job qKGRit51Q5SeTlJu3qzoRMPpQH8HCqMSatoCJg submitted, polling...
MSA written to /tmp/bg33_1_chain0_msa.a3m (80 chars)
running: rf3 fold inputs=/tmp/bg33_1_input.json out_dir=/outputs/bg33_1 ckpt_path=/cache/rf3_foundry_01_24_latest_remapped.ckpt

/usr/local/lib/python3.12/site-packages/torch/jit/_script.py:1488: DeprecationWarning: `torch.jit.script` is deprecated. Please switch to `torch.compile` or `torch.export`.
  warnings.warn(
Environment variable CCD_MIRROR_PATH not set. Will not be able to use function requiring this variable. To set it you may:
  (1) add the line 'export VAR_NAME=path/to/variable' to your .bashrc or .zshrc file
  (2) set it in your current shell with 'export VAR_NAME=path/to/variable'
  (3) write it to a .env file in the root of the atomworks.io repository
Environment variable PDB_MIRROR_PATH not set. Will not be able to use function requiring this variable. To set it you may:
  (1) add the line 'export VAR_NAME=path/to/variable' to your .bashrc or .zshrc file
  (2) set it in your current shell with 'export VAR_NAME=path/to/variable'
  (3) write it to a .env file in the root of the atomworks.io repository
12:40:41 DEBUG transforms: Debug mode is on
12:40:42 WARNING atomworks.constants: Environment variable LOCAL_MSA_DIRS not set. Will not be able to use function requiring this variable. To set it you may:
  (1) add the line 'export VAR_NAME=path/to/variable' to your .bashrc or .zshrc file
  (2) set it in your current shell with 'export VAR_NAME=path/to/variable'
  (3) write it to a .env file in the root of the atomworks.io repository
12:40:42 INFO rf3.inference_engines.rf3: [rank: 0] Loading checkpoint from /__modal/volumes/vo-oO6aFYAUDl1wEH5oWZO3VM/rf3_foundry_01_24_latest_remapped.ckpt...
12:40:47 WARNING atomworks.ml: Using element type for atom names of atomized tokens.
Using bfloat16 Automatic Mixed Precision (AMP)
You are using a CUDA device ('NVIDIA A10') that has Tensor Cores. To properly utilize them, you should set `torch.set_float32_matmul_precision('medium' | 'high')` which will trade-off precision for performance. For more details, read https://pytorch.org/docs/stable/generated/torch.set_float32_matmul_precision.html#torch.set_float32_matmul_precision
12:40:51 INFO rf3.inference_engines.rf3: [rank: 0] Outputs will be written to /__modal/volumes/vo-HGvJ0xSDZkfBZcPwB8c9Ga/bg33_1.
12:40:54 WARNING atomworks.io.utils.ccd: The following CCD codes were not found in Biotite's built-in CCD: {np.str_('L:0')}
12:40:54 INFO rf3.inference_engines.rf3: [rank: 0] Found 1 structures to predict!
12:40:54 INFO rf3.inference_engines.rf3: [rank: 0] Predicting structure 1/1: bg33_1
12:41:04 INFO rf3.inference_engines.rf3: [rank: 0] Outputs for bg33_1 written to /outputs/bg33_1/bg33_1!

wrote outputs/rf3_bg33_1/bg33_1/bg33_1_confidences.json
wrote outputs/rf3_bg33_1/bg33_1/bg33_1_model.cif
wrote outputs/rf3_bg33_1/bg33_1/bg33_1_ranking_scores.csv
wrote outputs/rf3_bg33_1/bg33_1/bg33_1_summary_confidences.json
wrote outputs/rf3_bg33_1/bg33_1/seed-0_sample-0/bg33_1_seed-0_sample-0_confidences.json
wrote outputs/rf3_bg33_1/bg33_1/seed-0_sample-0/bg33_1_seed-0_sample-0_model.cif
wrote outputs/rf3_bg33_1/bg33_1/seed-0_sample-0/bg33_1_seed-0_sample-0_summary_confidences.json
wrote outputs/rf3_bg33_1/bg33_1/seed-0_sample-1/bg33_1_seed-0_sample-1_confidences.json
wrote outputs/rf3_bg33_1/bg33_1/seed-0_sample-1/bg33_1_seed-0_sample-1_model.cif
wrote outputs/rf3_bg33_1/bg33_1/seed-0_sample-1/bg33_1_seed-0_sample-1_summary_confidences.json
wrote outputs/rf3_bg33_1/bg33_1/seed-0_sample-2/bg33_1_seed-0_sample-2_confidences.json
wrote outputs/rf3_bg33_1/bg33_1/seed-0_sample-2/bg33_1_seed-0_sample-2_model.cif
wrote outputs/rf3_bg33_1/bg33_1/seed-0_sample-2/bg33_1_seed-0_sample-2_summary_confidences.json
wrote outputs/rf3_bg33_1/bg33_1/seed-0_sample-3/bg33_1_seed-0_sample-3_confidences.json
wrote outputs/rf3_bg33_1/bg33_1/seed-0_sample-3/bg33_1_seed-0_sample-3_model.cif
wrote outputs/rf3_bg33_1/bg33_1/seed-0_sample-3/bg33_1_seed-0_sample-3_summary_confidences.json
wrote outputs/rf3_bg33_1/bg33_1/seed-0_sample-4/bg33_1_seed-0_sample-4_confidences.json
wrote outputs/rf3_bg33_1/bg33_1/seed-0_sample-4/bg33_1_seed-0_sample-4_model.cif
wrote outputs/rf3_bg33_1/bg33_1/seed-0_sample-4/bg33_1_seed-0_sample-4_summary_confidences.json
interface confidence (best model: bg33_1_model.cif):
  interface A-B: ipSAE 0.023, pDockQ2 0.084, pDockQ 0.189
Stopping app - local entrypoint completed.
✓ App completed. View run at 
https://modal.com/apps/mauriciocafiero/main/ap-5kJCw7vv67Ub7Sa2uCb49W
wrote /Users/cafierom/python_mac/peptidebuilder/runs/octinoxate/folds/rf3/bg33_1.pdb
--- rf3 octinoxate/bg33_1 exit 0, converted (13:41:10)
=== rf3 octinoxate/bg33_2 (13:41:15)
✓ Initialized. View run at 
https://modal.com/apps/mauriciocafiero/main/ap-u5C7wQwM61X3Bht0cyA3CR
✓ Created objects.
├── 🔨 Created mount /Users/cafierom/python_mac/fold/src/fold/rf3_app.py
├── 🔨 Created mount PythonPackage:fold
└── 🔨 Created function predict.
submitting bg33_2 on A10G (use_msa=True) ...
weights already cached at /cache/rf3_foundry_01_24_latest_remapped.ckpt (3038876446 bytes)
fetching MSA for component 0 (33 aa)...
MSA job T7hkIL0RsvB4A0WPmHcWTUbOYqBn3zdq8YeNDQ submitted, polling...
MSA written to /tmp/bg33_2_chain0_msa.a3m (80 chars)
running: rf3 fold inputs=/tmp/bg33_2_input.json out_dir=/outputs/bg33_2 ckpt_path=/cache/rf3_foundry_01_24_latest_remapped.ckpt

/usr/local/lib/python3.12/site-packages/torch/jit/_script.py:1488: DeprecationWarning: `torch.jit.script` is deprecated. Please switch to `torch.compile` or `torch.export`.
  warnings.warn(
Environment variable CCD_MIRROR_PATH not set. Will not be able to use function requiring this variable. To set it you may:
  (1) add the line 'export VAR_NAME=path/to/variable' to your .bashrc or .zshrc file
  (2) set it in your current shell with 'export VAR_NAME=path/to/variable'
  (3) write it to a .env file in the root of the atomworks.io repository
Environment variable PDB_MIRROR_PATH not set. Will not be able to use function requiring this variable. To set it you may:
  (1) add the line 'export VAR_NAME=path/to/variable' to your .bashrc or .zshrc file
  (2) set it in your current shell with 'export VAR_NAME=path/to/variable'
  (3) write it to a .env file in the root of the atomworks.io repository
12:41:33 DEBUG transforms: Debug mode is on
12:41:33 WARNING atomworks.constants: Environment variable LOCAL_MSA_DIRS not set. Will not be able to use function requiring this variable. To set it you may:
  (1) add the line 'export VAR_NAME=path/to/variable' to your .bashrc or .zshrc file
  (2) set it in your current shell with 'export VAR_NAME=path/to/variable'
  (3) write it to a .env file in the root of the atomworks.io repository
12:41:33 INFO rf3.inference_engines.rf3: [rank: 0] Loading checkpoint from /__modal/volumes/vo-oO6aFYAUDl1wEH5oWZO3VM/rf3_foundry_01_24_latest_remapped.ckpt...
12:41:37 WARNING atomworks.ml: Using element type for atom names of atomized tokens.
Using bfloat16 Automatic Mixed Precision (AMP)
You are using a CUDA device ('NVIDIA A10') that has Tensor Cores. To properly utilize them, you should set `torch.set_float32_matmul_precision('medium' | 'high')` which will trade-off precision for performance. For more details, read https://pytorch.org/docs/stable/generated/torch.set_float32_matmul_precision.html#torch.set_float32_matmul_precision
12:41:41 INFO rf3.inference_engines.rf3: [rank: 0] Outputs will be written to /__modal/volumes/vo-HGvJ0xSDZkfBZcPwB8c9Ga/bg33_2.
12:41:43 WARNING atomworks.io.utils.ccd: The following CCD codes were not found in Biotite's built-in CCD: {np.str_('L:0')}
12:41:43 INFO rf3.inference_engines.rf3: [rank: 0] Found 1 structures to predict!
12:41:43 INFO rf3.inference_engines.rf3: [rank: 0] Predicting structure 1/1: bg33_2
12:41:53 INFO rf3.inference_engines.rf3: [rank: 0] Outputs for bg33_2 written to /outputs/bg33_2/bg33_2!

wrote outputs/rf3_bg33_2/bg33_2/bg33_2_confidences.json
wrote outputs/rf3_bg33_2/bg33_2/bg33_2_model.cif
wrote outputs/rf3_bg33_2/bg33_2/bg33_2_ranking_scores.csv
wrote outputs/rf3_bg33_2/bg33_2/bg33_2_summary_confidences.json
wrote outputs/rf3_bg33_2/bg33_2/seed-0_sample-0/bg33_2_seed-0_sample-0_confidences.json
wrote outputs/rf3_bg33_2/bg33_2/seed-0_sample-0/bg33_2_seed-0_sample-0_model.cif
wrote outputs/rf3_bg33_2/bg33_2/seed-0_sample-0/bg33_2_seed-0_sample-0_summary_confidences.json
wrote outputs/rf3_bg33_2/bg33_2/seed-0_sample-1/bg33_2_seed-0_sample-1_confidences.json
wrote outputs/rf3_bg33_2/bg33_2/seed-0_sample-1/bg33_2_seed-0_sample-1_model.cif
wrote outputs/rf3_bg33_2/bg33_2/seed-0_sample-1/bg33_2_seed-0_sample-1_summary_confidences.json
wrote outputs/rf3_bg33_2/bg33_2/seed-0_sample-2/bg33_2_seed-0_sample-2_confidences.json
wrote outputs/rf3_bg33_2/bg33_2/seed-0_sample-2/bg33_2_seed-0_sample-2_model.cif
wrote outputs/rf3_bg33_2/bg33_2/seed-0_sample-2/bg33_2_seed-0_sample-2_summary_confidences.json
wrote outputs/rf3_bg33_2/bg33_2/seed-0_sample-3/bg33_2_seed-0_sample-3_confidences.json
wrote outputs/rf3_bg33_2/bg33_2/seed-0_sample-3/bg33_2_seed-0_sample-3_model.cif
wrote outputs/rf3_bg33_2/bg33_2/seed-0_sample-3/bg33_2_seed-0_sample-3_summary_confidences.json
wrote outputs/rf3_bg33_2/bg33_2/seed-0_sample-4/bg33_2_seed-0_sample-4_confidences.json
wrote outputs/rf3_bg33_2/bg33_2/seed-0_sample-4/bg33_2_seed-0_sample-4_model.cif
wrote outputs/rf3_bg33_2/bg33_2/seed-0_sample-4/bg33_2_seed-0_sample-4_summary_confidences.json
interface confidence (best model: bg33_2_model.cif):
  interface A-B: ipSAE 0.018, pDockQ2 0.069, pDockQ 0.217
Stopping app - local entrypoint completed.
✓ App completed. View run at 
https://modal.com/apps/mauriciocafiero/main/ap-u5C7wQwM61X3Bht0cyA3CR
wrote /Users/cafierom/python_mac/peptidebuilder/runs/octinoxate/folds/rf3/bg33_2.pdb
--- rf3 octinoxate/bg33_2 exit 0, converted (13:41:59)
=== rf3 octinoxate/bg33_3 (13:42:04)
✓ Initialized. View run at 
https://modal.com/apps/mauriciocafiero/main/ap-ZLqwHzPbxON8owvgRXQ9z4
✓ Created objects.
├── 🔨 Created mount /Users/cafierom/python_mac/fold/src/fold/rf3_app.py
├── 🔨 Created mount PythonPackage:fold
└── 🔨 Created function predict.
submitting bg33_3 on A10G (use_msa=True) ...
weights already cached at /cache/rf3_foundry_01_24_latest_remapped.ckpt (3038876446 bytes)
fetching MSA for component 0 (33 aa)...
MSA job TiYHVykJYJFjQB5CLswLF4L8o65kM2Qx-Rxtrw submitted, polling...
MSA written to /tmp/bg33_3_chain0_msa.a3m (80 chars)
running: rf3 fold inputs=/tmp/bg33_3_input.json out_dir=/outputs/bg33_3 ckpt_path=/cache/rf3_foundry_01_24_latest_remapped.ckpt

/usr/local/lib/python3.12/site-packages/torch/jit/_script.py:1488: DeprecationWarning: `torch.jit.script` is deprecated. Please switch to `torch.compile` or `torch.export`.
  warnings.warn(
Environment variable CCD_MIRROR_PATH not set. Will not be able to use function requiring this variable. To set it you may:
  (1) add the line 'export VAR_NAME=path/to/variable' to your .bashrc or .zshrc file
  (2) set it in your current shell with 'export VAR_NAME=path/to/variable'
  (3) write it to a .env file in the root of the atomworks.io repository
Environment variable PDB_MIRROR_PATH not set. Will not be able to use function requiring this variable. To set it you may:
  (1) add the line 'export VAR_NAME=path/to/variable' to your .bashrc or .zshrc file
  (2) set it in your current shell with 'export VAR_NAME=path/to/variable'
  (3) write it to a .env file in the root of the atomworks.io repository
12:42:20 DEBUG transforms: Debug mode is on
12:42:20 WARNING atomworks.constants: Environment variable LOCAL_MSA_DIRS not set. Will not be able to use function requiring this variable. To set it you may:
  (1) add the line 'export VAR_NAME=path/to/variable' to your .bashrc or .zshrc file
  (2) set it in your current shell with 'export VAR_NAME=path/to/variable'
  (3) write it to a .env file in the root of the atomworks.io repository
12:42:20 INFO rf3.inference_engines.rf3: [rank: 0] Loading checkpoint from /__modal/volumes/vo-oO6aFYAUDl1wEH5oWZO3VM/rf3_foundry_01_24_latest_remapped.ckpt...
12:42:26 WARNING atomworks.ml: Using element type for atom names of atomized tokens.
Using bfloat16 Automatic Mixed Precision (AMP)
You are using a CUDA device ('NVIDIA A10') that has Tensor Cores. To properly utilize them, you should set `torch.set_float32_matmul_precision('medium' | 'high')` which will trade-off precision for performance. For more details, read https://pytorch.org/docs/stable/generated/torch.set_float32_matmul_precision.html#torch.set_float32_matmul_precision
12:42:30 INFO rf3.inference_engines.rf3: [rank: 0] Outputs will be written to /__modal/volumes/vo-HGvJ0xSDZkfBZcPwB8c9Ga/bg33_3.
12:42:33 WARNING atomworks.io.utils.ccd: The following CCD codes were not found in Biotite's built-in CCD: {np.str_('L:0')}
12:42:33 INFO rf3.inference_engines.rf3: [rank: 0] Found 1 structures to predict!
12:42:33 INFO rf3.inference_engines.rf3: [rank: 0] Predicting structure 1/1: bg33_3
12:42:44 INFO rf3.inference_engines.rf3: [rank: 0] Outputs for bg33_3 written to /outputs/bg33_3/bg33_3!

wrote outputs/rf3_bg33_3/bg33_3/bg33_3_confidences.json
wrote outputs/rf3_bg33_3/bg33_3/bg33_3_model.cif
wrote outputs/rf3_bg33_3/bg33_3/bg33_3_ranking_scores.csv
wrote outputs/rf3_bg33_3/bg33_3/bg33_3_summary_confidences.json
wrote outputs/rf3_bg33_3/bg33_3/seed-0_sample-0/bg33_3_seed-0_sample-0_confidences.json
wrote outputs/rf3_bg33_3/bg33_3/seed-0_sample-0/bg33_3_seed-0_sample-0_model.cif
wrote outputs/rf3_bg33_3/bg33_3/seed-0_sample-0/bg33_3_seed-0_sample-0_summary_confidences.json
wrote outputs/rf3_bg33_3/bg33_3/seed-0_sample-1/bg33_3_seed-0_sample-1_confidences.json
wrote outputs/rf3_bg33_3/bg33_3/seed-0_sample-1/bg33_3_seed-0_sample-1_model.cif
wrote outputs/rf3_bg33_3/bg33_3/seed-0_sample-1/bg33_3_seed-0_sample-1_summary_confidences.json
wrote outputs/rf3_bg33_3/bg33_3/seed-0_sample-2/bg33_3_seed-0_sample-2_confidences.json
wrote outputs/rf3_bg33_3/bg33_3/seed-0_sample-2/bg33_3_seed-0_sample-2_model.cif
wrote outputs/rf3_bg33_3/bg33_3/seed-0_sample-2/bg33_3_seed-0_sample-2_summary_confidences.json
wrote outputs/rf3_bg33_3/bg33_3/seed-0_sample-3/bg33_3_seed-0_sample-3_confidences.json
wrote outputs/rf3_bg33_3/bg33_3/seed-0_sample-3/bg33_3_seed-0_sample-3_model.cif
wrote outputs/rf3_bg33_3/bg33_3/seed-0_sample-3/bg33_3_seed-0_sample-3_summary_confidences.json
wrote outputs/rf3_bg33_3/bg33_3/seed-0_sample-4/bg33_3_seed-0_sample-4_confidences.json
wrote outputs/rf3_bg33_3/bg33_3/seed-0_sample-4/bg33_3_seed-0_sample-4_model.cif
wrote outputs/rf3_bg33_3/bg33_3/seed-0_sample-4/bg33_3_seed-0_sample-4_summary_confidences.json
interface confidence (best model: bg33_3_model.cif):
  interface A-B: ipSAE 0.025, pDockQ2 0.087, pDockQ 0.187
Stopping app - local entrypoint completed.
✓ App completed. View run at 
https://modal.com/apps/mauriciocafiero/main/ap-ZLqwHzPbxON8owvgRXQ9z4
wrote /Users/cafierom/python_mac/peptidebuilder/runs/octinoxate/folds/rf3/bg33_3.pdb
--- rf3 octinoxate/bg33_3 exit 0, converted (13:42:50)
=== rf3 octinoxate/bg33_4 (13:42:56)
✓ Initialized. View run at 
https://modal.com/apps/mauriciocafiero/main/ap-JddKEeK6mrJ71fJtP86Mri
✓ Created objects.
├── 🔨 Created mount /Users/cafierom/python_mac/fold/src/fold/rf3_app.py
├── 🔨 Created mount PythonPackage:fold
└── 🔨 Created function predict.
submitting bg33_4 on A10G (use_msa=True) ...
weights already cached at /cache/rf3_foundry_01_24_latest_remapped.ckpt (3038876446 bytes)
fetching MSA for component 0 (33 aa)...
MSA job Zh4LdGZGgaU-qlPdXNGeOi5IWQByVfqgzlJDmg submitted, polling...
MSA written to /tmp/bg33_4_chain0_msa.a3m (80 chars)
running: rf3 fold inputs=/tmp/bg33_4_input.json out_dir=/outputs/bg33_4 ckpt_path=/cache/rf3_foundry_01_24_latest_remapped.ckpt

/usr/local/lib/python3.12/site-packages/torch/jit/_script.py:1488: DeprecationWarning: `torch.jit.script` is deprecated. Please switch to `torch.compile` or `torch.export`.
  warnings.warn(
Environment variable CCD_MIRROR_PATH not set. Will not be able to use function requiring this variable. To set it you may:
  (1) add the line 'export VAR_NAME=path/to/variable' to your .bashrc or .zshrc file
  (2) set it in your current shell with 'export VAR_NAME=path/to/variable'
  (3) write it to a .env file in the root of the atomworks.io repository
Environment variable PDB_MIRROR_PATH not set. Will not be able to use function requiring this variable. To set it you may:
  (1) add the line 'export VAR_NAME=path/to/variable' to your .bashrc or .zshrc file
  (2) set it in your current shell with 'export VAR_NAME=path/to/variable'
  (3) write it to a .env file in the root of the atomworks.io repository
12:43:18 DEBUG transforms: Debug mode is on
12:43:19 WARNING atomworks.constants: Environment variable LOCAL_MSA_DIRS not set. Will not be able to use function requiring this variable. To set it you may:
  (1) add the line 'export VAR_NAME=path/to/variable' to your .bashrc or .zshrc file
  (2) set it in your current shell with 'export VAR_NAME=path/to/variable'
  (3) write it to a .env file in the root of the atomworks.io repository
12:43:19 INFO rf3.inference_engines.rf3: [rank: 0] Loading checkpoint from /__modal/volumes/vo-oO6aFYAUDl1wEH5oWZO3VM/rf3_foundry_01_24_latest_remapped.ckpt...
12:43:25 WARNING atomworks.ml: Using element type for atom names of atomized tokens.
Using bfloat16 Automatic Mixed Precision (AMP)
You are using a CUDA device ('NVIDIA A10G') that has Tensor Cores. To properly utilize them, you should set `torch.set_float32_matmul_precision('medium' | 'high')` which will trade-off precision for performance. For more details, read https://pytorch.org/docs/stable/generated/torch.set_float32_matmul_precision.html#torch.set_float32_matmul_precision
12:43:32 INFO rf3.inference_engines.rf3: [rank: 0] Outputs will be written to /__modal/volumes/vo-HGvJ0xSDZkfBZcPwB8c9Ga/bg33_4.
12:43:36 WARNING atomworks.io.utils.ccd: The following CCD codes were not found in Biotite's built-in CCD: {np.str_('L:0')}
12:43:36 INFO rf3.inference_engines.rf3: [rank: 0] Found 1 structures to predict!
12:43:36 INFO rf3.inference_engines.rf3: [rank: 0] Predicting structure 1/1: bg33_4
12:43:51 INFO rf3.inference_engines.rf3: [rank: 0] Outputs for bg33_4 written to /outputs/bg33_4/bg33_4!

wrote outputs/rf3_bg33_4/bg33_4/bg33_4_confidences.json
wrote outputs/rf3_bg33_4/bg33_4/bg33_4_model.cif
wrote outputs/rf3_bg33_4/bg33_4/bg33_4_ranking_scores.csv
wrote outputs/rf3_bg33_4/bg33_4/bg33_4_summary_confidences.json
wrote outputs/rf3_bg33_4/bg33_4/seed-0_sample-0/bg33_4_seed-0_sample-0_confidences.json
wrote outputs/rf3_bg33_4/bg33_4/seed-0_sample-0/bg33_4_seed-0_sample-0_model.cif
wrote outputs/rf3_bg33_4/bg33_4/seed-0_sample-0/bg33_4_seed-0_sample-0_summary_confidences.json
wrote outputs/rf3_bg33_4/bg33_4/seed-0_sample-1/bg33_4_seed-0_sample-1_confidences.json
wrote outputs/rf3_bg33_4/bg33_4/seed-0_sample-1/bg33_4_seed-0_sample-1_model.cif
wrote outputs/rf3_bg33_4/bg33_4/seed-0_sample-1/bg33_4_seed-0_sample-1_summary_confidences.json
wrote outputs/rf3_bg33_4/bg33_4/seed-0_sample-2/bg33_4_seed-0_sample-2_confidences.json
wrote outputs/rf3_bg33_4/bg33_4/seed-0_sample-2/bg33_4_seed-0_sample-2_model.cif
wrote outputs/rf3_bg33_4/bg33_4/seed-0_sample-2/bg33_4_seed-0_sample-2_summary_confidences.json
wrote outputs/rf3_bg33_4/bg33_4/seed-0_sample-3/bg33_4_seed-0_sample-3_confidences.json
wrote outputs/rf3_bg33_4/bg33_4/seed-0_sample-3/bg33_4_seed-0_sample-3_model.cif
wrote outputs/rf3_bg33_4/bg33_4/seed-0_sample-3/bg33_4_seed-0_sample-3_summary_confidences.json
wrote outputs/rf3_bg33_4/bg33_4/seed-0_sample-4/bg33_4_seed-0_sample-4_confidences.json
wrote outputs/rf3_bg33_4/bg33_4/seed-0_sample-4/bg33_4_seed-0_sample-4_model.cif
wrote outputs/rf3_bg33_4/bg33_4/seed-0_sample-4/bg33_4_seed-0_sample-4_summary_confidences.json
interface confidence (best model: bg33_4_model.cif):
  interface A-B: ipSAE 0.030, pDockQ2 0.119, pDockQ 0.406
Stopping app - local entrypoint completed.
✓ App completed. View run at 
https://modal.com/apps/mauriciocafiero/main/ap-JddKEeK6mrJ71fJtP86Mri
wrote /Users/cafierom/python_mac/peptidebuilder/runs/octinoxate/folds/rf3/bg33_4.pdb
--- rf3 octinoxate/bg33_4 exit 0, converted (13:43:57)
=== rf3 octinoxate/orig_f12 (13:44:02)
✓ Initialized. View run at 
https://modal.com/apps/mauriciocafiero/main/ap-vhIQaOyAE9XFAVPhh5IDiS
✓ Created objects.
├── 🔨 Created mount /Users/cafierom/python_mac/fold/src/fold/rf3_app.py
├── 🔨 Created mount PythonPackage:fold
└── 🔨 Created function predict.
submitting orig_f12 on A10G (use_msa=True) ...
weights already cached at /cache/rf3_foundry_01_24_latest_remapped.ckpt (3038876446 bytes)
fetching MSA for component 0 (33 aa)...
MSA job EVzifNs1o2G0ZchrmBl9ui_O0FEJXD0q2AVabQ submitted, polling...
MSA written to /tmp/orig_f12_chain0_msa.a3m (80 chars)
running: rf3 fold inputs=/tmp/orig_f12_input.json out_dir=/outputs/orig_f12 ckpt_path=/cache/rf3_foundry_01_24_latest_remapped.ckpt

/usr/local/lib/python3.12/site-packages/torch/jit/_script.py:1488: DeprecationWarning: `torch.jit.script` is deprecated. Please switch to `torch.compile` or `torch.export`.
  warnings.warn(
Environment variable CCD_MIRROR_PATH not set. Will not be able to use function requiring this variable. To set it you may:
  (1) add the line 'export VAR_NAME=path/to/variable' to your .bashrc or .zshrc file
  (2) set it in your current shell with 'export VAR_NAME=path/to/variable'
  (3) write it to a .env file in the root of the atomworks.io repository
Environment variable PDB_MIRROR_PATH not set. Will not be able to use function requiring this variable. To set it you may:
  (1) add the line 'export VAR_NAME=path/to/variable' to your .bashrc or .zshrc file
  (2) set it in your current shell with 'export VAR_NAME=path/to/variable'
  (3) write it to a .env file in the root of the atomworks.io repository
12:44:19 DEBUG transforms: Debug mode is on
12:44:19 WARNING atomworks.constants: Environment variable LOCAL_MSA_DIRS not set. Will not be able to use function requiring this variable. To set it you may:
  (1) add the line 'export VAR_NAME=path/to/variable' to your .bashrc or .zshrc file
  (2) set it in your current shell with 'export VAR_NAME=path/to/variable'
  (3) write it to a .env file in the root of the atomworks.io repository
12:44:19 INFO rf3.inference_engines.rf3: [rank: 0] Loading checkpoint from /__modal/volumes/vo-oO6aFYAUDl1wEH5oWZO3VM/rf3_foundry_01_24_latest_remapped.ckpt...
12:44:23 WARNING atomworks.ml: Using element type for atom names of atomized tokens.
Using bfloat16 Automatic Mixed Precision (AMP)
You are using a CUDA device ('NVIDIA A10') that has Tensor Cores. To properly utilize them, you should set `torch.set_float32_matmul_precision('medium' | 'high')` which will trade-off precision for performance. For more details, read https://pytorch.org/docs/stable/generated/torch.set_float32_matmul_precision.html#torch.set_float32_matmul_precision
12:44:27 INFO rf3.inference_engines.rf3: [rank: 0] Outputs will be written to /__modal/volumes/vo-HGvJ0xSDZkfBZcPwB8c9Ga/orig_f12.
12:44:30 WARNING atomworks.io.utils.ccd: The following CCD codes were not found in Biotite's built-in CCD: {np.str_('L:0')}
12:44:30 INFO rf3.inference_engines.rf3: [rank: 0] Found 1 structures to predict!
12:44:30 INFO rf3.inference_engines.rf3: [rank: 0] Predicting structure 1/1: orig_f12
12:44:41 INFO rf3.inference_engines.rf3: [rank: 0] Outputs for orig_f12 written to /outputs/orig_f12/orig_f12!

wrote outputs/rf3_orig_f12/orig_f12/orig_f12_confidences.json
wrote outputs/rf3_orig_f12/orig_f12/orig_f12_model.cif
wrote outputs/rf3_orig_f12/orig_f12/orig_f12_ranking_scores.csv
wrote outputs/rf3_orig_f12/orig_f12/orig_f12_summary_confidences.json
wrote outputs/rf3_orig_f12/orig_f12/seed-0_sample-0/orig_f12_seed-0_sample-0_confidences.json
wrote outputs/rf3_orig_f12/orig_f12/seed-0_sample-0/orig_f12_seed-0_sample-0_model.cif
wrote outputs/rf3_orig_f12/orig_f12/seed-0_sample-0/orig_f12_seed-0_sample-0_summary_confidences.json
wrote outputs/rf3_orig_f12/orig_f12/seed-0_sample-1/orig_f12_seed-0_sample-1_confidences.json
wrote outputs/rf3_orig_f12/orig_f12/seed-0_sample-1/orig_f12_seed-0_sample-1_model.cif
wrote outputs/rf3_orig_f12/orig_f12/seed-0_sample-1/orig_f12_seed-0_sample-1_summary_confidences.json
wrote outputs/rf3_orig_f12/orig_f12/seed-0_sample-2/orig_f12_seed-0_sample-2_confidences.json
wrote outputs/rf3_orig_f12/orig_f12/seed-0_sample-2/orig_f12_seed-0_sample-2_model.cif
wrote outputs/rf3_orig_f12/orig_f12/seed-0_sample-2/orig_f12_seed-0_sample-2_summary_confidences.json
wrote outputs/rf3_orig_f12/orig_f12/seed-0_sample-3/orig_f12_seed-0_sample-3_confidences.json
wrote outputs/rf3_orig_f12/orig_f12/seed-0_sample-3/orig_f12_seed-0_sample-3_model.cif
wrote outputs/rf3_orig_f12/orig_f12/seed-0_sample-3/orig_f12_seed-0_sample-3_summary_confidences.json
wrote outputs/rf3_orig_f12/orig_f12/seed-0_sample-4/orig_f12_seed-0_sample-4_confidences.json
wrote outputs/rf3_orig_f12/orig_f12/seed-0_sample-4/orig_f12_seed-0_sample-4_model.cif
wrote outputs/rf3_orig_f12/orig_f12/seed-0_sample-4/orig_f12_seed-0_sample-4_summary_confidences.json
interface confidence (best model: orig_f12_model.cif):
  interface A-B: ipSAE 0.007, pDockQ2 0.019, pDockQ 0.365
Stopping app - local entrypoint completed.
✓ App completed. View run at 
https://modal.com/apps/mauriciocafiero/main/ap-vhIQaOyAE9XFAVPhh5IDiS
wrote /Users/cafierom/python_mac/peptidebuilder/runs/octinoxate/folds/rf3/orig_f12.pdb
--- rf3 octinoxate/orig_f12 exit 0, converted (13:44:47)
=== rf3 octinoxate/s2_esm2_control (13:44:52)
✓ Initialized. View run at 
https://modal.com/apps/mauriciocafiero/main/ap-oNaVh2PNvcjdSpRK7Wzt5E
✓ Created objects.
├── 🔨 Created mount /Users/cafierom/python_mac/fold/src/fold/rf3_app.py
├── 🔨 Created mount PythonPackage:fold
└── 🔨 Created function predict.
submitting s2_esm2_control on A10G (use_msa=True) ...
weights already cached at /cache/rf3_foundry_01_24_latest_remapped.ckpt (3038876446 bytes)
fetching MSA for component 0 (33 aa)...
MSA job 97g6sPwyR3f0Gd9oWka2BXsIeBsuN3_HXUqQNQ submitted, polling...
MSA written to /tmp/s2_esm2_control_chain0_msa.a3m (80 chars)
running: rf3 fold inputs=/tmp/s2_esm2_control_input.json out_dir=/outputs/s2_esm2_control ckpt_path=/cache/rf3_foundry_01_24_latest_remapped.ckpt

/usr/local/lib/python3.12/site-packages/torch/jit/_script.py:1488: DeprecationWarning: `torch.jit.script` is deprecated. Please switch to `torch.compile` or `torch.export`.
  warnings.warn(
Environment variable CCD_MIRROR_PATH not set. Will not be able to use function requiring this variable. To set it you may:
  (1) add the line 'export VAR_NAME=path/to/variable' to your .bashrc or .zshrc file
  (2) set it in your current shell with 'export VAR_NAME=path/to/variable'
  (3) write it to a .env file in the root of the atomworks.io repository
Environment variable PDB_MIRROR_PATH not set. Will not be able to use function requiring this variable. To set it you may:
  (1) add the line 'export VAR_NAME=path/to/variable' to your .bashrc or .zshrc file
  (2) set it in your current shell with 'export VAR_NAME=path/to/variable'
  (3) write it to a .env file in the root of the atomworks.io repository
12:45:11 DEBUG transforms: Debug mode is on
12:45:11 WARNING atomworks.constants: Environment variable LOCAL_MSA_DIRS not set. Will not be able to use function requiring this variable. To set it you may:
  (1) add the line 'export VAR_NAME=path/to/variable' to your .bashrc or .zshrc file
  (2) set it in your current shell with 'export VAR_NAME=path/to/variable'
  (3) write it to a .env file in the root of the atomworks.io repository
12:45:11 INFO rf3.inference_engines.rf3: [rank: 0] Loading checkpoint from /__modal/volumes/vo-oO6aFYAUDl1wEH5oWZO3VM/rf3_foundry_01_24_latest_remapped.ckpt...
12:45:15 WARNING atomworks.ml: Using element type for atom names of atomized tokens.
Using bfloat16 Automatic Mixed Precision (AMP)
You are using a CUDA device ('NVIDIA A10') that has Tensor Cores. To properly utilize them, you should set `torch.set_float32_matmul_precision('medium' | 'high')` which will trade-off precision for performance. For more details, read https://pytorch.org/docs/stable/generated/torch.set_float32_matmul_precision.html#torch.set_float32_matmul_precision
12:45:20 INFO rf3.inference_engines.rf3: [rank: 0] Outputs will be written to /__modal/volumes/vo-HGvJ0xSDZkfBZcPwB8c9Ga/s2_esm2_control.
12:45:22 WARNING atomworks.io.utils.ccd: The following CCD codes were not found in Biotite's built-in CCD: {np.str_('L:0')}
12:45:23 INFO rf3.inference_engines.rf3: [rank: 0] Found 1 structures to predict!
12:45:23 INFO rf3.inference_engines.rf3: [rank: 0] Predicting structure 1/1: s2_esm2_control
12:45:33 INFO rf3.inference_engines.rf3: [rank: 0] Outputs for s2_esm2_control written to /outputs/s2_esm2_control/s2_esm2_control!

wrote outputs/rf3_s2_esm2_control/s2_esm2_control/s2_esm2_control_confidences.json
wrote outputs/rf3_s2_esm2_control/s2_esm2_control/s2_esm2_control_model.cif
wrote outputs/rf3_s2_esm2_control/s2_esm2_control/s2_esm2_control_ranking_scores.csv
wrote outputs/rf3_s2_esm2_control/s2_esm2_control/s2_esm2_control_summary_confidences.json
wrote outputs/rf3_s2_esm2_control/s2_esm2_control/seed-0_sample-0/s2_esm2_control_seed-0_sample-0_confidences.json
wrote outputs/rf3_s2_esm2_control/s2_esm2_control/seed-0_sample-0/s2_esm2_control_seed-0_sample-0_model.cif
wrote outputs/rf3_s2_esm2_control/s2_esm2_control/seed-0_sample-0/s2_esm2_control_seed-0_sample-0_summary_confidences.json
wrote outputs/rf3_s2_esm2_control/s2_esm2_control/seed-0_sample-1/s2_esm2_control_seed-0_sample-1_confidences.json
wrote outputs/rf3_s2_esm2_control/s2_esm2_control/seed-0_sample-1/s2_esm2_control_seed-0_sample-1_model.cif
wrote outputs/rf3_s2_esm2_control/s2_esm2_control/seed-0_sample-1/s2_esm2_control_seed-0_sample-1_summary_confidences.json
wrote outputs/rf3_s2_esm2_control/s2_esm2_control/seed-0_sample-2/s2_esm2_control_seed-0_sample-2_confidences.json
wrote outputs/rf3_s2_esm2_control/s2_esm2_control/seed-0_sample-2/s2_esm2_control_seed-0_sample-2_model.cif
wrote outputs/rf3_s2_esm2_control/s2_esm2_control/seed-0_sample-2/s2_esm2_control_seed-0_sample-2_summary_confidences.json
wrote outputs/rf3_s2_esm2_control/s2_esm2_control/seed-0_sample-3/s2_esm2_control_seed-0_sample-3_confidences.json
wrote outputs/rf3_s2_esm2_control/s2_esm2_control/seed-0_sample-3/s2_esm2_control_seed-0_sample-3_model.cif
wrote outputs/rf3_s2_esm2_control/s2_esm2_control/seed-0_sample-3/s2_esm2_control_seed-0_sample-3_summary_confidences.json
wrote outputs/rf3_s2_esm2_control/s2_esm2_control/seed-0_sample-4/s2_esm2_control_seed-0_sample-4_confidences.json
wrote outputs/rf3_s2_esm2_control/s2_esm2_control/seed-0_sample-4/s2_esm2_control_seed-0_sample-4_model.cif
wrote outputs/rf3_s2_esm2_control/s2_esm2_control/seed-0_sample-4/s2_esm2_control_seed-0_sample-4_summary_confidences.json
interface confidence (best model: s2_esm2_control_model.cif):
  interface A-B: ipSAE 0.016, pDockQ2 0.041, pDockQ 0.092
Stopping app - local entrypoint completed.
✓ App completed. View run at 
https://modal.com/apps/mauriciocafiero/main/ap-oNaVh2PNvcjdSpRK7Wzt5E
wrote /Users/cafierom/python_mac/peptidebuilder/runs/octinoxate/folds/rf3/s2_esm2_control.pdb
--- rf3 octinoxate/s2_esm2_control exit 0, converted (13:45:37)
=== rf3 octinoxate/s3_esm2_f4 (13:45:42)
✓ Initialized. View run at 
https://modal.com/apps/mauriciocafiero/main/ap-lCYHP3BZfbIUU8TVmHHhiD
✓ Created objects.
├── 🔨 Created mount /Users/cafierom/python_mac/fold/src/fold/rf3_app.py
├── 🔨 Created mount PythonPackage:fold
└── 🔨 Created function predict.
submitting s3_esm2_f4 on A10G (use_msa=True) ...
weights already cached at /cache/rf3_foundry_01_24_latest_remapped.ckpt (3038876446 bytes)
fetching MSA for component 0 (34 aa)...
MSA job KGYIIRFdoOJFm4lhbsu92bl9eWCyQ-_orNrTSg submitted, polling...
MSA written to /tmp/s3_esm2_f4_chain0_msa.a3m (82 chars)
running: rf3 fold inputs=/tmp/s3_esm2_f4_input.json out_dir=/outputs/s3_esm2_f4 ckpt_path=/cache/rf3_foundry_01_24_latest_remapped.ckpt

/usr/local/lib/python3.12/site-packages/torch/jit/_script.py:1488: DeprecationWarning: `torch.jit.script` is deprecated. Please switch to `torch.compile` or `torch.export`.
  warnings.warn(
Environment variable CCD_MIRROR_PATH not set. Will not be able to use function requiring this variable. To set it you may:
  (1) add the line 'export VAR_NAME=path/to/variable' to your .bashrc or .zshrc file
  (2) set it in your current shell with 'export VAR_NAME=path/to/variable'
  (3) write it to a .env file in the root of the atomworks.io repository
Environment variable PDB_MIRROR_PATH not set. Will not be able to use function requiring this variable. To set it you may:
  (1) add the line 'export VAR_NAME=path/to/variable' to your .bashrc or .zshrc file
  (2) set it in your current shell with 'export VAR_NAME=path/to/variable'
  (3) write it to a .env file in the root of the atomworks.io repository
12:45:58 DEBUG transforms: Debug mode is on
12:45:58 WARNING atomworks.constants: Environment variable LOCAL_MSA_DIRS not set. Will not be able to use function requiring this variable. To set it you may:
  (1) add the line 'export VAR_NAME=path/to/variable' to your .bashrc or .zshrc file
  (2) set it in your current shell with 'export VAR_NAME=path/to/variable'
  (3) write it to a .env file in the root of the atomworks.io repository
12:45:58 INFO rf3.inference_engines.rf3: [rank: 0] Loading checkpoint from /__modal/volumes/vo-oO6aFYAUDl1wEH5oWZO3VM/rf3_foundry_01_24_latest_remapped.ckpt...
12:46:02 WARNING atomworks.ml: Using element type for atom names of atomized tokens.
Using bfloat16 Automatic Mixed Precision (AMP)
You are using a CUDA device ('NVIDIA A10') that has Tensor Cores. To properly utilize them, you should set `torch.set_float32_matmul_precision('medium' | 'high')` which will trade-off precision for performance. For more details, read https://pytorch.org/docs/stable/generated/torch.set_float32_matmul_precision.html#torch.set_float32_matmul_precision
12:46:06 INFO rf3.inference_engines.rf3: [rank: 0] Outputs will be written to /__modal/volumes/vo-HGvJ0xSDZkfBZcPwB8c9Ga/s3_esm2_f4.
12:46:09 WARNING atomworks.io.utils.ccd: The following CCD codes were not found in Biotite's built-in CCD: {np.str_('L:0')}
12:46:09 INFO rf3.inference_engines.rf3: [rank: 0] Found 1 structures to predict!
12:46:09 INFO rf3.inference_engines.rf3: [rank: 0] Predicting structure 1/1: s3_esm2_f4
12:46:20 INFO rf3.inference_engines.rf3: [rank: 0] Outputs for s3_esm2_f4 written to /outputs/s3_esm2_f4/s3_esm2_f4!

wrote outputs/rf3_s3_esm2_f4/s3_esm2_f4/s3_esm2_f4_confidences.json
wrote outputs/rf3_s3_esm2_f4/s3_esm2_f4/s3_esm2_f4_model.cif
wrote outputs/rf3_s3_esm2_f4/s3_esm2_f4/s3_esm2_f4_ranking_scores.csv
wrote outputs/rf3_s3_esm2_f4/s3_esm2_f4/s3_esm2_f4_summary_confidences.json
wrote outputs/rf3_s3_esm2_f4/s3_esm2_f4/seed-0_sample-0/s3_esm2_f4_seed-0_sample-0_confidences.json
wrote outputs/rf3_s3_esm2_f4/s3_esm2_f4/seed-0_sample-0/s3_esm2_f4_seed-0_sample-0_model.cif
wrote outputs/rf3_s3_esm2_f4/s3_esm2_f4/seed-0_sample-0/s3_esm2_f4_seed-0_sample-0_summary_confidences.json
wrote outputs/rf3_s3_esm2_f4/s3_esm2_f4/seed-0_sample-1/s3_esm2_f4_seed-0_sample-1_confidences.json
wrote outputs/rf3_s3_esm2_f4/s3_esm2_f4/seed-0_sample-1/s3_esm2_f4_seed-0_sample-1_model.cif
wrote outputs/rf3_s3_esm2_f4/s3_esm2_f4/seed-0_sample-1/s3_esm2_f4_seed-0_sample-1_summary_confidences.json
wrote outputs/rf3_s3_esm2_f4/s3_esm2_f4/seed-0_sample-2/s3_esm2_f4_seed-0_sample-2_confidences.json
wrote outputs/rf3_s3_esm2_f4/s3_esm2_f4/seed-0_sample-2/s3_esm2_f4_seed-0_sample-2_model.cif
wrote outputs/rf3_s3_esm2_f4/s3_esm2_f4/seed-0_sample-2/s3_esm2_f4_seed-0_sample-2_summary_confidences.json
wrote outputs/rf3_s3_esm2_f4/s3_esm2_f4/seed-0_sample-3/s3_esm2_f4_seed-0_sample-3_confidences.json
wrote outputs/rf3_s3_esm2_f4/s3_esm2_f4/seed-0_sample-3/s3_esm2_f4_seed-0_sample-3_model.cif
wrote outputs/rf3_s3_esm2_f4/s3_esm2_f4/seed-0_sample-3/s3_esm2_f4_seed-0_sample-3_summary_confidences.json
wrote outputs/rf3_s3_esm2_f4/s3_esm2_f4/seed-0_sample-4/s3_esm2_f4_seed-0_sample-4_confidences.json
wrote outputs/rf3_s3_esm2_f4/s3_esm2_f4/seed-0_sample-4/s3_esm2_f4_seed-0_sample-4_model.cif
wrote outputs/rf3_s3_esm2_f4/s3_esm2_f4/seed-0_sample-4/s3_esm2_f4_seed-0_sample-4_summary_confidences.json
interface confidence (best model: s3_esm2_f4_model.cif):
  interface A-B: ipSAE 0.031, pDockQ2 0.099, pDockQ 0.193
Stopping app - local entrypoint completed.
✓ App completed. View run at 
https://modal.com/apps/mauriciocafiero/main/ap-lCYHP3BZfbIUU8TVmHHhiD
wrote /Users/cafierom/python_mac/peptidebuilder/runs/octinoxate/folds/rf3/s3_esm2_f4.pdb
--- rf3 octinoxate/s3_esm2_f4 exit 0, converted (13:46:25)
=== rf3 octinoxate/s3_orig_f12 (13:46:31)
✓ Initialized. View run at 
https://modal.com/apps/mauriciocafiero/main/ap-X1GVurJMfj9TtfYTgL12Cj
✓ Created objects.
├── 🔨 Created mount /Users/cafierom/python_mac/fold/src/fold/rf3_app.py
├── 🔨 Created mount PythonPackage:fold
└── 🔨 Created function predict.
submitting s3_orig_f12 on A10G (use_msa=True) ...
weights already cached at /cache/rf3_foundry_01_24_latest_remapped.ckpt (3038876446 bytes)
fetching MSA for component 0 (34 aa)...
MSA job Htz7EJ9lwyc2DEGHEWRN1dX1WzdmjP1FEypoAw submitted, polling...
MSA written to /tmp/s3_orig_f12_chain0_msa.a3m (82 chars)
running: rf3 fold inputs=/tmp/s3_orig_f12_input.json out_dir=/outputs/s3_orig_f12 ckpt_path=/cache/rf3_foundry_01_24_latest_remapped.ckpt

/usr/local/lib/python3.12/site-packages/torch/jit/_script.py:1488: DeprecationWarning: `torch.jit.script` is deprecated. Please switch to `torch.compile` or `torch.export`.
  warnings.warn(
Environment variable CCD_MIRROR_PATH not set. Will not be able to use function requiring this variable. To set it you may:
  (1) add the line 'export VAR_NAME=path/to/variable' to your .bashrc or .zshrc file
  (2) set it in your current shell with 'export VAR_NAME=path/to/variable'
  (3) write it to a .env file in the root of the atomworks.io repository
Environment variable PDB_MIRROR_PATH not set. Will not be able to use function requiring this variable. To set it you may:
  (1) add the line 'export VAR_NAME=path/to/variable' to your .bashrc or .zshrc file
  (2) set it in your current shell with 'export VAR_NAME=path/to/variable'
  (3) write it to a .env file in the root of the atomworks.io repository
12:46:47 DEBUG transforms: Debug mode is on
12:46:47 WARNING atomworks.constants: Environment variable LOCAL_MSA_DIRS not set. Will not be able to use function requiring this variable. To set it you may:
  (1) add the line 'export VAR_NAME=path/to/variable' to your .bashrc or .zshrc file
  (2) set it in your current shell with 'export VAR_NAME=path/to/variable'
  (3) write it to a .env file in the root of the atomworks.io repository
12:46:47 INFO rf3.inference_engines.rf3: [rank: 0] Loading checkpoint from /__modal/volumes/vo-oO6aFYAUDl1wEH5oWZO3VM/rf3_foundry_01_24_latest_remapped.ckpt...
12:46:51 WARNING atomworks.ml: Using element type for atom names of atomized tokens.
Using bfloat16 Automatic Mixed Precision (AMP)
You are using a CUDA device ('NVIDIA A10') that has Tensor Cores. To properly utilize them, you should set `torch.set_float32_matmul_precision('medium' | 'high')` which will trade-off precision for performance. For more details, read https://pytorch.org/docs/stable/generated/torch.set_float32_matmul_precision.html#torch.set_float32_matmul_precision
12:46:55 INFO rf3.inference_engines.rf3: [rank: 0] Outputs will be written to /__modal/volumes/vo-HGvJ0xSDZkfBZcPwB8c9Ga/s3_orig_f12.
12:46:58 WARNING atomworks.io.utils.ccd: The following CCD codes were not found in Biotite's built-in CCD: {np.str_('L:0')}
12:46:58 INFO rf3.inference_engines.rf3: [rank: 0] Found 1 structures to predict!
12:46:58 INFO rf3.inference_engines.rf3: [rank: 0] Predicting structure 1/1: s3_orig_f12
12:47:09 INFO rf3.inference_engines.rf3: [rank: 0] Outputs for s3_orig_f12 written to /outputs/s3_orig_f12/s3_orig_f12!

wrote outputs/rf3_s3_orig_f12/s3_orig_f12/s3_orig_f12_confidences.json
wrote outputs/rf3_s3_orig_f12/s3_orig_f12/s3_orig_f12_model.cif
wrote outputs/rf3_s3_orig_f12/s3_orig_f12/s3_orig_f12_ranking_scores.csv
wrote outputs/rf3_s3_orig_f12/s3_orig_f12/s3_orig_f12_summary_confidences.json
wrote outputs/rf3_s3_orig_f12/s3_orig_f12/seed-0_sample-0/s3_orig_f12_seed-0_sample-0_confidences.json
wrote outputs/rf3_s3_orig_f12/s3_orig_f12/seed-0_sample-0/s3_orig_f12_seed-0_sample-0_model.cif
wrote outputs/rf3_s3_orig_f12/s3_orig_f12/seed-0_sample-0/s3_orig_f12_seed-0_sample-0_summary_confidences.json
wrote outputs/rf3_s3_orig_f12/s3_orig_f12/seed-0_sample-1/s3_orig_f12_seed-0_sample-1_confidences.json
wrote outputs/rf3_s3_orig_f12/s3_orig_f12/seed-0_sample-1/s3_orig_f12_seed-0_sample-1_model.cif
wrote outputs/rf3_s3_orig_f12/s3_orig_f12/seed-0_sample-1/s3_orig_f12_seed-0_sample-1_summary_confidences.json
wrote outputs/rf3_s3_orig_f12/s3_orig_f12/seed-0_sample-2/s3_orig_f12_seed-0_sample-2_confidences.json
wrote outputs/rf3_s3_orig_f12/s3_orig_f12/seed-0_sample-2/s3_orig_f12_seed-0_sample-2_model.cif
wrote outputs/rf3_s3_orig_f12/s3_orig_f12/seed-0_sample-2/s3_orig_f12_seed-0_sample-2_summary_confidences.json
wrote outputs/rf3_s3_orig_f12/s3_orig_f12/seed-0_sample-3/s3_orig_f12_seed-0_sample-3_confidences.json
wrote outputs/rf3_s3_orig_f12/s3_orig_f12/seed-0_sample-3/s3_orig_f12_seed-0_sample-3_model.cif
wrote outputs/rf3_s3_orig_f12/s3_orig_f12/seed-0_sample-3/s3_orig_f12_seed-0_sample-3_summary_confidences.json
wrote outputs/rf3_s3_orig_f12/s3_orig_f12/seed-0_sample-4/s3_orig_f12_seed-0_sample-4_confidences.json
wrote outputs/rf3_s3_orig_f12/s3_orig_f12/seed-0_sample-4/s3_orig_f12_seed-0_sample-4_model.cif
wrote outputs/rf3_s3_orig_f12/s3_orig_f12/seed-0_sample-4/s3_orig_f12_seed-0_sample-4_summary_confidences.json
interface confidence (best model: s3_orig_f12_model.cif):
  interface A-B: ipSAE 0.008, pDockQ2 0.022, pDockQ 0.264
Stopping app - local entrypoint completed.
✓ App completed. View run at 
https://modal.com/apps/mauriciocafiero/main/ap-X1GVurJMfj9TtfYTgL12Cj
wrote /Users/cafierom/python_mac/peptidebuilder/runs/octinoxate/folds/rf3/s3_orig_f12.pdb
--- rf3 octinoxate/s3_orig_f12 exit 0, converted (13:47:15)
=== rf3 octinoxate/shuffle_control_esm0 (13:47:20)
✓ Initialized. View run at 
https://modal.com/apps/mauriciocafiero/main/ap-kPSMhKLCNQlwAaS8vOe681
✓ Created objects.
├── 🔨 Created mount /Users/cafierom/python_mac/fold/src/fold/rf3_app.py
├── 🔨 Created mount PythonPackage:fold
└── 🔨 Created function predict.
submitting shuffle_control_esm0 on A10G (use_msa=True) ...
weights already cached at /cache/rf3_foundry_01_24_latest_remapped.ckpt (3038876446 bytes)
fetching MSA for component 0 (34 aa)...
MSA job WqGIGDyKkk5g2bKUzgWp0ZzQdg4ItIxlTn9DKA submitted, polling...
MSA written to /tmp/shuffle_control_esm0_chain0_msa.a3m (82 chars)
running: rf3 fold inputs=/tmp/shuffle_control_esm0_input.json out_dir=/outputs/shuffle_control_esm0 ckpt_path=/cache/rf3_foundry_01_24_latest_remapped.ckpt

/usr/local/lib/python3.12/site-packages/torch/jit/_script.py:1488: DeprecationWarning: `torch.jit.script` is deprecated. Please switch to `torch.compile` or `torch.export`.
  warnings.warn(
Environment variable CCD_MIRROR_PATH not set. Will not be able to use function requiring this variable. To set it you may:
  (1) add the line 'export VAR_NAME=path/to/variable' to your .bashrc or .zshrc file
  (2) set it in your current shell with 'export VAR_NAME=path/to/variable'
  (3) write it to a .env file in the root of the atomworks.io repository
Environment variable PDB_MIRROR_PATH not set. Will not be able to use function requiring this variable. To set it you may:
  (1) add the line 'export VAR_NAME=path/to/variable' to your .bashrc or .zshrc file
  (2) set it in your current shell with 'export VAR_NAME=path/to/variable'
  (3) write it to a .env file in the root of the atomworks.io repository
12:47:41 DEBUG transforms: Debug mode is on
12:47:42 WARNING atomworks.constants: Environment variable LOCAL_MSA_DIRS not set. Will not be able to use function requiring this variable. To set it you may:
  (1) add the line 'export VAR_NAME=path/to/variable' to your .bashrc or .zshrc file
  (2) set it in your current shell with 'export VAR_NAME=path/to/variable'
  (3) write it to a .env file in the root of the atomworks.io repository
12:47:42 INFO rf3.inference_engines.rf3: [rank: 0] Loading checkpoint from /__modal/volumes/vo-oO6aFYAUDl1wEH5oWZO3VM/rf3_foundry_01_24_latest_remapped.ckpt...
12:47:48 WARNING atomworks.ml: Using element type for atom names of atomized tokens.
Using bfloat16 Automatic Mixed Precision (AMP)
You are using a CUDA device ('NVIDIA A10G') that has Tensor Cores. To properly utilize them, you should set `torch.set_float32_matmul_precision('medium' | 'high')` which will trade-off precision for performance. For more details, read https://pytorch.org/docs/stable/generated/torch.set_float32_matmul_precision.html#torch.set_float32_matmul_precision
12:47:55 INFO rf3.inference_engines.rf3: [rank: 0] Outputs will be written to /__modal/volumes/vo-HGvJ0xSDZkfBZcPwB8c9Ga/shuffle_control_esm0.
12:47:59 WARNING atomworks.io.utils.ccd: The following CCD codes were not found in Biotite's built-in CCD: {np.str_('L:0')}
12:47:59 INFO rf3.inference_engines.rf3: [rank: 0] Found 1 structures to predict!
12:47:59 INFO rf3.inference_engines.rf3: [rank: 0] Predicting structure 1/1: shuffle_control_esm0
12:48:14 INFO rf3.inference_engines.rf3: [rank: 0] Outputs for shuffle_control_esm0 written to /outputs/shuffle_control_esm0/shuffle_control_esm0!

wrote outputs/rf3_shuffle_control_esm0/shuffle_control_esm0/shuffle_control_esm0_confidences.json
wrote outputs/rf3_shuffle_control_esm0/shuffle_control_esm0/shuffle_control_esm0_model.cif
wrote outputs/rf3_shuffle_control_esm0/shuffle_control_esm0/shuffle_control_esm0_ranking_scores.csv
wrote outputs/rf3_shuffle_control_esm0/shuffle_control_esm0/shuffle_control_esm0_summary_confidences.json
wrote outputs/rf3_shuffle_control_esm0/shuffle_control_esm0/seed-0_sample-0/shuffle_control_esm0_seed-0_sample-0_confidences.json
wrote outputs/rf3_shuffle_control_esm0/shuffle_control_esm0/seed-0_sample-0/shuffle_control_esm0_seed-0_sample-0_model.cif
wrote outputs/rf3_shuffle_control_esm0/shuffle_control_esm0/seed-0_sample-0/shuffle_control_esm0_seed-0_sample-0_summary_confidences.json
wrote outputs/rf3_shuffle_control_esm0/shuffle_control_esm0/seed-0_sample-1/shuffle_control_esm0_seed-0_sample-1_confidences.json
wrote outputs/rf3_shuffle_control_esm0/shuffle_control_esm0/seed-0_sample-1/shuffle_control_esm0_seed-0_sample-1_model.cif
wrote outputs/rf3_shuffle_control_esm0/shuffle_control_esm0/seed-0_sample-1/shuffle_control_esm0_seed-0_sample-1_summary_confidences.json
wrote outputs/rf3_shuffle_control_esm0/shuffle_control_esm0/seed-0_sample-2/shuffle_control_esm0_seed-0_sample-2_confidences.json
wrote outputs/rf3_shuffle_control_esm0/shuffle_control_esm0/seed-0_sample-2/shuffle_control_esm0_seed-0_sample-2_model.cif
wrote outputs/rf3_shuffle_control_esm0/shuffle_control_esm0/seed-0_sample-2/shuffle_control_esm0_seed-0_sample-2_summary_confidences.json
wrote outputs/rf3_shuffle_control_esm0/shuffle_control_esm0/seed-0_sample-3/shuffle_control_esm0_seed-0_sample-3_confidences.json
wrote outputs/rf3_shuffle_control_esm0/shuffle_control_esm0/seed-0_sample-3/shuffle_control_esm0_seed-0_sample-3_model.cif
wrote outputs/rf3_shuffle_control_esm0/shuffle_control_esm0/seed-0_sample-3/shuffle_control_esm0_seed-0_sample-3_summary_confidences.json
wrote outputs/rf3_shuffle_control_esm0/shuffle_control_esm0/seed-0_sample-4/shuffle_control_esm0_seed-0_sample-4_confidences.json
wrote outputs/rf3_shuffle_control_esm0/shuffle_control_esm0/seed-0_sample-4/shuffle_control_esm0_seed-0_sample-4_model.cif
wrote outputs/rf3_shuffle_control_esm0/shuffle_control_esm0/seed-0_sample-4/shuffle_control_esm0_seed-0_sample-4_summary_confidences.json
interface confidence (best model: shuffle_control_esm0_model.cif):
  interface A-B: ipSAE 0.021, pDockQ2 0.049, pDockQ 0.097
Stopping app - local entrypoint completed.
✓ App completed. View run at 
https://modal.com/apps/mauriciocafiero/main/ap-kPSMhKLCNQlwAaS8vOe681
wrote /Users/cafierom/python_mac/peptidebuilder/runs/octinoxate/folds/rf3/shuffle_control_esm0.pdb
--- rf3 octinoxate/shuffle_control_esm0 exit 0, converted (13:48:20)
=== rf3 octinoxate/shuffle_control (13:48:25)
✓ Initialized. View run at 
https://modal.com/apps/mauriciocafiero/main/ap-Ygh5VgWnOioET3SvPRjQJG
✓ Created objects.
├── 🔨 Created mount /Users/cafierom/python_mac/fold/src/fold/rf3_app.py
├── 🔨 Created mount PythonPackage:fold
└── 🔨 Created function predict.
submitting shuffle_control on A10G (use_msa=True) ...
weights already cached at /cache/rf3_foundry_01_24_latest_remapped.ckpt (3038876446 bytes)
fetching MSA for component 0 (34 aa)...
MSA job VMAIBNEZDpLKzvASh_jm1wMwV83cQJ8TAuMm_A submitted, polling...
MSA written to /tmp/shuffle_control_chain0_msa.a3m (82 chars)
running: rf3 fold inputs=/tmp/shuffle_control_input.json out_dir=/outputs/shuffle_control ckpt_path=/cache/rf3_foundry_01_24_latest_remapped.ckpt

/usr/local/lib/python3.12/site-packages/torch/jit/_script.py:1488: DeprecationWarning: `torch.jit.script` is deprecated. Please switch to `torch.compile` or `torch.export`.
  warnings.warn(
Environment variable CCD_MIRROR_PATH not set. Will not be able to use function requiring this variable. To set it you may:
  (1) add the line 'export VAR_NAME=path/to/variable' to your .bashrc or .zshrc file
  (2) set it in your current shell with 'export VAR_NAME=path/to/variable'
  (3) write it to a .env file in the root of the atomworks.io repository
Environment variable PDB_MIRROR_PATH not set. Will not be able to use function requiring this variable. To set it you may:
  (1) add the line 'export VAR_NAME=path/to/variable' to your .bashrc or .zshrc file
  (2) set it in your current shell with 'export VAR_NAME=path/to/variable'
  (3) write it to a .env file in the root of the atomworks.io repository
12:48:42 DEBUG transforms: Debug mode is on
12:48:42 WARNING atomworks.constants: Environment variable LOCAL_MSA_DIRS not set. Will not be able to use function requiring this variable. To set it you may:
  (1) add the line 'export VAR_NAME=path/to/variable' to your .bashrc or .zshrc file
  (2) set it in your current shell with 'export VAR_NAME=path/to/variable'
  (3) write it to a .env file in the root of the atomworks.io repository
12:48:42 INFO rf3.inference_engines.rf3: [rank: 0] Loading checkpoint from /__modal/volumes/vo-oO6aFYAUDl1wEH5oWZO3VM/rf3_foundry_01_24_latest_remapped.ckpt...
12:48:46 WARNING atomworks.ml: Using element type for atom names of atomized tokens.
Using bfloat16 Automatic Mixed Precision (AMP)
You are using a CUDA device ('NVIDIA A10') that has Tensor Cores. To properly utilize them, you should set `torch.set_float32_matmul_precision('medium' | 'high')` which will trade-off precision for performance. For more details, read https://pytorch.org/docs/stable/generated/torch.set_float32_matmul_precision.html#torch.set_float32_matmul_precision
12:48:50 INFO rf3.inference_engines.rf3: [rank: 0] Outputs will be written to /__modal/volumes/vo-HGvJ0xSDZkfBZcPwB8c9Ga/shuffle_control.
12:48:53 WARNING atomworks.io.utils.ccd: The following CCD codes were not found in Biotite's built-in CCD: {np.str_('L:0')}
12:48:53 INFO rf3.inference_engines.rf3: [rank: 0] Found 1 structures to predict!
12:48:53 INFO rf3.inference_engines.rf3: [rank: 0] Predicting structure 1/1: shuffle_control
12:49:04 INFO rf3.inference_engines.rf3: [rank: 0] Outputs for shuffle_control written to /outputs/shuffle_control/shuffle_control!

wrote outputs/rf3_shuffle_control/shuffle_control/shuffle_control_confidences.json
wrote outputs/rf3_shuffle_control/shuffle_control/shuffle_control_model.cif
wrote outputs/rf3_shuffle_control/shuffle_control/shuffle_control_ranking_scores.csv
wrote outputs/rf3_shuffle_control/shuffle_control/shuffle_control_summary_confidences.json
wrote outputs/rf3_shuffle_control/shuffle_control/seed-0_sample-0/shuffle_control_seed-0_sample-0_confidences.json
wrote outputs/rf3_shuffle_control/shuffle_control/seed-0_sample-0/shuffle_control_seed-0_sample-0_model.cif
wrote outputs/rf3_shuffle_control/shuffle_control/seed-0_sample-0/shuffle_control_seed-0_sample-0_summary_confidences.json
wrote outputs/rf3_shuffle_control/shuffle_control/seed-0_sample-1/shuffle_control_seed-0_sample-1_confidences.json
wrote outputs/rf3_shuffle_control/shuffle_control/seed-0_sample-1/shuffle_control_seed-0_sample-1_model.cif
wrote outputs/rf3_shuffle_control/shuffle_control/seed-0_sample-1/shuffle_control_seed-0_sample-1_summary_confidences.json
wrote outputs/rf3_shuffle_control/shuffle_control/seed-0_sample-2/shuffle_control_seed-0_sample-2_confidences.json
wrote outputs/rf3_shuffle_control/shuffle_control/seed-0_sample-2/shuffle_control_seed-0_sample-2_model.cif
wrote outputs/rf3_shuffle_control/shuffle_control/seed-0_sample-2/shuffle_control_seed-0_sample-2_summary_confidences.json
wrote outputs/rf3_shuffle_control/shuffle_control/seed-0_sample-3/shuffle_control_seed-0_sample-3_confidences.json
wrote outputs/rf3_shuffle_control/shuffle_control/seed-0_sample-3/shuffle_control_seed-0_sample-3_model.cif
wrote outputs/rf3_shuffle_control/shuffle_control/seed-0_sample-3/shuffle_control_seed-0_sample-3_summary_confidences.json
wrote outputs/rf3_shuffle_control/shuffle_control/seed-0_sample-4/shuffle_control_seed-0_sample-4_confidences.json
wrote outputs/rf3_shuffle_control/shuffle_control/seed-0_sample-4/shuffle_control_seed-0_sample-4_model.cif
wrote outputs/rf3_shuffle_control/shuffle_control/seed-0_sample-4/shuffle_control_seed-0_sample-4_summary_confidences.json
interface confidence (best model: shuffle_control_model.cif):
  interface A-B: ipSAE 0.008, pDockQ2 0.022, pDockQ 0.335
Stopping app - local entrypoint completed.
✓ App completed. View run at 
https://modal.com/apps/mauriciocafiero/main/ap-Ygh5VgWnOioET3SvPRjQJG
wrote /Users/cafierom/python_mac/peptidebuilder/runs/octinoxate/folds/rf3/shuffle_control.pdb
--- rf3 octinoxate/shuffle_control exit 0, converted (13:49:08)
