=== rf3apo octinoxate/bg33_1 (17:33:16)
✓ Initialized. View run at 
https://modal.com/apps/mauriciocafiero/main/ap-QVWEomWapIOHWmArobYp9N
✓ Created objects.
├── 🔨 Created mount /Users/cafierom/python_mac/fold/src/fold/rf3_app.py
├── 🔨 Created mount PythonPackage:fold
└── 🔨 Created function predict.
submitting bg33_1_apo on A10G (use_msa=True) ...
weights already cached at /cache/rf3_foundry_01_24_latest_remapped.ckpt (3038876446 bytes)
fetching MSA for component 0 (33 aa)...
MSA job qKGRit51Q5SeTlJu3qzoRMPpQH8HCqMSatoCJg submitted, polling...
MSA written to /tmp/bg33_1_apo_chain0_msa.a3m (80 chars)
running: rf3 fold inputs=/tmp/bg33_1_apo_input.json out_dir=/outputs/bg33_1_apo ckpt_path=/cache/rf3_foundry_01_24_latest_remapped.ckpt

/usr/local/lib/python3.12/site-packages/torch/jit/_script.py:1488: DeprecationWarning: `torch.jit.script` is deprecated. Please switch to `torch.compile` or `torch.export`.
  warnings.warn(
Environment variable CCD_MIRROR_PATH not set. Will not be able to use function requiring this variable. To set it you may:
  (1) add the line 'export VAR_NAME=path/to/variable' to your .bashrc or .zshrc file
  (2) set it in your current shell with 'export VAR_NAME=path/to/variable'
  (3) write it to a .env file in the root of the atomworks.io repository
Environment variable PDB_MIRROR_PATH not set. Will not be able to use function requiring this variable. To set it you may:
  (1) add the line 'export VAR_NAME=path/to/variable' to your .bashrc or .zshrc file
  (2) set it in your current shell with 'export VAR_NAME=path/to/variable'
  (3) write it to a .env file in the root of the atomworks.io repository
16:33:48 DEBUG transforms: Debug mode is on
16:33:49 WARNING atomworks.constants: Environment variable LOCAL_MSA_DIRS not set. Will not be able to use function requiring this variable. To set it you may:
  (1) add the line 'export VAR_NAME=path/to/variable' to your .bashrc or .zshrc file
  (2) set it in your current shell with 'export VAR_NAME=path/to/variable'
  (3) write it to a .env file in the root of the atomworks.io repository
16:33:49 INFO rf3.inference_engines.rf3: [rank: 0] Loading checkpoint from /__modal/volumes/vo-oO6aFYAUDl1wEH5oWZO3VM/rf3_foundry_01_24_latest_remapped.ckpt...
16:33:55 WARNING atomworks.ml: Using element type for atom names of atomized tokens.
Using bfloat16 Automatic Mixed Precision (AMP)
You are using a CUDA device ('NVIDIA A10G') that has Tensor Cores. To properly utilize them, you should set `torch.set_float32_matmul_precision('medium' | 'high')` which will trade-off precision for performance. For more details, read https://pytorch.org/docs/stable/generated/torch.set_float32_matmul_precision.html#torch.set_float32_matmul_precision
16:34:04 INFO rf3.inference_engines.rf3: [rank: 0] Outputs will be written to /__modal/volumes/vo-HGvJ0xSDZkfBZcPwB8c9Ga/bg33_1_apo.
16:34:07 INFO rf3.inference_engines.rf3: [rank: 0] Found 1 structures to predict!
16:34:07 INFO rf3.inference_engines.rf3: [rank: 0] Predicting structure 1/1: bg33_1_apo
16:34:21 INFO rf3.inference_engines.rf3: [rank: 0] Outputs for bg33_1_apo written to /outputs/bg33_1_apo/bg33_1_apo!

wrote outputs/rf3_bg33_1_apo/bg33_1_apo/bg33_1_apo_confidences.json
wrote outputs/rf3_bg33_1_apo/bg33_1_apo/bg33_1_apo_model.cif
wrote outputs/rf3_bg33_1_apo/bg33_1_apo/bg33_1_apo_ranking_scores.csv
wrote outputs/rf3_bg33_1_apo/bg33_1_apo/bg33_1_apo_summary_confidences.json
wrote outputs/rf3_bg33_1_apo/bg33_1_apo/seed-0_sample-0/bg33_1_apo_seed-0_sample-0_confidences.json
wrote outputs/rf3_bg33_1_apo/bg33_1_apo/seed-0_sample-0/bg33_1_apo_seed-0_sample-0_model.cif
wrote outputs/rf3_bg33_1_apo/bg33_1_apo/seed-0_sample-0/bg33_1_apo_seed-0_sample-0_summary_confidences.json
wrote outputs/rf3_bg33_1_apo/bg33_1_apo/seed-0_sample-1/bg33_1_apo_seed-0_sample-1_confidences.json
wrote outputs/rf3_bg33_1_apo/bg33_1_apo/seed-0_sample-1/bg33_1_apo_seed-0_sample-1_model.cif
wrote outputs/rf3_bg33_1_apo/bg33_1_apo/seed-0_sample-1/bg33_1_apo_seed-0_sample-1_summary_confidences.json
wrote outputs/rf3_bg33_1_apo/bg33_1_apo/seed-0_sample-2/bg33_1_apo_seed-0_sample-2_confidences.json
wrote outputs/rf3_bg33_1_apo/bg33_1_apo/seed-0_sample-2/bg33_1_apo_seed-0_sample-2_model.cif
wrote outputs/rf3_bg33_1_apo/bg33_1_apo/seed-0_sample-2/bg33_1_apo_seed-0_sample-2_summary_confidences.json
wrote outputs/rf3_bg33_1_apo/bg33_1_apo/seed-0_sample-3/bg33_1_apo_seed-0_sample-3_confidences.json
wrote outputs/rf3_bg33_1_apo/bg33_1_apo/seed-0_sample-3/bg33_1_apo_seed-0_sample-3_model.cif
wrote outputs/rf3_bg33_1_apo/bg33_1_apo/seed-0_sample-3/bg33_1_apo_seed-0_sample-3_summary_confidences.json
wrote outputs/rf3_bg33_1_apo/bg33_1_apo/seed-0_sample-4/bg33_1_apo_seed-0_sample-4_confidences.json
wrote outputs/rf3_bg33_1_apo/bg33_1_apo/seed-0_sample-4/bg33_1_apo_seed-0_sample-4_model.cif
wrote outputs/rf3_bg33_1_apo/bg33_1_apo/seed-0_sample-4/bg33_1_apo_seed-0_sample-4_summary_confidences.json
interface scores unavailable (need at least two chains for interface scores)
Stopping app - local entrypoint completed.
✓ App completed. View run at 
https://modal.com/apps/mauriciocafiero/main/ap-QVWEomWapIOHWmArobYp9N
wrote /Users/cafierom/python_mac/peptidebuilder/runs/octinoxate/folds/rf3apo/bg33_1.pdb
--- rf3apo octinoxate/bg33_1 exit 0, converted (17:34:26)
=== rf3apo octinoxate/bg33_2 (17:34:31)
✓ Initialized. View run at 
https://modal.com/apps/mauriciocafiero/main/ap-z4gsPNekkSP35dX6J9uJoQ
✓ Created objects.
├── 🔨 Created mount /Users/cafierom/python_mac/fold/src/fold/rf3_app.py
├── 🔨 Created mount PythonPackage:fold
└── 🔨 Created function predict.
submitting bg33_2_apo on A10G (use_msa=True) ...
weights already cached at /cache/rf3_foundry_01_24_latest_remapped.ckpt (3038876446 bytes)
fetching MSA for component 0 (33 aa)...
MSA job T7hkIL0RsvB4A0WPmHcWTUbOYqBn3zdq8YeNDQ submitted, polling...
MSA written to /tmp/bg33_2_apo_chain0_msa.a3m (80 chars)
running: rf3 fold inputs=/tmp/bg33_2_apo_input.json out_dir=/outputs/bg33_2_apo ckpt_path=/cache/rf3_foundry_01_24_latest_remapped.ckpt

/usr/local/lib/python3.12/site-packages/torch/jit/_script.py:1488: DeprecationWarning: `torch.jit.script` is deprecated. Please switch to `torch.compile` or `torch.export`.
  warnings.warn(
Environment variable CCD_MIRROR_PATH not set. Will not be able to use function requiring this variable. To set it you may:
  (1) add the line 'export VAR_NAME=path/to/variable' to your .bashrc or .zshrc file
  (2) set it in your current shell with 'export VAR_NAME=path/to/variable'
  (3) write it to a .env file in the root of the atomworks.io repository
Environment variable PDB_MIRROR_PATH not set. Will not be able to use function requiring this variable. To set it you may:
  (1) add the line 'export VAR_NAME=path/to/variable' to your .bashrc or .zshrc file
  (2) set it in your current shell with 'export VAR_NAME=path/to/variable'
  (3) write it to a .env file in the root of the atomworks.io repository
16:34:54 DEBUG transforms: Debug mode is on
16:34:54 WARNING atomworks.constants: Environment variable LOCAL_MSA_DIRS not set. Will not be able to use function requiring this variable. To set it you may:
  (1) add the line 'export VAR_NAME=path/to/variable' to your .bashrc or .zshrc file
  (2) set it in your current shell with 'export VAR_NAME=path/to/variable'
  (3) write it to a .env file in the root of the atomworks.io repository
16:34:54 INFO rf3.inference_engines.rf3: [rank: 0] Loading checkpoint from /__modal/volumes/vo-oO6aFYAUDl1wEH5oWZO3VM/rf3_foundry_01_24_latest_remapped.ckpt...
16:35:02 WARNING atomworks.ml: Using element type for atom names of atomized tokens.
Using bfloat16 Automatic Mixed Precision (AMP)
You are using a CUDA device ('NVIDIA A10G') that has Tensor Cores. To properly utilize them, you should set `torch.set_float32_matmul_precision('medium' | 'high')` which will trade-off precision for performance. For more details, read https://pytorch.org/docs/stable/generated/torch.set_float32_matmul_precision.html#torch.set_float32_matmul_precision
16:35:09 INFO rf3.inference_engines.rf3: [rank: 0] Outputs will be written to /__modal/volumes/vo-HGvJ0xSDZkfBZcPwB8c9Ga/bg33_2_apo.
16:35:12 INFO rf3.inference_engines.rf3: [rank: 0] Found 1 structures to predict!
16:35:12 INFO rf3.inference_engines.rf3: [rank: 0] Predicting structure 1/1: bg33_2_apo
16:35:26 INFO rf3.inference_engines.rf3: [rank: 0] Outputs for bg33_2_apo written to /outputs/bg33_2_apo/bg33_2_apo!

wrote outputs/rf3_bg33_2_apo/bg33_2_apo/bg33_2_apo_confidences.json
wrote outputs/rf3_bg33_2_apo/bg33_2_apo/bg33_2_apo_model.cif
wrote outputs/rf3_bg33_2_apo/bg33_2_apo/bg33_2_apo_ranking_scores.csv
wrote outputs/rf3_bg33_2_apo/bg33_2_apo/bg33_2_apo_summary_confidences.json
wrote outputs/rf3_bg33_2_apo/bg33_2_apo/seed-0_sample-0/bg33_2_apo_seed-0_sample-0_confidences.json
wrote outputs/rf3_bg33_2_apo/bg33_2_apo/seed-0_sample-0/bg33_2_apo_seed-0_sample-0_model.cif
wrote outputs/rf3_bg33_2_apo/bg33_2_apo/seed-0_sample-0/bg33_2_apo_seed-0_sample-0_summary_confidences.json
wrote outputs/rf3_bg33_2_apo/bg33_2_apo/seed-0_sample-1/bg33_2_apo_seed-0_sample-1_confidences.json
wrote outputs/rf3_bg33_2_apo/bg33_2_apo/seed-0_sample-1/bg33_2_apo_seed-0_sample-1_model.cif
wrote outputs/rf3_bg33_2_apo/bg33_2_apo/seed-0_sample-1/bg33_2_apo_seed-0_sample-1_summary_confidences.json
wrote outputs/rf3_bg33_2_apo/bg33_2_apo/seed-0_sample-2/bg33_2_apo_seed-0_sample-2_confidences.json
wrote outputs/rf3_bg33_2_apo/bg33_2_apo/seed-0_sample-2/bg33_2_apo_seed-0_sample-2_model.cif
wrote outputs/rf3_bg33_2_apo/bg33_2_apo/seed-0_sample-2/bg33_2_apo_seed-0_sample-2_summary_confidences.json
wrote outputs/rf3_bg33_2_apo/bg33_2_apo/seed-0_sample-3/bg33_2_apo_seed-0_sample-3_confidences.json
wrote outputs/rf3_bg33_2_apo/bg33_2_apo/seed-0_sample-3/bg33_2_apo_seed-0_sample-3_model.cif
wrote outputs/rf3_bg33_2_apo/bg33_2_apo/seed-0_sample-3/bg33_2_apo_seed-0_sample-3_summary_confidences.json
wrote outputs/rf3_bg33_2_apo/bg33_2_apo/seed-0_sample-4/bg33_2_apo_seed-0_sample-4_confidences.json
wrote outputs/rf3_bg33_2_apo/bg33_2_apo/seed-0_sample-4/bg33_2_apo_seed-0_sample-4_model.cif
wrote outputs/rf3_bg33_2_apo/bg33_2_apo/seed-0_sample-4/bg33_2_apo_seed-0_sample-4_summary_confidences.json
interface scores unavailable (need at least two chains for interface scores)
Stopping app - local entrypoint completed.
✓ App completed. View run at 
https://modal.com/apps/mauriciocafiero/main/ap-z4gsPNekkSP35dX6J9uJoQ
wrote /Users/cafierom/python_mac/peptidebuilder/runs/octinoxate/folds/rf3apo/bg33_2.pdb
--- rf3apo octinoxate/bg33_2 exit 0, converted (17:35:32)
=== rf3apo octinoxate/bg33_3 (17:35:37)
✓ Initialized. View run at 
https://modal.com/apps/mauriciocafiero/main/ap-WpchB4UVZKKjB1FX7WRMgv
✓ Created objects.
├── 🔨 Created mount /Users/cafierom/python_mac/fold/src/fold/rf3_app.py
├── 🔨 Created mount PythonPackage:fold
└── 🔨 Created function predict.
submitting bg33_3_apo on A10G (use_msa=True) ...
weights already cached at /cache/rf3_foundry_01_24_latest_remapped.ckpt (3038876446 bytes)
fetching MSA for component 0 (33 aa)...
MSA job TiYHVykJYJFjQB5CLswLF4L8o65kM2Qx-Rxtrw submitted, polling...
MSA written to /tmp/bg33_3_apo_chain0_msa.a3m (80 chars)
running: rf3 fold inputs=/tmp/bg33_3_apo_input.json out_dir=/outputs/bg33_3_apo ckpt_path=/cache/rf3_foundry_01_24_latest_remapped.ckpt

/usr/local/lib/python3.12/site-packages/torch/jit/_script.py:1488: DeprecationWarning: `torch.jit.script` is deprecated. Please switch to `torch.compile` or `torch.export`.
  warnings.warn(
Environment variable CCD_MIRROR_PATH not set. Will not be able to use function requiring this variable. To set it you may:
  (1) add the line 'export VAR_NAME=path/to/variable' to your .bashrc or .zshrc file
  (2) set it in your current shell with 'export VAR_NAME=path/to/variable'
  (3) write it to a .env file in the root of the atomworks.io repository
Environment variable PDB_MIRROR_PATH not set. Will not be able to use function requiring this variable. To set it you may:
  (1) add the line 'export VAR_NAME=path/to/variable' to your .bashrc or .zshrc file
  (2) set it in your current shell with 'export VAR_NAME=path/to/variable'
  (3) write it to a .env file in the root of the atomworks.io repository
16:35:53 DEBUG transforms: Debug mode is on
16:35:53 WARNING atomworks.constants: Environment variable LOCAL_MSA_DIRS not set. Will not be able to use function requiring this variable. To set it you may:
  (1) add the line 'export VAR_NAME=path/to/variable' to your .bashrc or .zshrc file
  (2) set it in your current shell with 'export VAR_NAME=path/to/variable'
  (3) write it to a .env file in the root of the atomworks.io repository
16:35:53 INFO rf3.inference_engines.rf3: [rank: 0] Loading checkpoint from /__modal/volumes/vo-oO6aFYAUDl1wEH5oWZO3VM/rf3_foundry_01_24_latest_remapped.ckpt...
16:35:57 WARNING atomworks.ml: Using element type for atom names of atomized tokens.
Using bfloat16 Automatic Mixed Precision (AMP)
You are using a CUDA device ('NVIDIA A10') that has Tensor Cores. To properly utilize them, you should set `torch.set_float32_matmul_precision('medium' | 'high')` which will trade-off precision for performance. For more details, read https://pytorch.org/docs/stable/generated/torch.set_float32_matmul_precision.html#torch.set_float32_matmul_precision
16:36:02 INFO rf3.inference_engines.rf3: [rank: 0] Outputs will be written to /__modal/volumes/vo-HGvJ0xSDZkfBZcPwB8c9Ga/bg33_3_apo.
16:36:05 INFO rf3.inference_engines.rf3: [rank: 0] Found 1 structures to predict!
16:36:05 INFO rf3.inference_engines.rf3: [rank: 0] Predicting structure 1/1: bg33_3_apo
16:36:16 INFO rf3.inference_engines.rf3: [rank: 0] Outputs for bg33_3_apo written to /outputs/bg33_3_apo/bg33_3_apo!

wrote outputs/rf3_bg33_3_apo/bg33_3_apo/bg33_3_apo_confidences.json
wrote outputs/rf3_bg33_3_apo/bg33_3_apo/bg33_3_apo_model.cif
wrote outputs/rf3_bg33_3_apo/bg33_3_apo/bg33_3_apo_ranking_scores.csv
wrote outputs/rf3_bg33_3_apo/bg33_3_apo/bg33_3_apo_summary_confidences.json
wrote outputs/rf3_bg33_3_apo/bg33_3_apo/seed-0_sample-0/bg33_3_apo_seed-0_sample-0_confidences.json
wrote outputs/rf3_bg33_3_apo/bg33_3_apo/seed-0_sample-0/bg33_3_apo_seed-0_sample-0_model.cif
wrote outputs/rf3_bg33_3_apo/bg33_3_apo/seed-0_sample-0/bg33_3_apo_seed-0_sample-0_summary_confidences.json
wrote outputs/rf3_bg33_3_apo/bg33_3_apo/seed-0_sample-1/bg33_3_apo_seed-0_sample-1_confidences.json
wrote outputs/rf3_bg33_3_apo/bg33_3_apo/seed-0_sample-1/bg33_3_apo_seed-0_sample-1_model.cif
wrote outputs/rf3_bg33_3_apo/bg33_3_apo/seed-0_sample-1/bg33_3_apo_seed-0_sample-1_summary_confidences.json
wrote outputs/rf3_bg33_3_apo/bg33_3_apo/seed-0_sample-2/bg33_3_apo_seed-0_sample-2_confidences.json
wrote outputs/rf3_bg33_3_apo/bg33_3_apo/seed-0_sample-2/bg33_3_apo_seed-0_sample-2_model.cif
wrote outputs/rf3_bg33_3_apo/bg33_3_apo/seed-0_sample-2/bg33_3_apo_seed-0_sample-2_summary_confidences.json
wrote outputs/rf3_bg33_3_apo/bg33_3_apo/seed-0_sample-3/bg33_3_apo_seed-0_sample-3_confidences.json
wrote outputs/rf3_bg33_3_apo/bg33_3_apo/seed-0_sample-3/bg33_3_apo_seed-0_sample-3_model.cif
wrote outputs/rf3_bg33_3_apo/bg33_3_apo/seed-0_sample-3/bg33_3_apo_seed-0_sample-3_summary_confidences.json
wrote outputs/rf3_bg33_3_apo/bg33_3_apo/seed-0_sample-4/bg33_3_apo_seed-0_sample-4_confidences.json
wrote outputs/rf3_bg33_3_apo/bg33_3_apo/seed-0_sample-4/bg33_3_apo_seed-0_sample-4_model.cif
wrote outputs/rf3_bg33_3_apo/bg33_3_apo/seed-0_sample-4/bg33_3_apo_seed-0_sample-4_summary_confidences.json
interface scores unavailable (need at least two chains for interface scores)
Stopping app - local entrypoint completed.
✓ App completed. View run at 
https://modal.com/apps/mauriciocafiero/main/ap-WpchB4UVZKKjB1FX7WRMgv
wrote /Users/cafierom/python_mac/peptidebuilder/runs/octinoxate/folds/rf3apo/bg33_3.pdb
--- rf3apo octinoxate/bg33_3 exit 0, converted (17:36:21)
=== rf3apo octinoxate/bg33_4 (17:36:26)
✓ Initialized. View run at 
https://modal.com/apps/mauriciocafiero/main/ap-P9JWGgbuFA3nDxALxFJ1d1
✓ Created objects.
├── 🔨 Created mount /Users/cafierom/python_mac/fold/src/fold/rf3_app.py
├── 🔨 Created mount PythonPackage:fold
└── 🔨 Created function predict.
submitting bg33_4_apo on A10G (use_msa=True) ...
weights already cached at /cache/rf3_foundry_01_24_latest_remapped.ckpt (3038876446 bytes)
fetching MSA for component 0 (33 aa)...
MSA job Zh4LdGZGgaU-qlPdXNGeOi5IWQByVfqgzlJDmg submitted, polling...
MSA written to /tmp/bg33_4_apo_chain0_msa.a3m (80 chars)
running: rf3 fold inputs=/tmp/bg33_4_apo_input.json out_dir=/outputs/bg33_4_apo ckpt_path=/cache/rf3_foundry_01_24_latest_remapped.ckpt

/usr/local/lib/python3.12/site-packages/torch/jit/_script.py:1488: DeprecationWarning: `torch.jit.script` is deprecated. Please switch to `torch.compile` or `torch.export`.
  warnings.warn(
Environment variable CCD_MIRROR_PATH not set. Will not be able to use function requiring this variable. To set it you may:
  (1) add the line 'export VAR_NAME=path/to/variable' to your .bashrc or .zshrc file
  (2) set it in your current shell with 'export VAR_NAME=path/to/variable'
  (3) write it to a .env file in the root of the atomworks.io repository
Environment variable PDB_MIRROR_PATH not set. Will not be able to use function requiring this variable. To set it you may:
  (1) add the line 'export VAR_NAME=path/to/variable' to your .bashrc or .zshrc file
  (2) set it in your current shell with 'export VAR_NAME=path/to/variable'
  (3) write it to a .env file in the root of the atomworks.io repository
16:36:42 DEBUG transforms: Debug mode is on
16:36:43 WARNING atomworks.constants: Environment variable LOCAL_MSA_DIRS not set. Will not be able to use function requiring this variable. To set it you may:
  (1) add the line 'export VAR_NAME=path/to/variable' to your .bashrc or .zshrc file
  (2) set it in your current shell with 'export VAR_NAME=path/to/variable'
  (3) write it to a .env file in the root of the atomworks.io repository
16:36:43 INFO rf3.inference_engines.rf3: [rank: 0] Loading checkpoint from /__modal/volumes/vo-oO6aFYAUDl1wEH5oWZO3VM/rf3_foundry_01_24_latest_remapped.ckpt...
16:36:46 WARNING atomworks.ml: Using element type for atom names of atomized tokens.
Using bfloat16 Automatic Mixed Precision (AMP)
You are using a CUDA device ('NVIDIA A10') that has Tensor Cores. To properly utilize them, you should set `torch.set_float32_matmul_precision('medium' | 'high')` which will trade-off precision for performance. For more details, read https://pytorch.org/docs/stable/generated/torch.set_float32_matmul_precision.html#torch.set_float32_matmul_precision
16:36:51 INFO rf3.inference_engines.rf3: [rank: 0] Outputs will be written to /__modal/volumes/vo-HGvJ0xSDZkfBZcPwB8c9Ga/bg33_4_apo.
16:36:53 INFO rf3.inference_engines.rf3: [rank: 0] Found 1 structures to predict!
16:36:53 INFO rf3.inference_engines.rf3: [rank: 0] Predicting structure 1/1: bg33_4_apo
16:37:03 INFO rf3.inference_engines.rf3: [rank: 0] Outputs for bg33_4_apo written to /outputs/bg33_4_apo/bg33_4_apo!

wrote outputs/rf3_bg33_4_apo/bg33_4_apo/bg33_4_apo_confidences.json
wrote outputs/rf3_bg33_4_apo/bg33_4_apo/bg33_4_apo_model.cif
wrote outputs/rf3_bg33_4_apo/bg33_4_apo/bg33_4_apo_ranking_scores.csv
wrote outputs/rf3_bg33_4_apo/bg33_4_apo/bg33_4_apo_summary_confidences.json
wrote outputs/rf3_bg33_4_apo/bg33_4_apo/seed-0_sample-0/bg33_4_apo_seed-0_sample-0_confidences.json
wrote outputs/rf3_bg33_4_apo/bg33_4_apo/seed-0_sample-0/bg33_4_apo_seed-0_sample-0_model.cif
wrote outputs/rf3_bg33_4_apo/bg33_4_apo/seed-0_sample-0/bg33_4_apo_seed-0_sample-0_summary_confidences.json
wrote outputs/rf3_bg33_4_apo/bg33_4_apo/seed-0_sample-1/bg33_4_apo_seed-0_sample-1_confidences.json
wrote outputs/rf3_bg33_4_apo/bg33_4_apo/seed-0_sample-1/bg33_4_apo_seed-0_sample-1_model.cif
wrote outputs/rf3_bg33_4_apo/bg33_4_apo/seed-0_sample-1/bg33_4_apo_seed-0_sample-1_summary_confidences.json
wrote outputs/rf3_bg33_4_apo/bg33_4_apo/seed-0_sample-2/bg33_4_apo_seed-0_sample-2_confidences.json
wrote outputs/rf3_bg33_4_apo/bg33_4_apo/seed-0_sample-2/bg33_4_apo_seed-0_sample-2_model.cif
wrote outputs/rf3_bg33_4_apo/bg33_4_apo/seed-0_sample-2/bg33_4_apo_seed-0_sample-2_summary_confidences.json
wrote outputs/rf3_bg33_4_apo/bg33_4_apo/seed-0_sample-3/bg33_4_apo_seed-0_sample-3_confidences.json
wrote outputs/rf3_bg33_4_apo/bg33_4_apo/seed-0_sample-3/bg33_4_apo_seed-0_sample-3_model.cif
wrote outputs/rf3_bg33_4_apo/bg33_4_apo/seed-0_sample-3/bg33_4_apo_seed-0_sample-3_summary_confidences.json
wrote outputs/rf3_bg33_4_apo/bg33_4_apo/seed-0_sample-4/bg33_4_apo_seed-0_sample-4_confidences.json
wrote outputs/rf3_bg33_4_apo/bg33_4_apo/seed-0_sample-4/bg33_4_apo_seed-0_sample-4_model.cif
wrote outputs/rf3_bg33_4_apo/bg33_4_apo/seed-0_sample-4/bg33_4_apo_seed-0_sample-4_summary_confidences.json
interface scores unavailable (need at least two chains for interface scores)
Stopping app - local entrypoint completed.
✓ App completed. View run at 
https://modal.com/apps/mauriciocafiero/main/ap-P9JWGgbuFA3nDxALxFJ1d1
wrote /Users/cafierom/python_mac/peptidebuilder/runs/octinoxate/folds/rf3apo/bg33_4.pdb
--- rf3apo octinoxate/bg33_4 exit 0, converted (17:37:09)
=== rf3apo octinoxate/orig_f12 (17:37:14)
✓ Initialized. View run at 
https://modal.com/apps/mauriciocafiero/main/ap-2CBCtRvINoGScNdfAfDPKb
✓ Created objects.
├── 🔨 Created mount /Users/cafierom/python_mac/fold/src/fold/rf3_app.py
├── 🔨 Created mount PythonPackage:fold
└── 🔨 Created function predict.
submitting orig_f12_apo on A10G (use_msa=True) ...
weights already cached at /cache/rf3_foundry_01_24_latest_remapped.ckpt (3038876446 bytes)
fetching MSA for component 0 (33 aa)...
MSA job EVzifNs1o2G0ZchrmBl9ui_O0FEJXD0q2AVabQ submitted, polling...
MSA written to /tmp/orig_f12_apo_chain0_msa.a3m (80 chars)
running: rf3 fold inputs=/tmp/orig_f12_apo_input.json out_dir=/outputs/orig_f12_apo ckpt_path=/cache/rf3_foundry_01_24_latest_remapped.ckpt

/usr/local/lib/python3.12/site-packages/torch/jit/_script.py:1488: DeprecationWarning: `torch.jit.script` is deprecated. Please switch to `torch.compile` or `torch.export`.
  warnings.warn(
Environment variable CCD_MIRROR_PATH not set. Will not be able to use function requiring this variable. To set it you may:
  (1) add the line 'export VAR_NAME=path/to/variable' to your .bashrc or .zshrc file
  (2) set it in your current shell with 'export VAR_NAME=path/to/variable'
  (3) write it to a .env file in the root of the atomworks.io repository
Environment variable PDB_MIRROR_PATH not set. Will not be able to use function requiring this variable. To set it you may:
  (1) add the line 'export VAR_NAME=path/to/variable' to your .bashrc or .zshrc file
  (2) set it in your current shell with 'export VAR_NAME=path/to/variable'
  (3) write it to a .env file in the root of the atomworks.io repository
16:38:01 DEBUG transforms: Debug mode is on
16:38:01 WARNING atomworks.constants: Environment variable LOCAL_MSA_DIRS not set. Will not be able to use function requiring this variable. To set it you may:
  (1) add the line 'export VAR_NAME=path/to/variable' to your .bashrc or .zshrc file
  (2) set it in your current shell with 'export VAR_NAME=path/to/variable'
  (3) write it to a .env file in the root of the atomworks.io repository
16:38:01 INFO rf3.inference_engines.rf3: [rank: 0] Loading checkpoint from /__modal/volumes/vo-oO6aFYAUDl1wEH5oWZO3VM/rf3_foundry_01_24_latest_remapped.ckpt...
16:38:08 WARNING atomworks.ml: Using element type for atom names of atomized tokens.
Using bfloat16 Automatic Mixed Precision (AMP)
You are using a CUDA device ('NVIDIA A10G') that has Tensor Cores. To properly utilize them, you should set `torch.set_float32_matmul_precision('medium' | 'high')` which will trade-off precision for performance. For more details, read https://pytorch.org/docs/stable/generated/torch.set_float32_matmul_precision.html#torch.set_float32_matmul_precision
16:38:15 INFO rf3.inference_engines.rf3: [rank: 0] Outputs will be written to /__modal/volumes/vo-HGvJ0xSDZkfBZcPwB8c9Ga/orig_f12_apo.
16:38:19 INFO rf3.inference_engines.rf3: [rank: 0] Found 1 structures to predict!
16:38:19 INFO rf3.inference_engines.rf3: [rank: 0] Predicting structure 1/1: orig_f12_apo
16:38:33 INFO rf3.inference_engines.rf3: [rank: 0] Outputs for orig_f12_apo written to /outputs/orig_f12_apo/orig_f12_apo!

wrote outputs/rf3_orig_f12_apo/orig_f12_apo/orig_f12_apo_confidences.json
wrote outputs/rf3_orig_f12_apo/orig_f12_apo/orig_f12_apo_model.cif
wrote outputs/rf3_orig_f12_apo/orig_f12_apo/orig_f12_apo_ranking_scores.csv
wrote outputs/rf3_orig_f12_apo/orig_f12_apo/orig_f12_apo_summary_confidences.json
wrote outputs/rf3_orig_f12_apo/orig_f12_apo/seed-0_sample-0/orig_f12_apo_seed-0_sample-0_confidences.json
wrote outputs/rf3_orig_f12_apo/orig_f12_apo/seed-0_sample-0/orig_f12_apo_seed-0_sample-0_model.cif
wrote outputs/rf3_orig_f12_apo/orig_f12_apo/seed-0_sample-0/orig_f12_apo_seed-0_sample-0_summary_confidences.json
wrote outputs/rf3_orig_f12_apo/orig_f12_apo/seed-0_sample-1/orig_f12_apo_seed-0_sample-1_confidences.json
wrote outputs/rf3_orig_f12_apo/orig_f12_apo/seed-0_sample-1/orig_f12_apo_seed-0_sample-1_model.cif
wrote outputs/rf3_orig_f12_apo/orig_f12_apo/seed-0_sample-1/orig_f12_apo_seed-0_sample-1_summary_confidences.json
wrote outputs/rf3_orig_f12_apo/orig_f12_apo/seed-0_sample-2/orig_f12_apo_seed-0_sample-2_confidences.json
wrote outputs/rf3_orig_f12_apo/orig_f12_apo/seed-0_sample-2/orig_f12_apo_seed-0_sample-2_model.cif
wrote outputs/rf3_orig_f12_apo/orig_f12_apo/seed-0_sample-2/orig_f12_apo_seed-0_sample-2_summary_confidences.json
wrote outputs/rf3_orig_f12_apo/orig_f12_apo/seed-0_sample-3/orig_f12_apo_seed-0_sample-3_confidences.json
wrote outputs/rf3_orig_f12_apo/orig_f12_apo/seed-0_sample-3/orig_f12_apo_seed-0_sample-3_model.cif
wrote outputs/rf3_orig_f12_apo/orig_f12_apo/seed-0_sample-3/orig_f12_apo_seed-0_sample-3_summary_confidences.json
wrote outputs/rf3_orig_f12_apo/orig_f12_apo/seed-0_sample-4/orig_f12_apo_seed-0_sample-4_confidences.json
wrote outputs/rf3_orig_f12_apo/orig_f12_apo/seed-0_sample-4/orig_f12_apo_seed-0_sample-4_model.cif
wrote outputs/rf3_orig_f12_apo/orig_f12_apo/seed-0_sample-4/orig_f12_apo_seed-0_sample-4_summary_confidences.json
interface scores unavailable (need at least two chains for interface scores)
Stopping app - local entrypoint completed.
✓ App completed. View run at 
https://modal.com/apps/mauriciocafiero/main/ap-2CBCtRvINoGScNdfAfDPKb
wrote /Users/cafierom/python_mac/peptidebuilder/runs/octinoxate/folds/rf3apo/orig_f12.pdb
--- rf3apo octinoxate/orig_f12 exit 0, converted (17:38:38)
=== rf3apo octinoxate/s2_esm2_control (17:38:43)
✓ Initialized. View run at 
https://modal.com/apps/mauriciocafiero/main/ap-Aohj64koTajiO1PUTzD8Vo
✓ Created objects.
├── 🔨 Created mount /Users/cafierom/python_mac/fold/src/fold/rf3_app.py
├── 🔨 Created mount PythonPackage:fold
└── 🔨 Created function predict.
submitting s2_esm2_control_apo on A10G (use_msa=True) ...
weights already cached at /cache/rf3_foundry_01_24_latest_remapped.ckpt (3038876446 bytes)
fetching MSA for component 0 (33 aa)...
MSA job 97g6sPwyR3f0Gd9oWka2BXsIeBsuN3_HXUqQNQ submitted, polling...
MSA written to /tmp/s2_esm2_control_apo_chain0_msa.a3m (80 chars)
running: rf3 fold inputs=/tmp/s2_esm2_control_apo_input.json out_dir=/outputs/s2_esm2_control_apo ckpt_path=/cache/rf3_foundry_01_24_latest_remapped.ckpt

/usr/local/lib/python3.12/site-packages/torch/jit/_script.py:1488: DeprecationWarning: `torch.jit.script` is deprecated. Please switch to `torch.compile` or `torch.export`.
  warnings.warn(
Environment variable CCD_MIRROR_PATH not set. Will not be able to use function requiring this variable. To set it you may:
  (1) add the line 'export VAR_NAME=path/to/variable' to your .bashrc or .zshrc file
  (2) set it in your current shell with 'export VAR_NAME=path/to/variable'
  (3) write it to a .env file in the root of the atomworks.io repository
Environment variable PDB_MIRROR_PATH not set. Will not be able to use function requiring this variable. To set it you may:
  (1) add the line 'export VAR_NAME=path/to/variable' to your .bashrc or .zshrc file
  (2) set it in your current shell with 'export VAR_NAME=path/to/variable'
  (3) write it to a .env file in the root of the atomworks.io repository
16:39:10 DEBUG transforms: Debug mode is on
16:39:11 WARNING atomworks.constants: Environment variable LOCAL_MSA_DIRS not set. Will not be able to use function requiring this variable. To set it you may:
  (1) add the line 'export VAR_NAME=path/to/variable' to your .bashrc or .zshrc file
  (2) set it in your current shell with 'export VAR_NAME=path/to/variable'
  (3) write it to a .env file in the root of the atomworks.io repository
16:39:11 INFO rf3.inference_engines.rf3: [rank: 0] Loading checkpoint from /__modal/volumes/vo-oO6aFYAUDl1wEH5oWZO3VM/rf3_foundry_01_24_latest_remapped.ckpt...
16:39:17 WARNING atomworks.ml: Using element type for atom names of atomized tokens.
Using bfloat16 Automatic Mixed Precision (AMP)
You are using a CUDA device ('NVIDIA A10G') that has Tensor Cores. To properly utilize them, you should set `torch.set_float32_matmul_precision('medium' | 'high')` which will trade-off precision for performance. For more details, read https://pytorch.org/docs/stable/generated/torch.set_float32_matmul_precision.html#torch.set_float32_matmul_precision
16:39:24 INFO rf3.inference_engines.rf3: [rank: 0] Outputs will be written to /__modal/volumes/vo-HGvJ0xSDZkfBZcPwB8c9Ga/s2_esm2_control_apo.
16:39:28 INFO rf3.inference_engines.rf3: [rank: 0] Found 1 structures to predict!
16:39:28 INFO rf3.inference_engines.rf3: [rank: 0] Predicting structure 1/1: s2_esm2_control_apo
16:39:42 INFO rf3.inference_engines.rf3: [rank: 0] Outputs for s2_esm2_control_apo written to /outputs/s2_esm2_control_apo/s2_esm2_control_apo!

wrote outputs/rf3_s2_esm2_control_apo/s2_esm2_control_apo/s2_esm2_control_apo_confidences.json
wrote outputs/rf3_s2_esm2_control_apo/s2_esm2_control_apo/s2_esm2_control_apo_model.cif
wrote outputs/rf3_s2_esm2_control_apo/s2_esm2_control_apo/s2_esm2_control_apo_ranking_scores.csv
wrote outputs/rf3_s2_esm2_control_apo/s2_esm2_control_apo/s2_esm2_control_apo_summary_confidences.json
wrote outputs/rf3_s2_esm2_control_apo/s2_esm2_control_apo/seed-0_sample-0/s2_esm2_control_apo_seed-0_sample-0_confidences.json
wrote outputs/rf3_s2_esm2_control_apo/s2_esm2_control_apo/seed-0_sample-0/s2_esm2_control_apo_seed-0_sample-0_model.cif
wrote outputs/rf3_s2_esm2_control_apo/s2_esm2_control_apo/seed-0_sample-0/s2_esm2_control_apo_seed-0_sample-0_summary_confidences.json
wrote outputs/rf3_s2_esm2_control_apo/s2_esm2_control_apo/seed-0_sample-1/s2_esm2_control_apo_seed-0_sample-1_confidences.json
wrote outputs/rf3_s2_esm2_control_apo/s2_esm2_control_apo/seed-0_sample-1/s2_esm2_control_apo_seed-0_sample-1_model.cif
wrote outputs/rf3_s2_esm2_control_apo/s2_esm2_control_apo/seed-0_sample-1/s2_esm2_control_apo_seed-0_sample-1_summary_confidences.json
wrote outputs/rf3_s2_esm2_control_apo/s2_esm2_control_apo/seed-0_sample-2/s2_esm2_control_apo_seed-0_sample-2_confidences.json
wrote outputs/rf3_s2_esm2_control_apo/s2_esm2_control_apo/seed-0_sample-2/s2_esm2_control_apo_seed-0_sample-2_model.cif
wrote outputs/rf3_s2_esm2_control_apo/s2_esm2_control_apo/seed-0_sample-2/s2_esm2_control_apo_seed-0_sample-2_summary_confidences.json
wrote outputs/rf3_s2_esm2_control_apo/s2_esm2_control_apo/seed-0_sample-3/s2_esm2_control_apo_seed-0_sample-3_confidences.json
wrote outputs/rf3_s2_esm2_control_apo/s2_esm2_control_apo/seed-0_sample-3/s2_esm2_control_apo_seed-0_sample-3_model.cif
wrote outputs/rf3_s2_esm2_control_apo/s2_esm2_control_apo/seed-0_sample-3/s2_esm2_control_apo_seed-0_sample-3_summary_confidences.json
wrote outputs/rf3_s2_esm2_control_apo/s2_esm2_control_apo/seed-0_sample-4/s2_esm2_control_apo_seed-0_sample-4_confidences.json
wrote outputs/rf3_s2_esm2_control_apo/s2_esm2_control_apo/seed-0_sample-4/s2_esm2_control_apo_seed-0_sample-4_model.cif
wrote outputs/rf3_s2_esm2_control_apo/s2_esm2_control_apo/seed-0_sample-4/s2_esm2_control_apo_seed-0_sample-4_summary_confidences.json
interface scores unavailable (need at least two chains for interface scores)
Stopping app - local entrypoint completed.
✓ App completed. View run at 
https://modal.com/apps/mauriciocafiero/main/ap-Aohj64koTajiO1PUTzD8Vo
wrote /Users/cafierom/python_mac/peptidebuilder/runs/octinoxate/folds/rf3apo/s2_esm2_control.pdb
--- rf3apo octinoxate/s2_esm2_control exit 0, converted (17:39:47)
=== rf3apo octinoxate/s3_esm2_f4 (17:39:52)
✓ Initialized. View run at 
https://modal.com/apps/mauriciocafiero/main/ap-8ifcXMTLViuAyKghVMdjEu
✓ Created objects.
├── 🔨 Created mount /Users/cafierom/python_mac/fold/src/fold/rf3_app.py
├── 🔨 Created mount PythonPackage:fold
└── 🔨 Created function predict.
submitting s3_esm2_f4_apo on A10G (use_msa=True) ...
weights already cached at /cache/rf3_foundry_01_24_latest_remapped.ckpt (3038876446 bytes)
fetching MSA for component 0 (34 aa)...
MSA job KGYIIRFdoOJFm4lhbsu92bl9eWCyQ-_orNrTSg submitted, polling...
MSA written to /tmp/s3_esm2_f4_apo_chain0_msa.a3m (82 chars)
running: rf3 fold inputs=/tmp/s3_esm2_f4_apo_input.json out_dir=/outputs/s3_esm2_f4_apo ckpt_path=/cache/rf3_foundry_01_24_latest_remapped.ckpt

/usr/local/lib/python3.12/site-packages/torch/jit/_script.py:1488: DeprecationWarning: `torch.jit.script` is deprecated. Please switch to `torch.compile` or `torch.export`.
  warnings.warn(
Environment variable CCD_MIRROR_PATH not set. Will not be able to use function requiring this variable. To set it you may:
  (1) add the line 'export VAR_NAME=path/to/variable' to your .bashrc or .zshrc file
  (2) set it in your current shell with 'export VAR_NAME=path/to/variable'
  (3) write it to a .env file in the root of the atomworks.io repository
Environment variable PDB_MIRROR_PATH not set. Will not be able to use function requiring this variable. To set it you may:
  (1) add the line 'export VAR_NAME=path/to/variable' to your .bashrc or .zshrc file
  (2) set it in your current shell with 'export VAR_NAME=path/to/variable'
  (3) write it to a .env file in the root of the atomworks.io repository
16:40:09 DEBUG transforms: Debug mode is on
16:40:09 WARNING atomworks.constants: Environment variable LOCAL_MSA_DIRS not set. Will not be able to use function requiring this variable. To set it you may:
  (1) add the line 'export VAR_NAME=path/to/variable' to your .bashrc or .zshrc file
  (2) set it in your current shell with 'export VAR_NAME=path/to/variable'
  (3) write it to a .env file in the root of the atomworks.io repository
16:40:09 INFO rf3.inference_engines.rf3: [rank: 0] Loading checkpoint from /__modal/volumes/vo-oO6aFYAUDl1wEH5oWZO3VM/rf3_foundry_01_24_latest_remapped.ckpt...
16:40:13 WARNING atomworks.ml: Using element type for atom names of atomized tokens.
Using bfloat16 Automatic Mixed Precision (AMP)
You are using a CUDA device ('NVIDIA A10') that has Tensor Cores. To properly utilize them, you should set `torch.set_float32_matmul_precision('medium' | 'high')` which will trade-off precision for performance. For more details, read https://pytorch.org/docs/stable/generated/torch.set_float32_matmul_precision.html#torch.set_float32_matmul_precision
16:40:17 INFO rf3.inference_engines.rf3: [rank: 0] Outputs will be written to /__modal/volumes/vo-HGvJ0xSDZkfBZcPwB8c9Ga/s3_esm2_f4_apo.
16:40:20 INFO rf3.inference_engines.rf3: [rank: 0] Found 1 structures to predict!
16:40:20 INFO rf3.inference_engines.rf3: [rank: 0] Predicting structure 1/1: s3_esm2_f4_apo
16:40:30 INFO rf3.inference_engines.rf3: [rank: 0] Outputs for s3_esm2_f4_apo written to /outputs/s3_esm2_f4_apo/s3_esm2_f4_apo!

wrote outputs/rf3_s3_esm2_f4_apo/s3_esm2_f4_apo/s3_esm2_f4_apo_confidences.json
wrote outputs/rf3_s3_esm2_f4_apo/s3_esm2_f4_apo/s3_esm2_f4_apo_model.cif
wrote outputs/rf3_s3_esm2_f4_apo/s3_esm2_f4_apo/s3_esm2_f4_apo_ranking_scores.csv
wrote outputs/rf3_s3_esm2_f4_apo/s3_esm2_f4_apo/s3_esm2_f4_apo_summary_confidences.json
wrote outputs/rf3_s3_esm2_f4_apo/s3_esm2_f4_apo/seed-0_sample-0/s3_esm2_f4_apo_seed-0_sample-0_confidences.json
wrote outputs/rf3_s3_esm2_f4_apo/s3_esm2_f4_apo/seed-0_sample-0/s3_esm2_f4_apo_seed-0_sample-0_model.cif
wrote outputs/rf3_s3_esm2_f4_apo/s3_esm2_f4_apo/seed-0_sample-0/s3_esm2_f4_apo_seed-0_sample-0_summary_confidences.json
wrote outputs/rf3_s3_esm2_f4_apo/s3_esm2_f4_apo/seed-0_sample-1/s3_esm2_f4_apo_seed-0_sample-1_confidences.json
wrote outputs/rf3_s3_esm2_f4_apo/s3_esm2_f4_apo/seed-0_sample-1/s3_esm2_f4_apo_seed-0_sample-1_model.cif
wrote outputs/rf3_s3_esm2_f4_apo/s3_esm2_f4_apo/seed-0_sample-1/s3_esm2_f4_apo_seed-0_sample-1_summary_confidences.json
wrote outputs/rf3_s3_esm2_f4_apo/s3_esm2_f4_apo/seed-0_sample-2/s3_esm2_f4_apo_seed-0_sample-2_confidences.json
wrote outputs/rf3_s3_esm2_f4_apo/s3_esm2_f4_apo/seed-0_sample-2/s3_esm2_f4_apo_seed-0_sample-2_model.cif
wrote outputs/rf3_s3_esm2_f4_apo/s3_esm2_f4_apo/seed-0_sample-2/s3_esm2_f4_apo_seed-0_sample-2_summary_confidences.json
wrote outputs/rf3_s3_esm2_f4_apo/s3_esm2_f4_apo/seed-0_sample-3/s3_esm2_f4_apo_seed-0_sample-3_confidences.json
wrote outputs/rf3_s3_esm2_f4_apo/s3_esm2_f4_apo/seed-0_sample-3/s3_esm2_f4_apo_seed-0_sample-3_model.cif
wrote outputs/rf3_s3_esm2_f4_apo/s3_esm2_f4_apo/seed-0_sample-3/s3_esm2_f4_apo_seed-0_sample-3_summary_confidences.json
wrote outputs/rf3_s3_esm2_f4_apo/s3_esm2_f4_apo/seed-0_sample-4/s3_esm2_f4_apo_seed-0_sample-4_confidences.json
wrote outputs/rf3_s3_esm2_f4_apo/s3_esm2_f4_apo/seed-0_sample-4/s3_esm2_f4_apo_seed-0_sample-4_model.cif
wrote outputs/rf3_s3_esm2_f4_apo/s3_esm2_f4_apo/seed-0_sample-4/s3_esm2_f4_apo_seed-0_sample-4_summary_confidences.json
interface scores unavailable (need at least two chains for interface scores)
Stopping app - local entrypoint completed.
✓ App completed. View run at 
https://modal.com/apps/mauriciocafiero/main/ap-8ifcXMTLViuAyKghVMdjEu
wrote /Users/cafierom/python_mac/peptidebuilder/runs/octinoxate/folds/rf3apo/s3_esm2_f4.pdb
--- rf3apo octinoxate/s3_esm2_f4 exit 0, converted (17:40:36)
=== rf3apo octinoxate/s3_orig_f12 (17:40:41)
skip octinoxate/s3_orig_f12 (exists)
=== rf3apo octinoxate/shuffle_control_esm0 (17:40:41)
✓ Initialized. View run at 
https://modal.com/apps/mauriciocafiero/main/ap-EHldBG5Saua0eOLwFPw8TG
✓ Created objects.
├── 🔨 Created mount /Users/cafierom/python_mac/fold/src/fold/rf3_app.py
├── 🔨 Created mount PythonPackage:fold
└── 🔨 Created function predict.
submitting shuffle_control_esm0_apo on A10G (use_msa=True) ...
weights already cached at /cache/rf3_foundry_01_24_latest_remapped.ckpt (3038876446 bytes)
fetching MSA for component 0 (34 aa)...
MSA job WqGIGDyKkk5g2bKUzgWp0ZzQdg4ItIxlTn9DKA submitted, polling...
MSA written to /tmp/shuffle_control_esm0_apo_chain0_msa.a3m (82 chars)
running: rf3 fold inputs=/tmp/shuffle_control_esm0_apo_input.json out_dir=/outputs/shuffle_control_esm0_apo ckpt_path=/cache/rf3_foundry_01_24_latest_remapped.ckpt

/usr/local/lib/python3.12/site-packages/torch/jit/_script.py:1488: DeprecationWarning: `torch.jit.script` is deprecated. Please switch to `torch.compile` or `torch.export`.
  warnings.warn(
Environment variable CCD_MIRROR_PATH not set. Will not be able to use function requiring this variable. To set it you may:
  (1) add the line 'export VAR_NAME=path/to/variable' to your .bashrc or .zshrc file
  (2) set it in your current shell with 'export VAR_NAME=path/to/variable'
  (3) write it to a .env file in the root of the atomworks.io repository
Environment variable PDB_MIRROR_PATH not set. Will not be able to use function requiring this variable. To set it you may:
  (1) add the line 'export VAR_NAME=path/to/variable' to your .bashrc or .zshrc file
  (2) set it in your current shell with 'export VAR_NAME=path/to/variable'
  (3) write it to a .env file in the root of the atomworks.io repository
16:41:00 DEBUG transforms: Debug mode is on
16:41:00 WARNING atomworks.constants: Environment variable LOCAL_MSA_DIRS not set. Will not be able to use function requiring this variable. To set it you may:
  (1) add the line 'export VAR_NAME=path/to/variable' to your .bashrc or .zshrc file
  (2) set it in your current shell with 'export VAR_NAME=path/to/variable'
  (3) write it to a .env file in the root of the atomworks.io repository
16:41:00 INFO rf3.inference_engines.rf3: [rank: 0] Loading checkpoint from /__modal/volumes/vo-oO6aFYAUDl1wEH5oWZO3VM/rf3_foundry_01_24_latest_remapped.ckpt...
16:41:06 WARNING atomworks.ml: Using element type for atom names of atomized tokens.
Using bfloat16 Automatic Mixed Precision (AMP)
You are using a CUDA device ('NVIDIA A10') that has Tensor Cores. To properly utilize them, you should set `torch.set_float32_matmul_precision('medium' | 'high')` which will trade-off precision for performance. For more details, read https://pytorch.org/docs/stable/generated/torch.set_float32_matmul_precision.html#torch.set_float32_matmul_precision
16:41:10 INFO rf3.inference_engines.rf3: [rank: 0] Outputs will be written to /__modal/volumes/vo-HGvJ0xSDZkfBZcPwB8c9Ga/shuffle_control_esm0_apo.
16:41:13 INFO rf3.inference_engines.rf3: [rank: 0] Found 1 structures to predict!
16:41:13 INFO rf3.inference_engines.rf3: [rank: 0] Predicting structure 1/1: shuffle_control_esm0_apo
16:41:24 INFO rf3.inference_engines.rf3: [rank: 0] Outputs for shuffle_control_esm0_apo written to /outputs/shuffle_control_esm0_apo/shuffle_control_esm0_apo!

wrote outputs/rf3_shuffle_control_esm0_apo/shuffle_control_esm0_apo/shuffle_control_esm0_apo_confidences.json
wrote outputs/rf3_shuffle_control_esm0_apo/shuffle_control_esm0_apo/shuffle_control_esm0_apo_model.cif
wrote outputs/rf3_shuffle_control_esm0_apo/shuffle_control_esm0_apo/shuffle_control_esm0_apo_ranking_scores.csv
wrote outputs/rf3_shuffle_control_esm0_apo/shuffle_control_esm0_apo/shuffle_control_esm0_apo_summary_confidences.json
wrote outputs/rf3_shuffle_control_esm0_apo/shuffle_control_esm0_apo/seed-0_sample-0/shuffle_control_esm0_apo_seed-0_sample-0_confidences.json
wrote outputs/rf3_shuffle_control_esm0_apo/shuffle_control_esm0_apo/seed-0_sample-0/shuffle_control_esm0_apo_seed-0_sample-0_model.cif
wrote outputs/rf3_shuffle_control_esm0_apo/shuffle_control_esm0_apo/seed-0_sample-0/shuffle_control_esm0_apo_seed-0_sample-0_summary_confidences.json
wrote outputs/rf3_shuffle_control_esm0_apo/shuffle_control_esm0_apo/seed-0_sample-1/shuffle_control_esm0_apo_seed-0_sample-1_confidences.json
wrote outputs/rf3_shuffle_control_esm0_apo/shuffle_control_esm0_apo/seed-0_sample-1/shuffle_control_esm0_apo_seed-0_sample-1_model.cif
wrote outputs/rf3_shuffle_control_esm0_apo/shuffle_control_esm0_apo/seed-0_sample-1/shuffle_control_esm0_apo_seed-0_sample-1_summary_confidences.json
wrote outputs/rf3_shuffle_control_esm0_apo/shuffle_control_esm0_apo/seed-0_sample-2/shuffle_control_esm0_apo_seed-0_sample-2_confidences.json
wrote outputs/rf3_shuffle_control_esm0_apo/shuffle_control_esm0_apo/seed-0_sample-2/shuffle_control_esm0_apo_seed-0_sample-2_model.cif
wrote outputs/rf3_shuffle_control_esm0_apo/shuffle_control_esm0_apo/seed-0_sample-2/shuffle_control_esm0_apo_seed-0_sample-2_summary_confidences.json
wrote outputs/rf3_shuffle_control_esm0_apo/shuffle_control_esm0_apo/seed-0_sample-3/shuffle_control_esm0_apo_seed-0_sample-3_confidences.json
wrote outputs/rf3_shuffle_control_esm0_apo/shuffle_control_esm0_apo/seed-0_sample-3/shuffle_control_esm0_apo_seed-0_sample-3_model.cif
wrote outputs/rf3_shuffle_control_esm0_apo/shuffle_control_esm0_apo/seed-0_sample-3/shuffle_control_esm0_apo_seed-0_sample-3_summary_confidences.json
wrote outputs/rf3_shuffle_control_esm0_apo/shuffle_control_esm0_apo/seed-0_sample-4/shuffle_control_esm0_apo_seed-0_sample-4_confidences.json
wrote outputs/rf3_shuffle_control_esm0_apo/shuffle_control_esm0_apo/seed-0_sample-4/shuffle_control_esm0_apo_seed-0_sample-4_model.cif
wrote outputs/rf3_shuffle_control_esm0_apo/shuffle_control_esm0_apo/seed-0_sample-4/shuffle_control_esm0_apo_seed-0_sample-4_summary_confidences.json
interface scores unavailable (need at least two chains for interface scores)
Stopping app - local entrypoint completed.
✓ App completed. View run at 
https://modal.com/apps/mauriciocafiero/main/ap-EHldBG5Saua0eOLwFPw8TG
wrote /Users/cafierom/python_mac/peptidebuilder/runs/octinoxate/folds/rf3apo/shuffle_control_esm0.pdb
--- rf3apo octinoxate/shuffle_control_esm0 exit 0, converted (17:41:30)
=== rf3apo octinoxate/shuffle_control (17:41:35)
✓ Initialized. View run at 
https://modal.com/apps/mauriciocafiero/main/ap-vXiwjXqjgNywg3zkehcoI2
✓ Created objects.
├── 🔨 Created mount /Users/cafierom/python_mac/fold/src/fold/rf3_app.py
├── 🔨 Created mount PythonPackage:fold
└── 🔨 Created function predict.
submitting shuffle_control_apo on A10G (use_msa=True) ...
weights already cached at /cache/rf3_foundry_01_24_latest_remapped.ckpt (3038876446 bytes)
fetching MSA for component 0 (34 aa)...
MSA job VMAIBNEZDpLKzvASh_jm1wMwV83cQJ8TAuMm_A submitted, polling...
MSA written to /tmp/shuffle_control_apo_chain0_msa.a3m (82 chars)
running: rf3 fold inputs=/tmp/shuffle_control_apo_input.json out_dir=/outputs/shuffle_control_apo ckpt_path=/cache/rf3_foundry_01_24_latest_remapped.ckpt

/usr/local/lib/python3.12/site-packages/torch/jit/_script.py:1488: DeprecationWarning: `torch.jit.script` is deprecated. Please switch to `torch.compile` or `torch.export`.
  warnings.warn(
Environment variable CCD_MIRROR_PATH not set. Will not be able to use function requiring this variable. To set it you may:
  (1) add the line 'export VAR_NAME=path/to/variable' to your .bashrc or .zshrc file
  (2) set it in your current shell with 'export VAR_NAME=path/to/variable'
  (3) write it to a .env file in the root of the atomworks.io repository
Environment variable PDB_MIRROR_PATH not set. Will not be able to use function requiring this variable. To set it you may:
  (1) add the line 'export VAR_NAME=path/to/variable' to your .bashrc or .zshrc file
  (2) set it in your current shell with 'export VAR_NAME=path/to/variable'
  (3) write it to a .env file in the root of the atomworks.io repository
16:41:57 DEBUG transforms: Debug mode is on
16:41:58 WARNING atomworks.constants: Environment variable LOCAL_MSA_DIRS not set. Will not be able to use function requiring this variable. To set it you may:
  (1) add the line 'export VAR_NAME=path/to/variable' to your .bashrc or .zshrc file
  (2) set it in your current shell with 'export VAR_NAME=path/to/variable'
  (3) write it to a .env file in the root of the atomworks.io repository
16:41:58 INFO rf3.inference_engines.rf3: [rank: 0] Loading checkpoint from /__modal/volumes/vo-oO6aFYAUDl1wEH5oWZO3VM/rf3_foundry_01_24_latest_remapped.ckpt...
16:42:04 WARNING atomworks.ml: Using element type for atom names of atomized tokens.
Using bfloat16 Automatic Mixed Precision (AMP)
You are using a CUDA device ('NVIDIA A10G') that has Tensor Cores. To properly utilize them, you should set `torch.set_float32_matmul_precision('medium' | 'high')` which will trade-off precision for performance. For more details, read https://pytorch.org/docs/stable/generated/torch.set_float32_matmul_precision.html#torch.set_float32_matmul_precision
16:42:11 INFO rf3.inference_engines.rf3: [rank: 0] Outputs will be written to /__modal/volumes/vo-HGvJ0xSDZkfBZcPwB8c9Ga/shuffle_control_apo.
16:42:15 INFO rf3.inference_engines.rf3: [rank: 0] Found 1 structures to predict!
16:42:15 INFO rf3.inference_engines.rf3: [rank: 0] Predicting structure 1/1: shuffle_control_apo
16:42:30 INFO rf3.inference_engines.rf3: [rank: 0] Outputs for shuffle_control_apo written to /outputs/shuffle_control_apo/shuffle_control_apo!

wrote outputs/rf3_shuffle_control_apo/shuffle_control_apo/shuffle_control_apo_confidences.json
wrote outputs/rf3_shuffle_control_apo/shuffle_control_apo/shuffle_control_apo_model.cif
wrote outputs/rf3_shuffle_control_apo/shuffle_control_apo/shuffle_control_apo_ranking_scores.csv
wrote outputs/rf3_shuffle_control_apo/shuffle_control_apo/shuffle_control_apo_summary_confidences.json
wrote outputs/rf3_shuffle_control_apo/shuffle_control_apo/seed-0_sample-0/shuffle_control_apo_seed-0_sample-0_confidences.json
wrote outputs/rf3_shuffle_control_apo/shuffle_control_apo/seed-0_sample-0/shuffle_control_apo_seed-0_sample-0_model.cif
wrote outputs/rf3_shuffle_control_apo/shuffle_control_apo/seed-0_sample-0/shuffle_control_apo_seed-0_sample-0_summary_confidences.json
wrote outputs/rf3_shuffle_control_apo/shuffle_control_apo/seed-0_sample-1/shuffle_control_apo_seed-0_sample-1_confidences.json
wrote outputs/rf3_shuffle_control_apo/shuffle_control_apo/seed-0_sample-1/shuffle_control_apo_seed-0_sample-1_model.cif
wrote outputs/rf3_shuffle_control_apo/shuffle_control_apo/seed-0_sample-1/shuffle_control_apo_seed-0_sample-1_summary_confidences.json
wrote outputs/rf3_shuffle_control_apo/shuffle_control_apo/seed-0_sample-2/shuffle_control_apo_seed-0_sample-2_confidences.json
wrote outputs/rf3_shuffle_control_apo/shuffle_control_apo/seed-0_sample-2/shuffle_control_apo_seed-0_sample-2_model.cif
wrote outputs/rf3_shuffle_control_apo/shuffle_control_apo/seed-0_sample-2/shuffle_control_apo_seed-0_sample-2_summary_confidences.json
wrote outputs/rf3_shuffle_control_apo/shuffle_control_apo/seed-0_sample-3/shuffle_control_apo_seed-0_sample-3_confidences.json
wrote outputs/rf3_shuffle_control_apo/shuffle_control_apo/seed-0_sample-3/shuffle_control_apo_seed-0_sample-3_model.cif
wrote outputs/rf3_shuffle_control_apo/shuffle_control_apo/seed-0_sample-3/shuffle_control_apo_seed-0_sample-3_summary_confidences.json
wrote outputs/rf3_shuffle_control_apo/shuffle_control_apo/seed-0_sample-4/shuffle_control_apo_seed-0_sample-4_confidences.json
wrote outputs/rf3_shuffle_control_apo/shuffle_control_apo/seed-0_sample-4/shuffle_control_apo_seed-0_sample-4_model.cif
wrote outputs/rf3_shuffle_control_apo/shuffle_control_apo/seed-0_sample-4/shuffle_control_apo_seed-0_sample-4_summary_confidences.json
interface scores unavailable (need at least two chains for interface scores)
Stopping app - local entrypoint completed.
✓ App completed. View run at 
https://modal.com/apps/mauriciocafiero/main/ap-vXiwjXqjgNywg3zkehcoI2
wrote /Users/cafierom/python_mac/peptidebuilder/runs/octinoxate/folds/rf3apo/shuffle_control.pdb
--- rf3apo octinoxate/shuffle_control exit 0, converted (17:42:36)
