W0924 19:01:01.648000 92758 torch/distributed/elastic/multiprocessing/redirects.py:35] NOTE: Redirects are currently not supported in MacOs.
Ligand: octinoxate (44 atoms, charge 0, spin 1)
Fragments: arginine, lysine, aspartic, glutamic, isoleucine, leucine, serine, tryptophan, tyrosine, phenylalanine
Loading uma-s-1p2p1 on cpu
Binding site dimensions after augmentation:
  x - Max:      6.356, Min:     -9.130
  y - Max:      3.393, Min:     -2.791
  z - Max:      2.294, Min:     -2.083
  Volume is 419.2 A^3
Fragment: arginine
WARNING:root:Model is being compiled this might take a while for the first time
W0924 19:01:09.325000 92758 torch/_logging/_internal.py:1345] [0/0] Profiler record function <class 'torch.autograd.profiler.record_function'> will be ignored
WARNING:root:The UMA fast path (merge_mole + compile) is only available for fixed composition, task, charge, and spin. This is optimized for MD applications. Falling back to a less optimized version for subsequent evaluations. Reason: 'Compositions differ from merged model'.
Use inference_settings='batch' for heterogeneous batched evaluations.
  adding arginine pose 0: IE = -15.24 kcal/mol
  adding arginine pose 1: IE = -6.25 kcal/mol
  adding arginine pose 2: IE = -2.26 kcal/mol
  adding arginine pose 3: IE = -23.29 kcal/mol
  adding arginine pose 4: IE = -13.64 kcal/mol
  adding arginine pose 5: IE = -12.20 kcal/mol
  adding arginine pose 6: IE = -4.99 kcal/mol
  adding arginine pose 7: IE = -6.37 kcal/mol
  adding arginine pose 8: IE = -18.26 kcal/mol
  adding arginine pose 9: IE = -7.60 kcal/mol
  adding arginine pose 10: IE = -10.46 kcal/mol
  adding arginine pose 11: IE = -7.23 kcal/mol
Added 12 arginine fragments
Fragment: lysine
  adding lysine pose 0: IE = -7.24 kcal/mol
  adding lysine pose 1: IE = -4.48 kcal/mol
  adding lysine pose 2: IE = -4.45 kcal/mol
  adding lysine pose 3: IE = -16.20 kcal/mol
  adding lysine pose 4: IE = -10.33 kcal/mol
  adding lysine pose 5: IE = -17.83 kcal/mol
  adding lysine pose 6: IE = -6.01 kcal/mol
  adding lysine pose 7: IE = -14.64 kcal/mol
  adding lysine pose 8: IE = 1.02 kcal/mol
  adding lysine pose 9: IE = -11.97 kcal/mol
  adding lysine pose 10: IE = -16.53 kcal/mol
  adding lysine pose 11: IE = -12.82 kcal/mol
Added 12 lysine fragments
Fragment: aspartic
  adding aspartic pose 0: IE = -8.21 kcal/mol
  adding aspartic pose 1: IE = -15.84 kcal/mol
  adding aspartic pose 2: IE = -7.30 kcal/mol
  adding aspartic pose 3: IE = -10.02 kcal/mol
  adding aspartic pose 4: IE = -12.70 kcal/mol
  adding aspartic pose 5: IE = -11.66 kcal/mol
  adding aspartic pose 6: IE = -11.14 kcal/mol
  adding aspartic pose 7: IE = -10.93 kcal/mol
  adding aspartic pose 8: IE = -9.33 kcal/mol
  adding aspartic pose 9: IE = -15.30 kcal/mol
  adding aspartic pose 10: IE = -8.53 kcal/mol
  adding aspartic pose 11: IE = -15.13 kcal/mol
  adding aspartic pose 12: IE = -7.75 kcal/mol
  adding aspartic pose 13: IE = -16.17 kcal/mol
  adding aspartic pose 14: IE = -13.02 kcal/mol
  adding aspartic pose 15: IE = -12.19 kcal/mol
  adding aspartic pose 16: IE = -10.72 kcal/mol
  adding aspartic pose 17: IE = -8.66 kcal/mol
  adding aspartic pose 18: IE = -11.57 kcal/mol
  adding aspartic pose 19: IE = -14.43 kcal/mol
  adding aspartic pose 20: IE = -4.52 kcal/mol
  adding aspartic pose 21: IE = -16.78 kcal/mol
  adding aspartic pose 22: IE = -12.42 kcal/mol
Added 23 aspartic fragments
Fragment: glutamic
  adding glutamic pose 0: IE = -11.30 kcal/mol
  adding glutamic pose 1: IE = -15.58 kcal/mol
  adding glutamic pose 2: IE = -11.06 kcal/mol
  adding glutamic pose 3: IE = -4.68 kcal/mol
  adding glutamic pose 4: IE = -12.09 kcal/mol
  adding glutamic pose 5: IE = -14.40 kcal/mol
  adding glutamic pose 6: IE = -16.63 kcal/mol
  adding glutamic pose 7: IE = -7.38 kcal/mol
  adding glutamic pose 8: IE = -7.55 kcal/mol
  adding glutamic pose 9: IE = -8.67 kcal/mol
  adding glutamic pose 10: IE = -6.22 kcal/mol
  adding glutamic pose 11: IE = -11.23 kcal/mol
  adding glutamic pose 12: IE = -9.37 kcal/mol
  adding glutamic pose 13: IE = -7.91 kcal/mol
  adding glutamic pose 14: IE = -17.43 kcal/mol
  adding glutamic pose 15: IE = -6.37 kcal/mol
  adding glutamic pose 16: IE = -11.42 kcal/mol
  adding glutamic pose 17: IE = -9.39 kcal/mol
  adding glutamic pose 18: IE = -15.49 kcal/mol
  adding glutamic pose 19: IE = -18.66 kcal/mol
  adding glutamic pose 20: IE = -6.71 kcal/mol
  adding glutamic pose 21: IE = -9.58 kcal/mol
  adding glutamic pose 22: IE = -16.40 kcal/mol
  adding glutamic pose 23: IE = -9.20 kcal/mol
  adding glutamic pose 24: IE = -7.05 kcal/mol
  adding glutamic pose 25: IE = -10.23 kcal/mol
Added 26 glutamic fragments
Fragment: isoleucine
  adding isoleucine pose 0: IE = -3.72 kcal/mol
  adding isoleucine pose 1: IE = -1.77 kcal/mol
  adding isoleucine pose 2: IE = -3.10 kcal/mol
  adding isoleucine pose 3: IE = -3.87 kcal/mol
  adding isoleucine pose 4: IE = -3.34 kcal/mol
  adding isoleucine pose 5: IE = -2.55 kcal/mol
  adding isoleucine pose 6: IE = -3.26 kcal/mol
  adding isoleucine pose 7: IE = -2.88 kcal/mol
  adding isoleucine pose 8: IE = -3.80 kcal/mol
  adding isoleucine pose 9: IE = -2.63 kcal/mol
  adding isoleucine pose 10: IE = -2.86 kcal/mol
  adding isoleucine pose 11: IE = -1.71 kcal/mol
  adding isoleucine pose 12: IE = -3.78 kcal/mol
  adding isoleucine pose 13: IE = -3.25 kcal/mol
  adding isoleucine pose 14: IE = -2.81 kcal/mol
  adding isoleucine pose 15: IE = -3.41 kcal/mol
  adding isoleucine pose 16: IE = -2.25 kcal/mol
  adding isoleucine pose 17: IE = -3.57 kcal/mol
  adding isoleucine pose 18: IE = -4.33 kcal/mol
  adding isoleucine pose 19: IE = -2.17 kcal/mol
Added 20 isoleucine fragments
Fragment: leucine
  adding leucine pose 0: IE = -3.14 kcal/mol
  adding leucine pose 1: IE = -1.57 kcal/mol
  adding leucine pose 2: IE = -3.37 kcal/mol
  adding leucine pose 3: IE = -2.61 kcal/mol
  adding leucine pose 4: IE = -3.15 kcal/mol
  adding leucine pose 5: IE = -2.11 kcal/mol
  adding leucine pose 6: IE = -2.00 kcal/mol
  adding leucine pose 7: IE = -1.62 kcal/mol
  adding leucine pose 8: IE = -3.24 kcal/mol
  adding leucine pose 9: IE = -3.50 kcal/mol
  adding leucine pose 10: IE = -3.81 kcal/mol
  adding leucine pose 11: IE = -2.59 kcal/mol
  adding leucine pose 12: IE = -3.28 kcal/mol
  adding leucine pose 13: IE = -1.68 kcal/mol
  adding leucine pose 14: IE = -2.83 kcal/mol
  adding leucine pose 15: IE = -4.08 kcal/mol
  adding leucine pose 16: IE = -2.97 kcal/mol
Added 17 leucine fragments
Fragment: serine
  adding serine pose 0: IE = -2.00 kcal/mol
  adding serine pose 1: IE = -1.54 kcal/mol
  adding serine pose 2: IE = -1.89 kcal/mol
  adding serine pose 3: IE = -4.39 kcal/mol
  adding serine pose 4: IE = -5.92 kcal/mol
  adding serine pose 5: IE = -5.17 kcal/mol
  adding serine pose 6: IE = -0.81 kcal/mol
  adding serine pose 7: IE = -2.22 kcal/mol
  adding serine pose 8: IE = -4.45 kcal/mol
  adding serine pose 9: IE = -1.78 kcal/mol
  adding serine pose 10: IE = -1.91 kcal/mol
  adding serine pose 11: IE = -2.02 kcal/mol
  adding serine pose 12: IE = -6.01 kcal/mol
  adding serine pose 13: IE = -3.87 kcal/mol
  adding serine pose 14: IE = -1.05 kcal/mol
  adding serine pose 15: IE = -1.31 kcal/mol
  adding serine pose 16: IE = -2.83 kcal/mol
  adding serine pose 17: IE = -2.54 kcal/mol
  adding serine pose 18: IE = -1.92 kcal/mol
  adding serine pose 19: IE = -2.82 kcal/mol
  adding serine pose 20: IE = -2.34 kcal/mol
  adding serine pose 21: IE = -2.53 kcal/mol
  adding serine pose 22: IE = -2.23 kcal/mol
  adding serine pose 23: IE = -3.24 kcal/mol
  adding serine pose 24: IE = -2.75 kcal/mol
  adding serine pose 25: IE = -3.23 kcal/mol
  adding serine pose 26: IE = -3.28 kcal/mol
  adding serine pose 27: IE = -3.58 kcal/mol
  adding serine pose 28: IE = -1.59 kcal/mol
  adding serine pose 29: IE = -3.70 kcal/mol
  adding serine pose 30: IE = -3.14 kcal/mol
  adding serine pose 31: IE = -4.96 kcal/mol
  adding serine pose 32: IE = -4.05 kcal/mol
Added 33 serine fragments
Fragment: tryptophan
  adding tryptophan pose 0: IE = -3.31 kcal/mol
  adding tryptophan pose 1: IE = -5.30 kcal/mol
  adding tryptophan pose 2: IE = -8.94 kcal/mol
  adding tryptophan pose 3: IE = -3.52 kcal/mol
  adding tryptophan pose 4: IE = -3.67 kcal/mol
  adding tryptophan pose 5: IE = -5.28 kcal/mol
  adding tryptophan pose 6: IE = -4.86 kcal/mol
Added 7 tryptophan fragments
Fragment: tyrosine
  adding tyrosine pose 0: IE = -10.13 kcal/mol
  adding tyrosine pose 1: IE = -7.22 kcal/mol
  adding tyrosine pose 2: IE = -4.06 kcal/mol
  adding tyrosine pose 3: IE = -1.99 kcal/mol
  adding tyrosine pose 4: IE = -2.75 kcal/mol
  adding tyrosine pose 5: IE = -4.16 kcal/mol
  adding tyrosine pose 6: IE = -2.92 kcal/mol
  adding tyrosine pose 7: IE = -4.01 kcal/mol
  adding tyrosine pose 8: IE = -2.87 kcal/mol
Added 9 tyrosine fragments
Fragment: phenylalanine
  adding phenylalanine pose 0: IE = -2.51 kcal/mol
  adding phenylalanine pose 1: IE = -5.94 kcal/mol
  adding phenylalanine pose 2: IE = -6.11 kcal/mol
  adding phenylalanine pose 3: IE = -4.87 kcal/mol
  adding phenylalanine pose 4: IE = -3.56 kcal/mol
  adding phenylalanine pose 5: IE = -3.94 kcal/mol
  adding phenylalanine pose 6: IE = -4.64 kcal/mol
  adding phenylalanine pose 7: IE = -1.71 kcal/mol
  adding phenylalanine pose 8: IE = -3.75 kcal/mol
  adding phenylalanine pose 9: IE = -5.68 kcal/mol
  adding phenylalanine pose 10: IE = -3.33 kcal/mol
Added 11 phenylalanine fragments
Sampling took 4220 s
12 files written for arginine.
12 files written for lysine.
23 files written for aspartic.
26 files written for glutamic.
20 files written for isoleucine.
17 files written for leucine.
33 files written for serine.
7 files written for tryptophan.
9 files written for tyrosine.
11 files written for phenylalanine.
best pose for arginine is: -23.292 at location: 3
best pose for lysine is: -17.832 at location: 5
best pose for aspartic is: -16.782 at location: 21
best pose for glutamic is: -16.397 at location: 22
best pose for isoleucine is: -3.870 at location: 3
best pose for leucine is: -1.679 at location: 13
best pose for serine is: -4.957 at location: 31
best pose for tryptophan is: -5.276 at location: 5
best pose for tyrosine is: -7.223 at location: 1
best pose for phenylalanine is: -3.556 at location: 4
distance between arginine, tyrosine is 5.00
distance between tyrosine, leucine is 7.06 -> add 1 linkers
distance between leucine, glutamic is 9.34 -> add 1 linkers
distance between glutamic, phenylalanine is 5.50
distance between phenylalanine, serine is 4.49
distance between serine, aspartic is 5.60
distance between aspartic, tryptophan is 5.61
distance between tryptophan, lysine is 5.46
distance between lysine, isoleucine is 5.17
RYGLGEFSDWKI

Sequence: RYGLGEFSDWKI
Results in runs/octinoxate/
