$ MMPBSA.py -i mmgbsa/mmgbsa.in -o mmgbsa/FINAL_RESULTS_MMPBSA.dat -cp mmgbsa/complex.prmtop -rp mmgbsa/receptor.prmtop -lp mmgbsa/ligand.prmtop -y mmgbsa/traj.nc

Loading and checking parameter files for compatibility...
cpptraj found! Using /Users/cafierom/miniforge3/envs/openmm-md/bin/cpptraj
mmpbsa_py_energy found! Using /Users/cafierom/miniforge3/envs/openmm-md/bin/mmpbsa_py_energy
Preparing trajectories for simulation...
5000 frames were processed by cpptraj for use in calculation.

Running calculations on normal system...

Beginning GB calculations with /Users/cafierom/miniforge3/envs/openmm-md/bin/mmpbsa_py_energy
  calculating complex contribution...
  calculating receptor contribution...
  calculating ligand contribution...

Timing:
Total setup time:                           0.001 min.
Creating trajectories with cpptraj:         0.075 min.
Total calculation time:                     3.095 min.

Total GB calculation time:                  3.095 min.

Statistics calculation & output writing:    0.001 min.
Total time taken:                           3.177 min.


MMPBSA.py Finished! Thank you for using. Please cite us if you publish this work with this paper:
   Miller III, B. R., McGee Jr., T. D., Swails, J. M. Homeyer, N. Gohlke, H. and Roitberg, A. E.
   J. Chem. Theory Comput., 2012, 8 (9) pp 3314--3321
