              _             
             (_)            
   __ _ _ __  _ _ __   __ _ 
  / _` | '_ \| | '_ \ / _` |
 | (_| | | | | | | | | (_| |
  \__, |_| |_|_|_| |_|\__,_|
   __/ |                    
  |___/                     

gnina v1.3.3 master:6fe1ce2   Built Jun 30 2026.
gnina is based on smina and AutoDock Vina.
Please cite appropriately.

WARNING: No GPU detected. CNN scoring will be slow.
Recommend running with single model (--cnn fast)
or without cnn scoring (--cnn_scoring=none).

Commandline: /home/cafierom/python_linux/gnina/bin/gnina.bin --score_only -r bgox31_3/receptor.pdb -l bgox31_3/poses_with_reference.sdf -o results_receptor_score_only/bgox31_3_scored.sdf --seed 42
## Name gauss(o=0,_w=0.5,_c=8) gauss(o=3,_w=2,_c=8) repulsion(o=0,_c=8) hydrophobic(g=0.5,_b=1.5,_c=8) non_dir_h_bond(g=-0.7,_b=0,_c=8) num_tors_div
Affinity: -6.10250 (kcal/mol)
CNNscore: 0.72110 
CNNaffinity: 4.51927
CNNvariance: 0.39737
Intramolecular energy: -0.49643
Term values, before weighting:
## bgox31_3_pose0_reference 54.19883 854.72021 1.28892 54.67841 0.00504 0.00000
Affinity: -7.62740 (kcal/mol)
CNNscore: 0.71643 
CNNaffinity: 4.18495
CNNvariance: 0.32235
Intramolecular energy: -0.67305
Term values, before weighting:
## bgox31_3_pose1 80.90157 833.72662 1.06138 55.33550 1.25844 0.00000
Affinity: -7.28224 (kcal/mol)
CNNscore: 0.70297 
CNNaffinity: 3.89147
CNNvariance: 0.35271
Intramolecular energy: -0.72125
Term values, before weighting:
## bgox31_3_pose2 67.09629 849.45020 0.67011 56.16007 0.65709 0.00000
Affinity: -7.12585 (kcal/mol)
CNNscore: 0.80042 
CNNaffinity: 4.41019
CNNvariance: 0.55029
Intramolecular energy: -0.67630
Term values, before weighting:
## bgox31_3_pose3 64.30632 857.15802 0.49071 53.28193 0.36070 0.00000
Affinity: -7.01489 (kcal/mol)
CNNscore: 0.72634 
CNNaffinity: 4.28431
CNNvariance: 0.50072
Intramolecular energy: -0.63764
Term values, before weighting:
## bgox31_3_pose4 68.84409 856.88757 0.89299 48.06661 0.75298 0.00000
Affinity: -6.76005 (kcal/mol)
CNNscore: 0.68377 
CNNaffinity: 3.87079
CNNvariance: 0.52639
Intramolecular energy: -0.60378
Term values, before weighting:
## bgox31_3_pose5 84.43910 878.56427 1.89122 53.62335 0.20438 0.00000
Affinity: -6.47997 (kcal/mol)
CNNscore: 0.71610 
CNNaffinity: 3.84077
CNNvariance: 0.41293
Intramolecular energy: -0.76417
Term values, before weighting:
## bgox31_3_pose6 65.97592 790.71362 2.18355 52.72377 2.00514 0.00000
Affinity: -6.33681 (kcal/mol)
CNNscore: 0.84410 
CNNaffinity: 4.19496
CNNvariance: 0.31368
Intramolecular energy: -0.71599
Term values, before weighting:
## bgox31_3_pose7 67.13625 872.26636 1.95738 53.95087 0.53585 0.00000
Affinity: -6.39984 (kcal/mol)
CNNscore: 0.26959 
CNNaffinity: 3.63144
CNNvariance: 0.33693
Intramolecular energy: -0.58601
Term values, before weighting:
## bgox31_3_pose8 69.79343 774.91028 0.70065 38.54679 0.47758 0.00000
Affinity: -6.21240 (kcal/mol)
CNNscore: 0.52772 
CNNaffinity: 3.43214
CNNvariance: 0.58048
Intramolecular energy: -0.77547
Term values, before weighting:
## bgox31_3_pose9 75.62333 737.94550 1.33878 40.77117 0.85383 0.00000
