              _             
             (_)            
   __ _ _ __  _ _ __   __ _ 
  / _` | '_ \| | '_ \ / _` |
 | (_| | | | | | | | | (_| |
  \__, |_| |_|_|_| |_|\__,_|
   __/ |                    
  |___/                     

gnina v1.3.3 master:6fe1ce2   Built Jun 30 2026.
gnina is based on smina and AutoDock Vina.
Please cite appropriately.

WARNING: No GPU detected. CNN scoring will be slow.
Recommend running with single model (--cnn fast)
or without cnn scoring (--cnn_scoring=none).

Commandline: /home/cafierom/python_linux/gnina/bin/gnina.bin --score_only -r bgox31_5/receptor.pdb -l bgox31_5/poses_with_reference.sdf -o results_receptor_score_only/bgox31_5_scored.sdf --seed 42
## Name gauss(o=0,_w=0.5,_c=8) gauss(o=3,_w=2,_c=8) repulsion(o=0,_c=8) hydrophobic(g=0.5,_b=1.5,_c=8) non_dir_h_bond(g=-0.7,_b=0,_c=8) num_tors_div
Affinity: -2.21884 (kcal/mol)
CNNscore: 0.41794 
CNNaffinity: 3.69783
CNNvariance: 0.08056
Intramolecular energy: -0.23370
Term values, before weighting:
## bgox31_5_pose0_reference 19.66323 389.52823 0.81465 16.66669 0.00000 0.00000
Affinity: -5.14274 (kcal/mol)
CNNscore: 0.80161 
CNNaffinity: 3.90957
CNNvariance: 0.35691
Intramolecular energy: -0.74412
Term values, before weighting:
## bgox31_5_pose1 47.90632 560.89459 0.47250 49.07410 0.21157 0.00000
Affinity: -5.10947 (kcal/mol)
CNNscore: 0.65927 
CNNaffinity: 4.26238
CNNvariance: 0.01769
Intramolecular energy: -0.61385
Term values, before weighting:
## bgox31_5_pose2 52.94500 605.96069 1.00640 31.96574 1.22927 0.00000
Affinity: -5.05780 (kcal/mol)
CNNscore: 0.52351 
CNNaffinity: 3.83598
CNNvariance: 0.12402
Intramolecular energy: -0.47889
Term values, before weighting:
## bgox31_5_pose3 49.04442 565.33838 0.58285 40.07980 0.62846 0.00000
Affinity: -4.89110 (kcal/mol)
CNNscore: 0.58579 
CNNaffinity: 4.15305
CNNvariance: 0.01783
Intramolecular energy: -0.65727
Term values, before weighting:
## bgox31_5_pose4 45.92859 584.27173 0.70168 46.32947 0.11432 0.00000
Affinity: -4.75600 (kcal/mol)
CNNscore: 0.47578 
CNNaffinity: 3.67042
CNNvariance: 0.20905
Intramolecular energy: -0.69702
Term values, before weighting:
## bgox31_5_pose5 39.31141 548.86310 0.80253 39.24025 1.12303 0.00000
Affinity: -4.83576 (kcal/mol)
CNNscore: 0.44121 
CNNaffinity: 3.84023
CNNvariance: 0.14343
Intramolecular energy: -0.56967
Term values, before weighting:
## bgox31_5_pose6 44.82981 592.48639 0.91384 41.85849 0.56841 0.00000
Affinity: -4.44700 (kcal/mol)
CNNscore: 0.52592 
CNNaffinity: 4.22934
CNNvariance: 0.00030
Intramolecular energy: -0.70007
Term values, before weighting:
## bgox31_5_pose7 37.18410 486.13879 0.37677 41.57254 0.43593 0.00000
Affinity: -4.37832 (kcal/mol)
CNNscore: 0.67681 
CNNaffinity: 3.98834
CNNvariance: 0.14822
Intramolecular energy: -0.75086
Term values, before weighting:
## bgox31_5_pose8 35.36508 500.15332 0.33213 45.28839 0.00000 0.00000
Affinity: -4.39378 (kcal/mol)
CNNscore: 0.24934 
CNNaffinity: 3.39279
CNNvariance: 0.26587
Intramolecular energy: -0.73500
Term values, before weighting:
## bgox31_5_pose9 41.18093 478.24301 0.26645 35.27525 0.37483 0.00000
