$ MMPBSA.py -i /Users/cafierom/python_mac/peptidebuilder/runs/octinoxate/md/s3_esm2_f4/prod_L1_modal/mmgbsa/mmgbsa.in -o /Users/cafierom/python_mac/peptidebuilder/runs/octinoxate/md/s3_esm2_f4/prod_L1_modal/mmgbsa/FINAL_RESULTS_MMPBSA.dat -cp /Users/cafierom/python_mac/peptidebuilder/runs/octinoxate/md/s3_esm2_f4/prod_L1_modal/mmgbsa/complex.prmtop -rp /Users/cafierom/python_mac/peptidebuilder/runs/octinoxate/md/s3_esm2_f4/prod_L1_modal/mmgbsa/receptor.prmtop -lp /Users/cafierom/python_mac/peptidebuilder/runs/octinoxate/md/s3_esm2_f4/prod_L1_modal/mmgbsa/ligand.prmtop -y /Users/cafierom/python_mac/peptidebuilder/runs/octinoxate/md/s3_esm2_f4/prod_L1_modal/mmgbsa/traj.nc

Loading and checking parameter files for compatibility...
cpptraj found! Using /Users/cafierom/miniforge3/envs/openmm-md/bin/cpptraj
mmpbsa_py_energy found! Using /Users/cafierom/miniforge3/envs/openmm-md/bin/mmpbsa_py_energy
Preparing trajectories for simulation...
2000 frames were processed by cpptraj for use in calculation.

Running calculations on normal system...

Beginning GB calculations with /Users/cafierom/miniforge3/envs/openmm-md/bin/mmpbsa_py_energy
  calculating complex contribution...
  calculating receptor contribution...
  calculating ligand contribution...

Timing:
Total setup time:                           0.000 min.
Creating trajectories with cpptraj:         0.020 min.
Total calculation time:                     0.988 min.

Total GB calculation time:                  0.988 min.

Statistics calculation & output writing:    0.000 min.
Total time taken:                           1.009 min.


MMPBSA.py Finished! Thank you for using. Please cite us if you publish this work with this paper:
   Miller III, B. R., McGee Jr., T. D., Swails, J. M. Homeyer, N. Gohlke, H. and Roitberg, A. E.
   J. Chem. Theory Comput., 2012, 8 (9) pp 3314--3321
